L: 1.32, u_super: 0.00941, bed_util: 0.5, sec: 756236.125, t_ads: 2467.0,t_des: 111485.0
L: 0.80, u_super: 0.00940, bed_util: 0.5, sec: 752640.062, t_ads: 2390.0,t_des: 111405.0
L: 1.04, u_super: 0.00425, bed_util: 0.5, sec: 144139.969, t_ads: 2616.0,t_des: 111639.0
L: 1.76, u_super: 0.00411, bed_util: 0.5, sec: 134990.969, t_ads: 2879.0,t_des: 111903.0
L: 1.37, u_super: 0.00037, bed_util: 0.5, sec: 84.514, t_ads: 7697.0,t_des: 9104.0
L: 1.65, u_super: 0.00537, bed_util: 0.5, sec: 234322.734, t_ads: 2707.0,t_des: 111731.0
L: 1.06, u_super: 0.00783, bed_util: 0.5, sec: 512141.094, t_ads: 2461.0,t_des: 111479.0
L: 1.02, u_super: 0.00454, bed_util: 0.5, sec: 165536.969, t_ads: 2589.0,t_des: 111611.0
L: 0.79, u_super: 0.00405, bed_util: 0.5, sec: 130586.898, t_ads: 2545.0,t_des: 111566.0
L: 0.88, u_super: 0.00267, bed_util: 0.5, sec: 55805.090, t_ads: 2741.0,t_des: 111766.0
L: 1.65, u_super: 0.00285, bed_util: 0.5, sec: 63819.270, t_ads: 3099.0,t_des: 112118.0
L: 1.28, u_super: 0.00971, bed_util: 0.5, sec: 807495.250, t_ads: 2456.0,t_des: 111474.0
L: 1.95, u_super: 0.00720, bed_util: 0.5, sec: 431022.219, t_ads: 2653.0,t_des: 111677.0
L: 1.36, u_super: 0.00281, bed_util: 0.5, sec: 62186.340, t_ads: 2958.0,t_des: 111981.0
L: 0.82, u_super: 0.00961, bed_util: 0.5, sec: 788450.062, t_ads: 2391.0,t_des: 111406.0
L: 1.32, u_super: 0.00124, bed_util: 0.5, sec: 11811.808, t_ads: 3815.0,t_des: 112769.0
L: 1.47, u_super: 0.00771, bed_util: 0.5, sec: 496778.156, t_ads: 2540.0,t_des: 111561.0
L: 1.46, u_super: 0.00909, bed_util: 0.5, sec: 702110.938, t_ads: 2497.0,t_des: 111517.0
L: 0.66, u_super: 0.00528, bed_util: 0.5, sec: 225400.203, t_ads: 2445.0,t_des: 111462.0
L: 1.24, u_super: 0.00071, bed_util: 0.5, sec: 3905.708, t_ads: 4812.0,t_des: 113415.0
L: 1.50, u_super: 0.00846, bed_util: 0.5, sec: 602963.188, t_ads: 2520.0,t_des: 111540.0
L: 1.43, u_super: 0.00265, bed_util: 0.5, sec: 55037.305, t_ads: 3041.0,t_des: 112062.0
L: 1.78, u_super: 0.00509, bed_util: 0.5, sec: 209818.859, t_ads: 2765.0,t_des: 111789.0
L: 1.32, u_super: 0.00748, bed_util: 0.5, sec: 465911.781, t_ads: 2518.0,t_des: 111538.0
L: 0.81, u_super: 0.00813, bed_util: 0.5, sec: 554781.062, t_ads: 2410.0,t_des: 111426.0
L: 1.56, u_super: 0.00781, bed_util: 0.5, sec: 510708.531, t_ads: 2552.0,t_des: 111573.0
L: 0.87, u_super: 0.00796, bed_util: 0.5, sec: 530839.188, t_ads: 2424.0,t_des: 111441.0
L: 0.87, u_super: 0.00090, bed_util: 0.5, sec: 6220.794, t_ads: 3660.0,t_des: 112634.0
L: 1.80, u_super: 0.00854, bed_util: 0.5, sec: 615979.688, t_ads: 2568.0,t_des: 111590.0
L: 1.83, u_super: 0.00472, bed_util: 0.5, sec: 179756.875, t_ads: 2820.0,t_des: 111845.0
L: 0.98, u_super: 0.00017, bed_util: 0.5, sec: 23.401, t_ads: 10802.0,t_des: 12053.0
L: 1.50, u_super: 0.00716, bed_util: 0.5, sec: 424743.281, t_ads: 2567.0,t_des: 111588.0
L: 1.77, u_super: 0.00286, bed_util: 0.5, sec: 64512.594, t_ads: 3155.0,t_des: 112172.0
L: 0.90, u_super: 0.00637, bed_util: 0.5, sec: 332378.156, t_ads: 2470.0,t_des: 111489.0
L: 1.73, u_super: 0.00954, bed_util: 0.5, sec: 778776.750, t_ads: 2526.0,t_des: 111547.0
L: 0.81, u_super: 0.00483, bed_util: 0.5, sec: 187245.891, t_ads: 2507.0,t_des: 111526.0
L: 1.85, u_super: 0.00424, bed_util: 0.5, sec: 144096.594, t_ads: 2892.0,t_des: 111916.0
L: 1.43, u_super: 0.00034, bed_util: 0.5, sec: 76.125, t_ads: 8424.0,t_des: 9745.0
L: 1.54, u_super: 0.00911, bed_util: 0.5, sec: 705175.438, t_ads: 2509.0,t_des: 111529.0
L: 1.76, u_super: 0.00878, bed_util: 0.5, sec: 652658.250, t_ads: 2553.0,t_des: 111574.0
=================================================
n_gen  |  n_eval  |     f_avg     |     f_min    
=================================================
     1 |       40 |  3.375292E+05 |  2.340066E+01
L: 1.00, u_super: 0.00941, bed_util: 0.5, sec: 755805.625, t_ads: 2420.0,t_des: 111436.0
L: 1.40, u_super: 0.00176, bed_util: 0.5, sec: 24000.365, t_ads: 3418.0,t_des: 112417.0
L: 1.04, u_super: 0.00042, bed_util: 0.5, sec: 972.170, t_ads: 5842.0,t_des: 79790.0
L: 0.93, u_super: 0.00411, bed_util: 0.5, sec: 134625.797, t_ads: 2589.0,t_des: 111611.0
L: 0.91, u_super: 0.00037, bed_util: 0.5, sec: 523.133, t_ads: 5877.0,t_des: 56346.0
L: 1.39, u_super: 0.00537, bed_util: 0.5, sec: 234154.922, t_ads: 2637.0,t_des: 111661.0
L: 1.06, u_super: 0.00141, bed_util: 0.5, sec: 15335.279, t_ads: 3352.0,t_des: 112357.0
L: 1.10, u_super: 0.00098, bed_util: 0.5, sec: 7457.558, t_ads: 3882.0,t_des: 112825.0
L: 0.80, u_super: 0.00405, bed_util: 0.5, sec: 130604.750, t_ads: 2548.0,t_des: 111569.0
L: 0.88, u_super: 0.00010, bed_util: 0.5, sec: 11.413, t_ads: 15046.0,t_des: 16329.0
L: 1.65, u_super: 0.00038, bed_util: 0.5, sec: 97.191, t_ads: 8649.0,t_des: 9954.0
L: 0.77, u_super: 0.00971, bed_util: 0.5, sec: 806924.750, t_ads: 2382.0,t_des: 111396.0
L: 1.95, u_super: 0.00013, bed_util: 0.5, sec: 28.131, t_ads: 24956.0,t_des: 26388.0
L: 0.87, u_super: 0.00281, bed_util: 0.5, sec: 62041.773, t_ads: 2711.0,t_des: 111736.0
L: 1.23, u_super: 0.00961, bed_util: 0.5, sec: 788890.000, t_ads: 2450.0,t_des: 111468.0
L: 1.16, u_super: 0.00124, bed_util: 0.5, sec: 11794.487, t_ads: 3621.0,t_des: 112601.0
L: 1.47, u_super: 0.00073, bed_util: 0.5, sec: 4078.068, t_ads: 5223.0,t_des: 113358.0
L: 1.46, u_super: 0.00011, bed_util: 0.5, sec: 18.656, t_ads: 21934.0,t_des: 23319.0
L: 0.66, u_super: 0.00027, bed_util: 0.5, sec: 441.991, t_ads: 5828.0,t_des: 90216.0
L: 1.24, u_super: 0.00020, bed_util: 0.5, sec: 34.190, t_ads: 11402.0,t_des: 12653.0
L: 1.21, u_super: 0.00846, bed_util: 0.5, sec: 602664.312, t_ads: 2472.0,t_des: 111490.0
L: 0.76, u_super: 0.00014, bed_util: 0.5, sec: 15.066, t_ads: 10298.0,t_des: 11553.0
L: 1.20, u_super: 0.00509, bed_util: 0.5, sec: 209494.156, t_ads: 2605.0,t_des: 111628.0
L: 0.93, u_super: 0.00748, bed_util: 0.5, sec: 465533.969, t_ads: 2446.0,t_des: 111464.0
L: 0.71, u_super: 0.00014, bed_util: 0.5, sec: 14.767, t_ads: 9586.0,t_des: 10853.0
L: 1.56, u_super: 0.00016, bed_util: 0.5, sec: 30.833, t_ads: 16584.0,t_des: 17888.0
L: 0.74, u_super: 0.00796, bed_util: 0.5, sec: 530739.625, t_ads: 2402.0,t_des: 111418.0
L: 0.87, u_super: 0.00012, bed_util: 0.5, sec: 13.760, t_ads: 12907.0,t_des: 14166.0
L: 0.90, u_super: 0.00854, bed_util: 0.5, sec: 615103.500, t_ads: 2419.0,t_des: 111436.0
L: 0.89, u_super: 0.00472, bed_util: 0.5, sec: 179269.266, t_ads: 2536.0,t_des: 111557.0
L: 0.98, u_super: 0.00130, bed_util: 0.5, sec: 13026.435, t_ads: 3357.0,t_des: 112362.0
L: 1.50, u_super: 0.00205, bed_util: 0.5, sec: 32799.578, t_ads: 3322.0,t_des: 112329.0
L: 0.79, u_super: 0.00012, bed_util: 0.5, sec: 12.451, t_ads: 12148.0,t_des: 13402.0
L: 0.90, u_super: 0.00282, bed_util: 0.5, sec: 62220.254, t_ads: 2724.0,t_des: 111748.0
L: 1.12, u_super: 0.00954, bed_util: 0.5, sec: 778216.062, t_ads: 2435.0,t_des: 111451.0
L: 1.07, u_super: 0.00483, bed_util: 0.5, sec: 187357.422, t_ads: 2584.0,t_des: 111606.0
L: 1.04, u_super: 0.00424, bed_util: 0.5, sec: 143722.969, t_ads: 2616.0,t_des: 111639.0
L: 1.43, u_super: 0.00015, bed_util: 0.5, sec: 27.453, t_ads: 15896.0,t_des: 17190.0
L: 0.80, u_super: 0.00026, bed_util: 0.5, sec: 40.086, t_ads: 6691.0,t_des: 8532.0
L: 1.08, u_super: 0.00878, bed_util: 0.5, sec: 651916.438, t_ads: 2444.0,t_des: 111462.0
     2 |       80 |  1.859012E+05 |  1.141252E+01
L: 0.89, u_super: 0.00941, bed_util: 0.5, sec: 755799.875, t_ads: 2403.0,t_des: 111418.0
L: 0.88, u_super: 0.00293, bed_util: 0.5, sec: 67492.914, t_ads: 2694.0,t_des: 111718.0
L: 1.04, u_super: 0.00213, bed_util: 0.5, sec: 35254.012, t_ads: 2965.0,t_des: 111988.0
L: 0.93, u_super: 0.00010, bed_util: 0.5, sec: 11.688, t_ads: 15766.0,t_des: 17059.0
L: 1.37, u_super: 0.00251, bed_util: 0.5, sec: 49477.773, t_ads: 3048.0,t_des: 112069.0
L: 1.09, u_super: 0.00010, bed_util: 0.5, sec: 13.326, t_ads: 18292.0,t_des: 19621.0
L: 1.06, u_super: 0.00010, bed_util: 0.5, sec: 13.190, t_ads: 17640.0,t_des: 18959.0
L: 0.70, u_super: 0.00098, bed_util: 0.5, sec: 7422.697, t_ads: 3285.0,t_des: 112295.0
L: 0.87, u_super: 0.00405, bed_util: 0.5, sec: 130632.703, t_ads: 2573.0,t_des: 111594.0
L: 0.84, u_super: 0.00010, bed_util: 0.5, sec: 10.926, t_ads: 14344.0,t_des: 15618.0
L: 1.65, u_super: 0.00010, bed_util: 0.5, sec: 18.964, t_ads: 26315.0,t_des: 27767.0
L: 0.77, u_super: 0.00012, bed_util: 0.5, sec: 13.002, t_ads: 11489.0,t_des: 12740.0
L: 0.96, u_super: 0.00013, bed_util: 0.5, sec: 15.754, t_ads: 13466.0,t_des: 14730.0
L: 1.32, u_super: 0.00106, bed_util: 0.5, sec: 8608.500, t_ads: 4084.0,t_des: 112986.0
L: 0.82, u_super: 0.00233, bed_util: 0.5, sec: 42191.152, t_ads: 2774.0,t_des: 111799.0
L: 1.16, u_super: 0.00010, bed_util: 0.5, sec: 13.949, t_ads: 19254.0,t_des: 20598.0
L: 1.47, u_super: 0.00020, bed_util: 0.5, sec: 39.266, t_ads: 12986.0,t_des: 14246.0
L: 1.46, u_super: 0.00204, bed_util: 0.5, sec: 32375.578, t_ads: 3296.0,t_des: 112305.0
L: 0.66, u_super: 0.00010, bed_util: 0.5, sec: 8.889, t_ads: 11902.0,t_des: 13154.0
L: 0.76, u_super: 0.00020, bed_util: 0.5, sec: 24.932, t_ads: 7819.0,t_des: 9206.0
L: 0.90, u_super: 0.00846, bed_util: 0.5, sec: 602367.812, t_ads: 2420.0,t_des: 111436.0
L: 0.76, u_super: 0.00208, bed_util: 0.5, sec: 33593.352, t_ads: 2789.0,t_des: 111814.0
L: 0.70, u_super: 0.00509, bed_util: 0.5, sec: 209197.484, t_ads: 2463.0,t_des: 111481.0
L: 0.93, u_super: 0.00010, bed_util: 0.5, sec: 11.685, t_ads: 15921.0,t_des: 17216.0
L: 0.65, u_super: 0.00014, bed_util: 0.5, sec: 13.958, t_ads: 8952.0,t_des: 10240.0
L: 1.56, u_super: 0.00345, bed_util: 0.5, sec: 94337.875, t_ads: 2913.0,t_des: 111937.0
L: 0.77, u_super: 0.00010, bed_util: 0.5, sec: 10.143, t_ads: 13566.0,t_des: 14831.0
L: 0.97, u_super: 0.00012, bed_util: 0.5, sec: 14.986, t_ads: 14163.0,t_des: 15435.0
L: 0.90, u_super: 0.00010, bed_util: 0.5, sec: 11.480, t_ads: 15351.0,t_des: 16638.0
L: 0.89, u_super: 0.00410, bed_util: 0.5, sec: 134248.453, t_ads: 2576.0,t_des: 111598.0
L: 0.70, u_super: 0.00017, bed_util: 0.5, sec: 18.829, t_ads: 8375.0,t_des: 9699.0
L: 1.22, u_super: 0.00205, bed_util: 0.5, sec: 32745.115, t_ads: 3123.0,t_des: 112141.0
L: 0.78, u_super: 0.00012, bed_util: 0.5, sec: 12.290, t_ads: 11974.0,t_des: 13227.0
L: 1.05, u_super: 0.00282, bed_util: 0.5, sec: 62253.891, t_ads: 2798.0,t_des: 111823.0
L: 1.12, u_super: 0.00378, bed_util: 0.5, sec: 113642.211, t_ads: 2690.0,t_des: 111714.0
L: 0.81, u_super: 0.00271, bed_util: 0.5, sec: 57418.113, t_ads: 2695.0,t_des: 111720.0
L: 0.71, u_super: 0.00424, bed_util: 0.5, sec: 143588.250, t_ads: 2505.0,t_des: 111525.0
L: 1.43, u_super: 0.00010, bed_util: 0.5, sec: 16.852, t_ads: 22863.0,t_des: 24263.0
L: 1.42, u_super: 0.00026, bed_util: 0.5, sec: 53.780, t_ads: 10195.0,t_des: 11451.0
L: 1.08, u_super: 0.00010, bed_util: 0.5, sec: 13.393, t_ads: 17879.0,t_des: 19202.0
     3 |      120 |  5.813762E+04 |  8.8891563416
L: 0.62, u_super: 0.00941, bed_util: 0.5, sec: 755464.312, t_ads: 2362.0,t_des: 111375.0
L: 1.40, u_super: 0.00010, bed_util: 0.5, sec: 16.373, t_ads: 22877.0,t_des: 24277.0
L: 0.61, u_super: 0.00042, bed_util: 0.5, sec: 1378.994, t_ads: 4362.0,t_des: 113186.0
L: 0.93, u_super: 0.00010, bed_util: 0.5, sec: 11.592, t_ads: 15885.0,t_des: 17179.0
L: 0.66, u_super: 0.00037, bed_util: 0.5, sec: 1053.091, t_ads: 4874.0,t_des: 113431.0
L: 1.09, u_super: 0.00023, bed_util: 0.5, sec: 37.075, t_ads: 9343.0,t_des: 10616.0
L: 1.06, u_super: 0.00010, bed_util: 0.5, sec: 12.932, t_ads: 17870.0,t_des: 19193.0
L: 0.70, u_super: 0.00013, bed_util: 0.5, sec: 12.401, t_ads: 10418.0,t_des: 11672.0
L: 0.79, u_super: 0.00194, bed_util: 0.5, sec: 29225.951, t_ads: 2847.0,t_des: 111871.0
L: 0.63, u_super: 0.00010, bed_util: 0.5, sec: 8.782, t_ads: 11323.0,t_des: 12574.0
L: 1.65, u_super: 0.00010, bed_util: 0.5, sec: 18.845, t_ads: 26455.0,t_des: 27909.0
L: 0.63, u_super: 0.00012, bed_util: 0.5, sec: 11.300, t_ads: 9789.0,t_des: 11051.0
L: 0.96, u_super: 0.00135, bed_util: 0.5, sec: 14160.297, t_ads: 3284.0,t_des: 112293.0
L: 1.32, u_super: 0.00010, bed_util: 0.5, sec: 15.527, t_ads: 21689.0,t_des: 23071.0
L: 0.82, u_super: 0.00010, bed_util: 0.5, sec: 10.562, t_ads: 14399.0,t_des: 15674.0
L: 1.16, u_super: 0.00206, bed_util: 0.5, sec: 32884.230, t_ads: 3076.0,t_des: 112096.0
L: 1.47, u_super: 0.00010, bed_util: 0.5, sec: 17.066, t_ads: 23873.0,t_des: 25288.0
L: 0.62, u_super: 0.00011, bed_util: 0.5, sec: 9.548, t_ads: 10704.0,t_des: 11956.0
L: 0.61, u_super: 0.00010, bed_util: 0.5, sec: 8.374, t_ads: 11179.0,t_des: 12430.0
L: 0.65, u_super: 0.00020, bed_util: 0.5, sec: 23.331, t_ads: 7012.0,t_des: 8625.0
L: 0.90, u_super: 0.00010, bed_util: 0.5, sec: 11.322, t_ads: 15508.0,t_des: 16797.0
L: 0.76, u_super: 0.00428, bed_util: 0.5, sec: 146056.859, t_ads: 2521.0,t_des: 111541.0
L: 0.70, u_super: 0.00016, bed_util: 0.5, sec: 17.707, t_ads: 8520.0,t_des: 9833.0
L: 0.93, u_super: 0.00010, bed_util: 0.5, sec: 11.661, t_ads: 15975.0,t_des: 17270.0
L: 1.00, u_super: 0.00014, bed_util: 0.5, sec: 18.964, t_ads: 12667.0,t_des: 13924.0
L: 0.68, u_super: 0.00016, bed_util: 0.5, sec: 17.009, t_ads: 8555.0,t_des: 9866.0
L: 0.77, u_super: 0.00010, bed_util: 0.5, sec: 10.057, t_ads: 13634.0,t_des: 14900.0
L: 0.87, u_super: 0.00093, bed_util: 0.5, sec: 6634.928, t_ads: 3616.0,t_des: 112597.0
L: 0.90, u_super: 0.00010, bed_util: 0.5, sec: 11.325, t_ads: 15501.0,t_des: 16790.0
L: 0.62, u_super: 0.00410, bed_util: 0.5, sec: 134127.484, t_ads: 2482.0,t_des: 111501.0
L: 0.63, u_super: 0.00017, bed_util: 0.5, sec: 17.643, t_ads: 7688.0,t_des: 9097.0
L: 1.22, u_super: 0.00010, bed_util: 0.5, sec: 15.267, t_ads: 19519.0,t_des: 20867.0
L: 0.78, u_super: 0.00476, bed_util: 0.5, sec: 181758.734, t_ads: 2500.0,t_des: 111519.0
L: 1.13, u_super: 0.00010, bed_util: 0.5, sec: 13.647, t_ads: 18916.0,t_des: 20255.0
L: 0.71, u_super: 0.00393, bed_util: 0.5, sec: 122868.875, t_ads: 2525.0,t_des: 111545.0
L: 0.61, u_super: 0.00271, bed_util: 0.5, sec: 57366.516, t_ads: 2590.0,t_des: 111612.0
L: 0.63, u_super: 0.00424, bed_util: 0.5, sec: 143557.797, t_ads: 2480.0,t_des: 111499.0
L: 1.43, u_super: 0.00010, bed_util: 0.5, sec: 16.550, t_ads: 23187.0,t_des: 24592.0
L: 0.80, u_super: 0.00243, bed_util: 0.5, sec: 46232.340, t_ads: 2734.0,t_des: 111758.0
L: 1.08, u_super: 0.00010, bed_util: 0.5, sec: 13.128, t_ads: 18136.0,t_des: 19463.0
     4 |      160 |  3.087278E+04 |  8.3735761642
L: 0.69, u_super: 0.00941, bed_util: 0.5, sec: 755523.812, t_ads: 2373.0,t_des: 111387.0
L: 1.40, u_super: 0.00210, bed_util: 0.5, sec: 34463.508, t_ads: 3227.0,t_des: 112240.0
L: 1.04, u_super: 0.00010, bed_util: 0.5, sec: 12.708, t_ads: 17503.0,t_des: 18820.0
L: 0.93, u_super: 0.00140, bed_util: 0.5, sec: 15226.393, t_ads: 3215.0,t_des: 112229.0
L: 0.83, u_super: 0.00037, bed_util: 0.5, sec: 1045.212, t_ads: 5538.0,t_des: 112582.0
L: 0.60, u_super: 0.00010, bed_util: 0.5, sec: 8.361, t_ads: 11081.0,t_des: 12332.0
L: 0.60, u_super: 0.00010, bed_util: 0.5, sec: 8.347, t_ads: 11144.0,t_des: 12395.0
L: 0.60, u_super: 0.00013, bed_util: 0.5, sec: 11.274, t_ads: 9331.0,t_des: 10605.0
L: 0.79, u_super: 0.00194, bed_util: 0.5, sec: 29196.533, t_ads: 2848.0,t_des: 111873.0
L: 0.60, u_super: 0.00010, bed_util: 0.5, sec: 8.563, t_ads: 11004.0,t_des: 12255.0
L: 0.86, u_super: 0.00010, bed_util: 0.5, sec: 10.902, t_ads: 14884.0,t_des: 16165.0
L: 0.63, u_super: 0.00010, bed_util: 0.5, sec: 8.614, t_ads: 11526.0,t_des: 12777.0
L: 0.96, u_super: 0.00023, bed_util: 0.5, sec: 34.774, t_ads: 8377.0,t_des: 9701.0
L: 0.68, u_super: 0.00010, bed_util: 0.5, sec: 9.156, t_ads: 12336.0,t_des: 13591.0
L: 0.60, u_super: 0.00010, bed_util: 0.5, sec: 8.335, t_ads: 11126.0,t_des: 12377.0
L: 1.16, u_super: 0.00010, bed_util: 0.5, sec: 13.891, t_ads: 19294.0,t_des: 20639.0
L: 1.47, u_super: 0.00010, bed_util: 0.5, sec: 17.065, t_ads: 23877.0,t_des: 25292.0
L: 0.62, u_super: 0.00010, bed_util: 0.5, sec: 8.782, t_ads: 11266.0,t_des: 12517.0
L: 0.72, u_super: 0.00010, bed_util: 0.5, sec: 9.544, t_ads: 12892.0,t_des: 14151.0
L: 0.65, u_super: 0.00010, bed_util: 0.5, sec: 8.793, t_ads: 11797.0,t_des: 13049.0
L: 0.65, u_super: 0.00010, bed_util: 0.5, sec: 8.836, t_ads: 11850.0,t_des: 13102.0
L: 0.63, u_super: 0.00014, bed_util: 0.5, sec: 13.291, t_ads: 8902.0,t_des: 10193.0
L: 0.60, u_super: 0.00016, bed_util: 0.5, sec: 15.215, t_ads: 7950.0,t_des: 9319.0
L: 0.60, u_super: 0.00010, bed_util: 0.5, sec: 8.319, t_ads: 11098.0,t_des: 12349.0
L: 0.73, u_super: 0.00014, bed_util: 0.5, sec: 15.144, t_ads: 9861.0,t_des: 11122.0
L: 0.68, u_super: 0.00010, bed_util: 0.5, sec: 9.152, t_ads: 12332.0,t_des: 13587.0
L: 0.77, u_super: 0.00012, bed_util: 0.5, sec: 12.545, t_ads: 11780.0,t_des: 13032.0
L: 0.92, u_super: 0.00010, bed_util: 0.5, sec: 11.564, t_ads: 15868.0,t_des: 17162.0
L: 0.60, u_super: 0.00010, bed_util: 0.5, sec: 8.351, t_ads: 11140.0,t_des: 12391.0
L: 0.62, u_super: 0.00010, bed_util: 0.5, sec: 8.470, t_ads: 11324.0,t_des: 12575.0
L: 0.60, u_super: 0.00017, bed_util: 0.5, sec: 17.317, t_ads: 7475.0,t_des: 8928.0
L: 1.22, u_super: 0.00010, bed_util: 0.5, sec: 14.562, t_ads: 20235.0,t_des: 21594.0
L: 0.64, u_super: 0.00012, bed_util: 0.5, sec: 10.738, t_ads: 10284.0,t_des: 11539.0
L: 1.27, u_super: 0.00011, bed_util: 0.5, sec: 17.237, t_ads: 18784.0,t_des: 20121.0
L: 1.12, u_super: 0.00056, bed_util: 0.5, sec: 2394.048, t_ads: 5196.0,t_des: 113378.0
L: 0.61, u_super: 0.00271, bed_util: 0.5, sec: 57371.484, t_ads: 2590.0,t_des: 111612.0
L: 0.63, u_super: 0.00023, bed_util: 0.5, sec: 53.489, t_ads: 6199.0,t_des: 14325.0
L: 1.43, u_super: 0.00010, bed_util: 0.5, sec: 16.550, t_ads: 23179.0,t_des: 24584.0
L: 0.77, u_super: 0.00026, bed_util: 0.5, sec: 40.476, t_ads: 6524.0,t_des: 8614.0
L: 1.08, u_super: 0.00011, bed_util: 0.5, sec: 15.185, t_ads: 16334.0,t_des: 17634.0
     5 |      200 |  2.112449E+04 |  8.3189506531
L: 0.60, u_super: 0.00941, bed_util: 0.5, sec: 755368.125, t_ads: 2360.0,t_des: 111373.0
L: 1.40, u_super: 0.00010, bed_util: 0.5, sec: 16.375, t_ads: 22888.0,t_des: 24288.0
L: 0.60, u_super: 0.00010, bed_util: 0.5, sec: 8.315, t_ads: 11094.0,t_des: 12345.0
L: 0.93, u_super: 0.00012, bed_util: 0.5, sec: 14.360, t_ads: 13667.0,t_des: 14934.0
L: 0.60, u_super: 0.00010, bed_util: 0.5, sec: 8.317, t_ads: 11098.0,t_des: 12349.0
L: 0.81, u_super: 0.00010, bed_util: 0.5, sec: 10.496, t_ads: 14215.0,t_des: 15488.0
L: 0.60, u_super: 0.00010, bed_util: 0.5, sec: 8.314, t_ads: 11094.0,t_des: 12345.0
L: 0.60, u_super: 0.00088, bed_util: 0.5, sec: 5885.665, t_ads: 3257.0,t_des: 112268.0
L: 0.79, u_super: 0.00010, bed_util: 0.5, sec: 10.175, t_ads: 13852.0,t_des: 15121.0
L: 0.60, u_super: 0.00010, bed_util: 0.5, sec: 8.522, t_ads: 10938.0,t_des: 12189.0
L: 0.76, u_super: 0.00010, bed_util: 0.5, sec: 9.928, t_ads: 13439.0,t_des: 14703.0
L: 0.63, u_super: 0.00138, bed_util: 0.5, sec: 14730.980, t_ads: 2919.0,t_des: 111943.0
L: 0.96, u_super: 0.00013, bed_util: 0.5, sec: 17.100, t_ads: 12725.0,t_des: 13983.0
L: 0.68, u_super: 0.00033, bed_util: 0.5, sec: 829.050, t_ads: 5306.0,t_des: 113271.0
L: 0.60, u_super: 0.00010, bed_util: 0.5, sec: 8.335, t_ads: 11126.0,t_des: 12377.0
L: 1.16, u_super: 0.00010, bed_util: 0.5, sec: 13.892, t_ads: 19294.0,t_des: 20639.0
L: 1.47, u_super: 0.00011, bed_util: 0.5, sec: 19.326, t_ads: 21621.0,t_des: 23002.0
L: 0.88, u_super: 0.00010, bed_util: 0.5, sec: 11.404, t_ads: 14928.0,t_des: 16209.0
L: 0.64, u_super: 0.00010, bed_util: 0.5, sec: 8.684, t_ads: 11612.0,t_des: 12863.0
L: 1.18, u_super: 0.00010, bed_util: 0.5, sec: 14.185, t_ads: 19668.0,t_des: 21018.0
L: 0.60, u_super: 0.00013, bed_util: 0.5, sec: 11.522, t_ads: 9168.0,t_des: 10447.0
L: 0.63, u_super: 0.00010, bed_util: 0.5, sec: 8.601, t_ads: 11501.0,t_des: 12752.0
L: 0.60, u_super: 0.00010, bed_util: 0.5, sec: 8.334, t_ads: 11126.0,t_des: 12377.0
L: 0.60, u_super: 0.00010, bed_util: 0.5, sec: 8.319, t_ads: 11098.0,t_des: 12349.0
L: 0.68, u_super: 0.00014, bed_util: 0.5, sec: 14.392, t_ads: 9292.0,t_des: 10567.0
L: 0.68, u_super: 0.00474, bed_util: 0.5, sec: 180708.219, t_ads: 2474.0,t_des: 111493.0
L: 0.94, u_super: 0.00010, bed_util: 0.5, sec: 11.735, t_ads: 16130.0,t_des: 17428.0
L: 0.91, u_super: 0.00010, bed_util: 0.5, sec: 11.422, t_ads: 15655.0,t_des: 16946.0
L: 0.60, u_super: 0.00010, bed_util: 0.5, sec: 8.349, t_ads: 11142.0,t_des: 12393.0
L: 0.82, u_super: 0.00010, bed_util: 0.5, sec: 10.494, t_ads: 14305.0,t_des: 15579.0
L: 0.60, u_super: 0.00017, bed_util: 0.5, sec: 17.315, t_ads: 7461.0,t_des: 8917.0
L: 0.60, u_super: 0.00010, bed_util: 0.5, sec: 8.316, t_ads: 11096.0,t_des: 12347.0
L: 0.60, u_super: 0.00012, bed_util: 0.5, sec: 10.261, t_ads: 9778.0,t_des: 11041.0
L: 1.13, u_super: 0.00010, bed_util: 0.5, sec: 13.645, t_ads: 18918.0,t_des: 20257.0
L: 0.60, u_super: 0.00039, bed_util: 0.5, sec: 1186.859, t_ads: 4485.0,t_des: 113263.0
L: 0.60, u_super: 0.00271, bed_util: 0.5, sec: 57368.805, t_ads: 2583.0,t_des: 111605.0
L: 0.63, u_super: 0.00010, bed_util: 0.5, sec: 8.634, t_ads: 11553.0,t_des: 12804.0
L: 1.43, u_super: 0.00010, bed_util: 0.5, sec: 17.357, t_ads: 22553.0,t_des: 23948.0
L: 0.72, u_super: 0.00026, bed_util: 0.5, sec: 57.665, t_ads: 6271.0,t_des: 12266.0
L: 0.60, u_super: 0.00010, bed_util: 0.5, sec: 8.321, t_ads: 11090.0,t_des: 12341.0
     6 |      240 |  2.035850E+04 |  8.3142414093
L: 0.60, u_super: 0.00010, bed_util: 0.5, sec: 8.317, t_ads: 11098.0,t_des: 12349.0
L: 0.60, u_super: 0.00010, bed_util: 0.5, sec: 8.320, t_ads: 11089.0,t_des: 12340.0
L: 0.60, u_super: 0.00010, bed_util: 0.5, sec: 8.313, t_ads: 11092.0,t_des: 12343.0
L: 0.62, u_super: 0.00010, bed_util: 0.5, sec: 8.473, t_ads: 11323.0,t_des: 12574.0
L: 0.60, u_super: 0.00010, bed_util: 0.5, sec: 8.312, t_ads: 11092.0,t_des: 12343.0
L: 0.60, u_super: 0.00010, bed_util: 0.5, sec: 8.347, t_ads: 11062.0,t_des: 12313.0
L: 0.60, u_super: 0.00010, bed_util: 0.5, sec: 8.315, t_ads: 11093.0,t_des: 12344.0
L: 0.60, u_super: 0.00013, bed_util: 0.5, sec: 11.242, t_ads: 9290.0,t_des: 10565.0
L: 0.76, u_super: 0.00010, bed_util: 0.5, sec: 9.950, t_ads: 13470.0,t_des: 14734.0
L: 0.82, u_super: 0.00010, bed_util: 0.5, sec: 10.774, t_ads: 14147.0,t_des: 15419.0
L: 0.76, u_super: 0.00010, bed_util: 0.5, sec: 9.923, t_ads: 13444.0,t_des: 14708.0
L: 0.63, u_super: 0.00011, bed_util: 0.5, sec: 9.577, t_ads: 10781.0,t_des: 12033.0
L: 0.82, u_super: 0.00063, bed_util: 0.5, sec: 3069.031, t_ads: 4141.0,t_des: 113030.0
L: 0.68, u_super: 0.00010, bed_util: 0.5, sec: 9.156, t_ads: 12337.0,t_des: 13592.0
L: 0.73, u_super: 0.00010, bed_util: 0.5, sec: 9.572, t_ads: 12960.0,t_des: 14220.0
L: 1.16, u_super: 0.00010, bed_util: 0.5, sec: 13.892, t_ads: 19292.0,t_des: 20637.0
L: 0.60, u_super: 0.00010, bed_util: 0.5, sec: 8.315, t_ads: 11093.0,t_des: 12344.0
L: 0.60, u_super: 0.00010, bed_util: 0.5, sec: 8.547, t_ads: 10914.0,t_des: 12165.0
L: 0.60, u_super: 0.00010, bed_util: 0.5, sec: 8.316, t_ads: 11093.0,t_des: 12344.0
L: 0.60, u_super: 0.00010, bed_util: 0.5, sec: 8.331, t_ads: 11120.0,t_des: 12371.0
L: 0.65, u_super: 0.00010, bed_util: 0.5, sec: 8.836, t_ads: 11849.0,t_des: 13101.0
L: 0.60, u_super: 0.00010, bed_util: 0.5, sec: 8.314, t_ads: 11090.0,t_des: 12341.0
L: 0.60, u_super: 0.00010, bed_util: 0.5, sec: 8.353, t_ads: 11111.0,t_des: 12362.0
L: 0.60, u_super: 0.00010, bed_util: 0.5, sec: 8.319, t_ads: 11098.0,t_des: 12349.0
L: 0.65, u_super: 0.00010, bed_util: 0.5, sec: 8.777, t_ads: 11772.0,t_des: 13024.0
L: 0.60, u_super: 0.00010, bed_util: 0.5, sec: 8.316, t_ads: 11093.0,t_des: 12344.0
L: 0.77, u_super: 0.00012, bed_util: 0.5, sec: 12.774, t_ads: 11662.0,t_des: 12913.0
L: 0.60, u_super: 0.00010, bed_util: 0.5, sec: 8.313, t_ads: 11094.0,t_des: 12345.0
L: 0.60, u_super: 0.00010, bed_util: 0.5, sec: 8.348, t_ads: 11144.0,t_des: 12395.0
L: 1.00, u_super: 0.00090, bed_util: 0.5, sec: 6261.219, t_ads: 3876.0,t_des: 112820.0
L: 0.60, u_super: 0.00010, bed_util: 0.5, sec: 8.312, t_ads: 11091.0,t_des: 12342.0
L: 0.60, u_super: 0.00018, bed_util: 0.5, sec: 19.377, t_ads: 7109.0,t_des: 8678.0
L: 0.60, u_super: 0.00012, bed_util: 0.5, sec: 10.301, t_ads: 9800.0,t_des: 11062.0
L: 0.60, u_super: 0.00010, bed_util: 0.5, sec: 8.314, t_ads: 11092.0,t_des: 12343.0
L: 0.60, u_super: 0.00039, bed_util: 0.5, sec: 1186.907, t_ads: 4485.0,t_des: 113263.0
L: 0.61, u_super: 0.00010, bed_util: 0.5, sec: 8.433, t_ads: 11273.0,t_des: 12524.0
L: 0.60, u_super: 0.00010, bed_util: 0.5, sec: 8.313, t_ads: 11092.0,t_des: 12343.0
L: 1.43, u_super: 0.00010, bed_util: 0.5, sec: 16.550, t_ads: 23185.0,t_des: 24590.0
L: 0.60, u_super: 0.00026, bed_util: 0.5, sec: 527.638, t_ads: 5592.0,t_des: 112188.0
L: 0.60, u_super: 0.00010, bed_util: 0.5, sec: 8.314, t_ads: 11095.0,t_des: 12346.0
     7 |      280 |  3.942835E+01 |  8.3120079041
L: 0.60, u_super: 0.00011, bed_util: 0.5, sec: 9.749, t_ads: 10096.0,t_des: 11353.0
L: 0.60, u_super: 0.00010, bed_util: 0.5, sec: 8.312, t_ads: 11091.0,t_des: 12342.0
L: 0.61, u_super: 0.00010, bed_util: 0.5, sec: 8.368, t_ads: 11174.0,t_des: 12425.0
L: 0.60, u_super: 0.00010, bed_util: 0.5, sec: 8.315, t_ads: 11089.0,t_des: 12340.0
L: 0.60, u_super: 0.00010, bed_util: 0.5, sec: 8.313, t_ads: 11091.0,t_des: 12342.0
L: 0.70, u_super: 0.00010, bed_util: 0.5, sec: 9.318, t_ads: 12487.0,t_des: 13743.0
L: 0.60, u_super: 0.00010, bed_util: 0.5, sec: 8.318, t_ads: 11100.0,t_des: 12351.0
L: 0.60, u_super: 0.00010, bed_util: 0.5, sec: 8.312, t_ads: 11092.0,t_des: 12343.0
L: 0.68, u_super: 0.00010, bed_util: 0.5, sec: 9.126, t_ads: 12266.0,t_des: 13520.0
L: 0.60, u_super: 0.00011, bed_util: 0.5, sec: 9.282, t_ads: 10388.0,t_des: 11642.0
L: 0.60, u_super: 0.00010, bed_util: 0.5, sec: 8.312, t_ads: 11090.0,t_des: 12341.0
L: 0.63, u_super: 0.00010, bed_util: 0.5, sec: 8.614, t_ads: 11526.0,t_des: 12777.0
L: 0.96, u_super: 0.00010, bed_util: 0.5, sec: 11.887, t_ads: 16354.0,t_des: 17655.0
L: 0.68, u_super: 0.00010, bed_util: 0.5, sec: 9.156, t_ads: 12337.0,t_des: 13592.0
L: 0.60, u_super: 0.00010, bed_util: 0.5, sec: 8.314, t_ads: 11092.0,t_des: 12343.0
L: 0.60, u_super: 0.00010, bed_util: 0.5, sec: 8.312, t_ads: 11090.0,t_des: 12341.0
L: 0.60, u_super: 0.00010, bed_util: 0.5, sec: 8.312, t_ads: 11091.0,t_des: 12342.0
L: 0.60, u_super: 0.00025, bed_util: 0.5, sec: 378.320, t_ads: 5825.0,t_des: 91965.0
L: 0.60, u_super: 0.00010, bed_util: 0.5, sec: 8.315, t_ads: 11095.0,t_des: 12346.0
L: 0.60, u_super: 0.00010, bed_util: 0.5, sec: 8.332, t_ads: 11119.0,t_des: 12370.0
L: 0.60, u_super: 0.00010, bed_util: 0.5, sec: 8.314, t_ads: 11093.0,t_des: 12344.0
L: 0.60, u_super: 0.00010, bed_util: 0.5, sec: 8.315, t_ads: 11091.0,t_des: 12342.0
L: 0.60, u_super: 0.00010, bed_util: 0.5, sec: 8.335, t_ads: 11125.0,t_des: 12376.0
L: 0.60, u_super: 0.00010, bed_util: 0.5, sec: 8.429, t_ads: 11010.0,t_des: 12261.0
L: 0.65, u_super: 0.00010, bed_util: 0.5, sec: 8.775, t_ads: 11774.0,t_des: 13026.0
L: 0.61, u_super: 0.00010, bed_util: 0.5, sec: 8.372, t_ads: 11180.0,t_des: 12431.0
L: 0.62, u_super: 0.00010, bed_util: 0.5, sec: 8.508, t_ads: 11371.0,t_des: 12622.0
L: 0.60, u_super: 0.00010, bed_util: 0.5, sec: 8.314, t_ads: 11091.0,t_des: 12342.0
L: 0.67, u_super: 0.00010, bed_util: 0.5, sec: 9.036, t_ads: 12164.0,t_des: 13418.0
L: 0.60, u_super: 0.00010, bed_util: 0.5, sec: 8.313, t_ads: 11090.0,t_des: 12341.0
L: 0.60, u_super: 0.00010, bed_util: 0.5, sec: 8.312, t_ads: 11091.0,t_des: 12342.0
L: 0.78, u_super: 0.00010, bed_util: 0.5, sec: 10.110, t_ads: 13722.0,t_des: 14989.0
L: 0.60, u_super: 0.00010, bed_util: 0.5, sec: 8.314, t_ads: 11093.0,t_des: 12344.0
L: 0.60, u_super: 0.00010, bed_util: 0.5, sec: 8.314, t_ads: 11092.0,t_des: 12343.0
L: 0.60, u_super: 0.00039, bed_util: 0.5, sec: 1186.810, t_ads: 4485.0,t_des: 113264.0
L: 0.61, u_super: 0.00010, bed_util: 0.5, sec: 8.433, t_ads: 11274.0,t_des: 12525.0
L: 0.60, u_super: 0.00010, bed_util: 0.5, sec: 8.311, t_ads: 11091.0,t_des: 12342.0
L: 1.43, u_super: 0.00010, bed_util: 0.5, sec: 16.550, t_ads: 23187.0,t_des: 24592.0
L: 0.64, u_super: 0.00026, bed_util: 0.5, sec: 468.944, t_ads: 5807.0,t_des: 99705.0
L: 0.61, u_super: 0.00010, bed_util: 0.5, sec: 8.378, t_ads: 11192.0,t_des: 12443.0
     8 |      320 |  3.894753E+01 |  8.3106479645
L: 0.60, u_super: 0.00010, bed_util: 0.5, sec: 8.317, t_ads: 11098.0,t_des: 12349.0
L: 0.60, u_super: 0.00010, bed_util: 0.5, sec: 8.311, t_ads: 11091.0,t_des: 12342.0
L: 0.60, u_super: 0.00018, bed_util: 0.5, sec: 19.356, t_ads: 7107.0,t_des: 8677.0
L: 0.60, u_super: 0.00010, bed_util: 0.5, sec: 8.426, t_ads: 11000.0,t_des: 12251.0
L: 0.60, u_super: 0.00010, bed_util: 0.5, sec: 8.312, t_ads: 11093.0,t_des: 12344.0
L: 0.60, u_super: 0.00010, bed_util: 0.5, sec: 8.312, t_ads: 11092.0,t_des: 12343.0
L: 0.60, u_super: 0.00010, bed_util: 0.5, sec: 8.314, t_ads: 11095.0,t_des: 12346.0
L: 0.60, u_super: 0.00010, bed_util: 0.5, sec: 8.313, t_ads: 11092.0,t_des: 12343.0
L: 0.60, u_super: 0.00010, bed_util: 0.5, sec: 8.313, t_ads: 11091.0,t_des: 12342.0
L: 0.60, u_super: 0.00010, bed_util: 0.5, sec: 8.316, t_ads: 11098.0,t_des: 12349.0
L: 0.60, u_super: 0.00010, bed_util: 0.5, sec: 8.330, t_ads: 11077.0,t_des: 12328.0
L: 0.60, u_super: 0.00010, bed_util: 0.5, sec: 8.329, t_ads: 11118.0,t_des: 12369.0
L: 0.60, u_super: 0.00010, bed_util: 0.5, sec: 8.312, t_ads: 11091.0,t_des: 12342.0
L: 0.60, u_super: 0.00010, bed_util: 0.5, sec: 8.313, t_ads: 11090.0,t_des: 12341.0
L: 0.60, u_super: 0.00010, bed_util: 0.5, sec: 8.313, t_ads: 11093.0,t_des: 12344.0
L: 0.60, u_super: 0.00010, bed_util: 0.5, sec: 8.312, t_ads: 11090.0,t_des: 12341.0
L: 0.78, u_super: 0.00010, bed_util: 0.5, sec: 10.110, t_ads: 13723.0,t_des: 14990.0
L: 0.60, u_super: 0.00010, bed_util: 0.5, sec: 8.545, t_ads: 10911.0,t_des: 12162.0
L: 0.60, u_super: 0.00010, bed_util: 0.5, sec: 8.311, t_ads: 11091.0,t_des: 12342.0
L: 0.62, u_super: 0.00010, bed_util: 0.5, sec: 8.546, t_ads: 11433.0,t_des: 12684.0
L: 0.60, u_super: 0.00010, bed_util: 0.5, sec: 8.313, t_ads: 11091.0,t_des: 12342.0
L: 0.60, u_super: 0.00010, bed_util: 0.5, sec: 8.312, t_ads: 11092.0,t_des: 12343.0
L: 0.60, u_super: 0.00010, bed_util: 0.5, sec: 8.335, t_ads: 11126.0,t_des: 12377.0
L: 0.60, u_super: 0.00010, bed_util: 0.5, sec: 8.313, t_ads: 11090.0,t_des: 12341.0
L: 0.79, u_super: 0.00010, bed_util: 0.5, sec: 10.234, t_ads: 13906.0,t_des: 15175.0
L: 0.60, u_super: 0.00010, bed_util: 0.5, sec: 8.316, t_ads: 11094.0,t_des: 12345.0
L: 0.62, u_super: 0.00010, bed_util: 0.5, sec: 8.504, t_ads: 11374.0,t_des: 12625.0
L: 0.60, u_super: 0.00010, bed_util: 0.5, sec: 8.315, t_ads: 11094.0,t_des: 12345.0
L: 0.60, u_super: 0.00023, bed_util: 0.5, sec: 88.108, t_ads: 6018.0,t_des: 23796.0
L: 0.60, u_super: 0.00010, bed_util: 0.5, sec: 8.314, t_ads: 11092.0,t_des: 12343.0
L: 0.60, u_super: 0.00010, bed_util: 0.5, sec: 8.312, t_ads: 11091.0,t_des: 12342.0
L: 0.60, u_super: 0.00010, bed_util: 0.5, sec: 8.314, t_ads: 11091.0,t_des: 12342.0
L: 0.60, u_super: 0.00016, bed_util: 0.5, sec: 16.537, t_ads: 7612.0,t_des: 9036.0
L: 0.60, u_super: 0.00010, bed_util: 0.5, sec: 8.311, t_ads: 11092.0,t_des: 12343.0
L: 0.60, u_super: 0.00010, bed_util: 0.5, sec: 8.313, t_ads: 11092.0,t_des: 12343.0
L: 0.64, u_super: 0.00010, bed_util: 0.5, sec: 8.728, t_ads: 11676.0,t_des: 12927.0
L: 0.63, u_super: 0.00010, bed_util: 0.5, sec: 8.615, t_ads: 11525.0,t_des: 12776.0
L: 1.43, u_super: 0.00010, bed_util: 0.5, sec: 16.550, t_ads: 23187.0,t_des: 24592.0
L: 0.95, u_super: 0.00026, bed_util: 0.5, sec: 42.206, t_ads: 7551.0,t_des: 8987.0
L: 0.60, u_super: 0.00010, bed_util: 0.5, sec: 8.313, t_ads: 11092.0,t_des: 12343.0
     9 |      360 |  9.3405164957 |  8.3105239868
L: 0.60, u_super: 0.00010, bed_util: 0.5, sec: 8.312, t_ads: 11091.0,t_des: 12342.0
L: 0.60, u_super: 0.00010, bed_util: 0.5, sec: 8.320, t_ads: 11105.0,t_des: 12356.0
L: 0.60, u_super: 0.00010, bed_util: 0.5, sec: 8.312, t_ads: 11093.0,t_des: 12344.0
L: 0.65, u_super: 0.00010, bed_util: 0.5, sec: 8.862, t_ads: 11877.0,t_des: 13129.0
L: 0.60, u_super: 0.00010, bed_util: 0.5, sec: 8.315, t_ads: 11093.0,t_des: 12344.0
L: 0.60, u_super: 0.00010, bed_util: 0.5, sec: 8.313, t_ads: 11092.0,t_des: 12343.0
L: 0.60, u_super: 0.00010, bed_util: 0.5, sec: 8.313, t_ads: 11092.0,t_des: 12343.0
L: 0.60, u_super: 0.00010, bed_util: 0.5, sec: 8.313, t_ads: 11092.0,t_des: 12343.0
L: 0.60, u_super: 0.00010, bed_util: 0.5, sec: 8.313, t_ads: 11091.0,t_des: 12342.0
L: 0.60, u_super: 0.00012, bed_util: 0.5, sec: 10.341, t_ads: 9744.0,t_des: 11007.0
L: 0.60, u_super: 0.00010, bed_util: 0.5, sec: 8.323, t_ads: 11104.0,t_des: 12355.0
L: 0.60, u_super: 0.00056, bed_util: 0.5, sec: 2389.977, t_ads: 3829.0,t_des: 112780.0
L: 0.60, u_super: 0.00010, bed_util: 0.5, sec: 8.311, t_ads: 11091.0,t_des: 12342.0
L: 0.60, u_super: 0.00010, bed_util: 0.5, sec: 8.313, t_ads: 11090.0,t_des: 12341.0
L: 0.60, u_super: 0.00010, bed_util: 0.5, sec: 8.313, t_ads: 11093.0,t_des: 12344.0
L: 0.60, u_super: 0.00010, bed_util: 0.5, sec: 8.314, t_ads: 11091.0,t_des: 12342.0
L: 0.60, u_super: 0.00010, bed_util: 0.5, sec: 8.314, t_ads: 11093.0,t_des: 12344.0
L: 0.60, u_super: 0.00010, bed_util: 0.5, sec: 8.313, t_ads: 11092.0,t_des: 12343.0
L: 0.60, u_super: 0.00010, bed_util: 0.5, sec: 8.311, t_ads: 11091.0,t_des: 12342.0
L: 0.60, u_super: 0.00010, bed_util: 0.5, sec: 8.329, t_ads: 11119.0,t_des: 12370.0
L: 0.60, u_super: 0.00010, bed_util: 0.5, sec: 8.314, t_ads: 11090.0,t_des: 12341.0
L: 0.61, u_super: 0.00023, bed_util: 0.5, sec: 52.736, t_ads: 6173.0,t_des: 15164.0
L: 0.60, u_super: 0.00010, bed_util: 0.5, sec: 8.311, t_ads: 11091.0,t_des: 12342.0
L: 0.60, u_super: 0.00010, bed_util: 0.5, sec: 8.313, t_ads: 11090.0,t_des: 12341.0
L: 0.65, u_super: 0.00010, bed_util: 0.5, sec: 8.775, t_ads: 11774.0,t_des: 13026.0
L: 0.60, u_super: 0.00010, bed_util: 0.5, sec: 8.312, t_ads: 11093.0,t_des: 12344.0
L: 0.60, u_super: 0.00010, bed_util: 0.5, sec: 8.322, t_ads: 11108.0,t_des: 12359.0
L: 0.60, u_super: 0.00010, bed_util: 0.5, sec: 8.313, t_ads: 11094.0,t_des: 12345.0
L: 0.60, u_super: 0.00010, bed_util: 0.5, sec: 8.313, t_ads: 11091.0,t_des: 12342.0
L: 0.60, u_super: 0.00010, bed_util: 0.5, sec: 8.313, t_ads: 11090.0,t_des: 12341.0
L: 0.60, u_super: 0.00105, bed_util: 0.5, sec: 8455.873, t_ads: 3087.0,t_des: 112106.0
L: 0.60, u_super: 0.00010, bed_util: 0.5, sec: 8.313, t_ads: 11092.0,t_des: 12343.0
L: 0.60, u_super: 0.00010, bed_util: 0.5, sec: 8.314, t_ads: 11094.0,t_des: 12345.0
L: 0.60, u_super: 0.00010, bed_util: 0.5, sec: 8.311, t_ads: 11092.0,t_des: 12343.0
L: 0.60, u_super: 0.00010, bed_util: 0.5, sec: 8.311, t_ads: 11091.0,t_des: 12342.0
L: 0.70, u_super: 0.00010, bed_util: 0.5, sec: 9.301, t_ads: 12535.0,t_des: 13791.0
L: 0.60, u_super: 0.00010, bed_util: 0.5, sec: 8.313, t_ads: 11092.0,t_des: 12343.0
L: 0.60, u_super: 0.00010, bed_util: 0.5, sec: 8.316, t_ads: 11088.0,t_des: 12339.0
L: 0.60, u_super: 0.00026, bed_util: 0.5, sec: 527.679, t_ads: 5591.0,t_des: 112193.0
L: 0.60, u_super: 0.00010, bed_util: 0.5, sec: 8.311, t_ads: 11091.0,t_des: 12342.0
    10 |      400 |  9.1224319696 |  8.3105239868
L: 0.60, u_super: 0.00010, bed_util: 0.5, sec: 8.313, t_ads: 11092.0,t_des: 12343.0
L: 0.60, u_super: 0.00010, bed_util: 0.5, sec: 8.313, t_ads: 11092.0,t_des: 12343.0
L: 0.60, u_super: 0.00010, bed_util: 0.5, sec: 8.312, t_ads: 11092.0,t_des: 12343.0
L: 0.60, u_super: 0.00010, bed_util: 0.5, sec: 8.315, t_ads: 11089.0,t_des: 12340.0
L: 0.60, u_super: 0.00010, bed_util: 0.5, sec: 8.313, t_ads: 11093.0,t_des: 12344.0
L: 0.60, u_super: 0.00010, bed_util: 0.5, sec: 8.313, t_ads: 11092.0,t_des: 12343.0
L: 0.60, u_super: 0.00010, bed_util: 0.5, sec: 8.310, t_ads: 11091.0,t_des: 12342.0
L: 0.60, u_super: 0.00010, bed_util: 0.5, sec: 8.313, t_ads: 11092.0,t_des: 12343.0
L: 0.62, u_super: 0.00010, bed_util: 0.5, sec: 8.537, t_ads: 11419.0,t_des: 12670.0
L: 0.60, u_super: 0.00010, bed_util: 0.5, sec: 8.316, t_ads: 11098.0,t_des: 12349.0
L: 0.60, u_super: 0.00010, bed_util: 0.5, sec: 8.313, t_ads: 11092.0,t_des: 12343.0
L: 0.60, u_super: 0.00010, bed_util: 0.5, sec: 8.329, t_ads: 11118.0,t_des: 12369.0
L: 0.60, u_super: 0.00010, bed_util: 0.5, sec: 8.311, t_ads: 11091.0,t_des: 12342.0
L: 0.60, u_super: 0.00010, bed_util: 0.5, sec: 8.313, t_ads: 11090.0,t_des: 12341.0
L: 0.60, u_super: 0.00010, bed_util: 0.5, sec: 8.313, t_ads: 11092.0,t_des: 12343.0
L: 0.60, u_super: 0.00010, bed_util: 0.5, sec: 8.311, t_ads: 11091.0,t_des: 12342.0
L: 0.60, u_super: 0.00010, bed_util: 0.5, sec: 8.313, t_ads: 11092.0,t_des: 12343.0
L: 0.60, u_super: 0.00010, bed_util: 0.5, sec: 8.313, t_ads: 11092.0,t_des: 12343.0
L: 0.60, u_super: 0.00010, bed_util: 0.5, sec: 8.310, t_ads: 11091.0,t_des: 12342.0
L: 0.60, u_super: 0.00010, bed_util: 0.5, sec: 8.311, t_ads: 11091.0,t_des: 12342.0
L: 0.60, u_super: 0.00018, bed_util: 0.5, sec: 19.380, t_ads: 7106.0,t_des: 8676.0
L: 0.60, u_super: 0.00010, bed_util: 0.5, sec: 8.313, t_ads: 11093.0,t_des: 12344.0
L: 0.60, u_super: 0.00010, bed_util: 0.5, sec: 8.311, t_ads: 11091.0,t_des: 12342.0
L: 0.60, u_super: 0.00010, bed_util: 0.5, sec: 8.313, t_ads: 11092.0,t_des: 12343.0
L: 0.65, u_super: 0.00010, bed_util: 0.5, sec: 8.775, t_ads: 11774.0,t_des: 13026.0
L: 0.60, u_super: 0.00010, bed_util: 0.5, sec: 8.314, t_ads: 11094.0,t_des: 12345.0
L: 0.60, u_super: 0.00010, bed_util: 0.5, sec: 8.311, t_ads: 11091.0,t_des: 12342.0
L: 0.60, u_super: 0.00010, bed_util: 0.5, sec: 8.313, t_ads: 11094.0,t_des: 12345.0
L: 0.60, u_super: 0.00010, bed_util: 0.5, sec: 8.313, t_ads: 11091.0,t_des: 12342.0
L: 0.60, u_super: 0.00010, bed_util: 0.5, sec: 8.313, t_ads: 11092.0,t_des: 12343.0
L: 0.60, u_super: 0.00010, bed_util: 0.5, sec: 8.313, t_ads: 11092.0,t_des: 12343.0
L: 0.60, u_super: 0.00010, bed_util: 0.5, sec: 8.312, t_ads: 11091.0,t_des: 12342.0
L: 0.60, u_super: 0.00010, bed_util: 0.5, sec: 8.313, t_ads: 11091.0,t_des: 12342.0
L: 0.60, u_super: 0.00010, bed_util: 0.5, sec: 8.310, t_ads: 11091.0,t_des: 12342.0
L: 0.60, u_super: 0.00010, bed_util: 0.5, sec: 8.311, t_ads: 11091.0,t_des: 12342.0
L: 0.60, u_super: 0.00010, bed_util: 0.5, sec: 8.313, t_ads: 11092.0,t_des: 12343.0
L: 0.60, u_super: 0.00010, bed_util: 0.5, sec: 8.313, t_ads: 11092.0,t_des: 12343.0
L: 0.60, u_super: 0.00010, bed_util: 0.5, sec: 8.316, t_ads: 11088.0,t_des: 12339.0
L: 0.80, u_super: 0.00010, bed_util: 0.5, sec: 10.273, t_ads: 13976.0,t_des: 15246.0
L: 0.60, u_super: 0.00010, bed_util: 0.5, sec: 8.311, t_ads: 11091.0,t_des: 12342.0
    11 |      440 |  8.3731601477 |  8.3103618622
L: 0.60, u_super: 0.00010, bed_util: 0.5, sec: 8.313, t_ads: 11092.0,t_des: 12343.0
L: 0.60, u_super: 0.00010, bed_util: 0.5, sec: 8.311, t_ads: 11091.0,t_des: 12342.0
L: 0.60, u_super: 0.00010, bed_util: 0.5, sec: 8.314, t_ads: 11094.0,t_des: 12345.0
L: 0.60, u_super: 0.00010, bed_util: 0.5, sec: 8.312, t_ads: 11091.0,t_des: 12342.0
L: 0.60, u_super: 0.00010, bed_util: 0.5, sec: 8.312, t_ads: 11093.0,t_des: 12344.0
L: 0.60, u_super: 0.00024, bed_util: 0.5, sec: 139.915, t_ads: 5934.0,t_des: 36127.0
L: 0.60, u_super: 0.00010, bed_util: 0.5, sec: 8.310, t_ads: 11091.0,t_des: 12342.0
L: 0.60, u_super: 0.00126, bed_util: 0.5, sec: 12155.054, t_ads: 2950.0,t_des: 111973.0
L: 0.60, u_super: 0.00010, bed_util: 0.5, sec: 8.312, t_ads: 11090.0,t_des: 12341.0
L: 0.60, u_super: 0.00010, bed_util: 0.5, sec: 8.313, t_ads: 11092.0,t_des: 12343.0
L: 0.60, u_super: 0.00010, bed_util: 0.5, sec: 8.313, t_ads: 11092.0,t_des: 12343.0
L: 0.60, u_super: 0.00010, bed_util: 0.5, sec: 8.313, t_ads: 11092.0,t_des: 12343.0
L: 0.60, u_super: 0.00010, bed_util: 0.5, sec: 8.311, t_ads: 11091.0,t_des: 12342.0
L: 0.60, u_super: 0.00010, bed_util: 0.5, sec: 8.311, t_ads: 11091.0,t_des: 12342.0
L: 0.60, u_super: 0.00010, bed_util: 0.5, sec: 8.313, t_ads: 11093.0,t_des: 12344.0
L: 0.64, u_super: 0.00087, bed_util: 0.5, sec: 5777.051, t_ads: 3326.0,t_des: 112332.0
L: 0.60, u_super: 0.00010, bed_util: 0.5, sec: 8.312, t_ads: 11091.0,t_des: 12342.0
L: 0.60, u_super: 0.00010, bed_util: 0.5, sec: 8.313, t_ads: 11092.0,t_des: 12343.0
L: 0.60, u_super: 0.00010, bed_util: 0.5, sec: 8.313, t_ads: 11092.0,t_des: 12343.0
L: 0.60, u_super: 0.00010, bed_util: 0.5, sec: 8.314, t_ads: 11093.0,t_des: 12344.0
L: 0.65, u_super: 0.00010, bed_util: 0.5, sec: 8.766, t_ads: 11762.0,t_des: 13014.0
L: 0.60, u_super: 0.00010, bed_util: 0.5, sec: 8.312, t_ads: 11092.0,t_des: 12343.0
L: 0.60, u_super: 0.00010, bed_util: 0.5, sec: 8.313, t_ads: 11092.0,t_des: 12343.0
L: 0.60, u_super: 0.00010, bed_util: 0.5, sec: 8.315, t_ads: 11090.0,t_des: 12341.0
L: 0.60, u_super: 0.00010, bed_util: 0.5, sec: 8.313, t_ads: 11092.0,t_des: 12343.0
L: 0.60, u_super: 0.00010, bed_util: 0.5, sec: 8.314, t_ads: 11094.0,t_des: 12345.0
L: 0.60, u_super: 0.00010, bed_util: 0.5, sec: 8.313, t_ads: 11091.0,t_des: 12342.0
L: 0.60, u_super: 0.00010, bed_util: 0.5, sec: 8.313, t_ads: 11092.0,t_des: 12343.0
L: 0.60, u_super: 0.00010, bed_util: 0.5, sec: 8.313, t_ads: 11091.0,t_des: 12342.0
L: 0.60, u_super: 0.00010, bed_util: 0.5, sec: 8.313, t_ads: 11092.0,t_des: 12343.0
L: 0.70, u_super: 0.00010, bed_util: 0.5, sec: 9.303, t_ads: 12535.0,t_des: 13791.0
L: 0.60, u_super: 0.00010, bed_util: 0.5, sec: 8.313, t_ads: 11092.0,t_des: 12343.0
L: 0.60, u_super: 0.00010, bed_util: 0.5, sec: 8.313, t_ads: 11091.0,t_des: 12342.0
L: 0.60, u_super: 0.00010, bed_util: 0.5, sec: 8.310, t_ads: 11091.0,t_des: 12342.0
L: 0.60, u_super: 0.00010, bed_util: 0.5, sec: 8.311, t_ads: 11091.0,t_des: 12342.0
L: 0.60, u_super: 0.00010, bed_util: 0.5, sec: 8.315, t_ads: 11095.0,t_des: 12346.0
L: 0.60, u_super: 0.00010, bed_util: 0.5, sec: 8.311, t_ads: 11091.0,t_des: 12342.0
L: 0.60, u_super: 0.00010, bed_util: 0.5, sec: 8.313, t_ads: 11092.0,t_des: 12343.0
L: 0.60, u_super: 0.00010, bed_util: 0.5, sec: 8.311, t_ads: 11091.0,t_des: 12342.0
L: 0.60, u_super: 0.00010, bed_util: 0.5, sec: 8.313, t_ads: 11092.0,t_des: 12343.0
    12 |      480 |  8.3118322372 |  8.3103561401
L: 0.64, u_super: 0.00010, bed_util: 0.5, sec: 8.726, t_ads: 11672.0,t_des: 12923.0
L: 0.60, u_super: 0.00024, bed_util: 0.5, sec: 244.914, t_ads: 5868.0,t_des: 61018.0
L: 0.60, u_super: 0.00010, bed_util: 0.5, sec: 8.310, t_ads: 11091.0,t_des: 12342.0
L: 0.60, u_super: 0.00010, bed_util: 0.5, sec: 8.314, t_ads: 11092.0,t_des: 12343.0
L: 0.60, u_super: 0.00010, bed_util: 0.5, sec: 8.312, t_ads: 11092.0,t_des: 12343.0
L: 0.60, u_super: 0.00010, bed_util: 0.5, sec: 8.312, t_ads: 11092.0,t_des: 12343.0
L: 0.60, u_super: 0.00010, bed_util: 0.5, sec: 8.312, t_ads: 11091.0,t_des: 12342.0
L: 0.60, u_super: 0.00017, bed_util: 0.5, sec: 16.764, t_ads: 7566.0,t_des: 8999.0
L: 0.60, u_super: 0.00010, bed_util: 0.5, sec: 8.312, t_ads: 11090.0,t_des: 12341.0
L: 0.60, u_super: 0.00010, bed_util: 0.5, sec: 8.313, t_ads: 11092.0,t_des: 12343.0
L: 0.60, u_super: 0.00010, bed_util: 0.5, sec: 8.313, t_ads: 11092.0,t_des: 12343.0
L: 0.60, u_super: 0.00010, bed_util: 0.5, sec: 8.313, t_ads: 11092.0,t_des: 12343.0
L: 0.60, u_super: 0.00010, bed_util: 0.5, sec: 8.312, t_ads: 11091.0,t_des: 12342.0
L: 0.60, u_super: 0.00010, bed_util: 0.5, sec: 8.311, t_ads: 11091.0,t_des: 12342.0
L: 0.60, u_super: 0.00010, bed_util: 0.5, sec: 8.313, t_ads: 11092.0,t_des: 12343.0
L: 0.60, u_super: 0.00010, bed_util: 0.5, sec: 8.311, t_ads: 11091.0,t_des: 12342.0
L: 0.60, u_super: 0.00010, bed_util: 0.5, sec: 8.313, t_ads: 11092.0,t_des: 12343.0
L: 0.60, u_super: 0.00010, bed_util: 0.5, sec: 8.312, t_ads: 11091.0,t_des: 12342.0
L: 0.60, u_super: 0.00010, bed_util: 0.5, sec: 8.313, t_ads: 11092.0,t_des: 12343.0
L: 0.60, u_super: 0.00010, bed_util: 0.5, sec: 8.311, t_ads: 11091.0,t_des: 12342.0
L: 0.60, u_super: 0.00010, bed_util: 0.5, sec: 8.314, t_ads: 11092.0,t_des: 12343.0
L: 0.60, u_super: 0.00010, bed_util: 0.5, sec: 8.313, t_ads: 11093.0,t_des: 12344.0
L: 0.60, u_super: 0.00010, bed_util: 0.5, sec: 8.313, t_ads: 11092.0,t_des: 12343.0
L: 0.60, u_super: 0.00010, bed_util: 0.5, sec: 8.312, t_ads: 11092.0,t_des: 12343.0
L: 0.60, u_super: 0.00010, bed_util: 0.5, sec: 8.310, t_ads: 11091.0,t_des: 12342.0
L: 0.60, u_super: 0.00010, bed_util: 0.5, sec: 8.314, t_ads: 11094.0,t_des: 12345.0
L: 0.60, u_super: 0.00010, bed_util: 0.5, sec: 8.311, t_ads: 11091.0,t_des: 12342.0
L: 0.60, u_super: 0.00010, bed_util: 0.5, sec: 8.313, t_ads: 11092.0,t_des: 12343.0
L: 0.60, u_super: 0.00010, bed_util: 0.5, sec: 8.312, t_ads: 11091.0,t_des: 12342.0
L: 0.60, u_super: 0.00010, bed_util: 0.5, sec: 8.313, t_ads: 11092.0,t_des: 12343.0
L: 0.60, u_super: 0.00010, bed_util: 0.5, sec: 8.312, t_ads: 11091.0,t_des: 12342.0
L: 0.60, u_super: 0.00010, bed_util: 0.5, sec: 8.310, t_ads: 11091.0,t_des: 12342.0
L: 0.60, u_super: 0.00010, bed_util: 0.5, sec: 8.313, t_ads: 11092.0,t_des: 12343.0
L: 0.60, u_super: 0.00010, bed_util: 0.5, sec: 8.313, t_ads: 11092.0,t_des: 12343.0
L: 0.60, u_super: 0.00010, bed_util: 0.5, sec: 8.312, t_ads: 11091.0,t_des: 12342.0
L: 0.60, u_super: 0.00057, bed_util: 0.5, sec: 2513.311, t_ads: 3781.0,t_des: 112739.0
L: 0.60, u_super: 0.00010, bed_util: 0.5, sec: 8.311, t_ads: 11091.0,t_des: 12342.0
L: 0.60, u_super: 0.00010, bed_util: 0.5, sec: 8.313, t_ads: 11092.0,t_des: 12343.0
L: 0.60, u_super: 0.00010, bed_util: 0.5, sec: 8.311, t_ads: 11091.0,t_des: 12342.0
L: 0.60, u_super: 0.00010, bed_util: 0.5, sec: 8.311, t_ads: 11091.0,t_des: 12342.0
    13 |      520 |  8.3115931988 |  8.3103361130
L: 0.60, u_super: 0.00010, bed_util: 0.5, sec: 8.311, t_ads: 11091.0,t_des: 12342.0
L: 0.60, u_super: 0.00010, bed_util: 0.5, sec: 8.311, t_ads: 11091.0,t_des: 12342.0
L: 0.60, u_super: 0.00010, bed_util: 0.5, sec: 8.313, t_ads: 11092.0,t_des: 12343.0
L: 0.60, u_super: 0.00010, bed_util: 0.5, sec: 8.313, t_ads: 11092.0,t_des: 12343.0
L: 0.60, u_super: 0.00010, bed_util: 0.5, sec: 8.313, t_ads: 11092.0,t_des: 12343.0
L: 0.60, u_super: 0.00010, bed_util: 0.5, sec: 8.313, t_ads: 11092.0,t_des: 12343.0
L: 0.60, u_super: 0.00010, bed_util: 0.5, sec: 8.313, t_ads: 11092.0,t_des: 12343.0
L: 0.60, u_super: 0.00010, bed_util: 0.5, sec: 8.313, t_ads: 11092.0,t_des: 12343.0
L: 0.60, u_super: 0.00010, bed_util: 0.5, sec: 8.313, t_ads: 11091.0,t_des: 12342.0
L: 0.60, u_super: 0.00010, bed_util: 0.5, sec: 8.313, t_ads: 11092.0,t_des: 12343.0
L: 0.60, u_super: 0.00010, bed_util: 0.5, sec: 8.312, t_ads: 11090.0,t_des: 12341.0
L: 0.61, u_super: 0.00044, bed_util: 0.5, sec: 1473.723, t_ads: 4295.0,t_des: 113141.0
L: 0.60, u_super: 0.00010, bed_util: 0.5, sec: 8.311, t_ads: 11091.0,t_des: 12342.0
L: 0.62, u_super: 0.00010, bed_util: 0.5, sec: 8.547, t_ads: 11434.0,t_des: 12685.0
L: 0.60, u_super: 0.00010, bed_util: 0.5, sec: 8.313, t_ads: 11093.0,t_des: 12344.0
L: 0.60, u_super: 0.00010, bed_util: 0.5, sec: 8.310, t_ads: 11091.0,t_des: 12342.0
L: 0.60, u_super: 0.00010, bed_util: 0.5, sec: 8.310, t_ads: 11091.0,t_des: 12342.0
L: 0.60, u_super: 0.00010, bed_util: 0.5, sec: 8.313, t_ads: 11092.0,t_des: 12343.0
L: 0.60, u_super: 0.00010, bed_util: 0.5, sec: 8.313, t_ads: 11092.0,t_des: 12343.0
L: 0.60, u_super: 0.00010, bed_util: 0.5, sec: 8.310, t_ads: 11091.0,t_des: 12342.0
L: 0.60, u_super: 0.00010, bed_util: 0.5, sec: 8.313, t_ads: 11091.0,t_des: 12342.0
L: 0.60, u_super: 0.00010, bed_util: 0.5, sec: 8.313, t_ads: 11093.0,t_des: 12344.0
L: 0.60, u_super: 0.00010, bed_util: 0.5, sec: 8.311, t_ads: 11091.0,t_des: 12342.0
L: 0.60, u_super: 0.00010, bed_util: 0.5, sec: 8.313, t_ads: 11092.0,t_des: 12343.0
L: 0.60, u_super: 0.00010, bed_util: 0.5, sec: 8.310, t_ads: 11091.0,t_des: 12342.0
L: 0.60, u_super: 0.00010, bed_util: 0.5, sec: 8.311, t_ads: 11091.0,t_des: 12342.0
L: 0.60, u_super: 0.00010, bed_util: 0.5, sec: 8.310, t_ads: 11091.0,t_des: 12342.0
L: 0.60, u_super: 0.00010, bed_util: 0.5, sec: 8.312, t_ads: 11091.0,t_des: 12342.0
L: 0.60, u_super: 0.00010, bed_util: 0.5, sec: 8.311, t_ads: 11091.0,t_des: 12342.0
L: 0.60, u_super: 0.00010, bed_util: 0.5, sec: 8.313, t_ads: 11090.0,t_des: 12341.0
L: 0.60, u_super: 0.00010, bed_util: 0.5, sec: 8.311, t_ads: 11091.0,t_des: 12342.0
L: 0.60, u_super: 0.00010, bed_util: 0.5, sec: 8.311, t_ads: 11091.0,t_des: 12342.0
L: 0.60, u_super: 0.00010, bed_util: 0.5, sec: 8.313, t_ads: 11092.0,t_des: 12343.0
L: 0.60, u_super: 0.00010, bed_util: 0.5, sec: 8.310, t_ads: 11091.0,t_des: 12342.0
L: 0.60, u_super: 0.00010, bed_util: 0.5, sec: 8.312, t_ads: 11091.0,t_des: 12342.0
L: 0.60, u_super: 0.00010, bed_util: 0.5, sec: 8.313, t_ads: 11092.0,t_des: 12343.0
L: 0.60, u_super: 0.00010, bed_util: 0.5, sec: 8.313, t_ads: 11092.0,t_des: 12343.0
L: 0.60, u_super: 0.00010, bed_util: 0.5, sec: 8.313, t_ads: 11092.0,t_des: 12343.0
L: 0.60, u_super: 0.00010, bed_util: 0.5, sec: 8.311, t_ads: 11091.0,t_des: 12342.0
L: 0.60, u_super: 0.00010, bed_util: 0.5, sec: 8.313, t_ads: 11092.0,t_des: 12343.0
    14 |      560 |  8.3113691330 |  8.3103361130
L: 0.60, u_super: 0.00010, bed_util: 0.5, sec: 8.311, t_ads: 11091.0,t_des: 12342.0
L: 0.70, u_super: 0.00016, bed_util: 0.5, sec: 17.731, t_ads: 8540.0,t_des: 9852.0
L: 0.60, u_super: 0.00010, bed_util: 0.5, sec: 8.312, t_ads: 11092.0,t_des: 12343.0
L: 0.60, u_super: 0.00010, bed_util: 0.5, sec: 8.312, t_ads: 11091.0,t_des: 12342.0
L: 0.60, u_super: 0.00010, bed_util: 0.5, sec: 8.312, t_ads: 11091.0,t_des: 12342.0
L: 0.60, u_super: 0.00010, bed_util: 0.5, sec: 8.312, t_ads: 11092.0,t_des: 12343.0
L: 0.60, u_super: 0.00010, bed_util: 0.5, sec: 8.310, t_ads: 11091.0,t_des: 12342.0
L: 0.60, u_super: 0.00010, bed_util: 0.5, sec: 8.313, t_ads: 11092.0,t_des: 12343.0
L: 0.60, u_super: 0.00010, bed_util: 0.5, sec: 8.313, t_ads: 11092.0,t_des: 12343.0
L: 0.60, u_super: 0.00010, bed_util: 0.5, sec: 8.313, t_ads: 11092.0,t_des: 12343.0
L: 0.60, u_super: 0.00010, bed_util: 0.5, sec: 8.312, t_ads: 11090.0,t_des: 12341.0
L: 0.60, u_super: 0.00010, bed_util: 0.5, sec: 8.313, t_ads: 11092.0,t_des: 12343.0
L: 0.60, u_super: 0.00010, bed_util: 0.5, sec: 8.311, t_ads: 11091.0,t_des: 12342.0
L: 0.60, u_super: 0.00010, bed_util: 0.5, sec: 8.311, t_ads: 11091.0,t_des: 12342.0
L: 0.60, u_super: 0.00010, bed_util: 0.5, sec: 8.313, t_ads: 11093.0,t_des: 12344.0
L: 0.60, u_super: 0.00010, bed_util: 0.5, sec: 8.311, t_ads: 11091.0,t_des: 12342.0
L: 0.60, u_super: 0.00010, bed_util: 0.5, sec: 8.311, t_ads: 11091.0,t_des: 12342.0
L: 0.60, u_super: 0.00010, bed_util: 0.5, sec: 8.313, t_ads: 11092.0,t_des: 12343.0
L: 0.60, u_super: 0.00010, bed_util: 0.5, sec: 8.313, t_ads: 11092.0,t_des: 12343.0
L: 0.60, u_super: 0.00010, bed_util: 0.5, sec: 8.310, t_ads: 11091.0,t_des: 12342.0
L: 0.60, u_super: 0.00010, bed_util: 0.5, sec: 8.313, t_ads: 11091.0,t_des: 12342.0
L: 0.60, u_super: 0.00010, bed_util: 0.5, sec: 8.313, t_ads: 11093.0,t_des: 12344.0
L: 0.60, u_super: 0.00010, bed_util: 0.5, sec: 8.311, t_ads: 11091.0,t_des: 12342.0
L: 0.60, u_super: 0.00010, bed_util: 0.5, sec: 8.313, t_ads: 11092.0,t_des: 12343.0
L: 0.60, u_super: 0.00010, bed_util: 0.5, sec: 8.311, t_ads: 11091.0,t_des: 12342.0
L: 0.60, u_super: 0.00010, bed_util: 0.5, sec: 8.310, t_ads: 11091.0,t_des: 12342.0
L: 0.60, u_super: 0.00010, bed_util: 0.5, sec: 8.310, t_ads: 11091.0,t_des: 12342.0
L: 0.60, u_super: 0.00010, bed_util: 0.5, sec: 8.312, t_ads: 11091.0,t_des: 12342.0
L: 0.60, u_super: 0.00010, bed_util: 0.5, sec: 8.313, t_ads: 11092.0,t_des: 12343.0
L: 0.60, u_super: 0.00010, bed_util: 0.5, sec: 8.313, t_ads: 11092.0,t_des: 12343.0
L: 0.60, u_super: 0.00010, bed_util: 0.5, sec: 8.312, t_ads: 11092.0,t_des: 12343.0
L: 0.60, u_super: 0.00010, bed_util: 0.5, sec: 8.310, t_ads: 11091.0,t_des: 12342.0
L: 0.60, u_super: 0.00010, bed_util: 0.5, sec: 8.313, t_ads: 11092.0,t_des: 12343.0
L: 0.60, u_super: 0.00096, bed_util: 0.5, sec: 7082.588, t_ads: 3164.0,t_des: 112181.0
L: 0.60, u_super: 0.00010, bed_util: 0.5, sec: 8.311, t_ads: 11091.0,t_des: 12342.0
L: 0.60, u_super: 0.00010, bed_util: 0.5, sec: 8.313, t_ads: 11092.0,t_des: 12343.0
L: 0.60, u_super: 0.00010, bed_util: 0.5, sec: 8.313, t_ads: 11092.0,t_des: 12343.0
L: 0.60, u_super: 0.00010, bed_util: 0.5, sec: 8.313, t_ads: 11092.0,t_des: 12343.0
L: 0.60, u_super: 0.00010, bed_util: 0.5, sec: 8.313, t_ads: 11091.0,t_des: 12342.0
L: 0.60, u_super: 0.00010, bed_util: 0.5, sec: 8.311, t_ads: 11091.0,t_des: 12342.0
    15 |      600 |  8.3113522768 |  8.3103361130
L: 0.68, u_super: 0.00010, bed_util: 0.5, sec: 9.126, t_ads: 12304.0,t_des: 13559.0
L: 0.60, u_super: 0.00010, bed_util: 0.5, sec: 8.313, t_ads: 11092.0,t_des: 12343.0
L: 0.60, u_super: 0.00010, bed_util: 0.5, sec: 8.310, t_ads: 11091.0,t_des: 12342.0
L: 0.60, u_super: 0.00010, bed_util: 0.5, sec: 8.312, t_ads: 11091.0,t_des: 12342.0
L: 0.60, u_super: 0.00010, bed_util: 0.5, sec: 8.313, t_ads: 11091.0,t_des: 12342.0
L: 0.60, u_super: 0.00010, bed_util: 0.5, sec: 8.313, t_ads: 11092.0,t_des: 12343.0
L: 0.60, u_super: 0.00010, bed_util: 0.5, sec: 8.313, t_ads: 11092.0,t_des: 12343.0
L: 0.60, u_super: 0.00010, bed_util: 0.5, sec: 8.311, t_ads: 11092.0,t_des: 12343.0
L: 0.60, u_super: 0.00010, bed_util: 0.5, sec: 8.313, t_ads: 11092.0,t_des: 12343.0
L: 0.60, u_super: 0.00010, bed_util: 0.5, sec: 8.313, t_ads: 11092.0,t_des: 12343.0
L: 0.60, u_super: 0.00010, bed_util: 0.5, sec: 8.311, t_ads: 11091.0,t_des: 12342.0
L: 0.60, u_super: 0.00010, bed_util: 0.5, sec: 8.313, t_ads: 11092.0,t_des: 12343.0
L: 0.60, u_super: 0.00010, bed_util: 0.5, sec: 8.313, t_ads: 11092.0,t_des: 12343.0
L: 0.60, u_super: 0.00010, bed_util: 0.5, sec: 8.311, t_ads: 11091.0,t_des: 12342.0
L: 0.60, u_super: 0.00010, bed_util: 0.5, sec: 8.313, t_ads: 11093.0,t_des: 12344.0
L: 0.60, u_super: 0.00010, bed_util: 0.5, sec: 8.310, t_ads: 11091.0,t_des: 12342.0
L: 0.60, u_super: 0.00010, bed_util: 0.5, sec: 8.311, t_ads: 11091.0,t_des: 12342.0
L: 0.60, u_super: 0.00010, bed_util: 0.5, sec: 8.311, t_ads: 11091.0,t_des: 12342.0
L: 0.60, u_super: 0.00010, bed_util: 0.5, sec: 8.311, t_ads: 11091.0,t_des: 12342.0
L: 0.60, u_super: 0.00010, bed_util: 0.5, sec: 8.310, t_ads: 11091.0,t_des: 12342.0
L: 0.60, u_super: 0.00010, bed_util: 0.5, sec: 8.312, t_ads: 11091.0,t_des: 12342.0
L: 0.60, u_super: 0.00010, bed_util: 0.5, sec: 8.311, t_ads: 11091.0,t_des: 12342.0
L: 0.60, u_super: 0.00010, bed_util: 0.5, sec: 8.311, t_ads: 11091.0,t_des: 12342.0
L: 0.60, u_super: 0.00010, bed_util: 0.5, sec: 8.312, t_ads: 11092.0,t_des: 12343.0
L: 0.60, u_super: 0.00010, bed_util: 0.5, sec: 8.310, t_ads: 11091.0,t_des: 12342.0
L: 0.60, u_super: 0.00010, bed_util: 0.5, sec: 8.311, t_ads: 11091.0,t_des: 12342.0
L: 0.60, u_super: 0.00010, bed_util: 0.5, sec: 8.311, t_ads: 11091.0,t_des: 12342.0
L: 0.60, u_super: 0.00010, bed_util: 0.5, sec: 8.312, t_ads: 11091.0,t_des: 12342.0
L: 0.60, u_super: 0.00010, bed_util: 0.5, sec: 8.311, t_ads: 11091.0,t_des: 12342.0
L: 0.60, u_super: 0.00010, bed_util: 0.5, sec: 8.312, t_ads: 11092.0,t_des: 12343.0
L: 0.60, u_super: 0.00010, bed_util: 0.5, sec: 8.311, t_ads: 11091.0,t_des: 12342.0
L: 0.60, u_super: 0.00010, bed_util: 0.5, sec: 8.310, t_ads: 11091.0,t_des: 12342.0
L: 0.60, u_super: 0.00010, bed_util: 0.5, sec: 8.313, t_ads: 11092.0,t_des: 12343.0
L: 0.60, u_super: 0.00010, bed_util: 0.5, sec: 8.310, t_ads: 11091.0,t_des: 12342.0
L: 0.60, u_super: 0.00010, bed_util: 0.5, sec: 8.310, t_ads: 11091.0,t_des: 12342.0
L: 0.60, u_super: 0.00010, bed_util: 0.5, sec: 8.313, t_ads: 11092.0,t_des: 12343.0
L: 0.60, u_super: 0.00069, bed_util: 0.5, sec: 3652.221, t_ads: 3520.0,t_des: 112511.0
L: 0.60, u_super: 0.00010, bed_util: 0.5, sec: 8.310, t_ads: 11091.0,t_des: 12342.0
L: 0.60, u_super: 0.00073, bed_util: 0.5, sec: 4132.426, t_ads: 3444.0,t_des: 112442.0
L: 0.60, u_super: 0.00010, bed_util: 0.5, sec: 8.311, t_ads: 11091.0,t_des: 12342.0
    16 |      640 |  8.3111422062 |  8.3103361130
L: 0.60, u_super: 0.00010, bed_util: 0.5, sec: 8.311, t_ads: 11091.0,t_des: 12342.0
L: 0.60, u_super: 0.00010, bed_util: 0.5, sec: 8.313, t_ads: 11092.0,t_des: 12343.0
L: 0.60, u_super: 0.00010, bed_util: 0.5, sec: 8.313, t_ads: 11092.0,t_des: 12343.0
L: 0.60, u_super: 0.00010, bed_util: 0.5, sec: 8.313, t_ads: 11092.0,t_des: 12343.0
L: 0.60, u_super: 0.00010, bed_util: 0.5, sec: 8.312, t_ads: 11092.0,t_des: 12343.0
L: 0.60, u_super: 0.00010, bed_util: 0.5, sec: 8.313, t_ads: 11092.0,t_des: 12343.0
L: 0.60, u_super: 0.00010, bed_util: 0.5, sec: 8.313, t_ads: 11092.0,t_des: 12343.0
L: 0.60, u_super: 0.00010, bed_util: 0.5, sec: 8.313, t_ads: 11092.0,t_des: 12343.0
L: 0.60, u_super: 0.00010, bed_util: 0.5, sec: 8.312, t_ads: 11090.0,t_des: 12341.0
L: 0.60, u_super: 0.00010, bed_util: 0.5, sec: 8.313, t_ads: 11092.0,t_des: 12343.0
L: 0.60, u_super: 0.00010, bed_util: 0.5, sec: 8.311, t_ads: 11091.0,t_des: 12342.0
L: 0.60, u_super: 0.00010, bed_util: 0.5, sec: 8.313, t_ads: 11092.0,t_des: 12343.0
L: 0.60, u_super: 0.00010, bed_util: 0.5, sec: 8.311, t_ads: 11091.0,t_des: 12342.0
L: 0.60, u_super: 0.00010, bed_util: 0.5, sec: 8.311, t_ads: 11091.0,t_des: 12342.0
L: 0.60, u_super: 0.00010, bed_util: 0.5, sec: 8.313, t_ads: 11093.0,t_des: 12344.0
L: 0.60, u_super: 0.00010, bed_util: 0.5, sec: 8.313, t_ads: 11092.0,t_des: 12343.0
L: 0.60, u_super: 0.00010, bed_util: 0.5, sec: 8.313, t_ads: 11092.0,t_des: 12343.0
L: 0.60, u_super: 0.00010, bed_util: 0.5, sec: 8.313, t_ads: 11092.0,t_des: 12343.0
L: 0.60, u_super: 0.00010, bed_util: 0.5, sec: 8.310, t_ads: 11091.0,t_des: 12342.0
L: 0.60, u_super: 0.00010, bed_util: 0.5, sec: 8.310, t_ads: 11091.0,t_des: 12342.0
L: 0.60, u_super: 0.00010, bed_util: 0.5, sec: 8.313, t_ads: 11092.0,t_des: 12343.0
L: 0.60, u_super: 0.00010, bed_util: 0.5, sec: 8.313, t_ads: 11092.0,t_des: 12343.0
L: 0.60, u_super: 0.00010, bed_util: 0.5, sec: 8.313, t_ads: 11092.0,t_des: 12343.0
L: 0.60, u_super: 0.00010, bed_util: 0.5, sec: 8.313, t_ads: 11092.0,t_des: 12343.0
L: 0.60, u_super: 0.00010, bed_util: 0.5, sec: 8.311, t_ads: 11091.0,t_des: 12342.0
L: 0.60, u_super: 0.00010, bed_util: 0.5, sec: 8.313, t_ads: 11092.0,t_des: 12343.0
L: 0.60, u_super: 0.00010, bed_util: 0.5, sec: 8.310, t_ads: 11091.0,t_des: 12342.0
L: 0.60, u_super: 0.00010, bed_util: 0.5, sec: 8.310, t_ads: 11091.0,t_des: 12342.0
L: 0.60, u_super: 0.00010, bed_util: 0.5, sec: 8.311, t_ads: 11091.0,t_des: 12342.0
L: 0.60, u_super: 0.00010, bed_util: 0.5, sec: 8.313, t_ads: 11092.0,t_des: 12343.0
L: 0.60, u_super: 0.00010, bed_util: 0.5, sec: 8.313, t_ads: 11092.0,t_des: 12343.0
L: 0.60, u_super: 0.00010, bed_util: 0.5, sec: 8.310, t_ads: 11091.0,t_des: 12342.0
L: 0.60, u_super: 0.00010, bed_util: 0.5, sec: 8.311, t_ads: 11092.0,t_des: 12343.0
L: 0.60, u_super: 0.00010, bed_util: 0.5, sec: 8.311, t_ads: 11091.0,t_des: 12342.0
L: 0.60, u_super: 0.00010, bed_util: 0.5, sec: 8.310, t_ads: 11091.0,t_des: 12342.0
L: 0.60, u_super: 0.00010, bed_util: 0.5, sec: 8.313, t_ads: 11092.0,t_des: 12343.0
L: 0.60, u_super: 0.00010, bed_util: 0.5, sec: 8.311, t_ads: 11091.0,t_des: 12342.0
L: 0.60, u_super: 0.00010, bed_util: 0.5, sec: 8.310, t_ads: 11091.0,t_des: 12342.0
L: 0.60, u_super: 0.00010, bed_util: 0.5, sec: 8.310, t_ads: 11091.0,t_des: 12342.0
L: 0.60, u_super: 0.00010, bed_util: 0.5, sec: 8.311, t_ads: 11091.0,t_des: 12342.0
    17 |      680 |  8.3110638142 |  8.3103361130
L: 0.60, u_super: 0.00010, bed_util: 0.5, sec: 8.311, t_ads: 11091.0,t_des: 12342.0
L: 0.60, u_super: 0.00010, bed_util: 0.5, sec: 8.310, t_ads: 11091.0,t_des: 12342.0
L: 0.60, u_super: 0.00010, bed_util: 0.5, sec: 8.310, t_ads: 11091.0,t_des: 12342.0
L: 0.60, u_super: 0.00010, bed_util: 0.5, sec: 8.311, t_ads: 11091.0,t_des: 12342.0
L: 0.60, u_super: 0.00010, bed_util: 0.5, sec: 8.312, t_ads: 11092.0,t_des: 12343.0
L: 0.60, u_super: 0.00053, bed_util: 0.5, sec: 2125.720, t_ads: 3916.0,t_des: 112852.0
L: 0.60, u_super: 0.00039, bed_util: 0.5, sec: 1182.025, t_ads: 4489.0,t_des: 113265.0
L: 0.60, u_super: 0.00010, bed_util: 0.5, sec: 8.313, t_ads: 11092.0,t_des: 12343.0
L: 0.60, u_super: 0.00010, bed_util: 0.5, sec: 8.312, t_ads: 11090.0,t_des: 12341.0
L: 0.60, u_super: 0.00010, bed_util: 0.5, sec: 8.311, t_ads: 11091.0,t_des: 12342.0
L: 0.60, u_super: 0.00010, bed_util: 0.5, sec: 8.311, t_ads: 11091.0,t_des: 12342.0
L: 0.60, u_super: 0.00010, bed_util: 0.5, sec: 8.313, t_ads: 11092.0,t_des: 12343.0
L: 0.60, u_super: 0.00010, bed_util: 0.5, sec: 8.311, t_ads: 11091.0,t_des: 12342.0
L: 0.60, u_super: 0.00010, bed_util: 0.5, sec: 8.313, t_ads: 11092.0,t_des: 12343.0
L: 0.60, u_super: 0.00010, bed_util: 0.5, sec: 8.313, t_ads: 11092.0,t_des: 12343.0
L: 0.60, u_super: 0.00010, bed_util: 0.5, sec: 8.310, t_ads: 11091.0,t_des: 12342.0
L: 0.60, u_super: 0.00010, bed_util: 0.5, sec: 8.311, t_ads: 11091.0,t_des: 12342.0
L: 0.60, u_super: 0.00010, bed_util: 0.5, sec: 8.313, t_ads: 11092.0,t_des: 12343.0
L: 0.60, u_super: 0.00010, bed_util: 0.5, sec: 8.313, t_ads: 11092.0,t_des: 12343.0
L: 0.60, u_super: 0.00010, bed_util: 0.5, sec: 8.310, t_ads: 11091.0,t_des: 12342.0
L: 0.60, u_super: 0.00010, bed_util: 0.5, sec: 8.312, t_ads: 11091.0,t_des: 12342.0
L: 0.60, u_super: 0.00010, bed_util: 0.5, sec: 8.313, t_ads: 11092.0,t_des: 12343.0
L: 0.60, u_super: 0.00010, bed_util: 0.5, sec: 8.311, t_ads: 11091.0,t_des: 12342.0
L: 0.60, u_super: 0.00010, bed_util: 0.5, sec: 8.312, t_ads: 11092.0,t_des: 12343.0
L: 0.60, u_super: 0.00010, bed_util: 0.5, sec: 8.313, t_ads: 11092.0,t_des: 12343.0
L: 0.60, u_super: 0.00010, bed_util: 0.5, sec: 8.313, t_ads: 11092.0,t_des: 12343.0
L: 0.60, u_super: 0.00010, bed_util: 0.5, sec: 8.312, t_ads: 11092.0,t_des: 12343.0
L: 0.60, u_super: 0.00010, bed_util: 0.5, sec: 8.313, t_ads: 11092.0,t_des: 12343.0
L: 0.60, u_super: 0.00010, bed_util: 0.5, sec: 8.313, t_ads: 11092.0,t_des: 12343.0
L: 0.67, u_super: 0.00010, bed_util: 0.5, sec: 9.035, t_ads: 12127.0,t_des: 13380.0
L: 0.60, u_super: 0.00010, bed_util: 0.5, sec: 8.313, t_ads: 11092.0,t_des: 12343.0
L: 0.60, u_super: 0.00010, bed_util: 0.5, sec: 8.312, t_ads: 11092.0,t_des: 12343.0
L: 0.60, u_super: 0.00010, bed_util: 0.5, sec: 8.313, t_ads: 11092.0,t_des: 12343.0
L: 0.60, u_super: 0.00056, bed_util: 0.5, sec: 2370.270, t_ads: 3827.0,t_des: 112778.0
L: 0.60, u_super: 0.00010, bed_util: 0.5, sec: 8.313, t_ads: 11092.0,t_des: 12343.0
L: 0.60, u_super: 0.00010, bed_util: 0.5, sec: 8.313, t_ads: 11092.0,t_des: 12343.0
L: 0.60, u_super: 0.00010, bed_util: 0.5, sec: 8.310, t_ads: 11091.0,t_des: 12342.0
L: 0.60, u_super: 0.00010, bed_util: 0.5, sec: 8.311, t_ads: 11091.0,t_des: 12342.0
L: 0.60, u_super: 0.00010, bed_util: 0.5, sec: 8.313, t_ads: 11092.0,t_des: 12343.0
L: 0.60, u_super: 0.00010, bed_util: 0.5, sec: 8.311, t_ads: 11091.0,t_des: 12342.0
    18 |      720 |  8.3109653234 |  8.3103361130
L: 0.60, u_super: 0.00010, bed_util: 0.5, sec: 8.313, t_ads: 11092.0,t_des: 12343.0
L: 0.60, u_super: 0.00010, bed_util: 0.5, sec: 8.310, t_ads: 11091.0,t_des: 12342.0
