L: 1.00, u_super: 0.00010, sec: 11.41175365447998, t_ads: 15509.0,t_des: 16728.0
L: 0.70, u_super: 0.00520, sec: 175815.90625, t_ads: 2436.0,t_des: 88725.0
L: 1.58, u_super: 0.00917, sec: 576132.4375, t_ads: 2482.0,t_des: 88782.0
L: 1.54, u_super: 0.00677, sec: 304533.6875, t_ads: 2551.0,t_des: 88850.0
L: 1.91, u_super: 0.00936, sec: 601699.875, t_ads: 2521.0,t_des: 88821.0
L: 1.87, u_super: 0.00215, sec: 29033.626953125, t_ads: 3367.0,t_des: 89598.0
L: 0.95, u_super: 0.00532, sec: 184229.609375, t_ads: 2491.0,t_des: 88783.0
L: 0.77, u_super: 0.00482, sec: 149927.203125, t_ads: 2467.0,t_des: 88764.0
L: 0.62, u_super: 0.00955, sec: 625536.4375, t_ads: 2347.0,t_des: 88626.0
L: 1.98, u_super: 0.00362, sec: 83629.09375, t_ads: 2954.0,t_des: 89239.0
L: 0.61, u_super: 0.00292, sec: 53683.890625, t_ads: 2530.0,t_des: 88824.0
L: 1.67, u_super: 0.00141, sec: 12442.0732421875, t_ads: 3769.0,t_des: 89901.0
L: 1.85, u_super: 0.00728, sec: 354061.96875, t_ads: 2584.0,t_des: 88881.0
L: 1.21, u_super: 0.00241, sec: 36398.83984375, t_ads: 2895.0,t_des: 89180.0
L: 1.81, u_super: 0.00421, sec: 114016.5703125, t_ads: 2805.0,t_des: 89086.0
L: 1.84, u_super: 0.00312, sec: 61853.03125, t_ads: 3010.0,t_des: 89278.0
L: 1.92, u_super: 0.00639, sec: 269880.5625, t_ads: 2643.0,t_des: 88928.0
L: 1.48, u_super: 0.00901, sec: 554117.1875, t_ads: 2473.0,t_des: 88760.0
L: 1.91, u_super: 0.00475, sec: 146222.0625, t_ads: 2770.0,t_des: 89056.0
L: 1.89, u_super: 0.00806, sec: 438953.625, t_ads: 2560.0,t_des: 88853.0
L: 1.88, u_super: 0.00025, sec: 55.931785583496094, t_ads: 12308.0,t_des: 13488.0
L: 1.05, u_super: 0.00300, sec: 56748.65625, t_ads: 2706.0,t_des: 88992.0
L: 1.30, u_super: 0.00372, sec: 88182.3515625, t_ads: 2704.0,t_des: 88991.0
L: 1.27, u_super: 0.00621, sec: 253955.6875, t_ads: 2523.0,t_des: 88813.0
L: 1.96, u_super: 0.00510, sec: 169348.375, t_ads: 2747.0,t_des: 89037.0
L: 1.95, u_super: 0.00470, sec: 142876.78125, t_ads: 2786.0,t_des: 89072.0
L: 1.72, u_super: 0.00895, sec: 547361.3125, t_ads: 2506.0,t_des: 88805.0
L: 1.69, u_super: 0.00097, sec: 5866.9033203125, t_ads: 4504.0,t_des: 90226.0
L: 1.82, u_super: 0.00830, sec: 467066.5625, t_ads: 2541.0,t_des: 88832.0
L: 0.92, u_super: 0.00860, sec: 501849.09375, t_ads: 2401.0,t_des: 88697.0
L: 1.49, u_super: 0.00562, sec: 207100.546875, t_ads: 2598.0,t_des: 88897.0
L: 1.43, u_super: 0.00316, sec: 63329.8359375, t_ads: 2835.0,t_des: 89117.0
L: 1.93, u_super: 0.00308, sec: 60129.578125, t_ads: 3055.0,t_des: 89327.0
L: 1.90, u_super: 0.00417, sec: 112034.4140625, t_ads: 2838.0,t_des: 89119.0
L: 1.09, u_super: 0.00701, sec: 327369.65625, t_ads: 2460.0,t_des: 88761.0
L: 1.91, u_super: 0.00314, sec: 62883.23046875, t_ads: 3030.0,t_des: 89301.0
L: 1.40, u_super: 0.00022, sec: 37.93083190917969, t_ads: 10815.0,t_des: 11984.0
L: 0.66, u_super: 0.00050, sec: 1527.5374755859375, t_ads: 3970.0,t_des: 90033.0
L: 0.86, u_super: 0.00126, sec: 9909.3818359375, t_ads: 3121.0,t_des: 89384.0
L: 1.77, u_super: 0.00028, sec: 63.48857498168945, t_ads: 10528.0,t_des: 11696.0
=================================================
n_gen  |  n_eval  |     f_avg     |     f_min    
=================================================
     1 |       40 |  1.962469E+05 |  1.141175E+01
L: 1.04, u_super: 0.00010, sec: 11.75403881072998, t_ads: 16039.0,t_des: 17266.0
L: 0.70, u_super: 0.00010, sec: 8.643924713134766, t_ads: 11525.0,t_des: 12698.0
L: 1.43, u_super: 0.00917, sec: 575986.6875, t_ads: 2462.0,t_des: 88761.0
L: 1.56, u_super: 0.00677, sec: 304456.84375, t_ads: 2555.0,t_des: 88841.0
L: 0.85, u_super: 0.00936, sec: 600645.0, t_ads: 2381.0,t_des: 88672.0
L: 0.91, u_super: 0.00215, sec: 28865.4921875, t_ads: 2797.0,t_des: 89083.0
L: 0.98, u_super: 0.00532, sec: 184255.453125, t_ads: 2497.0,t_des: 88792.0
L: 0.77, u_super: 0.00015, sec: 15.62210464477539, t_ads: 9014.0,t_des: 10190.0
L: 1.59, u_super: 0.00955, sec: 626601.75, t_ads: 2475.0,t_des: 88768.0
L: 1.42, u_super: 0.00362, sec: 83456.59375, t_ads: 2757.0,t_des: 89054.0
L: 0.61, u_super: 0.00108, sec: 7177.587890625, t_ads: 2983.0,t_des: 89266.0
L: 1.67, u_super: 0.00332, sec: 70390.2578125, t_ads: 2895.0,t_des: 89184.0
L: 1.08, u_super: 0.00728, sec: 353438.75, t_ads: 2453.0,t_des: 88737.0
L: 1.02, u_super: 0.00241, sec: 36360.8671875, t_ads: 2800.0,t_des: 89089.0
L: 0.90, u_super: 0.00421, sec: 113693.109375, t_ads: 2534.0,t_des: 88827.0
L: 1.84, u_super: 0.00010, sec: 19.201797485351562, t_ads: 26796.0,t_des: 28180.0
L: 1.04, u_super: 0.00639, sec: 269395.1875, t_ads: 2471.0,t_des: 88762.0
L: 1.48, u_super: 0.00010, sec: 15.875991821289062, t_ads: 21976.0,t_des: 23290.0
L: 1.91, u_super: 0.00010, sec: 19.823884963989258, t_ads: 27666.0,t_des: 29062.0
L: 0.92, u_super: 0.00806, sec: 438181.6875, t_ads: 2410.0,t_des: 88699.0
L: 1.23, u_super: 0.00025, sec: 41.461151123046875, t_ads: 8814.0,t_des: 9994.0
L: 1.05, u_super: 0.00010, sec: 11.870549201965332, t_ads: 16194.0,t_des: 17423.0
L: 1.30, u_super: 0.00254, sec: 40704.78125, t_ads: 2908.0,t_des: 89182.0
L: 0.76, u_super: 0.00634, sec: 264644.75, t_ads: 2418.0,t_des: 88709.0
L: 1.96, u_super: 0.00010, sec: 20.27386474609375, t_ads: 28313.0,t_des: 29718.0
L: 1.99, u_super: 0.00430, sec: 118995.5078125, t_ads: 2848.0,t_des: 89134.0
L: 1.72, u_super: 0.00010, sec: 18.00371551513672, t_ads: 25095.0,t_des: 26455.0
L: 0.81, u_super: 0.00097, sec: 5822.77978515625, t_ads: 3322.0,t_des: 89557.0
L: 0.90, u_super: 0.00830, sec: 466404.53125, t_ads: 2403.0,t_des: 88699.0
L: 0.92, u_super: 0.00221, sec: 30492.3984375, t_ads: 2790.0,t_des: 89073.0
L: 1.49, u_super: 0.00231, sec: 33626.6875, t_ads: 3079.0,t_des: 89351.0
L: 1.05, u_super: 0.00316, sec: 63234.875, t_ads: 2681.0,t_des: 88976.0
L: 1.04, u_super: 0.00308, sec: 59896.71875, t_ads: 2689.0,t_des: 88982.0
L: 0.85, u_super: 0.00417, sec: 111672.6171875, t_ads: 2522.0,t_des: 88821.0
L: 0.97, u_super: 0.00701, sec: 327238.75, t_ads: 2440.0,t_des: 88733.0
L: 0.78, u_super: 0.00314, sec: 62578.05078125, t_ads: 2578.0,t_des: 88869.0
L: 1.40, u_super: 0.00010, sec: 15.067116737365723, t_ads: 20858.0,t_des: 22156.0
L: 1.21, u_super: 0.00050, sec: 579.0516967773438, t_ads: 5406.0,t_des: 34129.0
L: 0.86, u_super: 0.00010, sec: 10.081364631652832, t_ads: 13598.0,t_des: 14792.0
L: 0.93, u_super: 0.00028, sec: 44.26214599609375, t_ads: 6547.0,t_des: 8139.0
     2 |       80 |  1.302330E+05 |  8.6439247131
L: 0.61, u_super: 0.00010, sec: 7.84413480758667, t_ads: 10338.0,t_des: 11505.0
L: 0.70, u_super: 0.00010, sec: 8.643924713134766, t_ads: 11525.0,t_des: 12698.0
L: 1.43, u_super: 0.00017, sec: 29.514911651611328, t_ads: 13201.0,t_des: 14390.0
L: 1.17, u_super: 0.00677, sec: 304297.03125, t_ads: 2483.0,t_des: 88781.0
L: 0.74, u_super: 0.00936, sec: 600506.625, t_ads: 2366.0,t_des: 88654.0
L: 0.68, u_super: 0.00215, sec: 28819.359375, t_ads: 2663.0,t_des: 88947.0
L: 0.82, u_super: 0.00532, sec: 184170.34375, t_ads: 2460.0,t_des: 88753.0
L: 0.70, u_super: 0.00013, sec: 12.61644458770752, t_ads: 9155.0,t_des: 10329.0
L: 0.62, u_super: 0.00010, sec: 7.876652240753174, t_ads: 10384.0,t_des: 11551.0
L: 0.61, u_super: 0.00362, sec: 83172.28125, t_ads: 2478.0,t_des: 88765.0
L: 0.65, u_super: 0.00108, sec: 7180.79052734375, t_ads: 3030.0,t_des: 89307.0
L: 1.11, u_super: 0.00141, sec: 12386.943359375, t_ads: 3262.0,t_des: 89503.0
L: 0.73, u_super: 0.00728, sec: 353307.28125, t_ads: 2392.0,t_des: 88689.0
L: 1.02, u_super: 0.00010, sec: 11.617870330810547, t_ads: 15835.0,t_des: 17059.0
L: 0.63, u_super: 0.00421, sec: 113609.0546875, t_ads: 2454.0,t_des: 88754.0
L: 1.84, u_super: 0.00105, sec: 6939.75634765625, t_ads: 4509.0,t_des: 90222.0
L: 1.13, u_super: 0.00010, sec: 12.6148042678833, t_ads: 17253.0,t_des: 18497.0
L: 1.48, u_super: 0.00010, sec: 15.875991821289062, t_ads: 21976.0,t_des: 23290.0
L: 0.61, u_super: 0.00010, sec: 7.846748352050781, t_ads: 10342.0,t_des: 11509.0
L: 0.91, u_super: 0.00806, sec: 438250.53125, t_ads: 2408.0,t_des: 88705.0
L: 1.23, u_super: 0.00010, sec: 13.550182342529297, t_ads: 18611.0,t_des: 19875.0
L: 0.64, u_super: 0.00232, sec: 33775.2265625, t_ads: 2613.0,t_des: 88902.0
L: 0.60, u_super: 0.00010, sec: 7.743488788604736, t_ads: 10192.0,t_des: 11359.0
L: 0.67, u_super: 0.00621, sec: 253581.859375, t_ads: 2402.0,t_des: 88686.0
L: 1.96, u_super: 0.00010, sec: 20.27386474609375, t_ads: 28313.0,t_des: 29718.0
L: 1.99, u_super: 0.00010, sec: 20.555503845214844, t_ads: 28782.0,t_des: 30194.0
L: 0.85, u_super: 0.00010, sec: 10.043675422668457, t_ads: 13532.0,t_des: 14725.0
L: 0.80, u_super: 0.00097, sec: 5821.51220703125, t_ads: 3304.0,t_des: 89540.0
L: 0.65, u_super: 0.00830, sec: 466115.9375, t_ads: 2365.0,t_des: 88652.0
L: 0.61, u_super: 0.00221, sec: 30433.482421875, t_ads: 2613.0,t_des: 88901.0
L: 0.89, u_super: 0.00231, sec: 33512.26953125, t_ads: 2748.0,t_des: 89045.0
L: 1.29, u_super: 0.00316, sec: 63301.8203125, t_ads: 2780.0,t_des: 89071.0
L: 0.79, u_super: 0.00308, sec: 59820.796875, t_ads: 2586.0,t_des: 88875.0
L: 0.85, u_super: 0.00369, sec: 86690.2734375, t_ads: 2556.0,t_des: 88847.0
L: 0.97, u_super: 0.00271, sec: 46259.67578125, t_ads: 2715.0,t_des: 89005.0
L: 0.78, u_super: 0.00137, sec: 11581.34765625, t_ads: 2987.0,t_des: 89259.0
L: 0.68, u_super: 0.00010, sec: 8.424518585205078, t_ads: 11212.0,t_des: 12383.0
L: 1.16, u_super: 0.00050, sec: 1409.65185546875, t_ads: 5266.0,t_des: 83078.0
L: 0.86, u_super: 0.00019, sec: 23.250797271728516, t_ads: 8137.0,t_des: 9341.0
L: 0.93, u_super: 0.00010, sec: 10.75054931640625, t_ads: 14554.0,t_des: 15760.0
     3 |      120 |  7.958766E+04 |  7.7434887886
L: 0.61, u_super: 0.00010, sec: 7.84413480758667, t_ads: 10338.0,t_des: 11505.0
L: 0.60, u_super: 0.00010, sec: 7.724480152130127, t_ads: 10165.0,t_des: 11332.0
L: 0.60, u_super: 0.00016, sec: 15.363327980041504, t_ads: 7045.0,t_des: 8386.0
L: 1.17, u_super: 0.00010, sec: 12.973388671875, t_ads: 17822.0,t_des: 19075.0
L: 0.61, u_super: 0.00936, sec: 600273.6875, t_ads: 2348.0,t_des: 88627.0
L: 0.60, u_super: 0.00215, sec: 28813.603515625, t_ads: 2616.0,t_des: 88915.0
L: 0.82, u_super: 0.00010, sec: 9.728910446166992, t_ads: 13121.0,t_des: 14310.0
L: 0.82, u_super: 0.00013, sec: 14.04489517211914, t_ads: 10312.0,t_des: 11479.0
L: 0.82, u_super: 0.00010, sec: 9.751869201660156, t_ads: 13110.0,t_des: 14298.0
L: 0.61, u_super: 0.00010, sec: 7.81040096282959, t_ads: 10289.0,t_des: 11456.0
L: 0.60, u_super: 0.00108, sec: 7174.64306640625, t_ads: 2968.0,t_des: 89241.0
L: 1.11, u_super: 0.00010, sec: 12.417102813720703, t_ads: 17007.0,t_des: 18248.0
L: 0.64, u_super: 0.00728, sec: 353179.5625, t_ads: 2377.0,t_des: 88665.0
L: 1.08, u_super: 0.00117, sec: 8552.0439453125, t_ads: 3433.0,t_des: 89658.0
L: 0.60, u_super: 0.00421, sec: 113592.8984375, t_ads: 2445.0,t_des: 88743.0
L: 0.73, u_super: 0.00010, sec: 8.874229431152344, t_ads: 11838.0,t_des: 13013.0
L: 0.86, u_super: 0.00010, sec: 10.082552909851074, t_ads: 13599.0,t_des: 14793.0
L: 1.48, u_super: 0.00010, sec: 15.875991821289062, t_ads: 21976.0,t_des: 23290.0
L: 0.61, u_super: 0.00121, sec: 8990.6796875, t_ads: 2906.0,t_des: 89180.0
L: 0.92, u_super: 0.00010, sec: 10.648816108703613, t_ads: 14438.0,t_des: 15643.0
L: 1.23, u_super: 0.00010, sec: 13.550182342529297, t_ads: 18611.0,t_des: 19875.0
L: 1.05, u_super: 0.00010, sec: 11.870549201965332, t_ads: 16194.0,t_des: 17423.0
L: 0.60, u_super: 0.00010, sec: 7.728104591369629, t_ads: 10169.0,t_des: 11336.0
L: 0.67, u_super: 0.00010, sec: 8.319376945495605, t_ads: 11054.0,t_des: 12224.0
L: 1.96, u_super: 0.00112, sec: 7890.990234375, t_ads: 4500.0,t_des: 90219.0
L: 1.99, u_super: 0.00010, sec: 20.555503845214844, t_ads: 28782.0,t_des: 30194.0
L: 0.85, u_super: 0.00435, sec: 121484.9375, t_ads: 2512.0,t_des: 88801.0
L: 0.60, u_super: 0.00185, sec: 21389.341796875, t_ads: 2672.0,t_des: 88958.0
L: 0.65, u_super: 0.00010, sec: 8.15838623046875, t_ads: 10789.0,t_des: 11957.0
L: 0.61, u_super: 0.00030, sec: 548.7806396484375, t_ads: 4900.0,t_des: 89928.0
L: 0.89, u_super: 0.00010, sec: 10.358563423156738, t_ads: 14032.0,t_des: 15232.0
L: 0.60, u_super: 0.00316, sec: 63115.2734375, t_ads: 2504.0,t_des: 88804.0
L: 0.79, u_super: 0.00010, sec: 9.41547679901123, t_ads: 12635.0,t_des: 13818.0
L: 0.63, u_super: 0.00369, sec: 86635.8671875, t_ads: 2481.0,t_des: 88781.0
L: 0.60, u_super: 0.00271, sec: 46166.7109375, t_ads: 2545.0,t_des: 88832.0
L: 0.78, u_super: 0.00408, sec: 106642.203125, t_ads: 2507.0,t_des: 88792.0
L: 0.68, u_super: 0.00473, sec: 144542.34375, t_ads: 2446.0,t_des: 88746.0
L: 1.21, u_super: 0.00140, sec: 12290.763671875, t_ads: 3354.0,t_des: 89587.0
L: 0.60, u_super: 0.00018, sec: 18.49234390258789, t_ads: 6560.0,t_des: 8140.0
L: 0.60, u_super: 0.00010, sec: 7.722261905670166, t_ads: 10161.0,t_des: 11328.0
     4 |      160 |  3.294472E+04 |  7.7222619057
L: 0.60, u_super: 0.00010, sec: 7.719736576080322, t_ads: 10157.0,t_des: 11324.0
L: 0.60, u_super: 0.00050, sec: 1517.201171875, t_ads: 3807.0,t_des: 89935.0
L: 0.60, u_super: 0.00073, sec: 3315.129638671875, t_ads: 3302.0,t_des: 89537.0
L: 0.81, u_super: 0.00010, sec: 9.672280311584473, t_ads: 13004.0,t_des: 14191.0
L: 0.60, u_super: 0.00010, sec: 7.719687461853027, t_ads: 10157.0,t_des: 11324.0
L: 0.60, u_super: 0.00215, sec: 28808.5078125, t_ads: 2616.0,t_des: 88907.0
L: 0.60, u_super: 0.00010, sec: 7.720122814178467, t_ads: 10158.0,t_des: 11325.0
L: 0.86, u_super: 0.00013, sec: 14.487418174743652, t_ads: 10680.0,t_des: 11848.0
L: 0.60, u_super: 0.00010, sec: 7.719790935516357, t_ads: 10158.0,t_des: 11325.0
L: 0.61, u_super: 0.00010, sec: 7.81040096282959, t_ads: 10289.0,t_des: 11456.0
L: 0.69, u_super: 0.00108, sec: 7181.96728515625, t_ads: 3068.0,t_des: 89332.0
L: 1.11, u_super: 0.00010, sec: 12.417102813720703, t_ads: 17007.0,t_des: 18248.0
L: 0.60, u_super: 0.00728, sec: 353100.375, t_ads: 2371.0,t_des: 88652.0
L: 1.02, u_super: 0.00010, sec: 11.531472206115723, t_ads: 15735.0,t_des: 16958.0
L: 0.60, u_super: 0.00112, sec: 7804.634765625, t_ads: 2937.0,t_des: 89224.0
L: 0.73, u_super: 0.00163, sec: 16497.11328125, t_ads: 2825.0,t_des: 89111.0
L: 0.86, u_super: 0.00010, sec: 10.082552909851074, t_ads: 13599.0,t_des: 14793.0
L: 0.73, u_super: 0.00010, sec: 8.885421752929688, t_ads: 11849.0,t_des: 13024.0
L: 0.61, u_super: 0.00010, sec: 7.846748352050781, t_ads: 10342.0,t_des: 11509.0
L: 0.72, u_super: 0.00010, sec: 8.799300193786621, t_ads: 11759.0,t_des: 12934.0
L: 0.60, u_super: 0.00010, sec: 7.719751358032227, t_ads: 10157.0,t_des: 11324.0
L: 0.70, u_super: 0.00010, sec: 8.617908477783203, t_ads: 11463.0,t_des: 12635.0
L: 0.60, u_super: 0.00010, sec: 7.728104591369629, t_ads: 10169.0,t_des: 11336.0
L: 0.60, u_super: 0.00137, sec: 11667.685546875, t_ads: 2816.0,t_des: 89095.0
L: 0.62, u_super: 0.00010, sec: 7.8891730308532715, t_ads: 10400.0,t_des: 11567.0
L: 0.60, u_super: 0.00010, sec: 7.719658374786377, t_ads: 10158.0,t_des: 11325.0
L: 0.85, u_super: 0.00010, sec: 10.043675422668457, t_ads: 13532.0,t_des: 14725.0
L: 0.80, u_super: 0.00010, sec: 9.501786231994629, t_ads: 12781.0,t_des: 13966.0
L: 0.65, u_super: 0.00010, sec: 8.15838623046875, t_ads: 10789.0,t_des: 11957.0
L: 0.64, u_super: 0.00030, sec: 545.9356079101562, t_ads: 5042.0,t_des: 89468.0
L: 0.83, u_super: 0.00010, sec: 9.789599418640137, t_ads: 13176.0,t_des: 14365.0
L: 0.60, u_super: 0.00316, sec: 63109.3828125, t_ads: 2506.0,t_des: 88801.0
L: 0.80, u_super: 0.00017, sec: 19.346858978271484, t_ads: 8331.0,t_des: 9526.0
L: 0.63, u_super: 0.00010, sec: 8.010285377502441, t_ads: 10599.0,t_des: 11767.0
L: 0.60, u_super: 0.00271, sec: 46164.27734375, t_ads: 2544.0,t_des: 88829.0
L: 0.91, u_super: 0.00137, sec: 11598.3046875, t_ads: 3106.0,t_des: 89378.0
L: 0.68, u_super: 0.00010, sec: 8.424518585205078, t_ads: 11212.0,t_des: 12383.0
L: 1.21, u_super: 0.00010, sec: 13.295358657836914, t_ads: 18294.0,t_des: 19554.0
L: 0.86, u_super: 0.00010, sec: 10.081364631652832, t_ads: 13598.0,t_des: 14792.0
L: 0.60, u_super: 0.00010, sec: 7.722261905670166, t_ads: 10161.0,t_des: 11328.0
     5 |      200 |  1.296460E+04 |  7.7196583748
L: 0.69, u_super: 0.00010, sec: 8.525128364562988, t_ads: 11360.0,t_des: 12532.0
L: 0.60, u_super: 0.00010, sec: 7.720308780670166, t_ads: 10158.0,t_des: 11325.0
L: 0.60, u_super: 0.00016, sec: 15.33684253692627, t_ads: 7040.0,t_des: 8383.0
L: 0.81, u_super: 0.00112, sec: 7821.53076171875, t_ads: 3179.0,t_des: 89430.0
L: 0.61, u_super: 0.00010, sec: 7.857822895050049, t_ads: 10356.0,t_des: 11523.0
L: 0.60, u_super: 0.00010, sec: 7.718751907348633, t_ads: 10157.0,t_des: 11324.0
L: 0.60, u_super: 0.00010, sec: 7.720122814178467, t_ads: 10158.0,t_des: 11325.0
L: 0.60, u_super: 0.00013, sec: 11.420287132263184, t_ads: 8128.0,t_des: 9332.0
L: 0.69, u_super: 0.00010, sec: 8.514718055725098, t_ads: 11315.0,t_des: 12486.0
L: 0.61, u_super: 0.00010, sec: 7.81040096282959, t_ads: 10289.0,t_des: 11456.0
L: 0.60, u_super: 0.00010, sec: 7.732595920562744, t_ads: 10176.0,t_des: 11343.0
L: 0.60, u_super: 0.00010, sec: 7.718639373779297, t_ads: 10157.0,t_des: 11324.0
L: 0.60, u_super: 0.00728, sec: 353100.59375, t_ads: 2371.0,t_des: 88652.0
L: 1.02, u_super: 0.00140, sec: 12271.583984375, t_ads: 3179.0,t_des: 89442.0
L: 0.60, u_super: 0.00020, sec: 22.82219123840332, t_ads: 6176.0,t_des: 8411.0
L: 0.66, u_super: 0.00010, sec: 8.305259704589844, t_ads: 11003.0,t_des: 12172.0
L: 0.86, u_super: 0.00010, sec: 10.082552909851074, t_ads: 13599.0,t_des: 14793.0
L: 0.85, u_super: 0.00059, sec: 2164.94677734375, t_ads: 4111.0,t_des: 90111.0
L: 0.61, u_super: 0.00112, sec: 7713.26904296875, t_ads: 2957.0,t_des: 89232.0
L: 0.60, u_super: 0.00010, sec: 7.719043731689453, t_ads: 10157.0,t_des: 11324.0
L: 0.60, u_super: 0.00010, sec: 7.719751358032227, t_ads: 10157.0,t_des: 11324.0
L: 0.60, u_super: 0.00010, sec: 7.722631454467773, t_ads: 10163.0,t_des: 11330.0
L: 0.80, u_super: 0.00010, sec: 9.546758651733398, t_ads: 12824.0,t_des: 14009.0
L: 0.67, u_super: 0.00010, sec: 8.319376945495605, t_ads: 11054.0,t_des: 12224.0
L: 0.62, u_super: 0.00010, sec: 7.8891730308532715, t_ads: 10400.0,t_des: 11567.0
L: 0.60, u_super: 0.00010, sec: 7.720794200897217, t_ads: 10158.0,t_des: 11325.0
L: 0.85, u_super: 0.00010, sec: 10.043675422668457, t_ads: 13532.0,t_des: 14725.0
L: 0.73, u_super: 0.00010, sec: 8.88016414642334, t_ads: 11877.0,t_des: 13053.0
L: 0.81, u_super: 0.00010, sec: 9.650769233703613, t_ads: 12985.0,t_des: 14172.0
L: 0.64, u_super: 0.00010, sec: 8.112454414367676, t_ads: 10732.0,t_des: 11900.0
L: 0.62, u_super: 0.00010, sec: 7.91530179977417, t_ads: 10437.0,t_des: 11604.0
L: 0.60, u_super: 0.00010, sec: 7.764123439788818, t_ads: 10222.0,t_des: 11389.0
L: 0.62, u_super: 0.00010, sec: 7.871868133544922, t_ads: 10377.0,t_des: 11544.0
L: 0.71, u_super: 0.00010, sec: 8.75640869140625, t_ads: 11680.0,t_des: 12854.0
L: 0.60, u_super: 0.00271, sec: 46180.8203125, t_ads: 2543.0,t_des: 88844.0
L: 0.63, u_super: 0.00137, sec: 11566.1826171875, t_ads: 2842.0,t_des: 89133.0
L: 0.70, u_super: 0.00010, sec: 8.624832153320312, t_ads: 11505.0,t_des: 12678.0
L: 1.21, u_super: 0.00369, sec: 86823.375, t_ads: 2676.0,t_des: 88974.0
L: 0.61, u_super: 0.00010, sec: 7.779232025146484, t_ads: 10245.0,t_des: 11412.0
L: 0.60, u_super: 0.00010, sec: 7.7196502685546875, t_ads: 10157.0,t_des: 11324.0
     6 |      240 |  1.027913E+04 |  7.7186393738
L: 0.60, u_super: 0.00010, sec: 7.719736576080322, t_ads: 10157.0,t_des: 11324.0
L: 0.60, u_super: 0.00010, sec: 7.720308780670166, t_ads: 10158.0,t_des: 11325.0
L: 0.63, u_super: 0.00016, sec: 15.667194366455078, t_ads: 7257.0,t_des: 8550.0
L: 0.80, u_super: 0.00010, sec: 9.576870918273926, t_ads: 12852.0,t_des: 14037.0
L: 0.60, u_super: 0.00010, sec: 7.723958492279053, t_ads: 10163.0,t_des: 11330.0
L: 0.60, u_super: 0.00010, sec: 7.718751907348633, t_ads: 10157.0,t_des: 11324.0
L: 0.60, u_super: 0.00010, sec: 7.720122814178467, t_ads: 10158.0,t_des: 11325.0
L: 0.60, u_super: 0.00013, sec: 11.422643661499023, t_ads: 8128.0,t_des: 9332.0
L: 0.60, u_super: 0.00080, sec: 3980.42138671875, t_ads: 3209.0,t_des: 89460.0
L: 0.61, u_super: 0.00010, sec: 7.81040096282959, t_ads: 10289.0,t_des: 11456.0
L: 0.60, u_super: 0.00010, sec: 7.732595920562744, t_ads: 10176.0,t_des: 11343.0
L: 0.60, u_super: 0.00010, sec: 7.719137191772461, t_ads: 10157.0,t_des: 11324.0
L: 0.60, u_super: 0.00010, sec: 7.719696998596191, t_ads: 10157.0,t_des: 11324.0
L: 1.02, u_super: 0.00010, sec: 11.531472206115723, t_ads: 15735.0,t_des: 16958.0
L: 0.65, u_super: 0.00020, sec: 22.0765438079834, t_ads: 6486.0,t_des: 8136.0
L: 0.60, u_super: 0.00010, sec: 7.71878719329834, t_ads: 10157.0,t_des: 11324.0
L: 0.86, u_super: 0.00010, sec: 10.082552909851074, t_ads: 13599.0,t_des: 14793.0
L: 0.60, u_super: 0.00010, sec: 7.719163417816162, t_ads: 10157.0,t_des: 11324.0
L: 0.66, u_super: 0.00010, sec: 8.216495513916016, t_ads: 10896.0,t_des: 12065.0
L: 0.60, u_super: 0.00010, sec: 7.719048023223877, t_ads: 10157.0,t_des: 11324.0
L: 0.60, u_super: 0.00010, sec: 7.719897747039795, t_ads: 10157.0,t_des: 11324.0
L: 0.60, u_super: 0.00010, sec: 7.722631454467773, t_ads: 10163.0,t_des: 11330.0
L: 0.72, u_super: 0.00010, sec: 8.808891296386719, t_ads: 11768.0,t_des: 12943.0
L: 0.60, u_super: 0.00017, sec: 16.987098693847656, t_ads: 6753.0,t_des: 8205.0
L: 0.61, u_super: 0.00010, sec: 7.815577983856201, t_ads: 10297.0,t_des: 11464.0
L: 0.61, u_super: 0.00010, sec: 7.84691858291626, t_ads: 10341.0,t_des: 11508.0
L: 0.60, u_super: 0.00010, sec: 7.74894905090332, t_ads: 10201.0,t_des: 11368.0
L: 0.73, u_super: 0.00010, sec: 8.88016414642334, t_ads: 11877.0,t_des: 13053.0
L: 0.60, u_super: 0.00010, sec: 7.71909761428833, t_ads: 10157.0,t_des: 11324.0
L: 0.60, u_super: 0.00010, sec: 7.719610214233398, t_ads: 10157.0,t_des: 11324.0
L: 0.60, u_super: 0.00010, sec: 7.7187113761901855, t_ads: 10157.0,t_des: 11324.0
L: 0.60, u_super: 0.00013, sec: 11.240689277648926, t_ads: 8268.0,t_des: 9465.0
L: 0.60, u_super: 0.00010, sec: 7.71978759765625, t_ads: 10157.0,t_des: 11324.0
L: 0.73, u_super: 0.00010, sec: 8.88054084777832, t_ads: 11844.0,t_des: 13019.0
L: 0.60, u_super: 0.00271, sec: 46180.7734375, t_ads: 2543.0,t_des: 88844.0
L: 0.80, u_super: 0.00137, sec: 11585.794921875, t_ads: 3000.0,t_des: 89282.0
L: 0.61, u_super: 0.00010, sec: 7.782394886016846, t_ads: 10249.0,t_des: 11416.0
L: 0.60, u_super: 0.00010, sec: 7.745013236999512, t_ads: 10195.0,t_des: 11362.0
L: 0.60, u_super: 0.00010, sec: 7.719447135925293, t_ads: 10157.0,t_des: 11324.0
L: 0.60, u_super: 0.00010, sec: 7.7196502685546875, t_ads: 10157.0,t_des: 11324.0
     7 |      280 |  1.451502E+03 |  7.7186393738
L: 0.60, u_super: 0.00033, sec: 654.04345703125, t_ads: 4634.0,t_des: 90202.0
L: 0.60, u_super: 0.00010, sec: 7.720308780670166, t_ads: 10158.0,t_des: 11325.0
L: 0.60, u_super: 0.00016, sec: 15.364797592163086, t_ads: 7040.0,t_des: 8382.0
L: 0.80, u_super: 0.00010, sec: 9.576870918273926, t_ads: 12852.0,t_des: 14037.0
L: 0.61, u_super: 0.00015, sec: 13.454718589782715, t_ads: 7563.0,t_des: 8812.0
L: 0.60, u_super: 0.00010, sec: 7.718751907348633, t_ads: 10157.0,t_des: 11324.0
L: 0.65, u_super: 0.00010, sec: 8.152482032775879, t_ads: 10782.0,t_des: 11950.0
L: 0.60, u_super: 0.00010, sec: 7.720808029174805, t_ads: 10158.0,t_des: 11325.0
L: 0.60, u_super: 0.00010, sec: 7.719485282897949, t_ads: 10157.0,t_des: 11324.0
L: 0.62, u_super: 0.00010, sec: 7.87266731262207, t_ads: 10378.0,t_des: 11545.0
L: 0.60, u_super: 0.00140, sec: 12222.7685546875, t_ads: 2803.0,t_des: 89092.0
L: 0.60, u_super: 0.00010, sec: 7.719327926635742, t_ads: 10157.0,t_des: 11324.0
L: 0.60, u_super: 0.00073, sec: 3314.948486328125, t_ads: 3301.0,t_des: 89534.0
L: 0.60, u_super: 0.00010, sec: 7.718941688537598, t_ads: 10157.0,t_des: 11324.0
L: 0.60, u_super: 0.00020, sec: 22.805025100708008, t_ads: 6179.0,t_des: 8404.0
L: 0.60, u_super: 0.00010, sec: 7.71878719329834, t_ads: 10157.0,t_des: 11324.0
L: 0.86, u_super: 0.00010, sec: 10.082552909851074, t_ads: 13599.0,t_des: 14793.0
L: 0.60, u_super: 0.00010, sec: 7.719163417816162, t_ads: 10157.0,t_des: 11324.0
L: 0.60, u_super: 0.00010, sec: 7.722751617431641, t_ads: 10161.0,t_des: 11328.0
L: 0.64, u_super: 0.00049, sec: 1509.166015625, t_ads: 3924.0,t_des: 90013.0
L: 0.60, u_super: 0.00010, sec: 7.719175338745117, t_ads: 10157.0,t_des: 11324.0
L: 0.60, u_super: 0.00010, sec: 7.722631454467773, t_ads: 10163.0,t_des: 11330.0
L: 0.60, u_super: 0.00010, sec: 7.728104591369629, t_ads: 10169.0,t_des: 11336.0
L: 0.67, u_super: 0.00010, sec: 8.319376945495605, t_ads: 11054.0,t_des: 12224.0
L: 0.61, u_super: 0.00010, sec: 7.815577983856201, t_ads: 10297.0,t_des: 11464.0
L: 0.60, u_super: 0.00010, sec: 7.718824863433838, t_ads: 10157.0,t_des: 11324.0
L: 0.60, u_super: 0.00010, sec: 7.718554496765137, t_ads: 10157.0,t_des: 11324.0
L: 0.73, u_super: 0.00010, sec: 8.88016414642334, t_ads: 11877.0,t_des: 13053.0
L: 0.60, u_super: 0.00010, sec: 7.71909761428833, t_ads: 10157.0,t_des: 11324.0
L: 0.60, u_super: 0.00010, sec: 7.719610214233398, t_ads: 10157.0,t_des: 11324.0
L: 0.60, u_super: 0.00010, sec: 7.719201564788818, t_ads: 10157.0,t_des: 11324.0
L: 0.60, u_super: 0.00010, sec: 7.719302654266357, t_ads: 10157.0,t_des: 11324.0
L: 0.60, u_super: 0.00010, sec: 7.71978759765625, t_ads: 10157.0,t_des: 11324.0
L: 0.60, u_super: 0.00010, sec: 7.719839572906494, t_ads: 10157.0,t_des: 11324.0
L: 0.60, u_super: 0.00010, sec: 7.719930171966553, t_ads: 10159.0,t_des: 11326.0
L: 0.60, u_super: 0.00137, sec: 11561.51953125, t_ads: 2817.0,t_des: 89103.0
L: 0.60, u_super: 0.00010, sec: 7.729781627655029, t_ads: 10173.0,t_des: 11340.0
L: 0.81, u_super: 0.00010, sec: 9.642945289611816, t_ads: 12945.0,t_des: 14131.0
L: 0.60, u_super: 0.00010, sec: 7.721108436584473, t_ads: 10158.0,t_des: 11325.0
L: 0.60, u_super: 0.00010, sec: 7.719479560852051, t_ads: 10157.0,t_des: 11324.0
     8 |      320 |  2.972696E+02 |  7.7185544968
L: 0.60, u_super: 0.00010, sec: 7.719736576080322, t_ads: 10157.0,t_des: 11324.0
L: 0.60, u_super: 0.00073, sec: 3315.101806640625, t_ads: 3301.0,t_des: 89536.0
L: 0.70, u_super: 0.00016, sec: 16.63748550415039, t_ads: 7858.0,t_des: 9079.0
L: 0.60, u_super: 0.00010, sec: 7.719201564788818, t_ads: 10157.0,t_des: 11324.0
L: 0.60, u_super: 0.00010, sec: 7.71945333480835, t_ads: 10157.0,t_des: 11324.0
L: 0.60, u_super: 0.00010, sec: 7.718751907348633, t_ads: 10157.0,t_des: 11324.0
L: 0.60, u_super: 0.00010, sec: 7.719277381896973, t_ads: 10157.0,t_des: 11324.0
L: 0.60, u_super: 0.00010, sec: 7.724691867828369, t_ads: 10164.0,t_des: 11331.0
L: 0.60, u_super: 0.00010, sec: 7.718631744384766, t_ads: 10157.0,t_des: 11324.0
L: 0.60, u_super: 0.00010, sec: 7.731454849243164, t_ads: 10176.0,t_des: 11343.0
L: 0.60, u_super: 0.00010, sec: 7.721232891082764, t_ads: 10159.0,t_des: 11326.0
L: 0.60, u_super: 0.00010, sec: 7.72111701965332, t_ads: 10158.0,t_des: 11325.0
L: 0.60, u_super: 0.00010, sec: 7.720836639404297, t_ads: 10158.0,t_des: 11325.0
L: 0.60, u_super: 0.00010, sec: 7.719325065612793, t_ads: 10157.0,t_des: 11324.0
L: 0.65, u_super: 0.00010, sec: 8.151867866516113, t_ads: 10782.0,t_des: 11950.0
L: 0.60, u_super: 0.00010, sec: 7.71858024597168, t_ads: 10157.0,t_des: 11324.0
L: 0.86, u_super: 0.00010, sec: 10.082552909851074, t_ads: 13599.0,t_des: 14793.0
L: 0.72, u_super: 0.00010, sec: 8.850238800048828, t_ads: 11812.0,t_des: 12987.0
L: 0.60, u_super: 0.00010, sec: 7.718751907348633, t_ads: 10157.0,t_des: 11324.0
L: 0.60, u_super: 0.00010, sec: 7.763963222503662, t_ads: 10223.0,t_des: 11390.0
L: 0.62, u_super: 0.00010, sec: 7.939544200897217, t_ads: 10470.0,t_des: 11637.0
L: 0.60, u_super: 0.00010, sec: 7.719748020172119, t_ads: 10157.0,t_des: 11324.0
L: 0.60, u_super: 0.00010, sec: 7.728104591369629, t_ads: 10169.0,t_des: 11336.0
L: 0.60, u_super: 0.00010, sec: 7.72108268737793, t_ads: 10158.0,t_des: 11325.0
L: 0.61, u_super: 0.00010, sec: 7.815577983856201, t_ads: 10297.0,t_des: 11464.0
L: 0.60, u_super: 0.00010, sec: 7.720951080322266, t_ads: 10158.0,t_des: 11325.0
L: 0.60, u_super: 0.00010, sec: 7.719775676727295, t_ads: 10157.0,t_des: 11324.0
L: 0.73, u_super: 0.00010, sec: 8.88016414642334, t_ads: 11877.0,t_des: 13053.0
L: 0.60, u_super: 0.00010, sec: 7.7188568115234375, t_ads: 10157.0,t_des: 11324.0
L: 0.60, u_super: 0.00010, sec: 7.718830585479736, t_ads: 10157.0,t_des: 11324.0
L: 0.60, u_super: 0.00010, sec: 7.7187113761901855, t_ads: 10157.0,t_des: 11324.0
L: 0.60, u_super: 0.00010, sec: 7.719302654266357, t_ads: 10157.0,t_des: 11324.0
L: 0.60, u_super: 0.00010, sec: 7.71978759765625, t_ads: 10157.0,t_des: 11324.0
L: 0.60, u_super: 0.00010, sec: 7.719428539276123, t_ads: 10157.0,t_des: 11324.0
L: 0.60, u_super: 0.00010, sec: 7.719930171966553, t_ads: 10159.0,t_des: 11326.0
L: 0.60, u_super: 0.00010, sec: 7.721091270446777, t_ads: 10158.0,t_des: 11325.0
L: 0.60, u_super: 0.00010, sec: 7.729781627655029, t_ads: 10173.0,t_des: 11340.0
L: 0.60, u_super: 0.00021, sec: 29.911962509155273, t_ads: 5989.0,t_des: 9998.0
L: 0.60, u_super: 0.00010, sec: 7.719447135925293, t_ads: 10157.0,t_des: 11324.0
L: 0.60, u_super: 0.00010, sec: 7.719479560852051, t_ads: 10157.0,t_des: 11324.0
     9 |      360 |  8.0125957608 |  7.7185544968
L: 0.60, u_super: 0.00010, sec: 7.719128608703613, t_ads: 10157.0,t_des: 11324.0
L: 0.60, u_super: 0.00010, sec: 7.720308780670166, t_ads: 10158.0,t_des: 11325.0
L: 0.60, u_super: 0.00010, sec: 7.719003200531006, t_ads: 10157.0,t_des: 11324.0
L: 0.60, u_super: 0.00010, sec: 7.719201564788818, t_ads: 10157.0,t_des: 11324.0
L: 0.60, u_super: 0.00010, sec: 7.719194412231445, t_ads: 10157.0,t_des: 11324.0
L: 0.60, u_super: 0.00010, sec: 7.718751907348633, t_ads: 10157.0,t_des: 11324.0
L: 0.62, u_super: 0.00010, sec: 7.939798355102539, t_ads: 10470.0,t_des: 11637.0
L: 0.60, u_super: 0.00010, sec: 7.720808029174805, t_ads: 10158.0,t_des: 11325.0
L: 0.60, u_super: 0.00010, sec: 7.718631744384766, t_ads: 10157.0,t_des: 11324.0
L: 0.64, u_super: 0.00010, sec: 8.092171669006348, t_ads: 10705.0,t_des: 11873.0
L: 0.60, u_super: 0.00010, sec: 7.721232891082764, t_ads: 10159.0,t_des: 11326.0
L: 0.60, u_super: 0.00010, sec: 7.718639373779297, t_ads: 10157.0,t_des: 11324.0
L: 0.60, u_super: 0.00010, sec: 7.718940734863281, t_ads: 10157.0,t_des: 11324.0
L: 0.60, u_super: 0.00010, sec: 7.718706130981445, t_ads: 10157.0,t_des: 11324.0
L: 0.65, u_super: 0.00010, sec: 8.151867866516113, t_ads: 10782.0,t_des: 11950.0
L: 0.60, u_super: 0.00010, sec: 7.71858024597168, t_ads: 10157.0,t_des: 11324.0
L: 0.60, u_super: 0.00010, sec: 7.719705104827881, t_ads: 10158.0,t_des: 11325.0
L: 0.60, u_super: 0.00010, sec: 7.719163417816162, t_ads: 10157.0,t_des: 11324.0
L: 0.60, u_super: 0.00010, sec: 7.718751907348633, t_ads: 10157.0,t_des: 11324.0
L: 0.60, u_super: 0.00010, sec: 7.719043731689453, t_ads: 10157.0,t_des: 11324.0
L: 0.60, u_super: 0.00010, sec: 7.719175338745117, t_ads: 10157.0,t_des: 11324.0
L: 0.60, u_super: 0.00010, sec: 7.718900680541992, t_ads: 10157.0,t_des: 11324.0
L: 0.60, u_super: 0.00010, sec: 7.728104591369629, t_ads: 10169.0,t_des: 11336.0
L: 0.60, u_super: 0.00010, sec: 7.72108268737793, t_ads: 10158.0,t_des: 11325.0
L: 0.61, u_super: 0.00010, sec: 7.815577983856201, t_ads: 10297.0,t_des: 11464.0
L: 0.60, u_super: 0.00010, sec: 7.718824863433838, t_ads: 10157.0,t_des: 11324.0
L: 0.60, u_super: 0.00010, sec: 7.718677520751953, t_ads: 10157.0,t_des: 11324.0
L: 0.73, u_super: 0.00010, sec: 8.88016414642334, t_ads: 11877.0,t_des: 13053.0
L: 0.60, u_super: 0.00010, sec: 7.7188568115234375, t_ads: 10157.0,t_des: 11324.0
L: 0.60, u_super: 0.00013, sec: 11.164329528808594, t_ads: 8220.0,t_des: 9420.0
L: 0.60, u_super: 0.00010, sec: 7.7186079025268555, t_ads: 10157.0,t_des: 11324.0
L: 0.60, u_super: 0.00010, sec: 7.719302654266357, t_ads: 10157.0,t_des: 11324.0
L: 0.60, u_super: 0.00010, sec: 7.719201564788818, t_ads: 10157.0,t_des: 11324.0
L: 0.60, u_super: 0.00010, sec: 7.719111442565918, t_ads: 10157.0,t_des: 11324.0
L: 0.60, u_super: 0.00010, sec: 7.719972133636475, t_ads: 10158.0,t_des: 11325.0
L: 0.60, u_super: 0.00010, sec: 7.721091270446777, t_ads: 10158.0,t_des: 11325.0
L: 0.60, u_super: 0.00010, sec: 7.718584060668945, t_ads: 10157.0,t_des: 11324.0
L: 0.60, u_super: 0.00010, sec: 7.7264323234558105, t_ads: 10166.0,t_des: 11333.0
L: 0.60, u_super: 0.00010, sec: 7.719447135925293, t_ads: 10157.0,t_des: 11324.0
L: 0.60, u_super: 0.00010, sec: 7.720836639404297, t_ads: 10158.0,t_des: 11325.0
    10 |      400 |  7.7622413039 |  7.7185544968
L: 0.60, u_super: 0.00010, sec: 7.719128608703613, t_ads: 10157.0,t_des: 11324.0
L: 0.64, u_super: 0.00010, sec: 8.041015625, t_ads: 10640.0,t_des: 11808.0
L: 0.60, u_super: 0.00010, sec: 7.719003200531006, t_ads: 10157.0,t_des: 11324.0
L: 0.60, u_super: 0.00010, sec: 7.718594074249268, t_ads: 10157.0,t_des: 11324.0
L: 0.60, u_super: 0.00010, sec: 7.719337463378906, t_ads: 10157.0,t_des: 11324.0
L: 0.61, u_super: 0.00010, sec: 7.7815399169921875, t_ads: 10249.0,t_des: 11416.0
L: 0.60, u_super: 0.00010, sec: 7.718905925750732, t_ads: 10157.0,t_des: 11324.0
L: 0.60, u_super: 0.00010, sec: 7.720808029174805, t_ads: 10158.0,t_des: 11325.0
L: 0.60, u_super: 0.00010, sec: 7.718518257141113, t_ads: 10157.0,t_des: 11324.0
L: 0.60, u_super: 0.00010, sec: 7.731454849243164, t_ads: 10176.0,t_des: 11343.0
L: 0.60, u_super: 0.00010, sec: 7.721232891082764, t_ads: 10159.0,t_des: 11326.0
L: 0.60, u_super: 0.00010, sec: 7.718639373779297, t_ads: 10157.0,t_des: 11324.0
L: 0.60, u_super: 0.00010, sec: 7.718940734863281, t_ads: 10157.0,t_des: 11324.0
L: 0.60, u_super: 0.00010, sec: 7.718706130981445, t_ads: 10157.0,t_des: 11324.0
L: 0.61, u_super: 0.00010, sec: 7.766290187835693, t_ads: 10227.0,t_des: 11394.0
L: 0.60, u_super: 0.00010, sec: 7.71858024597168, t_ads: 10157.0,t_des: 11324.0
L: 0.60, u_super: 0.00010, sec: 7.719705104827881, t_ads: 10158.0,t_des: 11325.0
L: 0.60, u_super: 0.00010, sec: 7.7208709716796875, t_ads: 10158.0,t_des: 11325.0
L: 0.60, u_super: 0.00010, sec: 7.718751907348633, t_ads: 10157.0,t_des: 11324.0
L: 0.60, u_super: 0.00010, sec: 7.719043731689453, t_ads: 10157.0,t_des: 11324.0
L: 0.60, u_super: 0.00010, sec: 7.719175338745117, t_ads: 10157.0,t_des: 11324.0
L: 0.60, u_super: 0.00010, sec: 7.719353675842285, t_ads: 10157.0,t_des: 11324.0
L: 0.60, u_super: 0.00010, sec: 7.7185959815979, t_ads: 10157.0,t_des: 11324.0
L: 0.60, u_super: 0.00010, sec: 7.718552589416504, t_ads: 10157.0,t_des: 11324.0
L: 0.61, u_super: 0.00010, sec: 7.815577983856201, t_ads: 10297.0,t_des: 11464.0
L: 0.60, u_super: 0.00010, sec: 7.7184858322143555, t_ads: 10157.0,t_des: 11324.0
L: 0.60, u_super: 0.00010, sec: 7.718983173370361, t_ads: 10157.0,t_des: 11324.0
L: 0.65, u_super: 0.00010, sec: 8.16250228881836, t_ads: 10830.0,t_des: 11999.0
L: 0.60, u_super: 0.00010, sec: 7.720783710479736, t_ads: 10158.0,t_des: 11325.0
L: 0.60, u_super: 0.00010, sec: 7.718830585479736, t_ads: 10157.0,t_des: 11324.0
L: 0.66, u_super: 0.00010, sec: 8.287534713745117, t_ads: 11017.0,t_des: 12187.0
L: 0.60, u_super: 0.00010, sec: 7.720156192779541, t_ads: 10158.0,t_des: 11325.0
L: 0.60, u_super: 0.00010, sec: 7.719201564788818, t_ads: 10157.0,t_des: 11324.0
L: 0.60, u_super: 0.00010, sec: 7.719111442565918, t_ads: 10157.0,t_des: 11324.0
L: 0.60, u_super: 0.00010, sec: 7.719930171966553, t_ads: 10159.0,t_des: 11326.0
L: 0.60, u_super: 0.00010, sec: 7.721091270446777, t_ads: 10158.0,t_des: 11325.0
L: 0.60, u_super: 0.00010, sec: 7.720946311950684, t_ads: 10158.0,t_des: 11325.0
L: 0.60, u_super: 0.00010, sec: 7.7264323234558105, t_ads: 10166.0,t_des: 11333.0
L: 0.60, u_super: 0.00010, sec: 7.7211503982543945, t_ads: 10161.0,t_des: 11328.0
L: 0.60, u_super: 0.00010, sec: 7.719316482543945, t_ads: 10157.0,t_des: 11324.0
    11 |      440 |  7.7343194842 |  7.7184858322
L: 0.60, u_super: 0.00010, sec: 7.719128608703613, t_ads: 10157.0,t_des: 11324.0
L: 0.60, u_super: 0.00010, sec: 7.720308780670166, t_ads: 10158.0,t_des: 11325.0
L: 0.60, u_super: 0.00010, sec: 7.71862268447876, t_ads: 10157.0,t_des: 11324.0
L: 0.62, u_super: 0.00010, sec: 7.871460437774658, t_ads: 10375.0,t_des: 11542.0
L: 0.60, u_super: 0.00010, sec: 7.719194412231445, t_ads: 10157.0,t_des: 11324.0
L: 0.60, u_super: 0.00010, sec: 7.7435455322265625, t_ads: 10193.0,t_des: 11360.0
L: 0.60, u_super: 0.00010, sec: 7.72629451751709, t_ads: 10167.0,t_des: 11334.0
L: 0.60, u_super: 0.00010, sec: 7.720808029174805, t_ads: 10158.0,t_des: 11325.0
L: 0.60, u_super: 0.00010, sec: 7.718518257141113, t_ads: 10157.0,t_des: 11324.0
L: 0.60, u_super: 0.00010, sec: 7.719877243041992, t_ads: 10157.0,t_des: 11324.0
L: 0.60, u_super: 0.00010, sec: 7.71851110458374, t_ads: 10157.0,t_des: 11324.0
L: 0.60, u_super: 0.00010, sec: 7.718639373779297, t_ads: 10157.0,t_des: 11324.0
L: 0.60, u_super: 0.00010, sec: 7.744527339935303, t_ads: 10193.0,t_des: 11360.0
L: 0.60, u_super: 0.00010, sec: 7.72003698348999, t_ads: 10158.0,t_des: 11325.0
L: 0.60, u_super: 0.00078, sec: 3713.1240234375, t_ads: 3243.0,t_des: 89488.0
L: 0.60, u_super: 0.00010, sec: 7.723453044891357, t_ads: 10162.0,t_des: 11329.0
L: 0.60, u_super: 0.00010, sec: 7.719570159912109, t_ads: 10157.0,t_des: 11324.0
L: 0.60, u_super: 0.00072, sec: 3187.864013671875, t_ads: 3321.0,t_des: 89565.0
L: 0.60, u_super: 0.00010, sec: 7.7186408042907715, t_ads: 10157.0,t_des: 11324.0
L: 0.60, u_super: 0.00010, sec: 7.71850061416626, t_ads: 10157.0,t_des: 11324.0
L: 0.60, u_super: 0.00061, sec: 2326.0791015625, t_ads: 3505.0,t_des: 89709.0
L: 0.60, u_super: 0.00010, sec: 7.718900680541992, t_ads: 10157.0,t_des: 11324.0
L: 0.60, u_super: 0.00010, sec: 7.721035957336426, t_ads: 10158.0,t_des: 11325.0
L: 0.60, u_super: 0.00010, sec: 7.718552589416504, t_ads: 10157.0,t_des: 11324.0
L: 0.61, u_super: 0.00010, sec: 7.815577983856201, t_ads: 10297.0,t_des: 11464.0
L: 0.60, u_super: 0.00010, sec: 7.719180583953857, t_ads: 10157.0,t_des: 11324.0
L: 0.60, u_super: 0.00010, sec: 7.718554496765137, t_ads: 10157.0,t_des: 11324.0
L: 0.60, u_super: 0.00010, sec: 7.718692302703857, t_ads: 10157.0,t_des: 11324.0
L: 0.60, u_super: 0.00010, sec: 7.7188568115234375, t_ads: 10157.0,t_des: 11324.0
L: 0.60, u_super: 0.00010, sec: 7.7197160720825195, t_ads: 10157.0,t_des: 11324.0
L: 0.60, u_super: 0.00010, sec: 7.7186079025268555, t_ads: 10157.0,t_des: 11324.0
L: 0.60, u_super: 0.00010, sec: 7.719302654266357, t_ads: 10157.0,t_des: 11324.0
L: 0.60, u_super: 0.00010, sec: 7.719165325164795, t_ads: 10158.0,t_des: 11325.0
L: 0.60, u_super: 0.00010, sec: 7.720890998840332, t_ads: 10158.0,t_des: 11325.0
L: 0.60, u_super: 0.00010, sec: 7.719930171966553, t_ads: 10159.0,t_des: 11326.0
L: 0.60, u_super: 0.00010, sec: 7.721091270446777, t_ads: 10158.0,t_des: 11325.0
L: 0.60, u_super: 0.00010, sec: 7.718584060668945, t_ads: 10157.0,t_des: 11324.0
L: 0.61, u_super: 0.00010, sec: 7.836275577545166, t_ads: 10327.0,t_des: 11494.0
L: 0.60, u_super: 0.00010, sec: 7.719447135925293, t_ads: 10157.0,t_des: 11324.0
L: 0.60, u_super: 0.00010, sec: 7.719316482543945, t_ads: 10157.0,t_des: 11324.0
    12 |      480 |  7.7228366017 |  7.7184858322
L: 0.60, u_super: 0.00010, sec: 7.718481063842773, t_ads: 10157.0,t_des: 11324.0
L: 0.60, u_super: 0.00010, sec: 7.720308780670166, t_ads: 10158.0,t_des: 11325.0
L: 0.60, u_super: 0.00010, sec: 7.71862268447876, t_ads: 10157.0,t_des: 11324.0
L: 0.60, u_super: 0.00010, sec: 7.719528675079346, t_ads: 10157.0,t_des: 11324.0
L: 0.60, u_super: 0.00010, sec: 7.719194412231445, t_ads: 10157.0,t_des: 11324.0
L: 0.60, u_super: 0.00010, sec: 7.718751907348633, t_ads: 10157.0,t_des: 11324.0
L: 0.60, u_super: 0.00010, sec: 7.718905925750732, t_ads: 10157.0,t_des: 11324.0
L: 0.60, u_super: 0.00010, sec: 7.720808029174805, t_ads: 10158.0,t_des: 11325.0
L: 0.60, u_super: 0.00010, sec: 7.718518257141113, t_ads: 10157.0,t_des: 11324.0
L: 0.60, u_super: 0.00010, sec: 7.718618392944336, t_ads: 10157.0,t_des: 11324.0
L: 0.60, u_super: 0.00010, sec: 7.721090316772461, t_ads: 10158.0,t_des: 11325.0
L: 0.60, u_super: 0.00010, sec: 7.720689296722412, t_ads: 10158.0,t_des: 11325.0
L: 0.60, u_super: 0.00010, sec: 7.718940734863281, t_ads: 10157.0,t_des: 11324.0
L: 0.60, u_super: 0.00010, sec: 7.718706130981445, t_ads: 10157.0,t_des: 11324.0
L: 0.61, u_super: 0.00010, sec: 7.766290187835693, t_ads: 10227.0,t_des: 11394.0
L: 0.60, u_super: 0.00010, sec: 7.718466758728027, t_ads: 10157.0,t_des: 11324.0
L: 0.60, u_super: 0.00010, sec: 7.719570159912109, t_ads: 10157.0,t_des: 11324.0
L: 0.60, u_super: 0.00010, sec: 7.719163417816162, t_ads: 10157.0,t_des: 11324.0
L: 0.60, u_super: 0.00010, sec: 7.720900535583496, t_ads: 10158.0,t_des: 11325.0
L: 0.60, u_super: 0.00010, sec: 7.71850061416626, t_ads: 10157.0,t_des: 11324.0
L: 0.60, u_super: 0.00010, sec: 7.718895435333252, t_ads: 10157.0,t_des: 11324.0
L: 0.60, u_super: 0.00010, sec: 7.718900680541992, t_ads: 10157.0,t_des: 11324.0
L: 0.60, u_super: 0.00010, sec: 7.718678951263428, t_ads: 10157.0,t_des: 11324.0
L: 0.66, u_super: 0.00010, sec: 8.281269073486328, t_ads: 11008.0,t_des: 12178.0
L: 0.61, u_super: 0.00010, sec: 7.815577983856201, t_ads: 10297.0,t_des: 11464.0
L: 0.60, u_super: 0.00010, sec: 7.720663070678711, t_ads: 10158.0,t_des: 11325.0
L: 0.60, u_super: 0.00010, sec: 7.718554496765137, t_ads: 10157.0,t_des: 11324.0
L: 0.60, u_super: 0.00010, sec: 7.721085071563721, t_ads: 10158.0,t_des: 11325.0
L: 0.60, u_super: 0.00010, sec: 7.721095561981201, t_ads: 10158.0,t_des: 11325.0
L: 0.60, u_super: 0.00010, sec: 7.718830585479736, t_ads: 10157.0,t_des: 11324.0
L: 0.60, u_super: 0.00010, sec: 7.7186079025268555, t_ads: 10157.0,t_des: 11324.0
L: 0.60, u_super: 0.00010, sec: 7.719302654266357, t_ads: 10157.0,t_des: 11324.0
L: 0.60, u_super: 0.00010, sec: 7.719165325164795, t_ads: 10158.0,t_des: 11325.0
L: 0.61, u_super: 0.00010, sec: 7.765748500823975, t_ads: 10226.0,t_des: 11393.0
L: 0.60, u_super: 0.00010, sec: 7.719930171966553, t_ads: 10159.0,t_des: 11326.0
L: 0.60, u_super: 0.00010, sec: 7.721090316772461, t_ads: 10158.0,t_des: 11325.0
L: 0.60, u_super: 0.00010, sec: 7.718584060668945, t_ads: 10157.0,t_des: 11324.0
L: 0.60, u_super: 0.00010, sec: 7.718841075897217, t_ads: 10157.0,t_des: 11324.0
L: 0.60, u_super: 0.00010, sec: 7.720855712890625, t_ads: 10158.0,t_des: 11325.0
L: 0.60, u_super: 0.00010, sec: 7.719316482543945, t_ads: 10157.0,t_des: 11324.0
    13 |      520 |  7.7225893021 |  7.7184667587
L: 0.60, u_super: 0.00010, sec: 7.7185564041137695, t_ads: 10157.0,t_des: 11324.0
L: 0.60, u_super: 0.00010, sec: 7.720945835113525, t_ads: 10158.0,t_des: 11325.0
L: 0.60, u_super: 0.00010, sec: 7.71862268447876, t_ads: 10157.0,t_des: 11324.0
L: 0.60, u_super: 0.00010, sec: 7.718594074249268, t_ads: 10157.0,t_des: 11324.0
L: 0.60, u_super: 0.00010, sec: 7.720884323120117, t_ads: 10158.0,t_des: 11325.0
L: 0.60, u_super: 0.00010, sec: 7.7185959815979, t_ads: 10157.0,t_des: 11324.0
L: 0.60, u_super: 0.00010, sec: 7.718905925750732, t_ads: 10157.0,t_des: 11324.0
L: 0.60, u_super: 0.00010, sec: 7.720974445343018, t_ads: 10158.0,t_des: 11325.0
L: 0.60, u_super: 0.00010, sec: 7.7210211753845215, t_ads: 10158.0,t_des: 11325.0
L: 0.60, u_super: 0.00010, sec: 7.718504428863525, t_ads: 10157.0,t_des: 11324.0
L: 0.60, u_super: 0.00010, sec: 7.71851110458374, t_ads: 10157.0,t_des: 11324.0
L: 0.60, u_super: 0.00010, sec: 7.718639373779297, t_ads: 10157.0,t_des: 11324.0
L: 0.60, u_super: 0.00010, sec: 7.721070289611816, t_ads: 10158.0,t_des: 11325.0
L: 0.60, u_super: 0.00010, sec: 7.720902442932129, t_ads: 10158.0,t_des: 11325.0
L: 0.61, u_super: 0.00010, sec: 7.766290187835693, t_ads: 10227.0,t_des: 11394.0
L: 0.60, u_super: 0.00010, sec: 7.718967437744141, t_ads: 10157.0,t_des: 11324.0
L: 0.60, u_super: 0.00010, sec: 7.720701217651367, t_ads: 10158.0,t_des: 11325.0
L: 0.60, u_super: 0.00010, sec: 7.7205963134765625, t_ads: 10158.0,t_des: 11325.0
L: 0.60, u_super: 0.00010, sec: 7.742177963256836, t_ads: 10192.0,t_des: 11359.0
L: 0.60, u_super: 0.00010, sec: 7.71850061416626, t_ads: 10157.0,t_des: 11324.0
L: 0.60, u_super: 0.00010, sec: 7.718895435333252, t_ads: 10157.0,t_des: 11324.0
L: 0.60, u_super: 0.00010, sec: 7.719882011413574, t_ads: 10157.0,t_des: 11324.0
L: 0.60, u_super: 0.00010, sec: 7.719387531280518, t_ads: 10157.0,t_des: 11324.0
L: 0.60, u_super: 0.00010, sec: 7.718552589416504, t_ads: 10157.0,t_des: 11324.0
L: 0.60, u_super: 0.00010, sec: 7.718681812286377, t_ads: 10157.0,t_des: 11324.0
L: 0.60, u_super: 0.00010, sec: 7.721106052398682, t_ads: 10158.0,t_des: 11325.0
L: 0.60, u_super: 0.00010, sec: 7.718554496765137, t_ads: 10157.0,t_des: 11324.0
L: 0.60, u_super: 0.00010, sec: 7.718692302703857, t_ads: 10157.0,t_des: 11324.0
L: 0.60, u_super: 0.00010, sec: 7.719680309295654, t_ads: 10157.0,t_des: 11324.0
L: 0.60, u_super: 0.00010, sec: 7.720635414123535, t_ads: 10158.0,t_des: 11325.0
L: 0.60, u_super: 0.00010, sec: 7.718532562255859, t_ads: 10157.0,t_des: 11324.0
L: 0.60, u_super: 0.00010, sec: 7.719302654266357, t_ads: 10157.0,t_des: 11324.0
L: 0.60, u_super: 0.00010, sec: 7.721114635467529, t_ads: 10158.0,t_des: 11325.0
L: 0.60, u_super: 0.00010, sec: 7.719111442565918, t_ads: 10157.0,t_des: 11324.0
L: 0.66, u_super: 0.00010, sec: 8.290003776550293, t_ads: 10985.0,t_des: 12154.0
L: 0.60, u_super: 0.00010, sec: 7.720902442932129, t_ads: 10158.0,t_des: 11325.0
L: 0.60, u_super: 0.00010, sec: 7.721114635467529, t_ads: 10158.0,t_des: 11325.0
L: 0.60, u_super: 0.00010, sec: 7.718841075897217, t_ads: 10157.0,t_des: 11324.0
L: 0.60, u_super: 0.00010, sec: 7.719447135925293, t_ads: 10157.0,t_des: 11324.0
L: 0.60, u_super: 0.00010, sec: 7.719316482543945, t_ads: 10157.0,t_des: 11324.0
    14 |      560 |  7.7201535702 |  7.7184667587
L: 0.60, u_super: 0.00010, sec: 7.7210211753845215, t_ads: 10158.0,t_des: 11325.0
L: 0.60, u_super: 0.00010, sec: 7.720308780670166, t_ads: 10158.0,t_des: 11325.0
L: 0.60, u_super: 0.00010, sec: 7.71862268447876, t_ads: 10157.0,t_des: 11324.0
L: 0.60, u_super: 0.00010, sec: 7.718594074249268, t_ads: 10157.0,t_des: 11324.0
L: 0.60, u_super: 0.00010, sec: 7.719194412231445, t_ads: 10157.0,t_des: 11324.0
L: 0.60, u_super: 0.00010, sec: 7.718748569488525, t_ads: 10157.0,t_des: 11324.0
L: 0.60, u_super: 0.00010, sec: 7.720923900604248, t_ads: 10158.0,t_des: 11325.0
L: 0.60, u_super: 0.00010, sec: 7.720808029174805, t_ads: 10158.0,t_des: 11325.0
L: 0.60, u_super: 0.00010, sec: 7.718518257141113, t_ads: 10157.0,t_des: 11324.0
L: 0.60, u_super: 0.00010, sec: 7.718504428863525, t_ads: 10157.0,t_des: 11324.0
L: 0.60, u_super: 0.00010, sec: 7.720884323120117, t_ads: 10158.0,t_des: 11325.0
L: 0.60, u_super: 0.00010, sec: 7.720806121826172, t_ads: 10158.0,t_des: 11325.0
L: 0.67, u_super: 0.00010, sec: 8.360149383544922, t_ads: 11103.0,t_des: 12273.0
L: 0.60, u_super: 0.00010, sec: 7.720966339111328, t_ads: 10158.0,t_des: 11325.0
L: 0.61, u_super: 0.00010, sec: 7.766290187835693, t_ads: 10227.0,t_des: 11394.0
L: 0.60, u_super: 0.00010, sec: 7.718466758728027, t_ads: 10157.0,t_des: 11324.0
L: 0.60, u_super: 0.00010, sec: 7.719570159912109, t_ads: 10157.0,t_des: 11324.0
L: 0.60, u_super: 0.00010, sec: 7.718807220458984, t_ads: 10157.0,t_des: 11324.0
L: 0.60, u_super: 0.00010, sec: 7.7186408042907715, t_ads: 10157.0,t_des: 11324.0
L: 0.60, u_super: 0.00010, sec: 7.718749523162842, t_ads: 10157.0,t_des: 11324.0
L: 0.65, u_super: 0.00010, sec: 8.146836280822754, t_ads: 10810.0,t_des: 11979.0
L: 0.60, u_super: 0.00010, sec: 7.718900680541992, t_ads: 10157.0,t_des: 11324.0
L: 0.60, u_super: 0.00010, sec: 7.7185959815979, t_ads: 10157.0,t_des: 11324.0
L: 0.60, u_super: 0.00010, sec: 7.721091270446777, t_ads: 10158.0,t_des: 11325.0
L: 0.60, u_super: 0.00010, sec: 7.718636512756348, t_ads: 10157.0,t_des: 11324.0
L: 0.60, u_super: 0.00010, sec: 7.720907688140869, t_ads: 10158.0,t_des: 11325.0
L: 0.60, u_super: 0.00010, sec: 7.719470977783203, t_ads: 10157.0,t_des: 11324.0
L: 0.60, u_super: 0.00010, sec: 7.718692302703857, t_ads: 10157.0,t_des: 11324.0
L: 0.60, u_super: 0.00010, sec: 7.718603610992432, t_ads: 10157.0,t_des: 11324.0
L: 0.60, u_super: 0.00010, sec: 7.720635414123535, t_ads: 10158.0,t_des: 11325.0
L: 0.60, u_super: 0.00010, sec: 7.718944072723389, t_ads: 10157.0,t_des: 11324.0
L: 0.60, u_super: 0.00010, sec: 7.718584060668945, t_ads: 10157.0,t_des: 11324.0
L: 0.60, u_super: 0.00010, sec: 7.718669414520264, t_ads: 10157.0,t_des: 11324.0
L: 0.60, u_super: 0.00010, sec: 7.719111442565918, t_ads: 10157.0,t_des: 11324.0
L: 0.60, u_super: 0.00010, sec: 7.719930171966553, t_ads: 10159.0,t_des: 11326.0
L: 0.60, u_super: 0.00010, sec: 7.718655586242676, t_ads: 10157.0,t_des: 11324.0
L: 0.60, u_super: 0.00019, sec: 19.164766311645508, t_ads: 6468.0,t_des: 8137.0
L: 0.60, u_super: 0.00010, sec: 7.718508720397949, t_ads: 10157.0,t_des: 11324.0
L: 0.60, u_super: 0.00010, sec: 7.719447135925293, t_ads: 10157.0,t_des: 11324.0
L: 0.60, u_super: 0.00010, sec: 7.720477104187012, t_ads: 10158.0,t_des: 11325.0
    15 |      600 |  7.7200423598 |  7.7184667587
L: 0.60, u_super: 0.00010, sec: 7.718674659729004, t_ads: 10157.0,t_des: 11324.0
L: 0.60, u_super: 0.00010, sec: 7.720929145812988, t_ads: 10158.0,t_des: 11325.0
L: 0.60, u_super: 0.00010, sec: 7.718967437744141, t_ads: 10157.0,t_des: 11324.0
L: 0.60, u_super: 0.00010, sec: 7.718594074249268, t_ads: 10157.0,t_des: 11324.0
L: 0.60, u_super: 0.00010, sec: 7.719194412231445, t_ads: 10157.0,t_des: 11324.0
L: 0.60, u_super: 0.00010, sec: 7.718510150909424, t_ads: 10157.0,t_des: 11324.0
L: 0.60, u_super: 0.00010, sec: 7.721033096313477, t_ads: 10158.0,t_des: 11325.0
L: 0.60, u_super: 0.00010, sec: 7.720808029174805, t_ads: 10158.0,t_des: 11325.0
L: 0.60, u_super: 0.00010, sec: 7.718518257141113, t_ads: 10157.0,t_des: 11324.0
L: 0.60, u_super: 0.00010, sec: 7.718996047973633, t_ads: 10157.0,t_des: 11324.0
L: 0.60, u_super: 0.00010, sec: 7.71851110458374, t_ads: 10157.0,t_des: 11324.0
L: 0.60, u_super: 0.00010, sec: 7.718770980834961, t_ads: 10157.0,t_des: 11324.0
L: 0.60, u_super: 0.00010, sec: 7.718482494354248, t_ads: 10157.0,t_des: 11324.0
L: 0.60, u_super: 0.00010, sec: 7.71959114074707, t_ads: 10157.0,t_des: 11324.0
L: 0.61, u_super: 0.00010, sec: 7.766290187835693, t_ads: 10227.0,t_des: 11394.0
L: 0.60, u_super: 0.00010, sec: 7.718466758728027, t_ads: 10157.0,t_des: 11324.0
L: 0.60, u_super: 0.00010, sec: 7.719570159912109, t_ads: 10157.0,t_des: 11324.0
L: 0.60, u_super: 0.00010, sec: 7.718807220458984, t_ads: 10157.0,t_des: 11324.0
L: 0.60, u_super: 0.00010, sec: 7.7186408042907715, t_ads: 10157.0,t_des: 11324.0
L: 0.60, u_super: 0.00010, sec: 7.721084117889404, t_ads: 10158.0,t_des: 11325.0
L: 0.60, u_super: 0.00010, sec: 7.718895435333252, t_ads: 10157.0,t_des: 11324.0
L: 0.60, u_super: 0.00025, sec: 147.5876922607422, t_ads: 5399.0,t_des: 35236.0
L: 0.60, u_super: 0.00010, sec: 7.7185959815979, t_ads: 10157.0,t_des: 11324.0
L: 0.60, u_super: 0.00010, sec: 7.7186598777771, t_ads: 10157.0,t_des: 11324.0
L: 0.60, u_super: 0.00010, sec: 7.718472003936768, t_ads: 10157.0,t_des: 11324.0
L: 0.60, u_super: 0.00010, sec: 7.718770980834961, t_ads: 10157.0,t_des: 11324.0
L: 0.60, u_super: 0.00010, sec: 7.720917701721191, t_ads: 10158.0,t_des: 11325.0
L: 0.60, u_super: 0.00010, sec: 7.718692302703857, t_ads: 10157.0,t_des: 11324.0
L: 0.60, u_super: 0.00010, sec: 7.719207763671875, t_ads: 10158.0,t_des: 11325.0
L: 0.60, u_super: 0.00010, sec: 7.719782829284668, t_ads: 10157.0,t_des: 11324.0
L: 0.60, u_super: 0.00010, sec: 7.719675064086914, t_ads: 10157.0,t_des: 11324.0
L: 0.60, u_super: 0.00010, sec: 7.718499660491943, t_ads: 10157.0,t_des: 11324.0
L: 0.60, u_super: 0.00010, sec: 7.72087287902832, t_ads: 10158.0,t_des: 11325.0
L: 0.60, u_super: 0.00010, sec: 7.721047878265381, t_ads: 10158.0,t_des: 11325.0
L: 0.60, u_super: 0.00010, sec: 7.719930171966553, t_ads: 10159.0,t_des: 11326.0
L: 0.60, u_super: 0.00010, sec: 7.71850061416626, t_ads: 10157.0,t_des: 11324.0
L: 0.60, u_super: 0.00010, sec: 7.720638751983643, t_ads: 10158.0,t_des: 11325.0
L: 0.60, u_super: 0.00010, sec: 7.718508720397949, t_ads: 10157.0,t_des: 11324.0
L: 0.60, u_super: 0.00010, sec: 7.719447135925293, t_ads: 10157.0,t_des: 11324.0
L: 0.60, u_super: 0.00010, sec: 7.719316482543945, t_ads: 10157.0,t_des: 11324.0
    16 |      640 |  7.7200186610 |  7.7184667587
L: 0.60, u_super: 0.00010, sec: 7.718481063842773, t_ads: 10157.0,t_des: 11324.0
L: 0.60, u_super: 0.00010, sec: 7.720308780670166, t_ads: 10158.0,t_des: 11325.0
L: 0.60, u_super: 0.00010, sec: 7.721090316772461, t_ads: 10158.0,t_des: 11325.0
L: 0.60, u_super: 0.00010, sec: 7.719696998596191, t_ads: 10157.0,t_des: 11324.0
L: 0.67, u_super: 0.00010, sec: 8.35690689086914, t_ads: 11099.0,t_des: 12269.0
L: 0.60, u_super: 0.00010, sec: 7.720757007598877, t_ads: 10158.0,t_des: 11325.0
L: 0.60, u_super: 0.00010, sec: 7.718905925750732, t_ads: 10157.0,t_des: 11324.0
L: 0.60, u_super: 0.00010, sec: 7.7184929847717285, t_ads: 10157.0,t_des: 11324.0
L: 0.64, u_super: 0.00010, sec: 8.108863830566406, t_ads: 10728.0,t_des: 11896.0
L: 0.60, u_super: 0.00010, sec: 7.721108436584473, t_ads: 10158.0,t_des: 11325.0
L: 0.60, u_super: 0.00010, sec: 7.71851110458374, t_ads: 10157.0,t_des: 11324.0
L: 0.60, u_super: 0.00010, sec: 7.718639373779297, t_ads: 10157.0,t_des: 11324.0
L: 0.60, u_super: 0.00010, sec: 7.721092224121094, t_ads: 10158.0,t_des: 11325.0
L: 0.60, u_super: 0.00010, sec: 7.718706130981445, t_ads: 10157.0,t_des: 11324.0
L: 0.60, u_super: 0.00010, sec: 7.718673229217529, t_ads: 10157.0,t_des: 11324.0
L: 0.60, u_super: 0.00010, sec: 7.721097946166992, t_ads: 10158.0,t_des: 11325.0
L: 0.60, u_super: 0.00010, sec: 7.720648288726807, t_ads: 10158.0,t_des: 11325.0
L: 0.60, u_super: 0.00043, sec: 1153.6986083984375, t_ads: 4039.0,t_des: 90071.0
L: 0.60, u_super: 0.00010, sec: 7.7186408042907715, t_ads: 10157.0,t_des: 11324.0
L: 0.60, u_super: 0.00010, sec: 7.721070289611816, t_ads: 10158.0,t_des: 11325.0
L: 0.60, u_super: 0.00010, sec: 7.720912933349609, t_ads: 10158.0,t_des: 11325.0
L: 0.60, u_super: 0.00010, sec: 7.718900680541992, t_ads: 10157.0,t_des: 11324.0
L: 0.66, u_super: 0.00010, sec: 8.251215934753418, t_ads: 10939.0,t_des: 12108.0
L: 0.60, u_super: 0.00010, sec: 7.718466758728027, t_ads: 10157.0,t_des: 11324.0
L: 0.60, u_super: 0.00010, sec: 7.718472003936768, t_ads: 10157.0,t_des: 11324.0
L: 0.60, u_super: 0.00010, sec: 7.721090316772461, t_ads: 10158.0,t_des: 11325.0
L: 0.60, u_super: 0.00010, sec: 7.7189459800720215, t_ads: 10157.0,t_des: 11324.0
L: 0.60, u_super: 0.00010, sec: 7.718692302703857, t_ads: 10157.0,t_des: 11324.0
L: 0.60, u_super: 0.00010, sec: 7.718603610992432, t_ads: 10157.0,t_des: 11324.0
L: 0.60, u_super: 0.00010, sec: 7.718830585479736, t_ads: 10157.0,t_des: 11324.0
L: 0.60, u_super: 0.00033, sec: 658.6635131835938, t_ads: 4626.0,t_des: 90202.0
L: 0.60, u_super: 0.00010, sec: 7.720758438110352, t_ads: 10158.0,t_des: 11325.0
L: 0.60, u_super: 0.00010, sec: 7.718669414520264, t_ads: 10157.0,t_des: 11324.0
L: 0.60, u_super: 0.00010, sec: 7.720724582672119, t_ads: 10158.0,t_des: 11325.0
L: 0.60, u_super: 0.00010, sec: 7.719930171966553, t_ads: 10159.0,t_des: 11326.0
L: 0.60, u_super: 0.00010, sec: 7.71850061416626, t_ads: 10157.0,t_des: 11324.0
L: 0.60, u_super: 0.00010, sec: 7.718584060668945, t_ads: 10157.0,t_des: 11324.0
L: 0.60, u_super: 0.00010, sec: 7.718568325042725, t_ads: 10157.0,t_des: 11324.0
L: 0.60, u_super: 0.00010, sec: 7.721078395843506, t_ads: 10158.0,t_des: 11325.0
L: 0.60, u_super: 0.00010, sec: 7.719529628753662, t_ads: 10157.0,t_des: 11324.0
    17 |      680 |  7.7187682152 |  7.7184667587
L: 0.60, u_super: 0.00010, sec: 7.718481063842773, t_ads: 10157.0,t_des: 11324.0
L: 0.60, u_super: 0.00010, sec: 7.718681812286377, t_ads: 10157.0,t_des: 11324.0
L: 0.60, u_super: 0.00010, sec: 7.718943119049072, t_ads: 10157.0,t_des: 11324.0
L: 0.60, u_super: 0.00010, sec: 7.718594074249268, t_ads: 10157.0,t_des: 11324.0
L: 0.63, u_super: 0.00010, sec: 7.944645881652832, t_ads: 10513.0,t_des: 11681.0
L: 0.60, u_super: 0.00010, sec: 7.718508720397949, t_ads: 10157.0,t_des: 11324.0
L: 0.71, u_super: 0.00016, sec: 16.180835723876953, t_ads: 8097.0,t_des: 9303.0
L: 0.60, u_super: 0.00010, sec: 7.7192206382751465, t_ads: 10157.0,t_des: 11324.0
L: 0.60, u_super: 0.00010, sec: 7.718518257141113, t_ads: 10157.0,t_des: 11324.0
L: 0.60, u_super: 0.00010, sec: 7.718504428863525, t_ads: 10157.0,t_des: 11324.0
L: 0.60, u_super: 0.00010, sec: 7.71851110458374, t_ads: 10157.0,t_des: 11324.0
L: 0.60, u_super: 0.00010, sec: 7.721065998077393, t_ads: 10158.0,t_des: 11325.0
L: 0.60, u_super: 0.00010, sec: 7.721108436584473, t_ads: 10158.0,t_des: 11325.0
L: 0.60, u_super: 0.00010, sec: 7.721055030822754, t_ads: 10158.0,t_des: 11325.0
L: 0.60, u_super: 0.00010, sec: 7.721097946166992, t_ads: 10158.0,t_des: 11325.0
L: 0.60, u_super: 0.00010, sec: 7.721736907958984, t_ads: 10159.0,t_des: 11326.0
L: 0.60, u_super: 0.00010, sec: 7.721035957336426, t_ads: 10158.0,t_des: 11325.0
L: 0.60, u_super: 0.00010, sec: 7.718807220458984, t_ads: 10157.0,t_des: 11324.0
L: 0.60, u_super: 0.00010, sec: 7.7186408042907715, t_ads: 10157.0,t_des: 11324.0
L: 0.60, u_super: 0.00010, sec: 7.720290660858154, t_ads: 10158.0,t_des: 11325.0
L: 0.60, u_super: 0.00010, sec: 7.718895435333252, t_ads: 10157.0,t_des: 11324.0
L: 0.60, u_super: 0.00010, sec: 7.721111297607422, t_ads: 10158.0,t_des: 11325.0
L: 0.60, u_super: 0.00010, sec: 7.718507766723633, t_ads: 10157.0,t_des: 11324.0
L: 0.60, u_super: 0.00010, sec: 7.721055507659912, t_ads: 10158.0,t_des: 11325.0
L: 0.60, u_super: 0.00010, sec: 7.720958709716797, t_ads: 10158.0,t_des: 11325.0
L: 0.60, u_super: 0.00010, sec: 7.7184858322143555, t_ads: 10157.0,t_des: 11324.0
L: 0.60, u_super: 0.00010, sec: 7.721055507659912, t_ads: 10158.0,t_des: 11325.0
L: 0.60, u_super: 0.00010, sec: 7.718958854675293, t_ads: 10157.0,t_des: 11324.0
L: 0.60, u_super: 0.00010, sec: 7.718603610992432, t_ads: 10157.0,t_des: 11324.0
L: 0.60, u_super: 0.00010, sec: 7.718830585479736, t_ads: 10157.0,t_des: 11324.0
L: 0.66, u_super: 0.00010, sec: 8.292437553405762, t_ads: 10987.0,t_des: 12156.0
L: 0.60, u_super: 0.00010, sec: 7.718489646911621, t_ads: 10157.0,t_des: 11324.0
L: 0.60, u_super: 0.00010, sec: 7.718669414520264, t_ads: 10157.0,t_des: 11324.0
L: 0.60, u_super: 0.00010, sec: 7.720916271209717, t_ads: 10158.0,t_des: 11325.0
L: 0.60, u_super: 0.00010, sec: 7.721052169799805, t_ads: 10158.0,t_des: 11325.0
L: 0.60, u_super: 0.00136, sec: 11438.513671875, t_ads: 2820.0,t_des: 89105.0
L: 0.60, u_super: 0.00010, sec: 7.7206926345825195, t_ads: 10158.0,t_des: 11325.0
L: 0.60, u_super: 0.00010, sec: 7.718584060668945, t_ads: 10157.0,t_des: 11324.0
L: 0.60, u_super: 0.00010, sec: 7.719447135925293, t_ads: 10157.0,t_des: 11324.0
L: 0.60, u_super: 0.00010, sec: 7.718611717224121, t_ads: 10157.0,t_des: 11324.0
    18 |      720 |  7.7187074304 |  7.7184667587
L: 0.60, u_super: 0.00010, sec: 7.718481063842773, t_ads: 10157.0,t_des: 11324.0
L: 0.60, u_super: 0.00010, sec: 7.718681812286377, t_ads: 10157.0,t_des: 11324.0
L: 0.60, u_super: 0.00010, sec: 7.71862268447876, t_ads: 10157.0,t_des: 11324.0
L: 0.60, u_super: 0.00010, sec: 7.72111701965332, t_ads: 10158.0,t_des: 11325.0
L: 0.60, u_super: 0.00010, sec: 7.718505859375, t_ads: 10157.0,t_des: 11324.0
L: 0.60, u_super: 0.00010, sec: 7.718508720397949, t_ads: 10157.0,t_des: 11324.0
L: 0.60, u_super: 0.00010, sec: 7.721097946166992, t_ads: 10158.0,t_des: 11325.0
L: 0.60, u_super: 0.00010, sec: 7.718607425689697, t_ads: 10157.0,t_des: 11324.0
L: 0.60, u_super: 0.00010, sec: 7.7206244468688965, t_ads: 10158.0,t_des: 11325.0
L: 0.60, u_super: 0.00010, sec: 7.720733165740967, t_ads: 10158.0,t_des: 11325.0
L: 0.60, u_super: 0.00010, sec: 7.718476295471191, t_ads: 10157.0,t_des: 11324.0
L: 0.67, u_super: 0.00010, sec: 8.392946243286133, t_ads: 11142.0,t_des: 12312.0
L: 0.60, u_super: 0.00010, sec: 7.718482494354248, t_ads: 10157.0,t_des: 11324.0
L: 0.60, u_super: 0.00010, sec: 7.718782901763916, t_ads: 10157.0,t_des: 11324.0
L: 0.60, u_super: 0.00010, sec: 7.718673229217529, t_ads: 10157.0,t_des: 11324.0
L: 0.60, u_super: 0.00010, sec: 7.718489646911621, t_ads: 10157.0,t_des: 11324.0
L: 0.60, u_super: 0.00010, sec: 7.718770980834961, t_ads: 10157.0,t_des: 11324.0
L: 0.60, u_super: 0.00010, sec: 7.718807220458984, t_ads: 10157.0,t_des: 11324.0
L: 0.60, u_super: 0.00010, sec: 7.718542098999023, t_ads: 10157.0,t_des: 11324.0
L: 0.60, u_super: 0.00010, sec: 7.71850061416626, t_ads: 10157.0,t_des: 11324.0
L: 0.60, u_super: 0.00010, sec: 7.718487739562988, t_ads: 10157.0,t_des: 11324.0
L: 0.60, u_super: 0.00010, sec: 7.718900680541992, t_ads: 10157.0,t_des: 11324.0
L: 0.60, u_super: 0.00010, sec: 7.718507766723633, t_ads: 10157.0,t_des: 11324.0
L: 0.60, u_super: 0.00010, sec: 7.721035003662109, t_ads: 10158.0,t_des: 11325.0
L: 0.60, u_super: 0.00010, sec: 7.718472003936768, t_ads: 10157.0,t_des: 11324.0
L: 0.60, u_super: 0.00010, sec: 7.7184858322143555, t_ads: 10157.0,t_des: 11324.0
L: 0.60, u_super: 0.00010, sec: 7.721091270446777, t_ads: 10158.0,t_des: 11325.0
L: 0.60, u_super: 0.00010, sec: 7.718692302703857, t_ads: 10157.0,t_des: 11324.0
L: 0.60, u_super: 0.00010, sec: 7.718482494354248, t_ads: 10157.0,t_des: 11324.0
L: 0.60, u_super: 0.00010, sec: 7.721103191375732, t_ads: 10158.0,t_des: 11325.0
L: 0.60, u_super: 0.00010, sec: 7.718532562255859, t_ads: 10157.0,t_des: 11324.0
L: 0.60, u_super: 0.00010, sec: 7.718814373016357, t_ads: 10157.0,t_des: 11324.0
L: 0.60, u_super: 0.00010, sec: 7.7184953689575195, t_ads: 10157.0,t_des: 11324.0
L: 0.60, u_super: 0.00010, sec: 7.719111442565918, t_ads: 10157.0,t_des: 11324.0
L: 0.60, u_super: 0.00010, sec: 7.721078395843506, t_ads: 10158.0,t_des: 11325.0
L: 0.60, u_super: 0.00010, sec: 7.721756935119629, t_ads: 10159.0,t_des: 11326.0
L: 0.60, u_super: 0.00010, sec: 7.720974445343018, t_ads: 10158.0,t_des: 11325.0
L: 0.60, u_super: 0.00010, sec: 7.7209906578063965, t_ads: 10158.0,t_des: 11325.0
L: 0.60, u_super: 0.00010, sec: 7.718573570251465, t_ads: 10157.0,t_des: 11324.0
L: 0.60, u_super: 0.00010, sec: 7.719584941864014, t_ads: 10157.0,t_des: 11324.0
    19 |      760 |  7.7186274886 |  7.7184667587
L: 0.60, u_super: 0.00010, sec: 7.718481063842773, t_ads: 10157.0,t_des: 11324.0
L: 0.60, u_super: 0.00010, sec: 7.721033096313477, t_ads: 10158.0,t_des: 11325.0
L: 0.60, u_super: 0.00010, sec: 7.721070289611816, t_ads: 10158.0,t_des: 11325.0
L: 0.60, u_super: 0.00010, sec: 7.721073150634766, t_ads: 10158.0,t_des: 11325.0
L: 0.60, u_super: 0.00010, sec: 7.718476295471191, t_ads: 10157.0,t_des: 11324.0
L: 0.60, u_super: 0.00010, sec: 7.719405651092529, t_ads: 10157.0,t_des: 11324.0
L: 0.60, u_super: 0.00010, sec: 7.718481063842773, t_ads: 10157.0,t_des: 11324.0
L: 0.60, u_super: 0.00010, sec: 7.721091270446777, t_ads: 10158.0,t_des: 11325.0
L: 0.60, u_super: 0.00010, sec: 7.718518257141113, t_ads: 10157.0,t_des: 11324.0
L: 0.60, u_super: 0.00010, sec: 7.721111297607422, t_ads: 10158.0,t_des: 11325.0
L: 0.60, u_super: 0.00010, sec: 7.742171287536621, t_ads: 10190.0,t_des: 11357.0
L: 0.60, u_super: 0.00010, sec: 7.718639373779297, t_ads: 10157.0,t_des: 11324.0
L: 0.60, u_super: 0.00010, sec: 7.718482494354248, t_ads: 10157.0,t_des: 11324.0
L: 0.60, u_super: 0.00010, sec: 7.71850061416626, t_ads: 10157.0,t_des: 11324.0
L: 0.60, u_super: 0.00128, sec: 10111.0341796875, t_ads: 2855.0,t_des: 89144.0
L: 0.60, u_super: 0.00010, sec: 7.718531131744385, t_ads: 10157.0,t_des: 11324.0
L: 0.85, u_super: 0.00010, sec: 9.99854564666748, t_ads: 13460.0,t_des: 14652.0
L: 0.60, u_super: 0.00010, sec: 7.718807220458984, t_ads: 10157.0,t_des: 11324.0
L: 0.60, u_super: 0.00010, sec: 7.72103214263916, t_ads: 10158.0,t_des: 11325.0
L: 0.60, u_super: 0.00010, sec: 7.720945835113525, t_ads: 10158.0,t_des: 11325.0
L: 0.60, u_super: 0.00010, sec: 7.718487739562988, t_ads: 10157.0,t_des: 11324.0
L: 0.60, u_super: 0.00010, sec: 7.721070289611816, t_ads: 10158.0,t_des: 11325.0
L: 0.60, u_super: 0.00010, sec: 7.718507766723633, t_ads: 10157.0,t_des: 11324.0
L: 0.60, u_super: 0.00010, sec: 7.718466758728027, t_ads: 10157.0,t_des: 11324.0
L: 0.68, u_super: 0.00010, sec: 8.468548774719238, t_ads: 11263.0,t_des: 12434.0
L: 0.60, u_super: 0.00010, sec: 7.7184858322143555, t_ads: 10157.0,t_des: 11324.0
L: 0.60, u_super: 0.00010, sec: 7.721102714538574, t_ads: 10158.0,t_des: 11325.0
L: 0.60, u_super: 0.00010, sec: 7.718564987182617, t_ads: 10157.0,t_des: 11324.0
L: 0.60, u_super: 0.00010, sec: 7.719470977783203, t_ads: 10157.0,t_des: 11324.0
L: 0.60, u_super: 0.00010, sec: 7.718830585479736, t_ads: 10157.0,t_des: 11324.0
L: 0.60, u_super: 0.00010, sec: 7.718705177307129, t_ads: 10157.0,t_des: 11324.0
L: 0.60, u_super: 0.00010, sec: 7.721070289611816, t_ads: 10158.0,t_des: 11325.0
L: 0.60, u_super: 0.00010, sec: 7.720912933349609, t_ads: 10158.0,t_des: 11325.0
L: 0.60, u_super: 0.00010, sec: 7.719111442565918, t_ads: 10157.0,t_des: 11324.0
L: 0.60, u_super: 0.00049, sec: 1492.2061767578125, t_ads: 3820.0,t_des: 89945.0
L: 0.60, u_super: 0.00010, sec: 7.7185564041137695, t_ads: 10157.0,t_des: 11324.0
L: 0.60, u_super: 0.00010, sec: 7.718606472015381, t_ads: 10157.0,t_des: 11324.0
L: 0.60, u_super: 0.00010, sec: 7.718508720397949, t_ads: 10157.0,t_des: 11324.0
L: 0.68, u_super: 0.00023, sec: 33.71441650390625, t_ads: 6061.0,t_des: 9000.0
L: 0.60, u_super: 0.00010, sec: 7.718611717224121, t_ads: 10157.0,t_des: 11324.0
    20 |      800 |  7.7186078072 |  7.7184667587
L: 0.60, u_super: 0.00010, sec: 7.721068859100342, t_ads: 10158.0,t_des: 11325.0
L: 0.60, u_super: 0.00010, sec: 7.718481063842773, t_ads: 10157.0,t_des: 11324.0
L: 0.60, u_super: 0.00010, sec: 7.71862268447876, t_ads: 10157.0,t_des: 11324.0
L: 0.60, u_super: 0.00010, sec: 7.718510150909424, t_ads: 10157.0,t_des: 11324.0
L: 0.60, u_super: 0.00010, sec: 7.718476295471191, t_ads: 10157.0,t_des: 11324.0
L: 0.60, u_super: 0.00010, sec: 7.718508720397949, t_ads: 10157.0,t_des: 11324.0
L: 0.60, u_super: 0.00010, sec: 7.7210235595703125, t_ads: 10158.0,t_des: 11325.0
L: 0.60, u_super: 0.00010, sec: 7.7184929847717285, t_ads: 10157.0,t_des: 11324.0
L: 0.60, u_super: 0.00010, sec: 7.718534469604492, t_ads: 10157.0,t_des: 11324.0
L: 0.60, u_super: 0.00010, sec: 7.718504428863525, t_ads: 10157.0,t_des: 11324.0
L: 0.60, u_super: 0.00010, sec: 7.718776226043701, t_ads: 10157.0,t_des: 11324.0
L: 0.60, u_super: 0.00010, sec: 7.721108436584473, t_ads: 10158.0,t_des: 11325.0
L: 0.60, u_super: 0.00010, sec: 7.718482494354248, t_ads: 10157.0,t_des: 11324.0
L: 0.60, u_super: 0.00010, sec: 7.718552589416504, t_ads: 10157.0,t_des: 11324.0
L: 0.60, u_super: 0.00010, sec: 7.718673229217529, t_ads: 10157.0,t_des: 11324.0
L: 0.60, u_super: 0.00010, sec: 7.718466758728027, t_ads: 10157.0,t_des: 11324.0
L: 0.60, u_super: 0.00010, sec: 7.719723701477051, t_ads: 10157.0,t_des: 11324.0
L: 0.60, u_super: 0.00010, sec: 7.718472003936768, t_ads: 10157.0,t_des: 11324.0
L: 0.60, u_super: 0.00010, sec: 7.718542098999023, t_ads: 10157.0,t_des: 11324.0
L: 0.60, u_super: 0.00010, sec: 7.718641757965088, t_ads: 10157.0,t_des: 11324.0
L: 0.60, u_super: 0.00010, sec: 7.718487739562988, t_ads: 10157.0,t_des: 11324.0
L: 0.60, u_super: 0.00010, sec: 7.718477249145508, t_ads: 10157.0,t_des: 11324.0
L: 0.60, u_super: 0.00010, sec: 7.718507766723633, t_ads: 10157.0,t_des: 11324.0
L: 0.60, u_super: 0.00010, sec: 7.718466758728027, t_ads: 10157.0,t_des: 11324.0
L: 0.60, u_super: 0.00010, sec: 7.718472003936768, t_ads: 10157.0,t_des: 11324.0
L: 0.60, u_super: 0.00010, sec: 7.7184858322143555, t_ads: 10157.0,t_des: 11324.0
L: 0.60, u_super: 0.00010, sec: 7.718554496765137, t_ads: 10157.0,t_des: 11324.0
L: 0.60, u_super: 0.00010, sec: 7.718564987182617, t_ads: 10157.0,t_des: 11324.0
L: 0.60, u_super: 0.00010, sec: 7.718482494354248, t_ads: 10157.0,t_des: 11324.0
L: 0.60, u_super: 0.00010, sec: 7.7189483642578125, t_ads: 10157.0,t_des: 11324.0
L: 0.60, u_super: 0.00010, sec: 7.721055507659912, t_ads: 10158.0,t_des: 11325.0
L: 0.74, u_super: 0.00010, sec: 8.950596809387207, t_ads: 11982.0,t_des: 13159.0
L: 0.60, u_super: 0.00010, sec: 7.721094608306885, t_ads: 10158.0,t_des: 11325.0
L: 0.60, u_super: 0.00010, sec: 7.721101760864258, t_ads: 10158.0,t_des: 11325.0
L: 0.60, u_super: 0.00010, sec: 7.719930171966553, t_ads: 10159.0,t_des: 11326.0
L: 0.60, u_super: 0.00010, sec: 7.718481063842773, t_ads: 10157.0,t_des: 11324.0
L: 0.60, u_super: 0.00010, sec: 7.718584060668945, t_ads: 10157.0,t_des: 11324.0
L: 0.60, u_super: 0.00010, sec: 7.718498229980469, t_ads: 10157.0,t_des: 11324.0
L: 0.73, u_super: 0.00010, sec: 8.86592960357666, t_ads: 11829.0,t_des: 13004.0
L: 0.60, u_super: 0.00010, sec: 7.721099853515625, t_ads: 10158.0,t_des: 11325.0
    21 |      840 |  7.7185809731 |  7.7184667587
L: 0.60, u_super: 0.00010, sec: 7.718481063842773, t_ads: 10157.0,t_des: 11324.0
L: 0.60, u_super: 0.00010, sec: 7.718481063842773, t_ads: 10157.0,t_des: 11324.0
L: 0.60, u_super: 0.00010, sec: 7.718487739562988, t_ads: 10157.0,t_des: 11324.0
L: 0.60, u_super: 0.00010, sec: 7.718510150909424, t_ads: 10157.0,t_des: 11324.0
L: 0.60, u_super: 0.00010, sec: 7.718476295471191, t_ads: 10157.0,t_des: 11324.0
L: 0.60, u_super: 0.00010, sec: 7.718498229980469, t_ads: 10157.0,t_des: 11324.0
L: 0.60, u_super: 0.00010, sec: 7.718606472015381, t_ads: 10157.0,t_des: 11324.0
L: 0.60, u_super: 0.00010, sec: 7.718471527099609, t_ads: 10157.0,t_des: 11324.0
L: 0.60, u_super: 0.00010, sec: 7.718477249145508, t_ads: 10157.0,t_des: 11324.0
L: 0.60, u_super: 0.00010, sec: 7.718504428863525, t_ads: 10157.0,t_des: 11324.0
L: 0.60, u_super: 0.00010, sec: 7.718476295471191, t_ads: 10157.0,t_des: 11324.0
L: 0.60, u_super: 0.00010, sec: 7.718514442443848, t_ads: 10157.0,t_des: 11324.0
L: 0.60, u_super: 0.00010, sec: 7.718482494354248, t_ads: 10157.0,t_des: 11324.0
L: 0.60, u_super: 0.00010, sec: 7.720970153808594, t_ads: 10158.0,t_des: 11325.0
L: 0.60, u_super: 0.00010, sec: 7.718673229217529, t_ads: 10157.0,t_des: 11324.0
L: 0.60, u_super: 0.00010, sec: 7.721073150634766, t_ads: 10158.0,t_des: 11325.0
L: 0.60, u_super: 0.00010, sec: 7.721108436584473, t_ads: 10158.0,t_des: 11325.0
L: 0.60, u_super: 0.00010, sec: 7.721047878265381, t_ads: 10158.0,t_des: 11325.0
L: 0.60, u_super: 0.00010, sec: 7.718542098999023, t_ads: 10157.0,t_des: 11324.0
L: 0.60, u_super: 0.00010, sec: 7.71850061416626, t_ads: 10157.0,t_des: 11324.0
L: 0.60, u_super: 0.00010, sec: 7.718487739562988, t_ads: 10157.0,t_des: 11324.0
L: 0.60, u_super: 0.00010, sec: 7.721101760864258, t_ads: 10158.0,t_des: 11325.0
L: 0.60, u_super: 0.00010, sec: 7.718507766723633, t_ads: 10157.0,t_des: 11324.0
L: 0.60, u_super: 0.00010, sec: 7.721114635467529, t_ads: 10158.0,t_des: 11325.0
L: 0.60, u_super: 0.00010, sec: 7.718570232391357, t_ads: 10157.0,t_des: 11324.0
L: 0.60, u_super: 0.00010, sec: 7.721075534820557, t_ads: 10158.0,t_des: 11325.0
L: 0.60, u_super: 0.00010, sec: 7.721035957336426, t_ads: 10158.0,t_des: 11325.0
L: 0.60, u_super: 0.00010, sec: 7.718564987182617, t_ads: 10157.0,t_des: 11324.0
L: 0.60, u_super: 0.00010, sec: 7.718542098999023, t_ads: 10157.0,t_des: 11324.0
L: 0.60, u_super: 0.00010, sec: 7.7184953689575195, t_ads: 10157.0,t_des: 11324.0
L: 0.60, u_super: 0.00010, sec: 7.718532562255859, t_ads: 10157.0,t_des: 11324.0
L: 0.60, u_super: 0.00010, sec: 7.718758583068848, t_ads: 10157.0,t_des: 11324.0
L: 0.60, u_super: 0.00010, sec: 7.721043586730957, t_ads: 10158.0,t_des: 11325.0
L: 0.60, u_super: 0.00010, sec: 7.719111442565918, t_ads: 10157.0,t_des: 11324.0
L: 0.60, u_super: 0.00010, sec: 7.721114635467529, t_ads: 10158.0,t_des: 11325.0
L: 0.60, u_super: 0.00010, sec: 7.718481063842773, t_ads: 10157.0,t_des: 11324.0
L: 0.60, u_super: 0.00010, sec: 7.718584060668945, t_ads: 10157.0,t_des: 11324.0
L: 0.60, u_super: 0.00010, sec: 7.718498229980469, t_ads: 10157.0,t_des: 11324.0
L: 0.60, u_super: 0.00010, sec: 7.718489646911621, t_ads: 10157.0,t_des: 11324.0
L: 0.60, u_super: 0.00010, sec: 7.718611717224121, t_ads: 10157.0,t_des: 11324.0
    22 |      880 |  7.7185621738 |  7.7184667587
L: 0.60, u_super: 0.00010, sec: 7.72108268737793, t_ads: 10158.0,t_des: 11325.0
L: 0.60, u_super: 0.00010, sec: 7.718472003936768, t_ads: 10157.0,t_des: 11324.0
L: 0.60, u_super: 0.00010, sec: 7.719048023223877, t_ads: 10157.0,t_des: 11324.0
L: 0.60, u_super: 0.00010, sec: 7.718510150909424, t_ads: 10157.0,t_des: 11324.0
L: 0.60, u_super: 0.00010, sec: 7.718471527099609, t_ads: 10157.0,t_des: 11324.0
L: 0.60, u_super: 0.00010, sec: 7.718481063842773, t_ads: 10157.0,t_des: 11324.0
L: 0.60, u_super: 0.00010, sec: 7.718481063842773, t_ads: 10157.0,t_des: 11324.0
L: 0.60, u_super: 0.00010, sec: 7.718471527099609, t_ads: 10157.0,t_des: 11324.0
L: 0.60, u_super: 0.00010, sec: 7.718477249145508, t_ads: 10157.0,t_des: 11324.0
L: 0.60, u_super: 0.00010, sec: 7.718504428863525, t_ads: 10157.0,t_des: 11324.0
L: 0.60, u_super: 0.00010, sec: 7.718476295471191, t_ads: 10157.0,t_des: 11324.0
L: 0.60, u_super: 0.00010, sec: 7.718514442443848, t_ads: 10157.0,t_des: 11324.0
L: 0.60, u_super: 0.00010, sec: 7.718766689300537, t_ads: 10157.0,t_des: 11324.0
L: 0.60, u_super: 0.00010, sec: 7.718477249145508, t_ads: 10157.0,t_des: 11324.0
L: 0.60, u_super: 0.00010, sec: 7.718673229217529, t_ads: 10157.0,t_des: 11324.0
L: 0.60, u_super: 0.00010, sec: 7.718466758728027, t_ads: 10157.0,t_des: 11324.0
L: 0.60, u_super: 0.00010, sec: 7.718770980834961, t_ads: 10157.0,t_des: 11324.0
L: 0.60, u_super: 0.00010, sec: 7.721106052398682, t_ads: 10158.0,t_des: 11325.0
L: 0.60, u_super: 0.00010, sec: 7.718542098999023, t_ads: 10157.0,t_des: 11324.0
L: 0.60, u_super: 0.00010, sec: 7.718611717224121, t_ads: 10157.0,t_des: 11324.0
L: 0.60, u_super: 0.00010, sec: 7.718487739562988, t_ads: 10157.0,t_des: 11324.0
L: 0.60, u_super: 0.00010, sec: 7.721111297607422, t_ads: 10158.0,t_des: 11325.0
L: 0.60, u_super: 0.00010, sec: 7.718507766723633, t_ads: 10157.0,t_des: 11324.0
L: 0.60, u_super: 0.00010, sec: 7.721083641052246, t_ads: 10158.0,t_des: 11325.0
L: 0.64, u_super: 0.00101, sec: 6292.21337890625, t_ads: 3063.0,t_des: 89328.0
L: 0.60, u_super: 0.00010, sec: 7.7184858322143555, t_ads: 10157.0,t_des: 11324.0
L: 0.60, u_super: 0.00010, sec: 7.718554496765137, t_ads: 10157.0,t_des: 11324.0
L: 0.60, u_super: 0.00010, sec: 7.718564987182617, t_ads: 10157.0,t_des: 11324.0
L: 0.60, u_super: 0.00010, sec: 7.718482494354248, t_ads: 10157.0,t_des: 11324.0
L: 0.60, u_super: 0.00010, sec: 8.073812484741211, t_ads: 9874.0,t_des: 11042.0
L: 0.60, u_super: 0.00010, sec: 7.718532562255859, t_ads: 10157.0,t_des: 11324.0
L: 0.60, u_super: 0.00010, sec: 7.718471527099609, t_ads: 10157.0,t_des: 11324.0
L: 0.60, u_super: 0.00010, sec: 7.721105098724365, t_ads: 10158.0,t_des: 11325.0
L: 0.60, u_super: 0.00010, sec: 7.719111442565918, t_ads: 10157.0,t_des: 11324.0
L: 0.60, u_super: 0.00010, sec: 7.719930171966553, t_ads: 10159.0,t_des: 11326.0
L: 0.60, u_super: 0.00010, sec: 7.718481063842773, t_ads: 10157.0,t_des: 11324.0
L: 0.60, u_super: 0.00010, sec: 7.7210235595703125, t_ads: 10158.0,t_des: 11325.0
L: 0.60, u_super: 0.00010, sec: 7.718498229980469, t_ads: 10157.0,t_des: 11324.0
L: 0.60, u_super: 0.00010, sec: 7.718489646911621, t_ads: 10157.0,t_des: 11324.0
L: 0.60, u_super: 0.00010, sec: 7.718611717224121, t_ads: 10157.0,t_des: 11324.0
    23 |      920 |  7.7185603619 |  7.7184667587
L: 0.60, u_super: 0.00010, sec: 7.721102714538574, t_ads: 10158.0,t_des: 11325.0
L: 0.60, u_super: 0.00010, sec: 7.721106052398682, t_ads: 10158.0,t_des: 11325.0
L: 0.60, u_super: 0.00010, sec: 7.718487739562988, t_ads: 10157.0,t_des: 11324.0
L: 0.60, u_super: 0.00010, sec: 7.721053123474121, t_ads: 10158.0,t_des: 11325.0
L: 0.60, u_super: 0.00010, sec: 7.718471527099609, t_ads: 10157.0,t_des: 11324.0
L: 0.60, u_super: 0.00010, sec: 7.718895435333252, t_ads: 10157.0,t_des: 11324.0
L: 0.60, u_super: 0.00010, sec: 7.718481063842773, t_ads: 10157.0,t_des: 11324.0
L: 0.60, u_super: 0.00010, sec: 7.721114635467529, t_ads: 10158.0,t_des: 11325.0
L: 0.60, u_super: 0.00010, sec: 7.718477249145508, t_ads: 10157.0,t_des: 11324.0
L: 0.60, u_super: 0.00010, sec: 7.7184739112854, t_ads: 10157.0,t_des: 11324.0
L: 0.60, u_super: 0.00010, sec: 7.7184739112854, t_ads: 10157.0,t_des: 11324.0
L: 0.69, u_super: 0.00010, sec: 8.56824016571045, t_ads: 11409.0,t_des: 12581.0
L: 0.60, u_super: 0.00010, sec: 7.719172477722168, t_ads: 10158.0,t_des: 11325.0
L: 0.60, u_super: 0.00010, sec: 7.7210307121276855, t_ads: 10158.0,t_des: 11325.0
L: 0.60, u_super: 0.00010, sec: 7.718673229217529, t_ads: 10157.0,t_des: 11324.0
L: 0.60, u_super: 0.00119, sec: 8786.17578125, t_ads: 2898.0,t_des: 89185.0
L: 0.60, u_super: 0.00010, sec: 7.718770980834961, t_ads: 10157.0,t_des: 11324.0
L: 0.60, u_super: 0.00010, sec: 7.718472003936768, t_ads: 10157.0,t_des: 11324.0
L: 0.60, u_super: 0.00010, sec: 7.718561172485352, t_ads: 10157.0,t_des: 11324.0
L: 0.60, u_super: 0.00010, sec: 7.718505859375, t_ads: 10157.0,t_des: 11324.0
L: 0.60, u_super: 0.00010, sec: 7.718487739562988, t_ads: 10157.0,t_des: 11324.0
L: 0.60, u_super: 0.00010, sec: 7.721111297607422, t_ads: 10158.0,t_des: 11325.0
L: 0.60, u_super: 0.00010, sec: 7.718499660491943, t_ads: 10157.0,t_des: 11324.0
L: 0.60, u_super: 0.00010, sec: 7.721083641052246, t_ads: 10158.0,t_des: 11325.0
L: 0.60, u_super: 0.00010, sec: 7.718783855438232, t_ads: 10157.0,t_des: 11324.0
L: 0.60, u_super: 0.00010, sec: 7.7184858322143555, t_ads: 10157.0,t_des: 11324.0
L: 0.60, u_super: 0.00010, sec: 7.7186150550842285, t_ads: 10157.0,t_des: 11324.0
L: 0.60, u_super: 0.00010, sec: 7.721114635467529, t_ads: 10158.0,t_des: 11325.0
L: 0.60, u_super: 0.00010, sec: 7.718476295471191, t_ads: 10157.0,t_des: 11324.0
L: 0.60, u_super: 0.00010, sec: 7.720974445343018, t_ads: 10158.0,t_des: 11325.0
L: 0.60, u_super: 0.00010, sec: 7.721106052398682, t_ads: 10158.0,t_des: 11325.0
L: 0.60, u_super: 0.00010, sec: 7.721106052398682, t_ads: 10158.0,t_des: 11325.0
L: 0.60, u_super: 0.00010, sec: 7.7184953689575195, t_ads: 10157.0,t_des: 11324.0
L: 0.60, u_super: 0.00010, sec: 7.721117973327637, t_ads: 10158.0,t_des: 11325.0
L: 0.60, u_super: 0.00010, sec: 7.718489646911621, t_ads: 10157.0,t_des: 11324.0
L: 0.60, u_super: 0.00010, sec: 7.718481063842773, t_ads: 10157.0,t_des: 11324.0
L: 0.60, u_super: 0.00010, sec: 7.718584060668945, t_ads: 10157.0,t_des: 11324.0
L: 0.60, u_super: 0.00010, sec: 7.718466758728027, t_ads: 10157.0,t_des: 11324.0
L: 0.60, u_super: 0.00010, sec: 7.718489646911621, t_ads: 10157.0,t_des: 11324.0
L: 0.60, u_super: 0.00010, sec: 7.721099853515625, t_ads: 10158.0,t_des: 11325.0
    24 |      960 |  7.7185223818 |  7.7184667587
L: 0.60, u_super: 0.00010, sec: 7.726396560668945, t_ads: 10168.0,t_des: 11335.0
L: 0.60, u_super: 0.00010, sec: 7.718472003936768, t_ads: 10157.0,t_des: 11324.0
L: 0.60, u_super: 0.00010, sec: 7.718487739562988, t_ads: 10157.0,t_des: 11324.0
L: 0.60, u_super: 0.00010, sec: 7.7190704345703125, t_ads: 10157.0,t_des: 11324.0
L: 0.60, u_super: 0.00010, sec: 7.718471527099609, t_ads: 10157.0,t_des: 11324.0
L: 0.60, u_super: 0.00010, sec: 7.718481063842773, t_ads: 10157.0,t_des: 11324.0
L: 0.60, u_super: 0.00010, sec: 7.718481063842773, t_ads: 10157.0,t_des: 11324.0
L: 0.60, u_super: 0.00010, sec: 7.718471527099609, t_ads: 10157.0,t_des: 11324.0
L: 0.60, u_super: 0.00010, sec: 7.721111297607422, t_ads: 10158.0,t_des: 11325.0
L: 0.60, u_super: 0.00010, sec: 7.7184739112854, t_ads: 10157.0,t_des: 11324.0
L: 0.60, u_super: 0.00010, sec: 7.721114635467529, t_ads: 10158.0,t_des: 11325.0
L: 0.60, u_super: 0.00010, sec: 7.718514442443848, t_ads: 10157.0,t_des: 11324.0
L: 0.60, u_super: 0.00010, sec: 7.718482494354248, t_ads: 10157.0,t_des: 11324.0
L: 0.60, u_super: 0.00010, sec: 7.718504428863525, t_ads: 10157.0,t_des: 11324.0
L: 0.60, u_super: 0.00010, sec: 7.718481063842773, t_ads: 10157.0,t_des: 11324.0
L: 0.60, u_super: 0.00010, sec: 7.718466758728027, t_ads: 10157.0,t_des: 11324.0
L: 0.60, u_super: 0.00010, sec: 7.718770980834961, t_ads: 10157.0,t_des: 11324.0
L: 0.60, u_super: 0.00010, sec: 7.718466758728027, t_ads: 10157.0,t_des: 11324.0
L: 0.60, u_super: 0.00010, sec: 7.721117973327637, t_ads: 10158.0,t_des: 11325.0
L: 0.60, u_super: 0.00010, sec: 7.721111297607422, t_ads: 10158.0,t_des: 11325.0
L: 0.60, u_super: 0.00010, sec: 7.721083641052246, t_ads: 10158.0,t_des: 11325.0
L: 0.60, u_super: 0.00010, sec: 7.718466758728027, t_ads: 10157.0,t_des: 11324.0
L: 0.60, u_super: 0.00010, sec: 7.721102714538574, t_ads: 10158.0,t_des: 11325.0
L: 0.60, u_super: 0.00010, sec: 7.718466758728027, t_ads: 10157.0,t_des: 11324.0
L: 0.60, u_super: 0.00010, sec: 7.718472003936768, t_ads: 10157.0,t_des: 11324.0
L: 0.60, u_super: 0.00010, sec: 7.7184858322143555, t_ads: 10157.0,t_des: 11324.0
L: 0.64, u_super: 0.00010, sec: 8.107218742370605, t_ads: 10724.0,t_des: 11892.0
L: 0.60, u_super: 0.00010, sec: 7.7184953689575195, t_ads: 10157.0,t_des: 11324.0
L: 0.60, u_super: 0.00049, sec: 1472.20361328125, t_ads: 3831.0,t_des: 89948.0
L: 0.60, u_super: 0.00010, sec: 7.721106052398682, t_ads: 10158.0,t_des: 11325.0
L: 0.60, u_super: 0.00010, sec: 7.721117973327637, t_ads: 10158.0,t_des: 11325.0
L: 0.60, u_super: 0.00010, sec: 7.72111701965332, t_ads: 10158.0,t_des: 11325.0
L: 0.60, u_super: 0.00010, sec: 7.718522548675537, t_ads: 10157.0,t_des: 11324.0
L: 0.60, u_super: 0.00010, sec: 7.719111442565918, t_ads: 10157.0,t_des: 11324.0
L: 0.60, u_super: 0.00010, sec: 7.718489646911621, t_ads: 10157.0,t_des: 11324.0
L: 0.60, u_super: 0.00010, sec: 7.718481063842773, t_ads: 10157.0,t_des: 11324.0
L: 0.60, u_super: 0.00010, sec: 7.718584060668945, t_ads: 10157.0,t_des: 11324.0
L: 0.60, u_super: 0.00010, sec: 7.718466758728027, t_ads: 10157.0,t_des: 11324.0
L: 0.60, u_super: 0.00101, sec: 6245.87646484375, t_ads: 3017.0,t_des: 89286.0
L: 0.60, u_super: 0.00010, sec: 7.718611717224121, t_ads: 10157.0,t_des: 11324.0
    25 |     1000 |  7.7185154438 |  7.7184667587
L: 0.60, u_super: 0.00010, sec: 7.719111442565918, t_ads: 10157.0,t_des: 11324.0
L: 0.60, u_super: 0.00010, sec: 7.718472003936768, t_ads: 10157.0,t_des: 11324.0
L: 0.60, u_super: 0.00010, sec: 7.721114635467529, t_ads: 10158.0,t_des: 11325.0
L: 0.60, u_super: 0.00010, sec: 7.718510150909424, t_ads: 10157.0,t_des: 11324.0
L: 0.60, u_super: 0.00010, sec: 7.721073150634766, t_ads: 10158.0,t_des: 11325.0
L: 0.60, u_super: 0.00010, sec: 7.721108436584473, t_ads: 10158.0,t_des: 11325.0
L: 0.60, u_super: 0.00010, sec: 7.718481063842773, t_ads: 10157.0,t_des: 11324.0
L: 0.60, u_super: 0.00010, sec: 7.718471527099609, t_ads: 10157.0,t_des: 11324.0
L: 0.60, u_super: 0.00010, sec: 7.718471527099609, t_ads: 10157.0,t_des: 11324.0
L: 0.60, u_super: 0.00010, sec: 7.718508720397949, t_ads: 10157.0,t_des: 11324.0
L: 0.60, u_super: 0.00059, sec: 2135.337646484375, t_ads: 3560.0,t_des: 89758.0
L: 0.60, u_super: 0.00010, sec: 7.718466758728027, t_ads: 10157.0,t_des: 11324.0
L: 0.60, u_super: 0.00010, sec: 7.718482494354248, t_ads: 10157.0,t_des: 11324.0
L: 0.60, u_super: 0.00010, sec: 7.718487739562988, t_ads: 10157.0,t_des: 11324.0
L: 0.60, u_super: 0.00010, sec: 7.718466758728027, t_ads: 10157.0,t_des: 11324.0
L: 0.60, u_super: 0.00010, sec: 7.718466758728027, t_ads: 10157.0,t_des: 11324.0
L: 0.60, u_super: 0.00010, sec: 7.718770980834961, t_ads: 10157.0,t_des: 11324.0
L: 0.60, u_super: 0.00010, sec: 7.721117973327637, t_ads: 10158.0,t_des: 11325.0
L: 0.60, u_super: 0.00010, sec: 7.718596935272217, t_ads: 10157.0,t_des: 11324.0
L: 0.60, u_super: 0.00010, sec: 7.721106052398682, t_ads: 10158.0,t_des: 11325.0
L: 0.60, u_super: 0.00010, sec: 7.721105098724365, t_ads: 10158.0,t_des: 11325.0
L: 0.60, u_super: 0.00010, sec: 7.718466758728027, t_ads: 10157.0,t_des: 11324.0
L: 0.60, u_super: 0.00010, sec: 7.718477249145508, t_ads: 10157.0,t_des: 11324.0
L: 0.60, u_super: 0.00010, sec: 7.721117973327637, t_ads: 10158.0,t_des: 11325.0
L: 0.60, u_super: 0.00010, sec: 7.718480110168457, t_ads: 10157.0,t_des: 11324.0
L: 0.60, u_super: 0.00010, sec: 7.718489646911621, t_ads: 10157.0,t_des: 11324.0
L: 0.60, u_super: 0.00010, sec: 7.720800876617432, t_ads: 10158.0,t_des: 11325.0
L: 0.60, u_super: 0.00010, sec: 7.718522548675537, t_ads: 10157.0,t_des: 11324.0
L: 0.60, u_super: 0.00010, sec: 7.720966339111328, t_ads: 10158.0,t_des: 11325.0
L: 0.60, u_super: 0.00010, sec: 7.718481063842773, t_ads: 10157.0,t_des: 11324.0
L: 0.60, u_super: 0.00010, sec: 7.719764232635498, t_ads: 10157.0,t_des: 11324.0
L: 0.60, u_super: 0.00010, sec: 7.718471527099609, t_ads: 10157.0,t_des: 11324.0
L: 0.60, u_super: 0.00010, sec: 7.7184953689575195, t_ads: 10157.0,t_des: 11324.0
L: 0.60, u_super: 0.00010, sec: 7.71954345703125, t_ads: 10157.0,t_des: 11324.0
L: 0.60, u_super: 0.00010, sec: 7.721106052398682, t_ads: 10158.0,t_des: 11325.0
L: 0.60, u_super: 0.00010, sec: 7.718471527099609, t_ads: 10157.0,t_des: 11324.0
L: 0.60, u_super: 0.00010, sec: 7.718584060668945, t_ads: 10157.0,t_des: 11324.0
L: 0.60, u_super: 0.00010, sec: 7.719456672668457, t_ads: 10157.0,t_des: 11324.0
L: 0.60, u_super: 0.00010, sec: 7.718489646911621, t_ads: 10157.0,t_des: 11324.0
L: 0.60, u_super: 0.00010, sec: 7.718611717224121, t_ads: 10157.0,t_des: 11324.0
    26 |     1040 |  7.7185125947 |  7.7184667587
L: 0.60, u_super: 0.00010, sec: 7.718538761138916, t_ads: 10157.0,t_des: 11324.0
