L: 1.32, u_super: 0.00941, bed_util: 0.2153, sec: 1722293.875, t_ads: 717.0,t_des: 103423.0
L: 1.93, u_super: 0.00316, bed_util: 0.4387, sec: 89193.938, t_ads: 2534.0,t_des: 110816.0
L: 1.76, u_super: 0.00411, bed_util: 0.5397, sec: 125579.984, t_ads: 3327.0,t_des: 112709.0
L: 0.64, u_super: 0.00748, bed_util: 0.5305, sec: 440318.000, t_ads: 2694.0,t_des: 111973.0
L: 1.06, u_super: 0.00783, bed_util: 0.3426, sec: 739551.500, t_ads: 1313.0,t_des: 108181.0
L: 1.23, u_super: 0.00141, bed_util: 0.4225, sec: 18136.861, t_ads: 2715.0,t_des: 110619.0
L: 0.88, u_super: 0.00267, bed_util: 0.7003, sec: 41018.906, t_ads: 6044.0,t_des: 116415.0
L: 0.99, u_super: 0.00485, bed_util: 0.8846, sec: 121937.688, t_ads: 18169.0,t_des: 129195.0
L: 1.95, u_super: 0.00720, bed_util: 0.5330, sec: 405660.125, t_ads: 3003.0,t_des: 112319.0
L: 0.99, u_super: 0.00167, bed_util: 0.8759, sec: 14029.044, t_ads: 18128.0,t_des: 129219.0
L: 1.32, u_super: 0.00124, bed_util: 0.5988, sec: 10007.743, t_ads: 5294.0,t_des: 115193.0
L: 1.69, u_super: 0.00611, bed_util: 0.8338, sec: 198696.375, t_ads: 12266.0,t_des: 123151.0
L: 0.66, u_super: 0.00528, bed_util: 0.4675, sec: 240447.750, t_ads: 2155.0,t_des: 110850.0
L: 0.69, u_super: 0.00639, bed_util: 0.7821, sec: 225126.859, t_ads: 8445.0,t_des: 119113.0
L: 1.43, u_super: 0.00265, bed_util: 0.7719, sec: 37572.578, t_ads: 9109.0,t_des: 119832.0
L: 1.31, u_super: 0.00511, bed_util: 0.7024, sec: 154389.359, t_ads: 5936.0,t_des: 116303.0
L: 0.81, u_super: 0.00813, bed_util: 0.6466, sec: 436371.844, t_ads: 4350.0,t_des: 114406.0
L: 1.70, u_super: 0.00198, bed_util: 0.7419, sec: 21518.629, t_ads: 8624.0,t_des: 119301.0
L: 0.87, u_super: 0.00090, bed_util: 0.7842, sec: 4223.097, t_ads: 10849.0,t_des: 121734.0
L: 1.81, u_super: 0.00869, bed_util: 0.4775, sec: 667724.812, t_ads: 2354.0,t_des: 111155.0
L: 0.98, u_super: 0.00017, bed_util: 0.6166, sec: 24.924, t_ads: 14322.0,t_des: 15972.0
L: 1.61, u_super: 0.00829, bed_util: 0.3255, sec: 877074.625, t_ads: 1275.0,t_des: 107747.0
L: 0.90, u_super: 0.00637, bed_util: 0.7440, sec: 232215.594, t_ads: 6952.0,t_des: 117478.0
L: 1.95, u_super: 0.00158, bed_util: 0.4858, sec: 19848.609, t_ads: 3880.0,t_des: 112590.0
L: 1.85, u_super: 0.00424, bed_util: 0.5716, sec: 127051.344, t_ads: 3758.0,t_des: 113390.0
L: 0.63, u_super: 0.00670, bed_util: 0.8353, sec: 239614.109, t_ads: 11816.0,t_des: 122667.0
L: 1.76, u_super: 0.00878, bed_util: 0.6283, sec: 527071.188, t_ads: 4216.0,t_des: 114186.0
L: 0.94, u_super: 0.00763, bed_util: 0.2693, sec: 888241.125, t_ads: 934.0,t_des: 105925.0
L: 1.76, u_super: 0.00071, bed_util: 0.7604, sec: 2819.872, t_ads: 13324.0,t_des: 125014.0
L: 0.83, u_super: 0.00378, bed_util: 0.3534, sec: 158365.484, t_ads: 1459.0,t_des: 108501.0
L: 1.57, u_super: 0.00185, bed_util: 0.4170, sec: 31637.955, t_ads: 2633.0,t_des: 110459.0
L: 0.61, u_super: 0.00267, bed_util: 0.4370, sec: 63532.758, t_ads: 2040.0,t_des: 110381.0
L: 0.75, u_super: 0.00630, bed_util: 0.4043, sec: 400036.250, t_ads: 1674.0,t_des: 109593.0
L: 1.62, u_super: 0.00651, bed_util: 0.4450, sec: 389826.812, t_ads: 2130.0,t_des: 110567.0
L: 1.81, u_super: 0.00629, bed_util: 0.7482, sec: 226668.875, t_ads: 7469.0,t_des: 118042.0
L: 1.08, u_super: 0.00543, bed_util: 0.2570, sec: 456838.938, t_ads: 937.0,t_des: 105386.0
L: 1.99, u_super: 0.00248, bed_util: 0.3055, sec: 77155.648, t_ads: 1719.0,t_des: 106563.0
L: 0.70, u_super: 0.00263, bed_util: 0.7105, sec: 39120.363, t_ads: 6184.0,t_des: 116590.0
L: 1.58, u_super: 0.00136, bed_util: 0.4010, sec: 17645.020, t_ads: 2858.0,t_des: 109996.0
L: 1.19, u_super: 0.00662, bed_util: 0.4647, sec: 386756.938, t_ads: 2205.0,t_des: 110871.0
=================================================
n_gen  |  n_eval  |     f_avg     |     f_min    
=================================================
     1 |       40 |  2.718836E+05 |  2.492417E+01
L: 0.71, u_super: 0.00011, bed_util: 0.2153, sec: 12.148, t_ads: 4937.0,t_des: 5717.0
L: 0.96, u_super: 0.00302, bed_util: 0.4226, sec: 84096.328, t_ads: 2040.0,t_des: 110179.0
L: 1.76, u_super: 0.00014, bed_util: 0.5397, sec: 28.684, t_ads: 22975.0,t_des: 24421.0
L: 0.89, u_super: 0.00013, bed_util: 0.5305, sec: 15.758, t_ads: 13094.0,t_des: 14423.0
L: 1.06, u_super: 0.00783, bed_util: 0.4213, sec: 604268.812, t_ads: 1811.0,t_des: 109960.0
L: 1.23, u_super: 0.00141, bed_util: 0.6642, sec: 11941.270, t_ads: 6280.0,t_des: 116573.0
L: 0.88, u_super: 0.00015, bed_util: 0.7003, sec: 20.889, t_ads: 18247.0,t_des: 20421.0
L: 0.99, u_super: 0.00253, bed_util: 0.5759, sec: 43955.020, t_ads: 3742.0,t_des: 113400.0
L: 1.95, u_super: 0.00017, bed_util: 0.5330, sec: 38.646, t_ads: 21044.0,t_des: 22456.0
L: 0.99, u_super: 0.00011, bed_util: 0.8759, sec: 72.723, t_ads: 43913.0,t_des: 163979.0
L: 1.33, u_super: 0.00124, bed_util: 0.5988, sec: 10007.881, t_ads: 5300.0,t_des: 115200.0
L: 1.69, u_super: 0.00267, bed_util: 0.7881, sec: 37787.020, t_ads: 10178.0,t_des: 120985.0
L: 1.11, u_super: 0.00528, bed_util: 0.4675, sec: 240682.078, t_ads: 2270.0,t_des: 110965.0
L: 1.26, u_super: 0.00639, bed_util: 0.7821, sec: 225628.156, t_ads: 8692.0,t_des: 119379.0
L: 1.43, u_super: 0.00014, bed_util: 0.7719, sec: 29.805, t_ads: 32083.0,t_des: 34570.0
L: 1.31, u_super: 0.00511, bed_util: 0.4476, sec: 234358.984, t_ads: 2162.0,t_des: 110629.0
L: 0.73, u_super: 0.00813, bed_util: 0.6466, sec: 436293.812, t_ads: 4331.0,t_des: 114385.0
L: 1.70, u_super: 0.00198, bed_util: 0.6278, sec: 24748.664, t_ads: 5459.0,t_des: 115531.0
L: 0.87, u_super: 0.00090, bed_util: 0.5278, sec: 5914.264, t_ads: 4014.0,t_des: 113290.0
L: 1.81, u_super: 0.00189, bed_util: 0.4775, sec: 28977.686, t_ads: 3387.0,t_des: 112086.0
L: 0.98, u_super: 0.00017, bed_util: 0.6328, sec: 25.304, t_ads: 14911.0,t_des: 16642.0
L: 1.14, u_super: 0.00829, bed_util: 0.4988, sec: 579095.375, t_ads: 2452.0,t_des: 111459.0
L: 0.90, u_super: 0.00012, bed_util: 0.7440, sec: 16.646, t_ads: 24229.0,t_des: 26604.0
L: 1.25, u_super: 0.00158, bed_util: 0.6030, sec: 16165.881, t_ads: 4871.0,t_des: 114768.0
L: 0.93, u_super: 0.00037, bed_util: 0.5716, sec: 926.791, t_ads: 7297.0,t_des: 116669.0
L: 0.63, u_super: 0.00670, bed_util: 0.6671, sec: 282784.469, t_ads: 4745.0,t_des: 114908.0
L: 1.76, u_super: 0.00878, bed_util: 0.5731, sec: 573677.750, t_ads: 3381.0,t_des: 112996.0
L: 0.64, u_super: 0.00763, bed_util: 0.2693, sec: 888438.312, t_ads: 902.0,t_des: 105937.0
L: 1.15, u_super: 0.00071, bed_util: 0.5328, sec: 3723.081, t_ads: 5096.0,t_des: 114322.0
L: 0.83, u_super: 0.00011, bed_util: 0.3534, sec: 11.428, t_ads: 9537.0,t_des: 10556.0
L: 0.88, u_super: 0.00185, bed_util: 0.4170, sec: 31559.344, t_ads: 2187.0,t_des: 110202.0
L: 0.61, u_super: 0.00267, bed_util: 0.4644, sec: 59906.840, t_ads: 2265.0,t_des: 110926.0
L: 0.75, u_super: 0.00630, bed_util: 0.8988, sec: 210246.203, t_ads: 20645.0,t_des: 131693.0
L: 1.62, u_super: 0.00013, bed_util: 0.4450, sec: 24.865, t_ads: 18115.0,t_des: 19391.0
L: 1.81, u_super: 0.00400, bed_util: 0.7482, sec: 89009.875, t_ads: 7879.0,t_des: 118488.0
L: 0.86, u_super: 0.00543, bed_util: 0.2570, sec: 456770.875, t_ads: 906.0,t_des: 105426.0
L: 1.99, u_super: 0.00248, bed_util: 0.8779, sec: 31409.799, t_ads: 19161.0,t_des: 130323.0
L: 0.70, u_super: 0.00263, bed_util: 0.7015, sec: 39540.707, t_ads: 5933.0,t_des: 116297.0
L: 1.33, u_super: 0.00136, bed_util: 0.4010, sec: 17653.051, t_ads: 2645.0,t_des: 110036.0
L: 1.19, u_super: 0.00662, bed_util: 0.6302, sec: 290340.844, t_ads: 4210.0,t_des: 114187.0
     2 |       80 |  1.345818E+05 |  1.142812E+01
L: 0.71, u_super: 0.00011, bed_util: 0.2747, sec: 11.467, t_ads: 6171.0,t_des: 7033.0
L: 0.96, u_super: 0.00302, bed_util: 0.3964, sec: 89479.547, t_ads: 1846.0,t_des: 109600.0
L: 1.01, u_super: 0.00010, bed_util: 0.5397, sec: 13.058, t_ads: 18009.0,t_des: 19395.0
L: 0.89, u_super: 0.00013, bed_util: 0.3157, sec: 15.828, t_ads: 7467.0,t_des: 8400.0
L: 1.06, u_super: 0.00010, bed_util: 0.4213, sec: 13.167, t_ads: 14649.0,t_des: 15838.0
L: 1.23, u_super: 0.00010, bed_util: 0.3135, sec: 15.843, t_ads: 12275.0,t_des: 13363.0
L: 0.88, u_super: 0.00015, bed_util: 0.4430, sec: 17.813, t_ads: 9674.0,t_des: 10798.0
L: 0.99, u_super: 0.00253, bed_util: 0.2994, sec: 82389.695, t_ads: 1311.0,t_des: 106889.0
L: 1.93, u_super: 0.00469, bed_util: 0.5330, sec: 166502.125, t_ads: 3221.0,t_des: 112546.0
L: 0.62, u_super: 0.00011, bed_util: 0.8759, sec: 66.451, t_ads: 33971.0,t_des: 149835.0
L: 1.32, u_super: 0.00010, bed_util: 0.5988, sec: 16.155, t_ads: 26401.0,t_des: 27986.0
L: 1.69, u_super: 0.00068, bed_util: 0.7881, sec: 2488.563, t_ads: 15001.0,t_des: 126887.0
L: 0.66, u_super: 0.00073, bed_util: 0.4675, sec: 4349.211, t_ads: 3195.0,t_des: 111778.0
L: 0.69, u_super: 0.00132, bed_util: 0.7821, sec: 9054.528, t_ads: 9563.0,t_des: 120321.0
L: 1.43, u_super: 0.00014, bed_util: 0.2319, sec: 27.278, t_ads: 7969.0,t_des: 8899.0
L: 1.29, u_super: 0.00511, bed_util: 0.7024, sec: 154377.156, t_ads: 5926.0,t_des: 116292.0
L: 1.01, u_super: 0.00813, bed_util: 0.6466, sec: 436582.031, t_ads: 4400.0,t_des: 114460.0
L: 1.70, u_super: 0.00198, bed_util: 0.5707, sec: 26981.742, t_ads: 4460.0,t_des: 114122.0
L: 0.76, u_super: 0.00010, bed_util: 0.7842, sec: 13.760, t_ads: 26489.0,t_des: 29589.0
L: 1.81, u_super: 0.00010, bed_util: 0.4775, sec: 20.539, t_ads: 27154.0,t_des: 28606.0
L: 0.98, u_super: 0.00017, bed_util: 0.2096, sec: 25.723, t_ads: 4489.0,t_des: 5242.0
L: 1.00, u_super: 0.00064, bed_util: 0.4988, sec: 3150.585, t_ads: 4526.0,t_des: 113260.0
L: 0.90, u_super: 0.00012, bed_util: 0.2311, sec: 15.121, t_ads: 6194.0,t_des: 7042.0
L: 1.25, u_super: 0.00158, bed_util: 0.4287, sec: 22249.953, t_ads: 2672.0,t_des: 110729.0
L: 0.81, u_super: 0.00037, bed_util: 0.5716, sec: 924.263, t_ads: 6739.0,t_des: 116353.0
L: 0.63, u_super: 0.00670, bed_util: 0.5801, sec: 321092.469, t_ads: 3297.0,t_des: 112946.0
L: 1.76, u_super: 0.00010, bed_util: 0.6283, sec: 20.445, t_ads: 36307.0,t_des: 38040.0
L: 0.94, u_super: 0.00763, bed_util: 0.2780, sec: 860800.625, t_ads: 974.0,t_des: 106243.0
L: 1.76, u_super: 0.00071, bed_util: 0.2370, sec: 254.428, t_ads: 2541.0,t_des: 3312.0
L: 0.83, u_super: 0.00103, bed_util: 0.3534, sec: 11331.988, t_ads: 2062.0,t_des: 108528.0
L: 0.77, u_super: 0.00185, bed_util: 0.4170, sec: 31546.490, t_ads: 2110.0,t_des: 110145.0
L: 0.61, u_super: 0.00267, bed_util: 0.4304, sec: 64474.367, t_ads: 1989.0,t_des: 110246.0
L: 0.75, u_super: 0.00010, bed_util: 0.8988, sec: 60.451, t_ads: 44885.0,t_des: 163068.0
L: 1.39, u_super: 0.00013, bed_util: 0.4450, sec: 21.857, t_ads: 15811.0,t_des: 17042.0
L: 1.81, u_super: 0.00090, bed_util: 0.7482, sec: 4481.670, t_ads: 11642.0,t_des: 122912.0
L: 0.86, u_super: 0.00010, bed_util: 0.2570, sec: 12.245, t_ads: 7260.0,t_des: 8161.0
L: 1.99, u_super: 0.00085, bed_util: 0.2761, sec: 350.107, t_ads: 2850.0,t_des: 3815.0
L: 0.68, u_super: 0.00263, bed_util: 0.7105, sec: 39113.551, t_ads: 6161.0,t_des: 116565.0
L: 1.58, u_super: 0.00010, bed_util: 0.4010, sec: 18.632, t_ads: 19862.0,t_des: 21155.0
L: 1.19, u_super: 0.00030, bed_util: 0.6302, sec: 67.025, t_ads: 11295.0,t_des: 13712.0
     3 |      120 |  5.032410E+04 |  1.142812E+01
L: 1.01, u_super: 0.00011, bed_util: 0.2747, sec: 15.187, t_ads: 8363.0,t_des: 9312.0
L: 0.96, u_super: 0.00011, bed_util: 0.3815, sec: 12.711, t_ads: 11752.0,t_des: 12848.0
L: 1.01, u_super: 0.00011, bed_util: 0.5397, sec: 13.676, t_ads: 17435.0,t_des: 18815.0
L: 0.89, u_super: 0.00010, bed_util: 0.5305, sec: 11.570, t_ads: 16072.0,t_des: 17420.0
L: 1.07, u_super: 0.00010, bed_util: 0.4213, sec: 13.279, t_ads: 14785.0,t_des: 15977.0
L: 1.23, u_super: 0.00027, bed_util: 0.3135, sec: 51.123, t_ads: 5311.0,t_des: 6182.0
L: 0.88, u_super: 0.00010, bed_util: 0.4430, sec: 11.614, t_ads: 12942.0,t_des: 14116.0
L: 0.99, u_super: 0.00253, bed_util: 0.3157, sec: 78285.445, t_ads: 1403.0,t_des: 107445.0
L: 1.95, u_super: 0.00132, bed_util: 0.5330, sec: 12794.277, t_ads: 4883.0,t_des: 114148.0
L: 0.62, u_super: 0.00010, bed_util: 0.2258, sec: 9.232, t_ads: 5034.0,t_des: 5822.0
L: 1.32, u_super: 0.00010, bed_util: 0.3377, sec: 16.259, t_ads: 14292.0,t_des: 15441.0
L: 1.69, u_super: 0.00010, bed_util: 0.3016, sec: 20.749, t_ads: 15860.0,t_des: 17054.0
L: 0.66, u_super: 0.00200, bed_util: 0.4675, sec: 33053.887, t_ads: 2425.0,t_des: 111115.0
L: 0.69, u_super: 0.00132, bed_util: 0.6090, sec: 11137.108, t_ads: 4482.0,t_des: 114383.0
L: 1.43, u_super: 0.00014, bed_util: 0.1125, sec: 35.391, t_ads: 4312.0,t_des: 5044.0
L: 1.29, u_super: 0.00011, bed_util: 0.1549, sec: 20.018, t_ads: 6675.0,t_des: 7553.0
L: 0.73, u_super: 0.00010, bed_util: 0.6466, sec: 10.502, t_ads: 18126.0,t_des: 19852.0
L: 0.63, u_super: 0.00198, bed_util: 0.7419, sec: 21260.055, t_ads: 7313.0,t_des: 117867.0
L: 0.76, u_super: 0.00010, bed_util: 0.7842, sec: 13.247, t_ads: 26922.0,t_des: 29946.0
L: 1.81, u_super: 0.00010, bed_util: 0.5133, sec: 20.583, t_ads: 29337.0,t_des: 30842.0
L: 1.04, u_super: 0.00017, bed_util: 0.6166, sec: 25.872, t_ads: 14951.0,t_des: 16581.0
L: 1.00, u_super: 0.00337, bed_util: 0.4988, sec: 89926.523, t_ads: 2679.0,t_des: 111692.0
L: 1.21, u_super: 0.00012, bed_util: 0.5853, sec: 17.970, t_ads: 20869.0,t_des: 22376.0
L: 1.25, u_super: 0.00158, bed_util: 0.5390, sec: 17923.826, t_ads: 3894.0,t_des: 113282.0
L: 0.81, u_super: 0.00037, bed_util: 0.5168, sec: 1005.324, t_ads: 5746.0,t_des: 113993.0
L: 0.63, u_super: 0.00010, bed_util: 0.8353, sec: 62.972, t_ads: 28639.0,t_des: 144599.0
L: 0.78, u_super: 0.00010, bed_util: 0.3259, sec: 10.369, t_ads: 8730.0,t_des: 9709.0
L: 0.89, u_super: 0.00010, bed_util: 0.2780, sec: 11.783, t_ads: 8383.0,t_des: 9333.0
L: 1.76, u_super: 0.00010, bed_util: 0.2370, sec: 22.424, t_ads: 13280.0,t_des: 14410.0
L: 0.74, u_super: 0.00011, bed_util: 0.3534, sec: 10.446, t_ads: 8661.0,t_des: 9656.0
L: 0.77, u_super: 0.00185, bed_util: 0.3345, sec: 39053.297, t_ads: 1537.0,t_des: 108034.0
L: 0.61, u_super: 0.00010, bed_util: 0.5031, sec: 8.431, t_ads: 11286.0,t_des: 12544.0
L: 0.74, u_super: 0.00011, bed_util: 0.8988, sec: 65.857, t_ads: 43422.0,t_des: 161016.0
L: 1.30, u_super: 0.00013, bed_util: 0.4450, sec: 20.797, t_ads: 14993.0,t_des: 16208.0
L: 1.10, u_super: 0.00090, bed_util: 0.7482, sec: 4396.586, t_ads: 9756.0,t_des: 120579.0
L: 0.76, u_super: 0.00010, bed_util: 0.2570, sec: 11.030, t_ads: 6644.0,t_des: 7518.0
L: 1.99, u_super: 0.00070, bed_util: 0.2115, sec: 271.216, t_ads: 2535.0,t_des: 3212.0
L: 0.70, u_super: 0.00263, bed_util: 0.7105, sec: 39121.703, t_ads: 6184.0,t_des: 116590.0
L: 1.58, u_super: 0.00010, bed_util: 0.3166, sec: 19.126, t_ads: 15751.0,t_des: 16941.0
L: 0.63, u_super: 0.00410, bed_util: 0.6302, sec: 107804.180, t_ads: 4162.0,t_des: 114135.0
     4 |      160 |  4.369940E+03 |  8.4306516647
L: 0.92, u_super: 0.00011, bed_util: 0.2747, sec: 13.977, t_ads: 7648.0,t_des: 8569.0
L: 0.66, u_super: 0.00011, bed_util: 0.3815, sec: 9.446, t_ads: 8523.0,t_des: 9542.0
L: 0.61, u_super: 0.00010, bed_util: 0.5397, sec: 8.514, t_ads: 12323.0,t_des: 13680.0
L: 0.75, u_super: 0.00010, bed_util: 0.5305, sec: 10.189, t_ads: 14021.0,t_des: 15353.0
L: 1.06, u_super: 0.00010, bed_util: 0.4148, sec: 13.155, t_ads: 14416.0,t_des: 15596.0
L: 1.23, u_super: 0.00010, bed_util: 0.7233, sec: 16.951, t_ads: 32184.0,t_des: 34251.0
L: 0.88, u_super: 0.00013, bed_util: 0.4430, sec: 15.536, t_ads: 10574.0,t_des: 11709.0
L: 0.73, u_super: 0.00253, bed_util: 0.5759, sec: 43880.438, t_ads: 3566.0,t_des: 113212.0
L: 0.60, u_super: 0.00017, bed_util: 0.5330, sec: 17.129, t_ads: 8330.0,t_des: 9925.0
L: 0.62, u_super: 0.00010, bed_util: 0.4033, sec: 8.433, t_ads: 8857.0,t_des: 9909.0
L: 1.32, u_super: 0.00010, bed_util: 0.2096, sec: 17.541, t_ads: 9290.0,t_des: 10280.0
L: 1.69, u_super: 0.00010, bed_util: 0.2992, sec: 20.087, t_ads: 16145.0,t_des: 17348.0
L: 0.84, u_super: 0.00073, bed_util: 0.4675, sec: 4358.635, t_ads: 3546.0,t_des: 112020.0
L: 0.65, u_super: 0.00238, bed_util: 0.7821, sec: 29872.686, t_ads: 8899.0,t_des: 119602.0
L: 1.15, u_super: 0.00014, bed_util: 0.2319, sec: 22.782, t_ads: 6554.0,t_des: 7419.0
L: 1.29, u_super: 0.00010, bed_util: 0.1549, sec: 18.934, t_ads: 6983.0,t_des: 7877.0
L: 0.68, u_super: 0.00010, bed_util: 0.6466, sec: 10.027, t_ads: 17256.0,t_des: 18999.0
L: 0.63, u_super: 0.00198, bed_util: 0.5146, sec: 29493.570, t_ads: 2875.0,t_des: 112035.0
L: 0.75, u_super: 0.00010, bed_util: 0.7842, sec: 13.133, t_ads: 26644.0,t_des: 29715.0
L: 1.81, u_super: 0.00010, bed_util: 0.6897, sec: 21.553, t_ads: 41966.0,t_des: 43904.0
L: 0.98, u_super: 0.00017, bed_util: 0.4178, sec: 23.047, t_ads: 8784.0,t_des: 9857.0
L: 1.00, u_super: 0.00011, bed_util: 0.4988, sec: 14.411, t_ads: 15126.0,t_des: 16408.0
L: 0.60, u_super: 0.00012, bed_util: 0.2311, sec: 11.069, t_ads: 4391.0,t_des: 5150.0
L: 1.25, u_super: 0.00010, bed_util: 0.6030, sec: 15.545, t_ads: 25222.0,t_des: 26806.0
L: 0.81, u_super: 0.00010, bed_util: 0.5716, sec: 10.596, t_ads: 16630.0,t_des: 18077.0
L: 0.63, u_super: 0.00133, bed_util: 0.8353, sec: 8880.688, t_ads: 13010.0,t_des: 123945.0
L: 0.78, u_super: 0.00010, bed_util: 0.3259, sec: 10.905, t_ads: 8419.0,t_des: 9388.0
L: 0.89, u_super: 0.00010, bed_util: 0.2270, sec: 12.323, t_ads: 6955.0,t_des: 7839.0
L: 1.76, u_super: 0.00010, bed_util: 0.2370, sec: 21.935, t_ads: 13529.0,t_des: 14667.0
L: 0.60, u_super: 0.00011, bed_util: 0.3534, sec: 8.881, t_ads: 7237.0,t_des: 8196.0
L: 0.77, u_super: 0.00010, bed_util: 0.4170, sec: 9.973, t_ads: 10997.0,t_des: 12106.0
L: 0.61, u_super: 0.00010, bed_util: 0.5031, sec: 8.428, t_ads: 11287.0,t_des: 12545.0
L: 0.75, u_super: 0.00010, bed_util: 0.5866, sec: 10.134, t_ads: 16184.0,t_des: 17675.0
L: 0.82, u_super: 0.00013, bed_util: 0.4450, sec: 14.373, t_ads: 10064.0,t_des: 11196.0
L: 0.61, u_super: 0.00090, bed_util: 0.7482, sec: 4341.990, t_ads: 8425.0,t_des: 119084.0
L: 0.76, u_super: 0.00010, bed_util: 0.4172, sec: 10.350, t_ads: 10722.0,t_des: 11825.0
L: 0.61, u_super: 0.00070, bed_util: 0.2115, sec: 8150.779, t_ads: 1189.0,t_des: 96329.0
L: 0.62, u_super: 0.00263, bed_util: 0.7105, sec: 39093.785, t_ads: 6109.0,t_des: 116509.0
L: 1.58, u_super: 0.00010, bed_util: 0.6666, sec: 19.262, t_ads: 35315.0,t_des: 37140.0
L: 1.02, u_super: 0.00030, bed_util: 0.6302, sec: 585.089, t_ads: 10240.0,t_des: 119572.0
     5 |      200 |  3.070205E+03 |  8.4282789230
L: 0.60, u_super: 0.00011, bed_util: 0.2747, sec: 10.090, t_ads: 5357.0,t_des: 6188.0
L: 0.66, u_super: 0.00011, bed_util: 0.5300, sec: 9.616, t_ads: 12376.0,t_des: 13704.0
L: 0.60, u_super: 0.00010, bed_util: 0.5397, sec: 8.477, t_ads: 12230.0,t_des: 13587.0
L: 0.83, u_super: 0.00010, bed_util: 0.4945, sec: 10.949, t_ads: 14078.0,t_des: 15340.0
L: 0.65, u_super: 0.00010, bed_util: 0.4148, sec: 8.872, t_ads: 9416.0,t_des: 10493.0
L: 0.61, u_super: 0.00132, bed_util: 0.3135, sec: 20924.564, t_ads: 1455.0,t_des: 107345.0
L: 0.88, u_super: 0.00010, bed_util: 0.4430, sec: 11.108, t_ads: 13348.0,t_des: 14530.0
L: 0.68, u_super: 0.00010, bed_util: 0.2484, sec: 9.699, t_ads: 6011.0,t_des: 6855.0
L: 0.60, u_super: 0.00017, bed_util: 0.4762, sec: 16.452, t_ads: 7168.0,t_des: 8484.0
L: 0.68, u_super: 0.00010, bed_util: 0.4033, sec: 9.075, t_ads: 9613.0,t_des: 10679.0
L: 1.32, u_super: 0.00071, bed_util: 0.7374, sec: 2782.551, t_ads: 10815.0,t_des: 121919.0
L: 0.61, u_super: 0.00013, bed_util: 0.2992, sec: 12.172, t_ads: 5119.0,t_des: 5968.0
L: 0.60, u_super: 0.00073, bed_util: 0.4675, sec: 4346.024, t_ads: 3096.0,t_des: 111702.0
L: 0.60, u_super: 0.00011, bed_util: 0.7821, sec: 65.598, t_ads: 22469.0,t_des: 137323.0
L: 1.15, u_super: 0.00014, bed_util: 0.6907, sec: 23.168, t_ads: 22026.0,t_des: 23956.0
L: 1.29, u_super: 0.00010, bed_util: 0.3195, sec: 15.740, t_ads: 13435.0,t_des: 14559.0
L: 0.68, u_super: 0.00010, bed_util: 0.5342, sec: 9.388, t_ads: 13227.0,t_des: 14565.0
L: 0.60, u_super: 0.00198, bed_util: 0.7419, sec: 21253.689, t_ads: 7278.0,t_des: 117829.0
L: 0.75, u_super: 0.00010, bed_util: 0.4709, sec: 10.045, t_ads: 12187.0,t_des: 13387.0
L: 0.60, u_super: 0.00010, bed_util: 0.5112, sec: 8.459, t_ads: 11343.0,t_des: 12622.0
L: 1.20, u_super: 0.00017, bed_util: 0.4178, sec: 26.834, t_ads: 10385.0,t_des: 11483.0
L: 0.60, u_super: 0.00011, bed_util: 0.4988, sec: 9.884, t_ads: 10003.0,t_des: 11258.0
L: 0.60, u_super: 0.00012, bed_util: 0.6955, sec: 12.417, t_ads: 16057.0,t_des: 18495.0
L: 0.60, u_super: 0.00010, bed_util: 0.5988, sec: 9.005, t_ads: 13862.0,t_des: 15429.0
L: 0.61, u_super: 0.00010, bed_util: 0.5716, sec: 8.649, t_ads: 13258.0,t_des: 14716.0
L: 0.63, u_super: 0.00072, bed_util: 0.8353, sec: 2635.745, t_ads: 14221.0,t_des: 125268.0
L: 0.74, u_super: 0.00010, bed_util: 0.3365, sec: 9.857, t_ads: 8566.0,t_des: 9546.0
L: 0.89, u_super: 0.00010, bed_util: 0.7185, sec: 12.729, t_ads: 25256.0,t_des: 27338.0
L: 1.75, u_super: 0.00010, bed_util: 0.5249, sec: 19.841, t_ads: 29340.0,t_des: 30854.0
L: 0.60, u_super: 0.00011, bed_util: 0.4513, sec: 8.822, t_ads: 9419.0,t_des: 10558.0
L: 0.77, u_super: 0.00010, bed_util: 0.4170, sec: 9.905, t_ads: 11051.0,t_des: 12161.0
L: 0.60, u_super: 0.00010, bed_util: 0.5750, sec: 8.639, t_ads: 13296.0,t_des: 14767.0
L: 0.75, u_super: 0.00010, bed_util: 0.2379, sec: 10.587, t_ads: 6248.0,t_des: 7100.0
L: 0.82, u_super: 0.00049, bed_util: 0.4450, sec: 2056.299, t_ads: 3964.0,t_des: 111261.0
L: 0.61, u_super: 0.00041, bed_util: 0.7482, sec: 925.510, t_ads: 10349.0,t_des: 121286.0
L: 0.76, u_super: 0.00010, bed_util: 0.6516, sec: 11.213, t_ads: 18680.0,t_des: 20425.0
L: 1.99, u_super: 0.00070, bed_util: 0.4021, sec: 260.885, t_ads: 4870.0,t_des: 6163.0
L: 0.62, u_super: 0.00010, bed_util: 0.7105, sec: 9.980, t_ads: 19032.0,t_des: 21282.0
L: 0.93, u_super: 0.00010, bed_util: 0.5530, sec: 11.984, t_ads: 17674.0,t_des: 19083.0
L: 1.19, u_super: 0.00030, bed_util: 0.4241, sec: 56.645, t_ads: 6564.0,t_des: 7675.0
     6 |      240 |  6.840446E+02 |  8.4282789230
L: 0.75, u_super: 0.00011, bed_util: 0.2747, sec: 11.934, t_ads: 6434.0,t_des: 7306.0
L: 0.66, u_super: 0.00010, bed_util: 0.3815, sec: 8.922, t_ads: 8867.0,t_des: 9893.0
L: 0.63, u_super: 0.00010, bed_util: 0.5397, sec: 8.706, t_ads: 12610.0,t_des: 13965.0
L: 0.67, u_super: 0.00010, bed_util: 0.5688, sec: 9.539, t_ads: 14018.0,t_des: 15458.0
L: 0.65, u_super: 0.00010, bed_util: 0.4148, sec: 8.798, t_ads: 9464.0,t_des: 10542.0
L: 1.23, u_super: 0.00010, bed_util: 0.3848, sec: 15.441, t_ads: 15009.0,t_des: 16187.0
L: 0.88, u_super: 0.00010, bed_util: 0.4430, sec: 11.488, t_ads: 13032.0,t_des: 14208.0
L: 0.68, u_super: 0.00010, bed_util: 0.2484, sec: 10.055, t_ads: 5858.0,t_des: 6695.0
L: 0.60, u_super: 0.00017, bed_util: 0.6547, sec: 168.999, t_ads: 11563.0,t_des: 121078.0
L: 0.61, u_super: 0.00010, bed_util: 0.4033, sec: 8.333, t_ads: 8760.0,t_des: 9811.0
L: 0.61, u_super: 0.00010, bed_util: 0.5988, sec: 8.983, t_ads: 14003.0,t_des: 15566.0
L: 0.61, u_super: 0.00013, bed_util: 0.5103, sec: 12.278, t_ads: 9223.0,t_des: 10543.0
L: 0.62, u_super: 0.00010, bed_util: 0.4675, sec: 8.427, t_ads: 10458.0,t_des: 11634.0
L: 0.61, u_super: 0.00011, bed_util: 0.5375, sec: 9.175, t_ads: 11702.0,t_des: 13058.0
L: 1.25, u_super: 0.00014, bed_util: 0.6397, sec: 23.656, t_ads: 20847.0,t_des: 22522.0
L: 1.29, u_super: 0.00011, bed_util: 0.3195, sec: 17.001, t_ads: 12635.0,t_des: 13735.0
L: 0.68, u_super: 0.00010, bed_util: 0.5342, sec: 9.261, t_ads: 13346.0,t_des: 14684.0
L: 0.60, u_super: 0.00010, bed_util: 0.4695, sec: 8.774, t_ads: 9978.0,t_des: 11157.0
L: 0.61, u_super: 0.00010, bed_util: 0.4709, sec: 8.589, t_ads: 10240.0,t_des: 11422.0
L: 0.60, u_super: 0.00010, bed_util: 0.5112, sec: 8.473, t_ads: 11366.0,t_des: 12645.0
L: 0.61, u_super: 0.00010, bed_util: 0.4178, sec: 8.278, t_ads: 9096.0,t_des: 10173.0
L: 0.68, u_super: 0.00011, bed_util: 0.3833, sec: 10.587, t_ads: 8147.0,t_des: 9161.0
L: 0.61, u_super: 0.00012, bed_util: 0.2311, sec: 11.228, t_ads: 4458.0,t_des: 5220.0
L: 0.60, u_super: 0.00010, bed_util: 0.5988, sec: 8.788, t_ads: 14071.0,t_des: 15632.0
L: 0.61, u_super: 0.00010, bed_util: 0.5716, sec: 8.651, t_ads: 13264.0,t_des: 14722.0
L: 0.63, u_super: 0.00010, bed_util: 0.8353, sec: 62.867, t_ads: 28470.0,t_des: 144358.0
L: 0.74, u_super: 0.00010, bed_util: 0.3365, sec: 10.248, t_ads: 8330.0,t_des: 9303.0
L: 0.89, u_super: 0.00040, bed_util: 0.2780, sec: 76.133, t_ads: 2776.0,t_des: 3869.0
L: 0.60, u_super: 0.00010, bed_util: 0.5249, sec: 8.440, t_ads: 11806.0,t_des: 13121.0
L: 0.60, u_super: 0.00011, bed_util: 0.7173, sec: 10.800, t_ads: 18372.0,t_des: 20845.0
L: 0.77, u_super: 0.00010, bed_util: 0.4170, sec: 9.948, t_ads: 11042.0,t_des: 12151.0
L: 0.72, u_super: 0.00010, bed_util: 0.5995, sec: 9.898, t_ads: 16153.0,t_des: 17689.0
L: 0.75, u_super: 0.00010, bed_util: 0.5866, sec: 10.113, t_ads: 16204.0,t_des: 17695.0
L: 0.82, u_super: 0.00013, bed_util: 0.4735, sec: 14.412, t_ads: 10802.0,t_des: 11993.0
L: 0.61, u_super: 0.00010, bed_util: 0.7482, sec: 10.895, t_ads: 20814.0,t_des: 23731.0
L: 0.61, u_super: 0.00010, bed_util: 0.4172, sec: 8.678, t_ads: 8862.0,t_des: 9935.0
L: 0.65, u_super: 0.00070, bed_util: 0.4021, sec: 4667.263, t_ads: 2582.0,t_des: 110063.0
L: 1.10, u_super: 0.00010, bed_util: 0.7105, sec: 14.664, t_ads: 29257.0,t_des: 31255.0
L: 0.93, u_super: 0.00010, bed_util: 0.5530, sec: 11.844, t_ads: 17843.0,t_des: 19253.0
L: 0.66, u_super: 0.00030, bed_util: 0.4241, sec: 145.781, t_ads: 4376.0,t_des: 19733.0
     7 |      280 |  1.923512E+01 |  8.2783575058
L: 0.60, u_super: 0.00011, bed_util: 0.4729, sec: 9.765, t_ads: 9453.0,t_des: 10641.0
L: 0.66, u_super: 0.00010, bed_util: 0.3815, sec: 8.874, t_ads: 8890.0,t_des: 9917.0
L: 0.60, u_super: 0.00010, bed_util: 0.3915, sec: 8.261, t_ads: 8438.0,t_des: 9467.0
L: 0.66, u_super: 0.00102, bed_util: 0.5688, sec: 7012.033, t_ads: 4068.0,t_des: 113698.0
L: 0.65, u_super: 0.00010, bed_util: 0.4194, sec: 8.806, t_ads: 9579.0,t_des: 10665.0
L: 1.23, u_super: 0.00010, bed_util: 0.3570, sec: 15.510, t_ads: 13927.0,t_des: 15070.0
L: 0.88, u_super: 0.00010, bed_util: 0.3513, sec: 11.308, t_ads: 10505.0,t_des: 11550.0
L: 0.68, u_super: 0.00010, bed_util: 0.6140, sec: 9.628, t_ads: 16075.0,t_des: 17671.0
L: 0.60, u_super: 0.00017, bed_util: 0.4762, sec: 16.389, t_ads: 7137.0,t_des: 8458.0
L: 0.60, u_super: 0.00010, bed_util: 0.4033, sec: 8.281, t_ads: 8676.0,t_des: 9725.0
L: 0.61, u_super: 0.00010, bed_util: 0.5988, sec: 8.799, t_ads: 14168.0,t_des: 15727.0
L: 0.61, u_super: 0.00013, bed_util: 0.4421, sec: 11.979, t_ads: 7742.0,t_des: 8869.0
L: 0.61, u_super: 0.00010, bed_util: 0.4675, sec: 8.298, t_ads: 10315.0,t_des: 11491.0
L: 0.61, u_super: 0.00011, bed_util: 0.5866, sec: 9.420, t_ads: 13176.0,t_des: 14702.0
L: 1.15, u_super: 0.00014, bed_util: 0.3319, sec: 21.175, t_ads: 9188.0,t_des: 10185.0
L: 0.60, u_super: 0.00010, bed_util: 0.3195, sec: 8.435, t_ads: 6882.0,t_des: 7799.0
L: 0.68, u_super: 0.00010, bed_util: 0.5011, sec: 9.161, t_ads: 12339.0,t_des: 13596.0
L: 0.60, u_super: 0.00011, bed_util: 0.4695, sec: 8.956, t_ads: 9851.0,t_des: 11030.0
L: 0.61, u_super: 0.00010, bed_util: 0.4709, sec: 8.382, t_ads: 10390.0,t_des: 11573.0
L: 1.30, u_super: 0.00010, bed_util: 0.5112, sec: 15.542, t_ads: 21779.0,t_des: 23173.0
L: 0.61, u_super: 0.00010, bed_util: 0.5003, sec: 8.398, t_ads: 11180.0,t_des: 12431.0
L: 0.68, u_super: 0.00010, bed_util: 0.4988, sec: 9.203, t_ads: 12065.0,t_des: 13316.0
L: 0.60, u_super: 0.00010, bed_util: 0.2311, sec: 8.978, t_ads: 5060.0,t_des: 5852.0
L: 0.60, u_super: 0.00010, bed_util: 0.5988, sec: 8.782, t_ads: 14108.0,t_des: 15669.0
L: 0.60, u_super: 0.00010, bed_util: 0.5716, sec: 8.619, t_ads: 13234.0,t_des: 14693.0
L: 0.95, u_super: 0.00010, bed_util: 0.3151, sec: 12.814, t_ads: 9666.0,t_des: 10671.0
L: 0.74, u_super: 0.00010, bed_util: 0.2088, sec: 10.835, t_ads: 5503.0,t_des: 6312.0
L: 0.61, u_super: 0.00010, bed_util: 0.4699, sec: 8.349, t_ads: 10369.0,t_des: 11550.0
L: 0.60, u_super: 0.00010, bed_util: 0.5249, sec: 8.432, t_ads: 11814.0,t_des: 13129.0
L: 0.60, u_super: 0.00020, bed_util: 0.4513, sec: 22.080, t_ads: 5814.0,t_des: 7283.0
L: 0.77, u_super: 0.00012, bed_util: 0.4170, sec: 12.522, t_ads: 9424.0,t_des: 10504.0
L: 0.61, u_super: 0.00010, bed_util: 0.4412, sec: 8.309, t_ads: 9688.0,t_des: 10810.0
L: 0.77, u_super: 0.00010, bed_util: 0.5866, sec: 10.347, t_ads: 16566.0,t_des: 18056.0
L: 0.82, u_super: 0.00010, bed_util: 0.4450, sec: 10.639, t_ads: 12352.0,t_des: 13518.0
L: 0.61, u_super: 0.00010, bed_util: 0.7482, sec: 10.631, t_ads: 21023.0,t_des: 23875.0
L: 0.61, u_super: 0.00010, bed_util: 0.4172, sec: 8.329, t_ads: 9106.0,t_des: 10182.0
L: 1.99, u_super: 0.00070, bed_util: 0.3565, sec: 256.222, t_ads: 4248.0,t_des: 5331.0
L: 0.62, u_super: 0.00010, bed_util: 0.4318, sec: 8.410, t_ads: 9562.0,t_des: 10666.0
L: 0.93, u_super: 0.00010, bed_util: 0.2476, sec: 12.596, t_ads: 7812.0,t_des: 8735.0
L: 1.19, u_super: 0.00011, bed_util: 0.4241, sec: 15.370, t_ads: 15574.0,t_des: 16785.0
     8 |      320 |  1.626567E+01 |  8.2608308792
L: 0.60, u_super: 0.00011, bed_util: 0.3477, sec: 9.749, t_ads: 6753.0,t_des: 7696.0
L: 0.60, u_super: 0.00010, bed_util: 0.3815, sec: 8.247, t_ads: 8213.0,t_des: 9226.0
L: 0.60, u_super: 0.00010, bed_util: 0.3915, sec: 8.261, t_ads: 8439.0,t_des: 9468.0
L: 0.67, u_super: 0.00010, bed_util: 0.4723, sec: 9.239, t_ads: 11143.0,t_des: 12334.0
L: 0.60, u_super: 0.00010, bed_util: 0.4076, sec: 8.339, t_ads: 8756.0,t_des: 9813.0
L: 0.60, u_super: 0.00010, bed_util: 0.3848, sec: 8.625, t_ads: 8044.0,t_des: 9058.0
L: 0.60, u_super: 0.00010, bed_util: 0.4430, sec: 8.274, t_ads: 9692.0,t_des: 10817.0
L: 0.68, u_super: 0.00010, bed_util: 0.3041, sec: 9.331, t_ads: 7273.0,t_des: 8192.0
L: 0.60, u_super: 0.00010, bed_util: 0.2262, sec: 9.004, t_ads: 4948.0,t_des: 5732.0
L: 0.60, u_super: 0.00010, bed_util: 0.4097, sec: 8.259, t_ads: 8823.0,t_des: 9884.0
L: 0.60, u_super: 0.00010, bed_util: 0.5988, sec: 8.757, t_ads: 14068.0,t_des: 15629.0
L: 0.61, u_super: 0.00010, bed_util: 0.4421, sec: 8.306, t_ads: 9700.0,t_des: 10823.0
L: 0.61, u_super: 0.00010, bed_util: 0.4299, sec: 8.284, t_ads: 9383.0,t_des: 10482.0
L: 0.61, u_super: 0.00011, bed_util: 0.4918, sec: 9.024, t_ads: 10472.0,t_des: 11703.0
L: 0.61, u_super: 0.00014, bed_util: 0.3319, sec: 13.105, t_ads: 5387.0,t_des: 6288.0
L: 0.60, u_super: 0.00010, bed_util: 0.3195, sec: 8.398, t_ads: 6849.0,t_des: 7765.0
L: 0.60, u_super: 0.00010, bed_util: 0.5011, sec: 8.350, t_ads: 11124.0,t_des: 12377.0
L: 0.60, u_super: 0.00010, bed_util: 0.4695, sec: 8.525, t_ads: 10172.0,t_des: 11351.0
L: 0.61, u_super: 0.00010, bed_util: 0.4709, sec: 8.339, t_ads: 10428.0,t_des: 11611.0
L: 0.60, u_super: 0.00097, bed_util: 0.4770, sec: 7500.387, t_ads: 2914.0,t_des: 111679.0
L: 0.61, u_super: 0.00010, bed_util: 0.4178, sec: 8.274, t_ads: 9101.0,t_des: 10178.0
L: 0.68, u_super: 0.00010, bed_util: 0.4012, sec: 9.157, t_ads: 9457.0,t_des: 10517.0
L: 0.64, u_super: 0.00010, bed_util: 0.2311, sec: 9.355, t_ads: 5303.0,t_des: 6107.0
L: 0.60, u_super: 0.00010, bed_util: 0.5988, sec: 8.762, t_ads: 14050.0,t_des: 15612.0
L: 0.60, u_super: 0.00010, bed_util: 0.5716, sec: 8.613, t_ads: 13237.0,t_des: 14696.0
L: 0.95, u_super: 0.00012, bed_util: 0.3151, sec: 14.488, t_ads: 8809.0,t_des: 9786.0
L: 0.71, u_super: 0.00010, bed_util: 0.3365, sec: 9.584, t_ads: 8236.0,t_des: 9206.0
L: 0.61, u_super: 0.00012, bed_util: 0.4699, sec: 10.597, t_ads: 8959.0,t_des: 10144.0
L: 0.60, u_super: 0.00010, bed_util: 0.2668, sec: 8.658, t_ads: 5773.0,t_des: 6615.0
L: 0.60, u_super: 0.00011, bed_util: 0.2733, sec: 9.191, t_ads: 5623.0,t_des: 6463.0
L: 0.64, u_super: 0.00010, bed_util: 0.4170, sec: 8.629, t_ads: 9487.0,t_des: 10568.0
L: 0.60, u_super: 0.00010, bed_util: 0.4412, sec: 8.278, t_ads: 9631.0,t_des: 10752.0
L: 0.75, u_super: 0.00010, bed_util: 0.3865, sec: 9.771, t_ads: 10001.0,t_des: 11058.0
L: 0.65, u_super: 0.00010, bed_util: 0.3418, sec: 8.991, t_ads: 7691.0,t_des: 8650.0
L: 0.61, u_super: 0.00010, bed_util: 0.4015, sec: 8.306, t_ads: 8738.0,t_des: 9786.0
L: 0.92, u_super: 0.00010, bed_util: 0.4172, sec: 11.483, t_ads: 12889.0,t_des: 14037.0
L: 0.70, u_super: 0.00070, bed_util: 0.3565, sec: 5222.554, t_ads: 2287.0,t_des: 108457.0
L: 0.60, u_super: 0.00010, bed_util: 0.4318, sec: 8.235, t_ads: 9354.0,t_des: 10456.0
L: 0.93, u_super: 0.00010, bed_util: 0.5530, sec: 11.747, t_ads: 17936.0,t_des: 19347.0
L: 1.19, u_super: 0.00011, bed_util: 0.4942, sec: 15.409, t_ads: 18360.0,t_des: 19683.0
     9 |      360 |  1.531350E+01 |  8.2348976135
L: 0.60, u_super: 0.00011, bed_util: 0.3477, sec: 9.742, t_ads: 6732.0,t_des: 7674.0
L: 0.60, u_super: 0.00010, bed_util: 0.3815, sec: 8.295, t_ads: 8174.0,t_des: 9186.0
L: 0.60, u_super: 0.00010, bed_util: 0.3915, sec: 8.231, t_ads: 8417.0,t_des: 9446.0
L: 0.60, u_super: 0.00010, bed_util: 0.4723, sec: 8.517, t_ads: 10173.0,t_des: 11358.0
L: 0.60, u_super: 0.00010, bed_util: 0.4323, sec: 8.326, t_ads: 9324.0,t_des: 10427.0
L: 0.60, u_super: 0.00010, bed_util: 0.4197, sec: 8.628, t_ads: 8830.0,t_des: 9906.0
L: 0.60, u_super: 0.00010, bed_util: 0.4430, sec: 8.246, t_ads: 9637.0,t_des: 10761.0
L: 0.60, u_super: 0.00010, bed_util: 0.3041, sec: 8.454, t_ads: 6517.0,t_des: 7410.0
L: 0.60, u_super: 0.00010, bed_util: 0.2262, sec: 8.987, t_ads: 4943.0,t_des: 5727.0
L: 0.60, u_super: 0.00040, bed_util: 0.4097, sec: 1461.882, t_ads: 3361.0,t_des: 109875.0
L: 0.60, u_super: 0.00010, bed_util: 0.5988, sec: 8.729, t_ads: 14058.0,t_des: 15620.0
L: 0.61, u_super: 0.00010, bed_util: 0.4421, sec: 8.632, t_ads: 9459.0,t_des: 10580.0
L: 0.60, u_super: 0.00010, bed_util: 0.4299, sec: 8.208, t_ads: 9315.0,t_des: 10414.0
L: 0.77, u_super: 0.00011, bed_util: 0.4918, sec: 10.805, t_ads: 12772.0,t_des: 14014.0
L: 0.60, u_super: 0.00014, bed_util: 0.3319, sec: 13.004, t_ads: 5341.0,t_des: 6242.0
L: 0.60, u_super: 0.00010, bed_util: 0.3195, sec: 8.376, t_ads: 6838.0,t_des: 7754.0
L: 0.60, u_super: 0.00010, bed_util: 0.4897, sec: 8.300, t_ads: 10818.0,t_des: 12044.0
L: 0.60, u_super: 0.00010, bed_util: 0.4068, sec: 8.490, t_ads: 8666.0,t_des: 9720.0
L: 0.64, u_super: 0.00010, bed_util: 0.4709, sec: 8.644, t_ads: 10859.0,t_des: 12045.0
L: 0.60, u_super: 0.00010, bed_util: 0.5112, sec: 8.474, t_ads: 11368.0,t_des: 12647.0
L: 0.62, u_super: 0.00010, bed_util: 0.4178, sec: 8.447, t_ads: 9312.0,t_des: 10392.0
L: 0.60, u_super: 0.00010, bed_util: 0.4012, sec: 8.372, t_ads: 8582.0,t_des: 9627.0
L: 0.60, u_super: 0.00010, bed_util: 0.2311, sec: 9.179, t_ads: 4990.0,t_des: 5778.0
L: 0.60, u_super: 0.00010, bed_util: 0.4461, sec: 8.268, t_ads: 9700.0,t_des: 10830.0
L: 0.60, u_super: 0.00011, bed_util: 0.5716, sec: 9.396, t_ads: 12593.0,t_des: 14065.0
L: 0.60, u_super: 0.00010, bed_util: 0.3151, sec: 8.920, t_ads: 6517.0,t_des: 7419.0
L: 0.71, u_super: 0.00010, bed_util: 0.4674, sec: 9.427, t_ads: 11651.0,t_des: 12839.0
L: 0.61, u_super: 0.00010, bed_util: 0.4699, sec: 8.323, t_ads: 10392.0,t_des: 11573.0
L: 0.60, u_super: 0.00010, bed_util: 0.4468, sec: 8.259, t_ads: 9755.0,t_des: 10887.0
L: 0.60, u_super: 0.00010, bed_util: 0.4313, sec: 8.245, t_ads: 9343.0,t_des: 10444.0
L: 0.60, u_super: 0.00010, bed_util: 0.4170, sec: 8.232, t_ads: 9006.0,t_des: 10080.0
L: 0.76, u_super: 0.00010, bed_util: 0.4412, sec: 9.885, t_ads: 11696.0,t_des: 12846.0
L: 0.75, u_super: 0.00010, bed_util: 0.3865, sec: 9.765, t_ads: 10008.0,t_des: 11065.0
L: 0.60, u_super: 0.00010, bed_util: 0.3418, sec: 8.476, t_ads: 7219.0,t_des: 8166.0
L: 0.60, u_super: 0.00010, bed_util: 0.4015, sec: 8.240, t_ads: 8641.0,t_des: 9687.0
L: 0.61, u_super: 0.00010, bed_util: 0.4758, sec: 8.382, t_ads: 10559.0,t_des: 11753.0
L: 1.99, u_super: 0.00070, bed_util: 0.4317, sec: 266.304, t_ads: 5302.0,t_des: 6779.0
L: 0.60, u_super: 0.00010, bed_util: 0.4318, sec: 8.233, t_ads: 9355.0,t_des: 10457.0
L: 0.93, u_super: 0.00010, bed_util: 0.4189, sec: 11.596, t_ads: 13120.0,t_des: 14274.0
L: 1.19, u_super: 0.00010, bed_util: 0.4241, sec: 14.245, t_ads: 16509.0,t_des: 17740.0
    10 |      400 |  1.505410E+01 |  8.2077875137
L: 0.60, u_super: 0.00011, bed_util: 0.3477, sec: 9.713, t_ads: 6717.0,t_des: 7659.0
L: 0.60, u_super: 0.00010, bed_util: 0.4675, sec: 8.287, t_ads: 10267.0,t_des: 11442.0
L: 0.76, u_super: 0.00010, bed_util: 0.3915, sec: 9.917, t_ads: 10326.0,t_des: 11395.0
L: 0.60, u_super: 0.00010, bed_util: 0.4723, sec: 8.266, t_ads: 10359.0,t_des: 11545.0
L: 0.60, u_super: 0.00010, bed_util: 0.4323, sec: 8.262, t_ads: 9386.0,t_des: 10489.0
L: 0.60, u_super: 0.00010, bed_util: 0.3179, sec: 8.780, t_ads: 6622.0,t_des: 7530.0
L: 0.60, u_super: 0.00010, bed_util: 0.4430, sec: 8.236, t_ads: 9627.0,t_des: 10751.0
L: 0.60, u_super: 0.00010, bed_util: 0.3041, sec: 8.489, t_ads: 6547.0,t_des: 7441.0
L: 0.60, u_super: 0.00010, bed_util: 0.2262, sec: 9.017, t_ads: 4962.0,t_des: 5747.0
L: 0.60, u_super: 0.00010, bed_util: 0.4926, sec: 8.336, t_ads: 10875.0,t_des: 12108.0
L: 0.60, u_super: 0.00010, bed_util: 0.5988, sec: 8.728, t_ads: 14058.0,t_des: 15620.0
L: 0.61, u_super: 0.00065, bed_util: 0.4421, sec: 3625.086, t_ads: 2982.0,t_des: 111178.0
L: 0.60, u_super: 0.00010, bed_util: 0.4787, sec: 8.285, t_ads: 10531.0,t_des: 11731.0
L: 0.61, u_super: 0.00010, bed_util: 0.3996, sec: 8.347, t_ads: 8637.0,t_des: 9681.0
L: 0.60, u_super: 0.00014, bed_util: 0.5175, sec: 13.404, t_ads: 8876.0,t_des: 10256.0
L: 0.60, u_super: 0.00010, bed_util: 0.3195, sec: 8.376, t_ads: 6838.0,t_des: 7754.0
L: 0.60, u_super: 0.00010, bed_util: 0.4897, sec: 8.294, t_ads: 10810.0,t_des: 12036.0
L: 0.60, u_super: 0.00010, bed_util: 0.4068, sec: 8.433, t_ads: 8622.0,t_des: 9676.0
L: 0.60, u_super: 0.00010, bed_util: 0.4709, sec: 8.256, t_ads: 10329.0,t_des: 11512.0
L: 0.60, u_super: 0.00010, bed_util: 0.3807, sec: 8.343, t_ads: 8135.0,t_des: 9145.0
L: 0.61, u_super: 0.00010, bed_util: 0.3797, sec: 8.290, t_ads: 8219.0,t_des: 9230.0
L: 0.60, u_super: 0.00010, bed_util: 0.4419, sec: 8.388, t_ads: 9540.0,t_des: 10661.0
L: 0.60, u_super: 0.00010, bed_util: 0.2311, sec: 9.074, t_ads: 5029.0,t_des: 5819.0
L: 0.60, u_super: 0.00010, bed_util: 0.4461, sec: 8.259, t_ads: 9692.0,t_des: 10822.0
L: 0.60, u_super: 0.00010, bed_util: 0.4994, sec: 8.361, t_ads: 11132.0,t_des: 12381.0
L: 0.60, u_super: 0.00010, bed_util: 0.3151, sec: 8.419, t_ads: 6771.0,t_des: 7681.0
L: 0.71, u_super: 0.00010, bed_util: 0.4674, sec: 9.360, t_ads: 11732.0,t_des: 12920.0
L: 0.61, u_super: 0.00010, bed_util: 0.4699, sec: 8.322, t_ads: 10393.0,t_des: 11574.0
L: 0.68, u_super: 0.00010, bed_util: 0.4468, sec: 9.075, t_ads: 10819.0,t_des: 11963.0
L: 0.60, u_super: 0.00010, bed_util: 0.4339, sec: 8.239, t_ads: 9400.0,t_des: 10506.0
L: 0.60, u_super: 0.00010, bed_util: 0.4438, sec: 8.228, t_ads: 9649.0,t_des: 10775.0
L: 0.60, u_super: 0.00010, bed_util: 0.4021, sec: 8.273, t_ads: 8699.0,t_des: 9747.0
L: 0.60, u_super: 0.00010, bed_util: 0.3865, sec: 8.228, t_ads: 8309.0,t_des: 9330.0
L: 0.60, u_super: 0.00010, bed_util: 0.3418, sec: 8.502, t_ads: 7216.0,t_des: 8162.0
L: 0.60, u_super: 0.00010, bed_util: 0.4275, sec: 8.218, t_ads: 9257.0,t_des: 10351.0
L: 0.61, u_super: 0.00010, bed_util: 0.4507, sec: 8.316, t_ads: 9938.0,t_des: 11079.0
L: 0.60, u_super: 0.00070, bed_util: 0.3565, sec: 5228.615, t_ads: 2135.0,t_des: 108606.0
L: 0.60, u_super: 0.00010, bed_util: 0.4318, sec: 8.242, t_ads: 9364.0,t_des: 10466.0
L: 0.93, u_super: 0.00010, bed_util: 0.4189, sec: 11.596, t_ads: 13121.0,t_des: 14275.0
L: 0.60, u_super: 0.00010, bed_util: 0.4241, sec: 8.259, t_ads: 9163.0,t_des: 10250.0
    11 |      440 |  1.481168E+01 |  8.2077875137
L: 0.60, u_super: 0.00011, bed_util: 0.4183, sec: 9.639, t_ads: 8173.0,t_des: 9242.0
L: 0.60, u_super: 0.00010, bed_util: 0.4267, sec: 8.233, t_ads: 9239.0,t_des: 10331.0
L: 0.60, u_super: 0.00010, bed_util: 0.3915, sec: 8.264, t_ads: 8440.0,t_des: 9469.0
L: 0.60, u_super: 0.00010, bed_util: 0.3118, sec: 8.426, t_ads: 6675.0,t_des: 7579.0
L: 0.65, u_super: 0.00010, bed_util: 0.4323, sec: 8.779, t_ads: 10055.0,t_des: 11167.0
L: 0.60, u_super: 0.00010, bed_util: 0.4491, sec: 8.627, t_ads: 9524.0,t_des: 10659.0
L: 0.60, u_super: 0.00010, bed_util: 0.4430, sec: 8.236, t_ads: 9627.0,t_des: 10751.0
L: 0.60, u_super: 0.00010, bed_util: 0.3897, sec: 8.233, t_ads: 8375.0,t_des: 9401.0
L: 0.60, u_super: 0.00010, bed_util: 0.5287, sec: 8.412, t_ads: 11885.0,t_des: 13211.0
L: 0.60, u_super: 0.00010, bed_util: 0.4423, sec: 8.262, t_ads: 9599.0,t_des: 10722.0
L: 0.60, u_super: 0.00010, bed_util: 0.4942, sec: 8.298, t_ads: 10935.0,t_des: 12172.0
L: 0.61, u_super: 0.00010, bed_util: 0.4174, sec: 8.296, t_ads: 9103.0,t_des: 10179.0
L: 0.60, u_super: 0.00010, bed_util: 0.4244, sec: 8.223, t_ads: 9184.0,t_des: 10272.0
L: 0.60, u_super: 0.00010, bed_util: 0.3996, sec: 8.301, t_ads: 8559.0,t_des: 9601.0
L: 0.60, u_super: 0.00014, bed_util: 0.3319, sec: 13.010, t_ads: 5344.0,t_des: 6245.0
L: 0.60, u_super: 0.00010, bed_util: 0.3195, sec: 8.418, t_ads: 6826.0,t_des: 7741.0
L: 0.60, u_super: 0.00010, bed_util: 0.4948, sec: 8.314, t_ads: 10946.0,t_des: 12184.0
L: 0.60, u_super: 0.00010, bed_util: 0.3783, sec: 8.471, t_ads: 7982.0,t_des: 8986.0
L: 0.60, u_super: 0.00010, bed_util: 0.4439, sec: 8.248, t_ads: 9642.0,t_des: 10768.0
L: 0.62, u_super: 0.00010, bed_util: 0.3807, sec: 8.557, t_ads: 8356.0,t_des: 9370.0
L: 0.61, u_super: 0.00010, bed_util: 0.4178, sec: 8.273, t_ads: 9102.0,t_des: 10179.0
L: 0.65, u_super: 0.00010, bed_util: 0.4897, sec: 8.905, t_ads: 11375.0,t_des: 12602.0
L: 0.60, u_super: 0.00010, bed_util: 0.2311, sec: 8.965, t_ads: 5046.0,t_des: 5837.0
L: 0.60, u_super: 0.00010, bed_util: 0.4461, sec: 8.242, t_ads: 9708.0,t_des: 10838.0
L: 0.60, u_super: 0.00010, bed_util: 0.3271, sec: 8.353, t_ads: 7004.0,t_des: 7931.0
L: 0.60, u_super: 0.00010, bed_util: 0.4454, sec: 8.261, t_ads: 9721.0,t_des: 10850.0
L: 0.71, u_super: 0.00040, bed_util: 0.4674, sec: 1274.844, t_ads: 4421.0,t_des: 112109.0
L: 0.61, u_super: 0.00010, bed_util: 0.3725, sec: 8.311, t_ads: 8062.0,t_des: 9061.0
L: 0.60, u_super: 0.00010, bed_util: 0.4468, sec: 8.260, t_ads: 9754.0,t_des: 10886.0
L: 0.60, u_super: 0.00010, bed_util: 0.4339, sec: 8.228, t_ads: 9411.0,t_des: 10517.0
L: 0.60, u_super: 0.00010, bed_util: 0.4438, sec: 8.223, t_ads: 9652.0,t_des: 10778.0
L: 0.60, u_super: 0.00010, bed_util: 0.5257, sec: 8.457, t_ads: 11849.0,t_des: 13166.0
L: 0.60, u_super: 0.00010, bed_util: 0.4383, sec: 8.239, t_ads: 9534.0,t_des: 10649.0
L: 0.60, u_super: 0.00010, bed_util: 0.3418, sec: 8.322, t_ads: 7319.0,t_des: 8268.0
L: 0.60, u_super: 0.00010, bed_util: 0.3992, sec: 8.235, t_ads: 8594.0,t_des: 9636.0
L: 0.60, u_super: 0.00010, bed_util: 0.4507, sec: 8.257, t_ads: 9848.0,t_des: 10988.0
L: 1.99, u_super: 0.00070, bed_util: 0.4419, sec: 268.912, t_ads: 5458.0,t_des: 7011.0
L: 0.60, u_super: 0.00010, bed_util: 0.4175, sec: 8.231, t_ads: 9015.0,t_des: 10090.0
L: 0.93, u_super: 0.00010, bed_util: 0.4189, sec: 11.829, t_ads: 12917.0,t_des: 14067.0
L: 0.60, u_super: 0.00010, bed_util: 0.3654, sec: 8.282, t_ads: 7822.0,t_des: 8808.0
    12 |      480 |  1.476625E+01 |  8.2077875137
L: 1.30, u_super: 0.00011, bed_util: 0.3961, sec: 17.804, t_ads: 14905.0,t_des: 16085.0
L: 0.60, u_super: 0.00010, bed_util: 0.4297, sec: 8.227, t_ads: 9311.0,t_des: 10409.0
L: 0.60, u_super: 0.00048, bed_util: 0.4148, sec: 2063.466, t_ads: 3116.0,t_des: 110434.0
L: 0.76, u_super: 0.00010, bed_util: 0.4723, sec: 9.921, t_ads: 12643.0,t_des: 13851.0
L: 0.60, u_super: 0.00010, bed_util: 0.4323, sec: 8.251, t_ads: 9396.0,t_des: 10499.0
L: 0.60, u_super: 0.00010, bed_util: 0.3848, sec: 8.240, t_ads: 8275.0,t_des: 9293.0
L: 0.60, u_super: 0.00010, bed_util: 0.4430, sec: 8.231, t_ads: 9631.0,t_des: 10755.0
L: 0.60, u_super: 0.00010, bed_util: 0.3897, sec: 8.251, t_ads: 8409.0,t_des: 9436.0
L: 0.60, u_super: 0.00010, bed_util: 0.5287, sec: 8.412, t_ads: 11883.0,t_des: 13209.0
L: 0.60, u_super: 0.00010, bed_util: 0.4097, sec: 8.234, t_ads: 8848.0,t_des: 9909.0
L: 0.60, u_super: 0.00010, bed_util: 0.4942, sec: 8.303, t_ads: 10944.0,t_des: 12181.0
L: 0.60, u_super: 0.00010, bed_util: 0.4174, sec: 8.238, t_ads: 9031.0,t_des: 10106.0
L: 0.60, u_super: 0.00010, bed_util: 0.4528, sec: 8.242, t_ads: 9874.0,t_des: 11018.0
L: 0.60, u_super: 0.00010, bed_util: 0.4649, sec: 8.330, t_ads: 10124.0,t_des: 11293.0
L: 0.60, u_super: 0.00010, bed_util: 0.4650, sec: 8.250, t_ads: 10179.0,t_des: 11349.0
L: 0.60, u_super: 0.00010, bed_util: 0.3195, sec: 8.373, t_ads: 6842.0,t_des: 7758.0
L: 0.60, u_super: 0.00010, bed_util: 0.4217, sec: 8.224, t_ads: 9114.0,t_des: 10197.0
L: 0.60, u_super: 0.00010, bed_util: 0.3927, sec: 8.440, t_ads: 8302.0,t_des: 9331.0
L: 0.60, u_super: 0.00010, bed_util: 0.4439, sec: 8.248, t_ads: 9642.0,t_des: 10768.0
L: 0.60, u_super: 0.00010, bed_util: 0.3807, sec: 8.320, t_ads: 8120.0,t_des: 9130.0
L: 0.61, u_super: 0.00010, bed_util: 0.4645, sec: 8.321, t_ads: 10249.0,t_des: 11418.0
L: 0.60, u_super: 0.00010, bed_util: 0.4240, sec: 8.359, t_ads: 9113.0,t_des: 10200.0
L: 0.60, u_super: 0.00010, bed_util: 0.4264, sec: 8.241, t_ads: 9241.0,t_des: 10333.0
L: 0.60, u_super: 0.00010, bed_util: 0.4479, sec: 8.237, t_ads: 9754.0,t_des: 10888.0
L: 0.60, u_super: 0.00010, bed_util: 0.3271, sec: 8.353, t_ads: 7004.0,t_des: 7931.0
L: 0.60, u_super: 0.00010, bed_util: 0.4454, sec: 8.262, t_ads: 9721.0,t_des: 10850.0
L: 0.71, u_super: 0.00010, bed_util: 0.5177, sec: 9.459, t_ads: 13227.0,t_des: 14525.0
L: 0.61, u_super: 0.00010, bed_util: 0.3613, sec: 8.332, t_ads: 7812.0,t_des: 8793.0
L: 0.60, u_super: 0.00010, bed_util: 0.4468, sec: 8.233, t_ads: 9729.0,t_des: 10861.0
L: 0.60, u_super: 0.00010, bed_util: 0.4339, sec: 8.229, t_ads: 9411.0,t_des: 10517.0
L: 0.60, u_super: 0.00010, bed_util: 0.4520, sec: 8.248, t_ads: 9853.0,t_des: 10995.0
L: 0.64, u_super: 0.00021, bed_util: 0.4004, sec: 23.992, t_ads: 5032.0,t_des: 6234.0
L: 0.60, u_super: 0.00010, bed_util: 0.3865, sec: 8.225, t_ads: 8307.0,t_des: 9328.0
L: 0.60, u_super: 0.00010, bed_util: 0.4302, sec: 8.234, t_ads: 9324.0,t_des: 10423.0
L: 0.60, u_super: 0.00010, bed_util: 0.4210, sec: 8.211, t_ads: 9103.0,t_des: 10185.0
L: 0.60, u_super: 0.00010, bed_util: 0.4507, sec: 8.257, t_ads: 9848.0,t_des: 10988.0
L: 0.61, u_super: 0.00070, bed_util: 0.3565, sec: 5228.616, t_ads: 2146.0,t_des: 108598.0
L: 0.60, u_super: 0.00010, bed_util: 0.4175, sec: 8.231, t_ads: 9015.0,t_des: 10090.0
L: 0.60, u_super: 0.00010, bed_util: 0.4189, sec: 8.215, t_ads: 9054.0,t_des: 10132.0
L: 0.60, u_super: 0.00010, bed_util: 0.4071, sec: 8.250, t_ads: 8760.0,t_des: 9816.0
    13 |      520 |  1.452632E+01 |  8.2077875137
L: 0.60, u_super: 0.00011, bed_util: 0.4183, sec: 9.631, t_ads: 8165.0,t_des: 9234.0
L: 0.60, u_super: 0.00010, bed_util: 0.4390, sec: 8.233, t_ads: 9535.0,t_des: 10651.0
L: 0.60, u_super: 0.00010, bed_util: 0.4354, sec: 8.228, t_ads: 9446.0,t_des: 10555.0
L: 0.60, u_super: 0.00010, bed_util: 0.4723, sec: 8.266, t_ads: 10359.0,t_des: 11545.0
L: 0.60, u_super: 0.00010, bed_util: 0.4323, sec: 8.231, t_ads: 9378.0,t_des: 10481.0
L: 0.60, u_super: 0.00010, bed_util: 0.4736, sec: 8.263, t_ads: 10406.0,t_des: 11595.0
L: 0.60, u_super: 0.00010, bed_util: 0.4430, sec: 8.232, t_ads: 9632.0,t_des: 10756.0
L: 1.30, u_super: 0.00010, bed_util: 0.3897, sec: 15.451, t_ads: 16405.0,t_des: 17618.0
L: 0.60, u_super: 0.00010, bed_util: 0.5287, sec: 8.410, t_ads: 11884.0,t_des: 13210.0
L: 0.60, u_super: 0.00010, bed_util: 0.4097, sec: 8.232, t_ads: 8848.0,t_des: 9909.0
L: 0.60, u_super: 0.00010, bed_util: 0.4942, sec: 8.298, t_ads: 10935.0,t_des: 12172.0
L: 0.60, u_super: 0.00010, bed_util: 0.4174, sec: 8.237, t_ads: 9031.0,t_des: 10106.0
L: 0.60, u_super: 0.00010, bed_util: 0.4621, sec: 8.239, t_ads: 10106.0,t_des: 11270.0
L: 0.60, u_super: 0.00010, bed_util: 0.3996, sec: 8.227, t_ads: 8604.0,t_des: 9647.0
L: 0.60, u_super: 0.00010, bed_util: 0.4388, sec: 8.222, t_ads: 9530.0,t_des: 10646.0
L: 0.60, u_super: 0.00010, bed_util: 0.3980, sec: 8.238, t_ads: 8568.0,t_des: 9608.0
L: 0.60, u_super: 0.00010, bed_util: 0.4217, sec: 8.224, t_ads: 9114.0,t_des: 10197.0
L: 0.60, u_super: 0.00010, bed_util: 0.4068, sec: 8.218, t_ads: 8771.0,t_des: 9827.0
L: 0.60, u_super: 0.00010, bed_util: 0.4439, sec: 8.233, t_ads: 9656.0,t_des: 10782.0
L: 0.60, u_super: 0.00010, bed_util: 0.3807, sec: 8.337, t_ads: 8131.0,t_des: 9141.0
L: 0.61, u_super: 0.00010, bed_util: 0.4237, sec: 8.273, t_ads: 9243.0,t_des: 10331.0
L: 0.60, u_super: 0.00010, bed_util: 0.4907, sec: 8.450, t_ads: 10770.0,t_des: 11998.0
L: 0.60, u_super: 0.00010, bed_util: 0.4113, sec: 8.240, t_ads: 8883.0,t_des: 9947.0
L: 0.60, u_super: 0.00010, bed_util: 0.4479, sec: 8.238, t_ads: 9754.0,t_des: 10888.0
L: 0.60, u_super: 0.00010, bed_util: 0.3271, sec: 8.405, t_ads: 6979.0,t_des: 7905.0
L: 0.60, u_super: 0.00010, bed_util: 0.3830, sec: 8.265, t_ads: 8251.0,t_des: 9266.0
L: 0.71, u_super: 0.00010, bed_util: 0.4674, sec: 9.361, t_ads: 11732.0,t_des: 12920.0
L: 0.61, u_super: 0.00010, bed_util: 0.4333, sec: 8.286, t_ads: 9480.0,t_des: 10586.0
L: 0.60, u_super: 0.00010, bed_util: 0.4468, sec: 8.228, t_ads: 9723.0,t_des: 10855.0
L: 0.60, u_super: 0.00010, bed_util: 0.4323, sec: 8.226, t_ads: 9373.0,t_des: 10476.0
L: 0.60, u_super: 0.00010, bed_util: 0.4438, sec: 8.225, t_ads: 9652.0,t_des: 10778.0
L: 0.60, u_super: 0.00010, bed_util: 0.4021, sec: 8.242, t_ads: 8654.0,t_des: 9701.0
L: 0.60, u_super: 0.00010, bed_util: 0.4095, sec: 8.212, t_ads: 8835.0,t_des: 9896.0
L: 0.60, u_super: 0.00010, bed_util: 0.4302, sec: 8.230, t_ads: 9320.0,t_des: 10419.0
L: 0.60, u_super: 0.00010, bed_util: 0.4210, sec: 8.263, t_ads: 9080.0,t_des: 10161.0
L: 0.60, u_super: 0.00010, bed_util: 0.4710, sec: 8.260, t_ads: 10332.0,t_des: 11515.0
L: 1.99, u_super: 0.00010, bed_util: 0.3565, sec: 22.766, t_ads: 22334.0,t_des: 23679.0
L: 0.60, u_super: 0.00010, bed_util: 0.3948, sec: 8.224, t_ads: 8488.0,t_des: 9523.0
L: 0.60, u_super: 0.00010, bed_util: 0.4189, sec: 8.217, t_ads: 9051.0,t_des: 10129.0
L: 0.60, u_super: 0.00010, bed_util: 0.4625, sec: 8.289, t_ads: 10097.0,t_des: 11261.0
    14 |      560 |  8.6751251459 |  8.2077875137
L: 0.60, u_super: 0.00011, bed_util: 0.4426, sec: 9.663, t_ads: 8699.0,t_des: 9818.0
L: 0.60, u_super: 0.00010, bed_util: 0.4297, sec: 8.227, t_ads: 9311.0,t_des: 10409.0
L: 0.60, u_super: 0.00010, bed_util: 0.4354, sec: 8.228, t_ads: 9448.0,t_des: 10557.0
L: 0.60, u_super: 0.00010, bed_util: 0.4100, sec: 8.215, t_ads: 8841.0,t_des: 9903.0
L: 0.60, u_super: 0.00010, bed_util: 0.4323, sec: 8.226, t_ads: 9373.0,t_des: 10476.0
L: 0.60, u_super: 0.00010, bed_util: 0.3848, sec: 8.239, t_ads: 8274.0,t_des: 9292.0
L: 0.60, u_super: 0.00010, bed_util: 0.4179, sec: 8.237, t_ads: 9045.0,t_des: 10121.0
L: 0.60, u_super: 0.00010, bed_util: 0.4026, sec: 8.234, t_ads: 8670.0,t_des: 9718.0
L: 0.60, u_super: 0.00010, bed_util: 0.5287, sec: 8.411, t_ads: 11884.0,t_des: 13210.0
L: 0.60, u_super: 0.00010, bed_util: 0.4097, sec: 8.220, t_ads: 8838.0,t_des: 9899.0
L: 0.60, u_super: 0.00010, bed_util: 0.4942, sec: 8.298, t_ads: 10935.0,t_des: 12172.0
L: 0.60, u_super: 0.00010, bed_util: 0.4174, sec: 8.237, t_ads: 9031.0,t_des: 10106.0
L: 0.60, u_super: 0.00010, bed_util: 0.4299, sec: 8.207, t_ads: 9315.0,t_des: 10414.0
L: 0.60, u_super: 0.00010, bed_util: 0.4343, sec: 8.227, t_ads: 9422.0,t_des: 10529.0
L: 0.60, u_super: 0.00010, bed_util: 0.4175, sec: 8.225, t_ads: 9020.0,t_des: 10095.0
L: 0.60, u_super: 0.00010, bed_util: 0.3870, sec: 8.248, t_ads: 8316.0,t_des: 9337.0
L: 0.60, u_super: 0.00010, bed_util: 0.4217, sec: 8.224, t_ads: 9114.0,t_des: 10197.0
L: 0.60, u_super: 0.00010, bed_util: 0.4068, sec: 8.217, t_ads: 8771.0,t_des: 9827.0
L: 0.60, u_super: 0.00010, bed_util: 0.4439, sec: 8.232, t_ads: 9656.0,t_des: 10782.0
L: 0.60, u_super: 0.00010, bed_util: 0.3807, sec: 8.323, t_ads: 8121.0,t_des: 9131.0
L: 0.61, u_super: 0.00010, bed_util: 0.4237, sec: 8.276, t_ads: 9240.0,t_des: 10328.0
L: 0.60, u_super: 0.00010, bed_util: 0.4512, sec: 8.394, t_ads: 9767.0,t_des: 10907.0
L: 0.60, u_super: 0.00010, bed_util: 0.4113, sec: 8.234, t_ads: 8889.0,t_des: 9953.0
L: 0.60, u_super: 0.00010, bed_util: 0.4257, sec: 8.206, t_ads: 9215.0,t_des: 10306.0
L: 0.60, u_super: 0.00010, bed_util: 0.3271, sec: 8.363, t_ads: 7008.0,t_des: 7935.0
L: 0.60, u_super: 0.00010, bed_util: 0.3989, sec: 8.257, t_ads: 8615.0,t_des: 9657.0
L: 0.71, u_super: 0.00010, bed_util: 0.4089, sec: 9.345, t_ads: 10131.0,t_des: 11213.0
L: 0.65, u_super: 0.00010, bed_util: 0.4333, sec: 8.763, t_ads: 10091.0,t_des: 11205.0
L: 0.60, u_super: 0.00010, bed_util: 0.4343, sec: 8.223, t_ads: 9418.0,t_des: 10525.0
L: 0.81, u_super: 0.00010, bed_util: 0.4743, sec: 10.350, t_ads: 13304.0,t_des: 14524.0
L: 0.60, u_super: 0.00010, bed_util: 0.4325, sec: 8.212, t_ads: 9379.0,t_des: 10483.0
L: 0.60, u_super: 0.00010, bed_util: 0.4021, sec: 8.236, t_ads: 8661.0,t_des: 9708.0
L: 0.60, u_super: 0.00049, bed_util: 0.4095, sec: 2237.780, t_ads: 3012.0,t_des: 110267.0
L: 0.60, u_super: 0.00010, bed_util: 0.4302, sec: 8.230, t_ads: 9320.0,t_des: 10419.0
L: 0.60, u_super: 0.00010, bed_util: 0.4210, sec: 8.210, t_ads: 9102.0,t_des: 10184.0
L: 0.60, u_super: 0.00010, bed_util: 0.4507, sec: 8.232, t_ads: 9823.0,t_des: 10963.0
L: 1.99, u_super: 0.00010, bed_util: 0.4330, sec: 22.334, t_ads: 27101.0,t_des: 28539.0
L: 0.60, u_super: 0.00010, bed_util: 0.3948, sec: 8.221, t_ads: 8493.0,t_des: 9528.0
L: 0.60, u_super: 0.00010, bed_util: 0.4245, sec: 8.250, t_ads: 9229.0,t_des: 10318.0
L: 0.60, u_super: 0.00010, bed_util: 0.4071, sec: 8.232, t_ads: 8778.0,t_des: 9834.0
    15 |      600 |  8.6594122887 |  8.2063398361
L: 0.60, u_super: 0.00010, bed_util: 0.4183, sec: 8.211, t_ads: 9040.0,t_des: 10117.0
L: 0.60, u_super: 0.00010, bed_util: 0.4297, sec: 8.227, t_ads: 9311.0,t_des: 10409.0
L: 0.60, u_super: 0.00010, bed_util: 0.4179, sec: 8.219, t_ads: 9029.0,t_des: 10105.0
L: 0.60, u_super: 0.00010, bed_util: 0.4100, sec: 8.283, t_ads: 8803.0,t_des: 9864.0
L: 0.60, u_super: 0.00010, bed_util: 0.4214, sec: 8.232, t_ads: 9113.0,t_des: 10195.0
L: 0.60, u_super: 0.00010, bed_util: 0.3848, sec: 8.240, t_ads: 8275.0,t_des: 9293.0
L: 0.60, u_super: 0.00010, bed_util: 0.4183, sec: 8.212, t_ads: 9040.0,t_des: 10117.0
L: 0.60, u_super: 0.00010, bed_util: 0.3897, sec: 8.231, t_ads: 8374.0,t_des: 9400.0
L: 0.60, u_super: 0.00010, bed_util: 0.5287, sec: 8.411, t_ads: 11884.0,t_des: 13210.0
L: 0.60, u_super: 0.00010, bed_util: 0.4097, sec: 8.220, t_ads: 8838.0,t_des: 9899.0
L: 0.60, u_super: 0.00010, bed_util: 0.4942, sec: 8.296, t_ads: 10937.0,t_des: 12174.0
L: 0.60, u_super: 0.00010, bed_util: 0.4243, sec: 8.220, t_ads: 9183.0,t_des: 10271.0
L: 0.60, u_super: 0.00010, bed_util: 0.4328, sec: 8.228, t_ads: 9386.0,t_des: 10490.0
L: 0.60, u_super: 0.00010, bed_util: 0.4343, sec: 8.228, t_ads: 9423.0,t_des: 10530.0
L: 0.60, u_super: 0.00010, bed_util: 0.4315, sec: 8.210, t_ads: 9353.0,t_des: 10455.0
L: 0.60, u_super: 0.00010, bed_util: 0.3980, sec: 8.237, t_ads: 8569.0,t_des: 9609.0
L: 0.60, u_super: 0.00010, bed_util: 0.4217, sec: 8.217, t_ads: 9119.0,t_des: 10202.0
L: 0.60, u_super: 0.00010, bed_util: 0.4132, sec: 8.233, t_ads: 8921.0,t_des: 9988.0
L: 0.60, u_super: 0.00010, bed_util: 0.4439, sec: 8.232, t_ads: 9657.0,t_des: 10783.0
L: 0.60, u_super: 0.00010, bed_util: 0.3807, sec: 8.321, t_ads: 8120.0,t_des: 9130.0
L: 0.60, u_super: 0.00010, bed_util: 0.4237, sec: 8.216, t_ads: 9169.0,t_des: 10256.0
L: 0.60, u_super: 0.00010, bed_util: 0.4339, sec: 8.359, t_ads: 9347.0,t_des: 10453.0
L: 0.60, u_super: 0.00010, bed_util: 0.4113, sec: 8.217, t_ads: 8875.0,t_des: 9939.0
L: 0.60, u_super: 0.00010, bed_util: 0.4257, sec: 8.206, t_ads: 9215.0,t_des: 10306.0
L: 0.60, u_super: 0.00010, bed_util: 0.3951, sec: 8.256, t_ads: 8538.0,t_des: 9574.0
L: 0.60, u_super: 0.00010, bed_util: 0.4214, sec: 8.237, t_ads: 9141.0,t_des: 10224.0
L: 0.60, u_super: 0.00010, bed_util: 0.4089, sec: 8.205, t_ads: 8818.0,t_des: 9878.0
L: 0.61, u_super: 0.00010, bed_util: 0.4566, sec: 8.298, t_ads: 10057.0,t_des: 11210.0
L: 0.60, u_super: 0.00010, bed_util: 0.4343, sec: 8.227, t_ads: 9421.0,t_des: 10528.0
L: 0.60, u_super: 0.00010, bed_util: 0.4323, sec: 8.226, t_ads: 9373.0,t_des: 10476.0
L: 0.60, u_super: 0.00010, bed_util: 0.4325, sec: 8.211, t_ads: 9379.0,t_des: 10483.0
L: 0.60, u_super: 0.00010, bed_util: 0.4021, sec: 8.235, t_ads: 8661.0,t_des: 9708.0
L: 0.60, u_super: 0.00010, bed_util: 0.4233, sec: 8.223, t_ads: 9160.0,t_des: 10246.0
L: 0.60, u_super: 0.00010, bed_util: 0.4302, sec: 8.230, t_ads: 9320.0,t_des: 10419.0
L: 0.60, u_super: 0.00010, bed_util: 0.4077, sec: 8.207, t_ads: 8792.0,t_des: 9850.0
L: 0.60, u_super: 0.00010, bed_util: 0.4145, sec: 8.213, t_ads: 8951.0,t_des: 10021.0
L: 1.99, u_super: 0.00010, bed_util: 0.4330, sec: 22.334, t_ads: 27101.0,t_des: 28539.0
L: 0.60, u_super: 0.00010, bed_util: 0.3948, sec: 8.227, t_ads: 8497.0,t_des: 9532.0
L: 0.60, u_super: 0.00010, bed_util: 0.4189, sec: 8.216, t_ads: 9053.0,t_des: 10131.0
L: 0.60, u_super: 0.00010, bed_util: 0.4071, sec: 8.232, t_ads: 8778.0,t_des: 9834.0
    16 |      640 |  8.5883331537 |  8.2054243088
L: 0.60, u_super: 0.00010, bed_util: 0.4247, sec: 8.211, t_ads: 9192.0,t_des: 10281.0
L: 0.60, u_super: 0.00010, bed_util: 0.3892, sec: 8.238, t_ads: 8367.0,t_des: 9392.0
L: 0.60, u_super: 0.00010, bed_util: 0.4515, sec: 8.225, t_ads: 9842.0,t_des: 10984.0
L: 0.60, u_super: 0.00010, bed_util: 0.4099, sec: 8.232, t_ads: 8843.0,t_des: 9904.0
L: 0.60, u_super: 0.00010, bed_util: 0.4323, sec: 8.226, t_ads: 9373.0,t_des: 10476.0
L: 0.60, u_super: 0.00010, bed_util: 0.4044, sec: 8.221, t_ads: 8723.0,t_des: 9775.0
L: 0.60, u_super: 0.00010, bed_util: 0.4357, sec: 8.216, t_ads: 9455.0,t_des: 10565.0
L: 0.60, u_super: 0.00010, bed_util: 0.4162, sec: 8.218, t_ads: 8988.0,t_des: 10061.0
L: 0.60, u_super: 0.00010, bed_util: 0.3995, sec: 8.223, t_ads: 8601.0,t_des: 9644.0
L: 0.60, u_super: 0.00010, bed_util: 0.4097, sec: 8.221, t_ads: 8837.0,t_des: 9898.0
L: 0.60, u_super: 0.00010, bed_util: 0.4942, sec: 8.296, t_ads: 10937.0,t_des: 12174.0
L: 0.60, u_super: 0.00010, bed_util: 0.4243, sec: 8.220, t_ads: 9183.0,t_des: 10271.0
L: 0.60, u_super: 0.00010, bed_util: 0.4299, sec: 8.208, t_ads: 9315.0,t_des: 10414.0
L: 0.60, u_super: 0.00010, bed_util: 0.4343, sec: 8.274, t_ads: 9377.0,t_des: 10484.0
L: 0.60, u_super: 0.00010, bed_util: 0.4012, sec: 8.222, t_ads: 8642.0,t_des: 9688.0
L: 0.60, u_super: 0.00010, bed_util: 0.3780, sec: 8.257, t_ads: 8115.0,t_des: 9121.0
L: 0.60, u_super: 0.00010, bed_util: 0.4217, sec: 8.220, t_ads: 9121.0,t_des: 10204.0
L: 0.60, u_super: 0.00010, bed_util: 0.4068, sec: 8.236, t_ads: 8785.0,t_des: 9841.0
L: 0.60, u_super: 0.00010, bed_util: 0.4439, sec: 8.232, t_ads: 9656.0,t_des: 10782.0
L: 0.60, u_super: 0.00010, bed_util: 0.4212, sec: 8.315, t_ads: 9048.0,t_des: 10129.0
L: 0.60, u_super: 0.00010, bed_util: 0.3979, sec: 8.231, t_ads: 8566.0,t_des: 9606.0
L: 0.60, u_super: 0.00010, bed_util: 0.4240, sec: 8.296, t_ads: 9172.0,t_des: 10259.0
L: 0.60, u_super: 0.00010, bed_util: 0.4113, sec: 8.265, t_ads: 8914.0,t_des: 9978.0
L: 0.60, u_super: 0.00010, bed_util: 0.4583, sec: 8.235, t_ads: 10012.0,t_des: 11168.0
L: 0.60, u_super: 0.00010, bed_util: 0.3951, sec: 8.256, t_ads: 8538.0,t_des: 9574.0
L: 0.60, u_super: 0.00010, bed_util: 0.4214, sec: 8.231, t_ads: 9112.0,t_des: 10194.0
L: 0.60, u_super: 0.00010, bed_util: 0.4135, sec: 8.215, t_ads: 8926.0,t_des: 9994.0
L: 0.61, u_super: 0.00010, bed_util: 0.4333, sec: 8.288, t_ads: 9479.0,t_des: 10585.0
L: 0.60, u_super: 0.00010, bed_util: 0.4343, sec: 8.224, t_ads: 9419.0,t_des: 10526.0
L: 0.60, u_super: 0.00010, bed_util: 0.3962, sec: 8.233, t_ads: 8527.0,t_des: 9564.0
L: 0.60, u_super: 0.00010, bed_util: 0.4298, sec: 8.231, t_ads: 9313.0,t_des: 10411.0
L: 0.60, u_super: 0.00010, bed_util: 0.4021, sec: 8.235, t_ads: 8661.0,t_des: 9708.0
L: 0.60, u_super: 0.00010, bed_util: 0.4139, sec: 8.213, t_ads: 8939.0,t_des: 10008.0
L: 0.60, u_super: 0.00010, bed_util: 0.4302, sec: 8.230, t_ads: 9320.0,t_des: 10419.0
L: 0.60, u_super: 0.00010, bed_util: 0.4077, sec: 8.206, t_ads: 8792.0,t_des: 9850.0
L: 0.60, u_super: 0.00010, bed_util: 0.4145, sec: 8.213, t_ads: 8951.0,t_des: 10021.0
L: 1.99, u_super: 0.00010, bed_util: 0.3892, sec: 22.581, t_ads: 24351.0,t_des: 25735.0
L: 0.60, u_super: 0.00010, bed_util: 0.4012, sec: 8.222, t_ads: 8640.0,t_des: 9686.0
L: 0.60, u_super: 0.00010, bed_util: 0.4189, sec: 8.215, t_ads: 9054.0,t_des: 10132.0
L: 0.60, u_super: 0.00010, bed_util: 0.4071, sec: 8.230, t_ads: 8777.0,t_des: 9833.0
    17 |      680 |  8.5809124708 |  8.2054243088
L: 0.60, u_super: 0.00010, bed_util: 0.4183, sec: 8.211, t_ads: 9040.0,t_des: 10117.0
L: 0.60, u_super: 0.00010, bed_util: 0.4297, sec: 8.227, t_ads: 9311.0,t_des: 10409.0
L: 0.60, u_super: 0.00010, bed_util: 0.4179, sec: 8.217, t_ads: 9028.0,t_des: 10104.0
L: 0.60, u_super: 0.00010, bed_util: 0.4100, sec: 8.215, t_ads: 8841.0,t_des: 9903.0
L: 0.60, u_super: 0.00010, bed_util: 0.4151, sec: 8.217, t_ads: 8966.0,t_des: 10037.0
L: 0.60, u_super: 0.00010, bed_util: 0.4044, sec: 8.220, t_ads: 8723.0,t_des: 9775.0
L: 0.60, u_super: 0.00010, bed_util: 0.4183, sec: 8.211, t_ads: 9040.0,t_des: 10117.0
L: 0.65, u_super: 0.00010, bed_util: 0.4162, sec: 8.711, t_ads: 9563.0,t_des: 10644.0
L: 0.60, u_super: 0.00010, bed_util: 0.4094, sec: 8.206, t_ads: 8831.0,t_des: 9892.0
L: 0.60, u_super: 0.00010, bed_util: 0.4097, sec: 8.220, t_ads: 8838.0,t_des: 9899.0
L: 0.60, u_super: 0.00010, bed_util: 0.4942, sec: 8.296, t_ads: 10937.0,t_des: 12174.0
L: 0.60, u_super: 0.00010, bed_util: 0.4098, sec: 8.230, t_ads: 8842.0,t_des: 9903.0
L: 0.60, u_super: 0.00010, bed_util: 0.4205, sec: 8.212, t_ads: 9091.0,t_des: 10172.0
L: 0.60, u_super: 0.00010, bed_util: 0.3976, sec: 8.214, t_ads: 8558.0,t_des: 9598.0
L: 0.60, u_super: 0.00010, bed_util: 0.4030, sec: 8.224, t_ads: 8682.0,t_des: 9731.0
L: 1.30, u_super: 0.00010, bed_util: 0.3980, sec: 15.422, t_ads: 16767.0,t_des: 17991.0
L: 0.60, u_super: 0.00010, bed_util: 0.4059, sec: 8.228, t_ads: 8750.0,t_des: 9804.0
L: 0.60, u_super: 0.00010, bed_util: 0.4068, sec: 8.220, t_ads: 8772.0,t_des: 9828.0
L: 0.60, u_super: 0.00010, bed_util: 0.4163, sec: 8.242, t_ads: 9034.0,t_des: 10108.0
L: 0.60, u_super: 0.00010, bed_util: 0.4212, sec: 8.224, t_ads: 9109.0,t_des: 10191.0
L: 0.60, u_super: 0.00010, bed_util: 0.4237, sec: 8.216, t_ads: 9169.0,t_des: 10256.0
L: 0.60, u_super: 0.00010, bed_util: 0.4240, sec: 8.235, t_ads: 9203.0,t_des: 10291.0
L: 0.60, u_super: 0.00010, bed_util: 0.4113, sec: 8.217, t_ads: 8875.0,t_des: 9939.0
L: 0.60, u_super: 0.00010, bed_util: 0.4395, sec: 8.229, t_ads: 9546.0,t_des: 10663.0
L: 0.60, u_super: 0.00010, bed_util: 0.3954, sec: 8.271, t_ads: 8545.0,t_des: 9581.0
L: 0.60, u_super: 0.00010, bed_util: 0.3977, sec: 8.220, t_ads: 8561.0,t_des: 9601.0
L: 0.60, u_super: 0.00010, bed_util: 0.4089, sec: 8.206, t_ads: 8818.0,t_des: 9878.0
L: 0.61, u_super: 0.00010, bed_util: 0.4333, sec: 8.287, t_ads: 9480.0,t_des: 10586.0
L: 0.60, u_super: 0.00010, bed_util: 0.4343, sec: 8.221, t_ads: 9420.0,t_des: 10527.0
L: 0.60, u_super: 0.00010, bed_util: 0.4179, sec: 8.217, t_ads: 9030.0,t_des: 10106.0
L: 0.60, u_super: 0.00010, bed_util: 0.3663, sec: 8.272, t_ads: 7854.0,t_des: 8841.0
L: 0.60, u_super: 0.00010, bed_util: 0.4021, sec: 8.236, t_ads: 8661.0,t_des: 9708.0
L: 0.60, u_super: 0.00010, bed_util: 0.4176, sec: 8.236, t_ads: 9026.0,t_des: 10101.0
L: 0.60, u_super: 0.00010, bed_util: 0.4058, sec: 8.225, t_ads: 8744.0,t_des: 9798.0
L: 0.60, u_super: 0.00010, bed_util: 0.4077, sec: 8.206, t_ads: 8792.0,t_des: 9850.0
L: 0.60, u_super: 0.00010, bed_util: 0.4109, sec: 8.223, t_ads: 8865.0,t_des: 9928.0
L: 1.99, u_super: 0.00010, bed_util: 0.4330, sec: 22.335, t_ads: 27102.0,t_des: 28540.0
L: 0.60, u_super: 0.00010, bed_util: 0.3948, sec: 8.238, t_ads: 8505.0,t_des: 9540.0
L: 0.60, u_super: 0.00010, bed_util: 0.4189, sec: 8.214, t_ads: 9054.0,t_des: 10132.0
L: 0.60, u_super: 0.00010, bed_util: 0.4202, sec: 8.227, t_ads: 9085.0,t_des: 10165.0
    18 |      720 |  8.5753537893 |  8.2054243088
L: 0.60, u_super: 0.00010, bed_util: 0.4183, sec: 8.211, t_ads: 9040.0,t_des: 10117.0
L: 0.60, u_super: 0.00010, bed_util: 0.4148, sec: 8.227, t_ads: 8957.0,t_des: 10027.0
L: 0.60, u_super: 0.00010, bed_util: 0.4179, sec: 8.217, t_ads: 9028.0,t_des: 10104.0
L: 0.60, u_super: 0.00010, bed_util: 0.3897, sec: 8.238, t_ads: 8374.0,t_des: 9400.0
L: 0.60, u_super: 0.00010, bed_util: 0.3699, sec: 8.256, t_ads: 7932.0,t_des: 8925.0
L: 0.60, u_super: 0.00010, bed_util: 0.4044, sec: 8.220, t_ads: 8723.0,t_des: 9775.0
L: 0.60, u_super: 0.00010, bed_util: 0.4183, sec: 8.212, t_ads: 9040.0,t_des: 10117.0
L: 0.60, u_super: 0.00010, bed_util: 0.3950, sec: 8.234, t_ads: 8497.0,t_des: 9532.0
L: 0.60, u_super: 0.00010, bed_util: 0.4094, sec: 8.206, t_ads: 8831.0,t_des: 9892.0
L: 0.60, u_super: 0.00010, bed_util: 0.4097, sec: 8.220, t_ads: 8838.0,t_des: 9899.0
L: 0.60, u_super: 0.00010, bed_util: 0.4942, sec: 8.296, t_ads: 10937.0,t_des: 12174.0
L: 0.60, u_super: 0.00068, bed_util: 0.4243, sec: 4084.512, t_ads: 2750.0,t_des: 110677.0
L: 0.60, u_super: 0.00010, bed_util: 0.4299, sec: 8.208, t_ads: 9315.0,t_des: 10414.0
L: 0.60, u_super: 0.00010, bed_util: 0.3976, sec: 8.215, t_ads: 8559.0,t_des: 9599.0
L: 0.60, u_super: 0.00010, bed_util: 0.4315, sec: 8.211, t_ads: 9354.0,t_des: 10456.0
L: 0.60, u_super: 0.00010, bed_util: 0.3980, sec: 8.235, t_ads: 8568.0,t_des: 9608.0
L: 0.60, u_super: 0.00049, bed_util: 0.4034, sec: 2208.363, t_ads: 2972.0,t_des: 110038.0
L: 0.60, u_super: 0.00010, bed_util: 0.4068, sec: 8.218, t_ads: 8772.0,t_des: 9828.0
L: 0.60, u_super: 0.00010, bed_util: 0.3961, sec: 8.227, t_ads: 8524.0,t_des: 9561.0
L: 0.60, u_super: 0.00010, bed_util: 0.4066, sec: 8.235, t_ads: 8766.0,t_des: 9821.0
L: 0.60, u_super: 0.00010, bed_util: 0.4237, sec: 8.215, t_ads: 9168.0,t_des: 10255.0
L: 0.60, u_super: 0.00010, bed_util: 0.4240, sec: 8.235, t_ads: 9203.0,t_des: 10291.0
L: 0.60, u_super: 0.00010, bed_util: 0.4026, sec: 8.235, t_ads: 8674.0,t_des: 9722.0
L: 0.60, u_super: 0.00010, bed_util: 0.4257, sec: 8.208, t_ads: 9213.0,t_des: 10304.0
L: 0.60, u_super: 0.00010, bed_util: 0.3951, sec: 8.235, t_ads: 8501.0,t_des: 9536.0
L: 1.30, u_super: 0.00010, bed_util: 0.3977, sec: 15.398, t_ads: 16754.0,t_des: 17978.0
L: 0.60, u_super: 0.00010, bed_util: 0.4092, sec: 8.223, t_ads: 8826.0,t_des: 9886.0
L: 0.60, u_super: 0.00010, bed_util: 0.4333, sec: 8.225, t_ads: 9397.0,t_des: 10502.0
L: 0.62, u_super: 0.00010, bed_util: 0.4127, sec: 8.457, t_ads: 9201.0,t_des: 10272.0
L: 0.60, u_super: 0.00010, bed_util: 0.4074, sec: 8.220, t_ads: 8786.0,t_des: 9843.0
L: 0.60, u_super: 0.00010, bed_util: 0.4029, sec: 8.223, t_ads: 8682.0,t_des: 9731.0
L: 0.60, u_super: 0.00010, bed_util: 0.4021, sec: 8.236, t_ads: 8661.0,t_des: 9708.0
L: 0.60, u_super: 0.00010, bed_util: 0.4053, sec: 8.231, t_ads: 8739.0,t_des: 9792.0
L: 0.60, u_super: 0.00045, bed_util: 0.4023, sec: 1906.385, t_ads: 3073.0,t_des: 109887.0
L: 0.60, u_super: 0.00010, bed_util: 0.4077, sec: 8.209, t_ads: 8790.0,t_des: 9848.0
L: 0.60, u_super: 0.00010, bed_util: 0.4192, sec: 8.228, t_ads: 9060.0,t_des: 10138.0
L: 0.60, u_super: 0.00010, bed_util: 0.4330, sec: 8.211, t_ads: 9391.0,t_des: 10496.0
L: 0.60, u_super: 0.00010, bed_util: 0.4140, sec: 8.219, t_ads: 8939.0,t_des: 10008.0
L: 0.60, u_super: 0.00010, bed_util: 0.4189, sec: 8.230, t_ads: 9067.0,t_des: 10145.0
L: 0.60, u_super: 0.00010, bed_util: 0.4095, sec: 8.211, t_ads: 8834.0,t_des: 9895.0
    19 |      760 |  8.2195737362 |  8.2054243088
L: 0.60, u_super: 0.00010, bed_util: 0.4183, sec: 8.211, t_ads: 9040.0,t_des: 10117.0
L: 0.60, u_super: 0.00010, bed_util: 0.4297, sec: 8.226, t_ads: 9311.0,t_des: 10409.0
L: 0.60, u_super: 0.00010, bed_util: 0.3970, sec: 8.240, t_ads: 8542.0,t_des: 9580.0
L: 0.60, u_super: 0.00010, bed_util: 0.4100, sec: 8.209, t_ads: 8846.0,t_des: 9908.0
L: 0.60, u_super: 0.00010, bed_util: 0.4113, sec: 8.220, t_ads: 8877.0,t_des: 9941.0
L: 0.60, u_super: 0.00010, bed_util: 0.3990, sec: 8.238, t_ads: 8599.0,t_des: 9641.0
L: 0.60, u_super: 0.00010, bed_util: 0.4183, sec: 8.212, t_ads: 9040.0,t_des: 10117.0
L: 0.60, u_super: 0.00010, bed_util: 0.4162, sec: 8.217, t_ads: 8991.0,t_des: 10064.0
L: 0.60, u_super: 0.00010, bed_util: 0.4094, sec: 8.205, t_ads: 8831.0,t_des: 9892.0
L: 0.60, u_super: 0.00010, bed_util: 0.3780, sec: 8.257, t_ads: 8115.0,t_des: 9121.0
L: 0.60, u_super: 0.00010, bed_util: 0.3393, sec: 8.326, t_ads: 7264.0,t_des: 8209.0
L: 0.60, u_super: 0.00010, bed_util: 0.4111, sec: 8.208, t_ads: 8871.0,t_des: 9935.0
L: 0.60, u_super: 0.00010, bed_util: 0.4299, sec: 8.209, t_ads: 9316.0,t_des: 10415.0
L: 0.60, u_super: 0.00010, bed_util: 0.3976, sec: 8.214, t_ads: 8558.0,t_des: 9598.0
L: 0.60, u_super: 0.00010, bed_util: 0.4093, sec: 8.228, t_ads: 8828.0,t_des: 9888.0
L: 0.60, u_super: 0.00010, bed_util: 0.3980, sec: 8.236, t_ads: 8568.0,t_des: 9608.0
L: 0.60, u_super: 0.00010, bed_util: 0.4187, sec: 8.232, t_ads: 9049.0,t_des: 10126.0
L: 0.60, u_super: 0.00010, bed_util: 0.4068, sec: 8.217, t_ads: 8771.0,t_des: 9827.0
L: 0.60, u_super: 0.00010, bed_util: 0.3961, sec: 8.227, t_ads: 8524.0,t_des: 9561.0
L: 0.60, u_super: 0.00010, bed_util: 0.4212, sec: 8.224, t_ads: 9109.0,t_des: 10191.0
L: 0.60, u_super: 0.00010, bed_util: 0.3960, sec: 8.220, t_ads: 8521.0,t_des: 9558.0
L: 0.60, u_super: 0.00010, bed_util: 0.4240, sec: 8.236, t_ads: 9203.0,t_des: 10291.0
L: 0.67, u_super: 0.00010, bed_util: 0.4127, sec: 8.973, t_ads: 9809.0,t_des: 10890.0
L: 0.60, u_super: 0.00010, bed_util: 0.3946, sec: 8.238, t_ads: 8489.0,t_des: 9523.0
L: 0.60, u_super: 0.00010, bed_util: 0.3951, sec: 8.235, t_ads: 8501.0,t_des: 9536.0
L: 0.60, u_super: 0.00010, bed_util: 0.3977, sec: 8.220, t_ads: 8561.0,t_des: 9601.0
L: 0.60, u_super: 0.00010, bed_util: 0.4089, sec: 8.206, t_ads: 8818.0,t_des: 9878.0
L: 0.60, u_super: 0.00010, bed_util: 0.4333, sec: 8.223, t_ads: 9396.0,t_des: 10501.0
L: 0.60, u_super: 0.00010, bed_util: 0.4031, sec: 8.230, t_ads: 8685.0,t_des: 9734.0
L: 0.60, u_super: 0.00010, bed_util: 0.4179, sec: 8.217, t_ads: 9030.0,t_des: 10106.0
L: 0.60, u_super: 0.00010, bed_util: 0.4092, sec: 8.223, t_ads: 8826.0,t_des: 9886.0
L: 0.60, u_super: 0.00010, bed_util: 0.4021, sec: 8.235, t_ads: 8661.0,t_des: 9708.0
L: 0.60, u_super: 0.00010, bed_util: 0.4095, sec: 8.212, t_ads: 8835.0,t_des: 9896.0
L: 0.60, u_super: 0.00010, bed_util: 0.4050, sec: 8.209, t_ads: 8728.0,t_des: 9781.0
L: 0.60, u_super: 0.00010, bed_util: 0.4077, sec: 8.222, t_ads: 8805.0,t_des: 9863.0
L: 0.60, u_super: 0.00084, bed_util: 0.4145, sec: 6506.471, t_ads: 2447.0,t_des: 110316.0
L: 0.60, u_super: 0.00010, bed_util: 0.4330, sec: 8.212, t_ads: 9391.0,t_des: 10496.0
L: 0.60, u_super: 0.00010, bed_util: 0.4140, sec: 8.217, t_ads: 8938.0,t_des: 10007.0
L: 0.60, u_super: 0.00010, bed_util: 0.4061, sec: 8.234, t_ads: 8753.0,t_des: 9807.0
L: 0.60, u_super: 0.00010, bed_util: 0.4095, sec: 8.213, t_ads: 8834.0,t_des: 9895.0
    20 |      800 |  8.2185322762 |  8.2050504684
L: 0.60, u_super: 0.00010, bed_util: 0.3916, sec: 8.236, t_ads: 8421.0,t_des: 9450.0
L: 0.60, u_super: 0.00010, bed_util: 0.4297, sec: 8.226, t_ads: 9311.0,t_des: 10409.0
L: 0.60, u_super: 0.00010, bed_util: 0.4179, sec: 8.217, t_ads: 9028.0,t_des: 10104.0
L: 0.60, u_super: 0.00010, bed_util: 0.4100, sec: 8.210, t_ads: 8846.0,t_des: 9908.0
L: 0.60, u_super: 0.00010, bed_util: 0.4151, sec: 8.218, t_ads: 8966.0,t_des: 10037.0
L: 0.60, u_super: 0.00010, bed_util: 0.4104, sec: 8.240, t_ads: 8863.0,t_des: 9925.0
L: 0.60, u_super: 0.00010, bed_util: 0.5219, sec: 8.396, t_ads: 11694.0,t_des: 13001.0
L: 0.60, u_super: 0.00010, bed_util: 0.3991, sec: 8.234, t_ads: 8594.0,t_des: 9636.0
L: 0.60, u_super: 0.00010, bed_util: 0.4094, sec: 8.234, t_ads: 8830.0,t_des: 9890.0
L: 0.60, u_super: 0.00010, bed_util: 0.4188, sec: 8.207, t_ads: 9051.0,t_des: 10129.0
L: 0.60, u_super: 0.00010, bed_util: 0.4942, sec: 8.296, t_ads: 10937.0,t_des: 12174.0
L: 0.60, u_super: 0.00010, bed_util: 0.4059, sec: 8.226, t_ads: 8749.0,t_des: 9803.0
L: 0.60, u_super: 0.00010, bed_util: 0.4091, sec: 8.219, t_ads: 8824.0,t_des: 9884.0
L: 0.60, u_super: 0.00010, bed_util: 0.4157, sec: 8.219, t_ads: 8979.0,t_des: 10051.0
L: 0.60, u_super: 0.00010, bed_util: 0.4315, sec: 8.211, t_ads: 9354.0,t_des: 10456.0
L: 0.60, u_super: 0.00010, bed_util: 0.3980, sec: 8.235, t_ads: 8568.0,t_des: 9608.0
L: 0.60, u_super: 0.00010, bed_util: 0.4164, sec: 8.225, t_ads: 8995.0,t_des: 10068.0
L: 0.60, u_super: 0.00010, bed_util: 0.3449, sec: 8.300, t_ads: 7386.0,t_des: 8340.0
L: 0.60, u_super: 0.00010, bed_util: 0.3961, sec: 8.227, t_ads: 8524.0,t_des: 9561.0
L: 0.60, u_super: 0.00010, bed_util: 0.4212, sec: 8.224, t_ads: 9109.0,t_des: 10191.0
L: 0.60, u_super: 0.00010, bed_util: 0.4237, sec: 8.217, t_ads: 9169.0,t_des: 10256.0
L: 0.60, u_super: 0.00010, bed_util: 0.4240, sec: 8.235, t_ads: 9203.0,t_des: 10291.0
L: 0.60, u_super: 0.00010, bed_util: 0.4113, sec: 8.217, t_ads: 8875.0,t_des: 9939.0
L: 0.60, u_super: 0.00010, bed_util: 0.4162, sec: 8.213, t_ads: 8990.0,t_des: 10063.0
L: 0.60, u_super: 0.00010, bed_util: 0.3951, sec: 8.235, t_ads: 8501.0,t_des: 9536.0
L: 0.65, u_super: 0.00010, bed_util: 0.4054, sec: 8.762, t_ads: 9373.0,t_des: 10437.0
L: 0.60, u_super: 0.00010, bed_util: 0.4089, sec: 8.207, t_ads: 8819.0,t_des: 9879.0
L: 0.60, u_super: 0.00010, bed_util: 0.4210, sec: 8.211, t_ads: 9103.0,t_des: 10185.0
L: 0.60, u_super: 0.00010, bed_util: 0.4343, sec: 8.223, t_ads: 9421.0,t_des: 10528.0
L: 0.60, u_super: 0.00010, bed_util: 0.4179, sec: 8.217, t_ads: 9030.0,t_des: 10106.0
L: 0.60, u_super: 0.00010, bed_util: 0.4325, sec: 8.212, t_ads: 9379.0,t_des: 10483.0
L: 0.60, u_super: 0.00010, bed_util: 0.4089, sec: 8.211, t_ads: 8821.0,t_des: 9881.0
L: 0.60, u_super: 0.00010, bed_util: 0.4095, sec: 8.212, t_ads: 8835.0,t_des: 9896.0
L: 0.60, u_super: 0.00010, bed_util: 0.4035, sec: 8.221, t_ads: 8694.0,t_des: 9744.0
L: 0.60, u_super: 0.00010, bed_util: 0.4471, sec: 8.243, t_ads: 9732.0,t_des: 10864.0
L: 0.60, u_super: 0.00031, bed_util: 0.4145, sec: 574.579, t_ads: 3980.0,t_des: 74929.0
L: 0.60, u_super: 0.00010, bed_util: 0.4330, sec: 8.211, t_ads: 9391.0,t_des: 10496.0
L: 0.60, u_super: 0.00010, bed_util: 0.4140, sec: 8.217, t_ads: 8938.0,t_des: 10007.0
L: 0.60, u_super: 0.00010, bed_util: 0.4189, sec: 8.215, t_ads: 9054.0,t_des: 10132.0
L: 0.60, u_super: 0.00010, bed_util: 0.4068, sec: 8.216, t_ads: 8771.0,t_des: 9827.0
    21 |      840 |  8.2172495842 |  8.2050504684
L: 0.60, u_super: 0.00010, bed_util: 0.4183, sec: 8.210, t_ads: 9040.0,t_des: 10117.0
L: 0.60, u_super: 0.00010, bed_util: 0.4297, sec: 8.227, t_ads: 9311.0,t_des: 10409.0
L: 0.60, u_super: 0.00010, bed_util: 0.4179, sec: 8.215, t_ads: 9029.0,t_des: 10105.0
L: 0.60, u_super: 0.00010, bed_util: 0.4100, sec: 8.209, t_ads: 8846.0,t_des: 9908.0
L: 0.60, u_super: 0.00010, bed_util: 0.4151, sec: 8.217, t_ads: 8966.0,t_des: 10037.0
L: 0.60, u_super: 0.00010, bed_util: 0.4091, sec: 8.227, t_ads: 8831.0,t_des: 9891.0
L: 0.60, u_super: 0.00010, bed_util: 0.4114, sec: 8.223, t_ads: 8878.0,t_des: 9942.0
L: 0.60, u_super: 0.00010, bed_util: 0.4162, sec: 8.216, t_ads: 8991.0,t_des: 10064.0
L: 0.60, u_super: 0.00010, bed_util: 0.3976, sec: 8.216, t_ads: 8559.0,t_des: 9599.0
L: 0.60, u_super: 0.00010, bed_util: 0.4188, sec: 8.207, t_ads: 9051.0,t_des: 10129.0
L: 0.60, u_super: 0.00146, bed_util: 0.4018, sec: 20118.135, t_ads: 1992.0,t_des: 109798.0
L: 0.60, u_super: 0.00010, bed_util: 0.4111, sec: 8.208, t_ads: 8871.0,t_des: 9935.0
L: 0.60, u_super: 0.00010, bed_util: 0.4131, sec: 8.224, t_ads: 8917.0,t_des: 9984.0
L: 0.60, u_super: 0.00010, bed_util: 0.3976, sec: 8.214, t_ads: 8558.0,t_des: 9598.0
L: 0.60, u_super: 0.00010, bed_util: 0.4315, sec: 8.211, t_ads: 9354.0,t_des: 10456.0
L: 0.60, u_super: 0.00010, bed_util: 0.3980, sec: 8.235, t_ads: 8568.0,t_des: 9608.0
L: 0.60, u_super: 0.00010, bed_util: 0.4217, sec: 8.217, t_ads: 9119.0,t_des: 10202.0
L: 0.60, u_super: 0.00010, bed_util: 0.4068, sec: 8.218, t_ads: 8771.0,t_des: 9827.0
L: 0.60, u_super: 0.00035, bed_util: 0.3961, sec: 1115.433, t_ads: 3476.0,t_des: 106612.0
L: 0.60, u_super: 0.00010, bed_util: 0.4212, sec: 8.222, t_ads: 9108.0,t_des: 10190.0
L: 0.60, u_super: 0.00010, bed_util: 0.4237, sec: 8.216, t_ads: 9169.0,t_des: 10256.0
L: 0.60, u_super: 0.00010, bed_util: 0.4240, sec: 8.235, t_ads: 9203.0,t_des: 10291.0
L: 0.60, u_super: 0.00010, bed_util: 0.4034, sec: 8.215, t_ads: 8691.0,t_des: 9741.0
L: 0.60, u_super: 0.00010, bed_util: 0.4257, sec: 8.207, t_ads: 9215.0,t_des: 10306.0
L: 0.60, u_super: 0.00010, bed_util: 0.4104, sec: 8.227, t_ads: 8854.0,t_des: 9916.0
L: 0.60, u_super: 0.00010, bed_util: 0.3977, sec: 8.220, t_ads: 8561.0,t_des: 9601.0
L: 0.60, u_super: 0.00010, bed_util: 0.4089, sec: 8.207, t_ads: 8819.0,t_des: 9879.0
L: 0.60, u_super: 0.00010, bed_util: 0.4103, sec: 8.221, t_ads: 8851.0,t_des: 9913.0
L: 0.60, u_super: 0.00010, bed_util: 0.4343, sec: 8.223, t_ads: 9421.0,t_des: 10528.0
L: 0.60, u_super: 0.00010, bed_util: 0.4179, sec: 8.217, t_ads: 9030.0,t_des: 10106.0
L: 0.60, u_super: 0.00010, bed_util: 0.4157, sec: 8.218, t_ads: 8979.0,t_des: 10051.0
L: 0.60, u_super: 0.00010, bed_util: 0.4089, sec: 8.212, t_ads: 8821.0,t_des: 9881.0
L: 0.60, u_super: 0.00010, bed_util: 0.3956, sec: 8.233, t_ads: 8514.0,t_des: 9550.0
L: 0.60, u_super: 0.00010, bed_util: 0.4050, sec: 8.209, t_ads: 8728.0,t_des: 9781.0
L: 0.60, u_super: 0.00010, bed_util: 0.4077, sec: 8.234, t_ads: 8792.0,t_des: 9849.0
L: 0.60, u_super: 0.00010, bed_util: 0.4145, sec: 8.213, t_ads: 8951.0,t_des: 10021.0
L: 0.60, u_super: 0.00010, bed_util: 0.4330, sec: 8.211, t_ads: 9391.0,t_des: 10496.0
L: 0.60, u_super: 0.00010, bed_util: 0.4140, sec: 8.217, t_ads: 8940.0,t_des: 10009.0
L: 0.60, u_super: 0.00010, bed_util: 0.4108, sec: 8.220, t_ads: 8864.0,t_des: 9927.0
L: 0.60, u_super: 0.00010, bed_util: 0.4095, sec: 8.217, t_ads: 8838.0,t_des: 9899.0
    22 |      880 |  8.2168778181 |  8.2050504684
L: 0.60, u_super: 0.00010, bed_util: 0.4183, sec: 8.211, t_ads: 9040.0,t_des: 10117.0
L: 0.60, u_super: 0.00010, bed_util: 0.3731, sec: 8.262, t_ads: 8005.0,t_des: 9003.0
L: 0.60, u_super: 0.00010, bed_util: 0.4179, sec: 8.215, t_ads: 9029.0,t_des: 10105.0
L: 0.60, u_super: 0.00010, bed_util: 0.4060, sec: 8.235, t_ads: 8753.0,t_des: 9807.0
L: 0.60, u_super: 0.00010, bed_util: 0.4151, sec: 8.217, t_ads: 8966.0,t_des: 10037.0
L: 0.60, u_super: 0.00010, bed_util: 0.4394, sec: 8.233, t_ads: 9552.0,t_des: 10669.0
L: 0.60, u_super: 0.00010, bed_util: 0.4183, sec: 8.212, t_ads: 9040.0,t_des: 10117.0
L: 0.60, u_super: 0.00010, bed_util: 0.4136, sec: 8.225, t_ads: 8931.0,t_des: 9999.0
L: 0.60, u_super: 0.00010, bed_util: 0.4153, sec: 8.227, t_ads: 8970.0,t_des: 10041.0
L: 0.60, u_super: 0.00010, bed_util: 0.4188, sec: 8.207, t_ads: 9051.0,t_des: 10129.0
L: 0.60, u_super: 0.00010, bed_util: 0.4942, sec: 8.295, t_ads: 10937.0,t_des: 12174.0
L: 0.60, u_super: 0.00010, bed_util: 0.3989, sec: 8.219, t_ads: 8587.0,t_des: 9629.0
L: 0.60, u_super: 0.00010, bed_util: 0.4299, sec: 8.209, t_ads: 9316.0,t_des: 10415.0
L: 0.60, u_super: 0.00010, bed_util: 0.4137, sec: 8.226, t_ads: 8931.0,t_des: 9999.0
L: 0.60, u_super: 0.00010, bed_util: 0.4315, sec: 8.212, t_ads: 9354.0,t_des: 10456.0
L: 0.60, u_super: 0.00010, bed_util: 0.4059, sec: 8.230, t_ads: 8751.0,t_des: 9805.0
L: 0.60, u_super: 0.00010, bed_util: 0.4217, sec: 8.217, t_ads: 9119.0,t_des: 10202.0
L: 0.60, u_super: 0.00010, bed_util: 0.4068, sec: 8.219, t_ads: 8772.0,t_des: 9828.0
L: 0.60, u_super: 0.00011, bed_util: 0.3961, sec: 8.871, t_ads: 8132.0,t_des: 9163.0
L: 0.60, u_super: 0.00010, bed_util: 0.4000, sec: 8.218, t_ads: 8613.0,t_des: 9657.0
L: 0.60, u_super: 0.00010, bed_util: 0.4237, sec: 8.217, t_ads: 9169.0,t_des: 10256.0
L: 0.60, u_super: 0.00010, bed_util: 0.4240, sec: 8.232, t_ads: 9176.0,t_des: 10263.0
L: 0.60, u_super: 0.00010, bed_util: 0.4023, sec: 8.218, t_ads: 8666.0,t_des: 9714.0
L: 0.60, u_super: 0.00010, bed_util: 0.4086, sec: 8.220, t_ads: 8812.0,t_des: 9871.0
L: 0.65, u_super: 0.00010, bed_util: 0.4104, sec: 8.713, t_ads: 9429.0,t_des: 10500.0
L: 0.60, u_super: 0.00010, bed_util: 0.4029, sec: 8.221, t_ads: 8681.0,t_des: 9730.0
L: 0.60, u_super: 0.00010, bed_util: 0.4171, sec: 8.206, t_ads: 9012.0,t_des: 10087.0
L: 0.60, u_super: 0.00010, bed_util: 0.4210, sec: 8.210, t_ads: 9103.0,t_des: 10185.0
L: 0.60, u_super: 0.00010, bed_util: 0.4193, sec: 8.208, t_ads: 9064.0,t_des: 10143.0
L: 0.60, u_super: 0.00010, bed_util: 0.4037, sec: 8.233, t_ads: 8700.0,t_des: 9750.0
L: 0.60, u_super: 0.00010, bed_util: 0.4325, sec: 8.212, t_ads: 9379.0,t_des: 10483.0
L: 0.60, u_super: 0.00010, bed_util: 0.4089, sec: 8.212, t_ads: 8821.0,t_des: 9881.0
L: 0.60, u_super: 0.00010, bed_util: 0.4095, sec: 8.210, t_ads: 8833.0,t_des: 9894.0
L: 0.60, u_super: 0.00010, bed_util: 0.4091, sec: 8.220, t_ads: 8825.0,t_des: 9885.0
L: 0.60, u_super: 0.00010, bed_util: 0.3810, sec: 8.253, t_ads: 8182.0,t_des: 9193.0
L: 0.60, u_super: 0.00010, bed_util: 0.4145, sec: 8.214, t_ads: 8951.0,t_des: 10021.0
L: 0.60, u_super: 0.00010, bed_util: 0.4330, sec: 8.210, t_ads: 9391.0,t_des: 10496.0
L: 0.60, u_super: 0.00010, bed_util: 0.4140, sec: 8.217, t_ads: 8940.0,t_des: 10009.0
L: 0.60, u_super: 0.00010, bed_util: 0.4189, sec: 8.214, t_ads: 9054.0,t_des: 10132.0
L: 0.60, u_super: 0.00010, bed_util: 0.4095, sec: 8.212, t_ads: 8834.0,t_des: 9895.0
    23 |      920 |  8.2161850691 |  8.2050504684
L: 0.60, u_super: 0.00010, bed_util: 0.4132, sec: 8.232, t_ads: 8921.0,t_des: 9988.0
L: 0.60, u_super: 0.00010, bed_util: 0.3988, sec: 8.216, t_ads: 8586.0,t_des: 9628.0
L: 0.60, u_super: 0.00010, bed_util: 0.4749, sec: 8.257, t_ads: 10431.0,t_des: 11623.0
L: 0.60, u_super: 0.00010, bed_util: 0.4003, sec: 8.235, t_ads: 8621.0,t_des: 9665.0
L: 0.60, u_super: 0.00010, bed_util: 0.4078, sec: 8.209, t_ads: 8794.0,t_des: 9852.0
L: 0.60, u_super: 0.00010, bed_util: 0.4044, sec: 8.220, t_ads: 8723.0,t_des: 9775.0
L: 0.60, u_super: 0.00010, bed_util: 0.3996, sec: 8.229, t_ads: 8605.0,t_des: 9648.0
L: 0.60, u_super: 0.00010, bed_util: 0.4162, sec: 8.216, t_ads: 8991.0,t_des: 10064.0
L: 0.60, u_super: 0.00010, bed_util: 0.4041, sec: 8.225, t_ads: 8709.0,t_des: 9760.0
L: 0.60, u_super: 0.00010, bed_util: 0.4091, sec: 8.220, t_ads: 8825.0,t_des: 9885.0
L: 0.60, u_super: 0.00010, bed_util: 0.4210, sec: 8.213, t_ads: 9104.0,t_des: 10186.0
L: 0.60, u_super: 0.00010, bed_util: 0.4111, sec: 8.209, t_ads: 8872.0,t_des: 9936.0
L: 0.60, u_super: 0.00010, bed_util: 0.4029, sec: 8.224, t_ads: 8682.0,t_des: 9731.0
L: 0.60, u_super: 0.00010, bed_util: 0.4146, sec: 8.218, t_ads: 8953.0,t_des: 10023.0
L: 0.60, u_super: 0.00010, bed_util: 0.4315, sec: 8.211, t_ads: 9354.0,t_des: 10456.0
L: 0.60, u_super: 0.00010, bed_util: 0.4059, sec: 8.230, t_ads: 8751.0,t_des: 9805.0
L: 0.60, u_super: 0.00010, bed_util: 0.3776, sec: 8.236, t_ads: 8105.0,t_des: 9111.0
L: 0.60, u_super: 0.00010, bed_util: 0.4068, sec: 8.218, t_ads: 8771.0,t_des: 9827.0
L: 0.60, u_super: 0.00010, bed_util: 0.3961, sec: 8.226, t_ads: 8524.0,t_des: 9561.0
L: 0.60, u_super: 0.00010, bed_util: 0.4086, sec: 8.221, t_ads: 8812.0,t_des: 9871.0
L: 0.60, u_super: 0.00010, bed_util: 0.4237, sec: 8.216, t_ads: 9169.0,t_des: 10256.0
L: 0.60, u_super: 0.00010, bed_util: 0.4240, sec: 8.232, t_ads: 9176.0,t_des: 10263.0
L: 0.60, u_super: 0.00010, bed_util: 0.4034, sec: 8.215, t_ads: 8691.0,t_des: 9741.0
L: 0.60, u_super: 0.00010, bed_util: 0.4257, sec: 8.207, t_ads: 9215.0,t_des: 10306.0
L: 0.60, u_super: 0.00010, bed_util: 0.4104, sec: 8.227, t_ads: 8854.0,t_des: 9916.0
L: 0.60, u_super: 0.00010, bed_util: 0.3977, sec: 8.220, t_ads: 8561.0,t_des: 9601.0
L: 0.60, u_super: 0.00010, bed_util: 0.4089, sec: 8.207, t_ads: 8819.0,t_des: 9879.0
L: 0.60, u_super: 0.00010, bed_util: 0.4167, sec: 8.213, t_ads: 9002.0,t_des: 10076.0
L: 0.60, u_super: 0.00010, bed_util: 0.4193, sec: 8.208, t_ads: 9064.0,t_des: 10143.0
L: 0.60, u_super: 0.00010, bed_util: 0.4097, sec: 8.220, t_ads: 8838.0,t_des: 9899.0
L: 0.60, u_super: 0.00010, bed_util: 0.4325, sec: 8.212, t_ads: 9379.0,t_des: 10483.0
L: 0.60, u_super: 0.00010, bed_util: 0.4089, sec: 8.212, t_ads: 8821.0,t_des: 9881.0
L: 0.60, u_super: 0.00010, bed_util: 0.4095, sec: 8.210, t_ads: 8833.0,t_des: 9894.0
L: 0.60, u_super: 0.00010, bed_util: 0.4050, sec: 8.209, t_ads: 8728.0,t_des: 9781.0
L: 0.69, u_super: 0.00010, bed_util: 0.4077, sec: 9.152, t_ads: 9880.0,t_des: 10956.0
L: 0.60, u_super: 0.00010, bed_util: 0.4145, sec: 8.215, t_ads: 8952.0,t_des: 10022.0
L: 0.60, u_super: 0.00035, bed_util: 0.4330, sec: 1069.897, t_ads: 3881.0,t_des: 110496.0
L: 0.61, u_super: 0.00010, bed_util: 0.4140, sec: 8.364, t_ads: 9105.0,t_des: 10176.0
L: 0.60, u_super: 0.00010, bed_util: 0.4123, sec: 8.214, t_ads: 8900.0,t_des: 9966.0
L: 0.60, u_super: 0.00010, bed_util: 0.3965, sec: 8.219, t_ads: 8534.0,t_des: 9572.0
    24 |      960 |  8.2136381149 |  8.2050504684
L: 0.60, u_super: 0.00010, bed_util: 0.4183, sec: 8.210, t_ads: 9040.0,t_des: 10117.0
L: 0.60, u_super: 0.00010, bed_util: 0.4107, sec: 8.218, t_ads: 8863.0,t_des: 9926.0
L: 0.60, u_super: 0.00010, bed_util: 0.4102, sec: 8.216, t_ads: 8849.0,t_des: 9911.0
L: 0.60, u_super: 0.00010, bed_util: 0.4163, sec: 8.219, t_ads: 8992.0,t_des: 10065.0
L: 0.60, u_super: 0.00010, bed_util: 0.4218, sec: 8.228, t_ads: 9124.0,t_des: 10207.0
L: 0.60, u_super: 0.00010, bed_util: 0.4044, sec: 8.211, t_ads: 8716.0,t_des: 9768.0
L: 0.60, u_super: 0.00010, bed_util: 0.4020, sec: 8.229, t_ads: 8658.0,t_des: 9705.0
L: 0.60, u_super: 0.00010, bed_util: 0.4162, sec: 8.216, t_ads: 8991.0,t_des: 10064.0
L: 0.60, u_super: 0.00043, bed_util: 0.4459, sec: 1567.558, t_ads: 3627.0,t_des: 111488.0
L: 0.60, u_super: 0.00010, bed_util: 0.4021, sec: 8.208, t_ads: 8662.0,t_des: 9710.0
L: 0.60, u_super: 0.00010, bed_util: 0.4131, sec: 8.228, t_ads: 8919.0,t_des: 9986.0
L: 0.60, u_super: 0.00010, bed_util: 0.4111, sec: 8.208, t_ads: 8871.0,t_des: 9935.0
L: 0.60, u_super: 0.00012, bed_util: 0.3991, sec: 10.794, t_ads: 7228.0,t_des: 8257.0
L: 0.60, u_super: 0.00010, bed_util: 0.4045, sec: 8.211, t_ads: 8716.0,t_des: 9768.0
L: 0.60, u_super: 0.00010, bed_util: 0.4315, sec: 8.212, t_ads: 9354.0,t_des: 10456.0
L: 0.60, u_super: 0.00010, bed_util: 0.4059, sec: 8.230, t_ads: 8751.0,t_des: 9805.0
L: 0.60, u_super: 0.00010, bed_util: 0.4217, sec: 8.218, t_ads: 9119.0,t_des: 10202.0
L: 0.60, u_super: 0.00010, bed_util: 0.4068, sec: 8.218, t_ads: 8772.0,t_des: 9828.0
L: 0.60, u_super: 0.00010, bed_util: 0.3961, sec: 8.227, t_ads: 8524.0,t_des: 9561.0
L: 0.60, u_super: 0.00010, bed_util: 0.4000, sec: 8.217, t_ads: 8613.0,t_des: 9657.0
L: 0.60, u_super: 0.00010, bed_util: 0.4237, sec: 8.214, t_ads: 9168.0,t_des: 10255.0
L: 0.60, u_super: 0.00060, bed_util: 0.4240, sec: 3246.038, t_ads: 2882.0,t_des: 110724.0
L: 0.60, u_super: 0.00010, bed_util: 0.4155, sec: 8.207, t_ads: 8974.0,t_des: 10046.0
L: 0.60, u_super: 0.00010, bed_util: 0.4257, sec: 8.206, t_ads: 9215.0,t_des: 10306.0
L: 0.60, u_super: 0.00010, bed_util: 0.4104, sec: 8.227, t_ads: 8854.0,t_des: 9916.0
L: 0.60, u_super: 0.00010, bed_util: 0.3977, sec: 8.220, t_ads: 8561.0,t_des: 9601.0
L: 0.60, u_super: 0.00010, bed_util: 0.4089, sec: 8.207, t_ads: 8819.0,t_des: 9879.0
L: 0.60, u_super: 0.00010, bed_util: 0.4210, sec: 8.211, t_ads: 9103.0,t_des: 10185.0
L: 0.60, u_super: 0.00010, bed_util: 0.4193, sec: 8.208, t_ads: 9064.0,t_des: 10143.0
L: 0.60, u_super: 0.00010, bed_util: 0.4154, sec: 8.228, t_ads: 8971.0,t_des: 10042.0
L: 0.60, u_super: 0.00010, bed_util: 0.4325, sec: 8.212, t_ads: 9379.0,t_des: 10483.0
L: 0.60, u_super: 0.00010, bed_util: 0.4120, sec: 8.223, t_ads: 8891.0,t_des: 9956.0
L: 0.60, u_super: 0.00010, bed_util: 0.4049, sec: 8.206, t_ads: 8727.0,t_des: 9780.0
L: 0.60, u_super: 0.00010, bed_util: 0.4050, sec: 8.209, t_ads: 8728.0,t_des: 9781.0
L: 0.60, u_super: 0.00010, bed_util: 0.4077, sec: 8.235, t_ads: 8792.0,t_des: 9849.0
L: 0.60, u_super: 0.00010, bed_util: 0.4091, sec: 8.219, t_ads: 8824.0,t_des: 9884.0
L: 0.60, u_super: 0.00010, bed_util: 0.4077, sec: 8.210, t_ads: 8796.0,t_des: 9854.0
L: 0.60, u_super: 0.00081, bed_util: 0.4140, sec: 6046.360, t_ads: 2475.0,t_des: 110320.0
L: 0.60, u_super: 0.00010, bed_util: 0.4189, sec: 8.215, t_ads: 9054.0,t_des: 10132.0
L: 0.60, u_super: 0.00010, bed_util: 0.4095, sec: 8.211, t_ads: 8834.0,t_des: 9895.0
    25 |     1000 |  8.2130563736 |  8.2050504684
L: 0.60, u_super: 0.00010, bed_util: 0.4183, sec: 8.211, t_ads: 9040.0,t_des: 10117.0
L: 0.60, u_super: 0.00010, bed_util: 0.3988, sec: 8.216, t_ads: 8586.0,t_des: 9628.0
L: 0.60, u_super: 0.00010, bed_util: 0.4096, sec: 8.218, t_ads: 8837.0,t_des: 9898.0
L: 0.60, u_super: 0.00010, bed_util: 0.4100, sec: 8.210, t_ads: 8846.0,t_des: 9908.0
L: 0.60, u_super: 0.00010, bed_util: 0.4078, sec: 8.209, t_ads: 8794.0,t_des: 9852.0
L: 0.60, u_super: 0.00010, bed_util: 0.4044, sec: 8.211, t_ads: 8716.0,t_des: 9768.0
L: 0.60, u_super: 0.00010, bed_util: 0.4183, sec: 8.211, t_ads: 9040.0,t_des: 10117.0
L: 0.60, u_super: 0.00010, bed_util: 0.4189, sec: 8.214, t_ads: 9054.0,t_des: 10132.0
L: 0.60, u_super: 0.00010, bed_util: 0.4036, sec: 8.227, t_ads: 8697.0,t_des: 9747.0
L: 0.60, u_super: 0.00010, bed_util: 0.4188, sec: 8.208, t_ads: 9051.0,t_des: 10129.0
L: 0.60, u_super: 0.00010, bed_util: 0.4210, sec: 8.214, t_ads: 9105.0,t_des: 10187.0
L: 0.60, u_super: 0.00010, bed_util: 0.4111, sec: 8.209, t_ads: 8872.0,t_des: 9936.0
L: 0.60, u_super: 0.00010, bed_util: 0.4299, sec: 8.208, t_ads: 9315.0,t_des: 10414.0
L: 0.60, u_super: 0.00010, bed_util: 0.4045, sec: 8.212, t_ads: 8716.0,t_des: 9768.0
L: 0.60, u_super: 0.00010, bed_util: 0.4315, sec: 8.210, t_ads: 9353.0,t_des: 10455.0
L: 0.60, u_super: 0.00010, bed_util: 0.4059, sec: 8.230, t_ads: 8751.0,t_des: 9805.0
L: 0.60, u_super: 0.00010, bed_util: 0.4217, sec: 8.218, t_ads: 9119.0,t_des: 10202.0
L: 0.60, u_super: 0.00010, bed_util: 0.4028, sec: 8.213, t_ads: 8677.0,t_des: 9726.0
L: 0.60, u_super: 0.00010, bed_util: 0.3971, sec: 8.216, t_ads: 8546.0,t_des: 9585.0
L: 0.60, u_super: 0.00010, bed_util: 0.4152, sec: 8.220, t_ads: 8967.0,t_des: 10038.0
L: 0.60, u_super: 0.00010, bed_util: 0.4175, sec: 8.229, t_ads: 9022.0,t_des: 10097.0
L: 0.60, u_super: 0.00010, bed_util: 0.4240, sec: 8.233, t_ads: 9176.0,t_des: 10263.0
L: 0.60, u_super: 0.00010, bed_util: 0.4155, sec: 8.207, t_ads: 8974.0,t_des: 10046.0
L: 0.60, u_super: 0.00010, bed_util: 0.4257, sec: 8.206, t_ads: 9215.0,t_des: 10306.0
L: 0.60, u_super: 0.00010, bed_util: 0.4104, sec: 8.227, t_ads: 8854.0,t_des: 9916.0
L: 0.60, u_super: 0.00010, bed_util: 0.3977, sec: 8.220, t_ads: 8561.0,t_des: 9601.0
L: 0.60, u_super: 0.00010, bed_util: 0.4091, sec: 8.219, t_ads: 8824.0,t_des: 9884.0
L: 0.60, u_super: 0.00010, bed_util: 0.4210, sec: 8.211, t_ads: 9103.0,t_des: 10185.0
L: 0.60, u_super: 0.00010, bed_util: 0.4193, sec: 8.208, t_ads: 9064.0,t_des: 10143.0
L: 0.60, u_super: 0.00083, bed_util: 0.4091, sec: 6316.455, t_ads: 2419.0,t_des: 110187.0
L: 0.60, u_super: 0.00010, bed_util: 0.4325, sec: 8.211, t_ads: 9379.0,t_des: 10483.0
L: 0.60, u_super: 0.00010, bed_util: 0.4050, sec: 8.213, t_ads: 8730.0,t_des: 9783.0
L: 0.60, u_super: 0.00010, bed_util: 0.4049, sec: 8.207, t_ads: 8727.0,t_des: 9780.0
L: 0.60, u_super: 0.00010, bed_util: 0.4050, sec: 8.209, t_ads: 8728.0,t_des: 9781.0
L: 0.60, u_super: 0.00010, bed_util: 0.4014, sec: 8.230, t_ads: 8645.0,t_des: 9691.0
L: 0.62, u_super: 0.00010, bed_util: 0.4137, sec: 8.429, t_ads: 9185.0,t_des: 10257.0
L: 0.60, u_super: 0.00010, bed_util: 0.4077, sec: 8.233, t_ads: 8792.0,t_des: 9849.0
L: 0.60, u_super: 0.00010, bed_util: 0.4140, sec: 8.218, t_ads: 8940.0,t_des: 10009.0
L: 0.60, u_super: 0.00010, bed_util: 0.4189, sec: 8.214, t_ads: 9054.0,t_des: 10132.0
L: 0.60, u_super: 0.00010, bed_util: 0.4095, sec: 8.211, t_ads: 8834.0,t_des: 9895.0
    26 |     1040 |  8.2126180887 |  8.2050504684

