L: 1.32, u_super: 0.00941, sec: 37004556.000, t_ads: 26.0, t_des: 9754.0, bed_util_ads: 0.021, bed_util_des: 0.020, frac_lost: 0.010
L: 0.80, u_super: 0.00940, sec: 40929820.000, t_ads: 17.0, t_des: 8062.0, bed_util_ads: 0.021, bed_util_des: 0.020, frac_lost: 0.011
L: 1.04, u_super: 0.00425, sec: 6268219.500, t_ads: 44.0, t_des: 13695.0, bed_util_ads: 0.021, bed_util_des: 0.020, frac_lost: 0.010
L: 1.76, u_super: 0.00411, sec: 5108029.500, t_ads: 75.0, t_des: 18869.0, bed_util_ads: 0.022, bed_util_des: 0.020, frac_lost: 0.010
L: 1.37, u_super: 0.00037, sec: 15920.408, t_ads: 629.0, t_des: 41656.0, bed_util_ads: 0.032, bed_util_des: 0.020, frac_lost: 0.010
L: 1.65, u_super: 0.00537, sec: 9646810.000, t_ads: 55.0, t_des: 15797.0, bed_util_ads: 0.022, bed_util_des: 0.020, frac_lost: 0.010
L: 1.06, u_super: 0.00783, sec: 25203860.000, t_ads: 26.0, t_des: 10338.0, bed_util_ads: 0.021, bed_util_des: 0.020, frac_lost: 0.011
L: 1.02, u_super: 0.00454, sec: 7321138.000, t_ads: 41.0, t_des: 13204.0, bed_util_ads: 0.021, bed_util_des: 0.020, frac_lost: 0.011
L: 0.79, u_super: 0.00405, sec: 5958611.000, t_ads: 36.0, t_des: 12388.0, bed_util_ads: 0.021, bed_util_des: 0.020, frac_lost: 0.011
L: 0.88, u_super: 0.00267, sec: 2256222.250, t_ads: 59.0, t_des: 16505.0, bed_util_ads: 0.022, bed_util_des: 0.020, frac_lost: 0.010
L: 1.65, u_super: 0.00285, sec: 2198961.000, t_ads: 101.0, t_des: 22474.0, bed_util_ads: 0.023, bed_util_des: 0.020, frac_lost: 0.010
L: 1.28, u_super: 0.00971, sec: 40001220.000, t_ads: 25.0, t_des: 9846.0, bed_util_ads: 0.021, bed_util_des: 0.020, frac_lost: 0.011
L: 1.95, u_super: 0.00720, sec: 18274028.000, t_ads: 49.0, t_des: 14955.0, bed_util_ads: 0.022, bed_util_des: 0.020, frac_lost: 0.011
L: 1.36, u_super: 0.00281, sec: 2263911.250, t_ads: 85.0, t_des: 20602.0, bed_util_ads: 0.022, bed_util_des: 0.020, frac_lost: 0.010
L: 0.82, u_super: 0.00961, sec: 42824348.000, t_ads: 17.0, t_des: 7964.0, bed_util_ads: 0.021, bed_util_des: 0.020, frac_lost: 0.010
L: 1.32, u_super: 0.00124, sec: 322580.375, t_ads: 184.0, t_des: 29889.0, bed_util_ads: 0.025, bed_util_des: 0.020, frac_lost: 0.010
L: 1.47, u_super: 0.00771, sec: 22776660.000, t_ads: 35.0, t_des: 11899.0, bed_util_ads: 0.021, bed_util_des: 0.020, frac_lost: 0.010
L: 1.46, u_super: 0.00909, sec: 33380130.000, t_ads: 30.0, t_des: 11001.0, bed_util_ads: 0.021, bed_util_des: 0.020, frac_lost: 0.011
L: 0.66, u_super: 0.00528, sec: 11301530.000, t_ads: 24.0, t_des: 9888.0, bed_util_ads: 0.021, bed_util_des: 0.020, frac_lost: 0.011
L: 1.24, u_super: 0.00071, sec: 84960.219, t_ads: 299.0, t_des: 35501.0, bed_util_ads: 0.027, bed_util_des: 0.020, frac_lost: 0.010
L: 1.50, u_super: 0.00846, sec: 28063198.000, t_ads: 33.0, t_des: 11741.0, bed_util_ads: 0.021, bed_util_des: 0.020, frac_lost: 0.011
L: 1.43, u_super: 0.00265, sec: 1942834.000, t_ads: 94.0, t_des: 21503.0, bed_util_ads: 0.023, bed_util_des: 0.020, frac_lost: 0.010
L: 1.78, u_super: 0.00509, sec: 8370535.000, t_ads: 62.0, t_des: 17033.0, bed_util_ads: 0.022, bed_util_des: 0.020, frac_lost: 0.010
L: 1.32, u_super: 0.00748, sec: 21707264.000, t_ads: 33.0, t_des: 11903.0, bed_util_ads: 0.021, bed_util_des: 0.020, frac_lost: 0.011
L: 0.81, u_super: 0.00813, sec: 29155658.000, t_ads: 20.0, t_des: 9304.0, bed_util_ads: 0.021, bed_util_des: 0.020, frac_lost: 0.012
L: 1.56, u_super: 0.00781, sec: 23171630.000, t_ads: 37.0, t_des: 12720.0, bed_util_ads: 0.021, bed_util_des: 0.020, frac_lost: 0.011
L: 0.87, u_super: 0.00796, sec: 27370372.000, t_ads: 21.0, t_des: 8865.0, bed_util_ads: 0.021, bed_util_des: 0.020, frac_lost: 0.011
L: 0.87, u_super: 0.00090, sec: 177606.344, t_ads: 166.0, t_des: 28573.0, bed_util_ads: 0.024, bed_util_des: 0.020, frac_lost: 0.010
L: 1.80, u_super: 0.00854, sec: 27690286.000, t_ads: 38.0, t_des: 12313.0, bed_util_ads: 0.021, bed_util_des: 0.020, frac_lost: 0.010
L: 1.83, u_super: 0.00472, sec: 6994771.000, t_ads: 68.0, t_des: 17784.0, bed_util_ads: 0.022, bed_util_des: 0.020, frac_lost: 0.010
L: 0.98, u_super: 0.00017, sec: 2714.307, t_ads: 984.0, t_des: 43758.0, bed_util_ads: 0.035, bed_util_des: 0.020, frac_lost: 0.010
L: 1.50, u_super: 0.00716, sec: 19093458.000, t_ads: 38.0, t_des: 12340.0, bed_util_ads: 0.021, bed_util_des: 0.020, frac_lost: 0.010
L: 1.77, u_super: 0.00286, sec: 2170437.500, t_ads: 108.0, t_des: 23441.0, bed_util_ads: 0.023, bed_util_des: 0.020, frac_lost: 0.010
L: 0.90, u_super: 0.00637, sec: 16212617.000, t_ads: 27.0, t_des: 10536.0, bed_util_ads: 0.021, bed_util_des: 0.020, frac_lost: 0.011
L: 1.73, u_super: 0.00954, sec: 36138768.000, t_ads: 33.0, t_des: 11277.0, bed_util_ads: 0.021, bed_util_des: 0.020, frac_lost: 0.010
L: 0.81, u_super: 0.00483, sec: 8819660.000, t_ads: 31.0, t_des: 10997.0, bed_util_ads: 0.021, bed_util_des: 0.020, frac_lost: 0.010
L: 1.85, u_super: 0.00424, sec: 5407683.500, t_ads: 77.0, t_des: 19389.0, bed_util_ads: 0.022, bed_util_des: 0.020, frac_lost: 0.010
L: 1.43, u_super: 0.00034, sec: 12665.194, t_ads: 712.0, t_des: 42352.0, bed_util_ads: 0.033, bed_util_des: 0.020, frac_lost: 0.010
L: 1.54, u_super: 0.00911, sec: 33171234.000, t_ads: 31.0, t_des: 10824.0, bed_util_ads: 0.021, bed_util_des: 0.020, frac_lost: 0.010
L: 1.76, u_super: 0.00878, sec: 29592500.000, t_ads: 37.0, t_des: 12602.0, bed_util_ads: 0.021, bed_util_des: 0.020, frac_lost: 0.011
=================================================
n_gen  |  n_eval  |     f_avg     |     f_min    
=================================================
     1 |       40 |  1.596019E+07 |  2.714307E+03
L: 1.00, u_super: 0.00941, sec: 39166876.000, t_ads: 21.0, t_des: 9309.0, bed_util_ads: 0.021, bed_util_des: 0.020, frac_lost: 0.012
L: 1.40, u_super: 0.00176, sec: 738537.688, t_ads: 138.0, t_des: 26269.0, bed_util_ads: 0.024, bed_util_des: 0.020, frac_lost: 0.010
L: 1.04, u_super: 0.00042, sec: 25551.385, t_ads: 417.0, t_des: 38667.0, bed_util_ads: 0.029, bed_util_des: 0.020, frac_lost: 0.010
L: 0.93, u_super: 0.00411, sec: 5954236.500, t_ads: 41.0, t_des: 13211.0, bed_util_ads: 0.021, bed_util_des: 0.020, frac_lost: 0.011
L: 0.91, u_super: 0.00037, sec: 19378.268, t_ads: 421.0, t_des: 38754.0, bed_util_ads: 0.029, bed_util_des: 0.020, frac_lost: 0.010
L: 1.39, u_super: 0.00537, sec: 10030028.000, t_ads: 47.0, t_des: 14557.0, bed_util_ads: 0.021, bed_util_des: 0.020, frac_lost: 0.011
L: 1.06, u_super: 0.00141, sec: 483181.812, t_ads: 130.0, t_des: 25445.0, bed_util_ads: 0.023, bed_util_des: 0.020, frac_lost: 0.010
L: 1.10, u_super: 0.00098, sec: 199775.297, t_ads: 192.0, t_des: 30462.0, bed_util_ads: 0.025, bed_util_des: 0.020, frac_lost: 0.010
L: 0.80, u_super: 0.00405, sec: 5948865.000, t_ads: 36.0, t_des: 12100.0, bed_util_ads: 0.021, bed_util_des: 0.020, frac_lost: 0.010
L: 0.88, u_super: 0.00010, sec: 838.713, t_ads: 1467.0, t_des: 44754.0, bed_util_ads: 0.039, bed_util_des: 0.020, frac_lost: 0.010
L: 1.65, u_super: 0.00038, sec: 15555.041, t_ads: 738.0, t_des: 42551.0, bed_util_ads: 0.033, bed_util_des: 0.020, frac_lost: 0.010
L: 0.77, u_super: 0.00971, sec: 44598476.000, t_ads: 16.0, t_des: 7866.0, bed_util_ads: 0.021, bed_util_des: 0.020, frac_lost: 0.011
L: 1.95, u_super: 0.00013, sec: 1089.671, t_ads: 2590.0, t_des: 45280.0, bed_util_ads: 0.043, bed_util_des: 0.020, frac_lost: 0.010
L: 0.87, u_super: 0.00281, sec: 2554032.250, t_ads: 55.0, t_des: 15571.0, bed_util_ads: 0.022, bed_util_des: 0.020, frac_lost: 0.010
L: 1.23, u_super: 0.00961, sec: 39347464.000, t_ads: 24.0, t_des: 9386.0, bed_util_ads: 0.021, bed_util_des: 0.020, frac_lost: 0.010
L: 1.16, u_super: 0.00124, sec: 339805.875, t_ads: 162.0, t_des: 28416.0, bed_util_ads: 0.024, bed_util_des: 0.020, frac_lost: 0.010
L: 1.47, u_super: 0.00073, sec: 82709.492, t_ads: 346.0, t_des: 36947.0, bed_util_ads: 0.028, bed_util_des: 0.020, frac_lost: 0.010
L: 1.46, u_super: 0.00011, sec: 843.390, t_ads: 2249.0, t_des: 45266.0, bed_util_ads: 0.042, bed_util_des: 0.020, frac_lost: 0.010
L: 0.66, u_super: 0.00027, sec: 10304.806, t_ads: 415.0, t_des: 38589.0, bed_util_ads: 0.029, bed_util_des: 0.020, frac_lost: 0.010
L: 1.24, u_super: 0.00020, sec: 3682.929, t_ads: 1052.0, t_des: 43956.0, bed_util_ads: 0.036, bed_util_des: 0.020, frac_lost: 0.010
L: 1.21, u_super: 0.00846, sec: 29335632.000, t_ads: 27.0, t_des: 10314.0, bed_util_ads: 0.021, bed_util_des: 0.020, frac_lost: 0.011
L: 0.76, u_super: 0.00014, sec: 1875.370, t_ads: 926.0, t_des: 43521.0, bed_util_ads: 0.035, bed_util_des: 0.020, frac_lost: 0.010
L: 1.20, u_super: 0.00509, sec: 9164331.000, t_ads: 43.0, t_des: 13661.0, bed_util_ads: 0.021, bed_util_des: 0.020, frac_lost: 0.011
L: 0.93, u_super: 0.00748, sec: 23324668.000, t_ads: 24.0, t_des: 9810.0, bed_util_ads: 0.021, bed_util_des: 0.020, frac_lost: 0.011
L: 0.71, u_super: 0.00014, sec: 2037.415, t_ads: 845.0, t_des: 43170.0, bed_util_ads: 0.034, bed_util_des: 0.020, frac_lost: 0.010
L: 1.56, u_super: 0.00016, sec: 1991.734, t_ads: 1642.0, t_des: 44940.0, bed_util_ads: 0.039, bed_util_des: 0.020, frac_lost: 0.010
L: 0.74, u_super: 0.00796, sec: 28246226.000, t_ads: 19.0, t_des: 9082.0, bed_util_ads: 0.021, bed_util_des: 0.020, frac_lost: 0.012
L: 0.87, u_super: 0.00012, sec: 1244.045, t_ads: 1224.0, t_des: 44388.0, bed_util_ads: 0.037, bed_util_des: 0.020, frac_lost: 0.010
L: 0.90, u_super: 0.00854, sec: 31918224.000, t_ads: 21.0, t_des: 9449.0, bed_util_ads: 0.021, bed_util_des: 0.020, frac_lost: 0.012
L: 0.89, u_super: 0.00472, sec: 8238469.500, t_ads: 35.0, t_des: 12275.0, bed_util_ads: 0.021, bed_util_des: 0.020, frac_lost: 0.011
L: 0.98, u_super: 0.00130, sec: 408882.719, t_ads: 131.0, t_des: 25665.0, bed_util_ads: 0.024, bed_util_des: 0.020, frac_lost: 0.010
L: 1.50, u_super: 0.00205, sec: 1041575.250, t_ads: 127.0, t_des: 25287.0, bed_util_ads: 0.023, bed_util_des: 0.020, frac_lost: 0.010
L: 0.79, u_super: 0.00012, sec: 1227.583, t_ads: 1137.0, t_des: 44183.0, bed_util_ads: 0.037, bed_util_des: 0.020, frac_lost: 0.010
L: 0.90, u_super: 0.00282, sec: 2538023.250, t_ads: 57.0, t_des: 16128.0, bed_util_ads: 0.022, bed_util_des: 0.020, frac_lost: 0.010
L: 1.12, u_super: 0.00954, sec: 39476980.000, t_ads: 23.0, t_des: 9826.0, bed_util_ads: 0.021, bed_util_des: 0.020, frac_lost: 0.012
L: 1.07, u_super: 0.00483, sec: 8326723.500, t_ads: 40.0, t_des: 12776.0, bed_util_ads: 0.021, bed_util_des: 0.020, frac_lost: 0.010
L: 1.04, u_super: 0.00424, sec: 6250066.000, t_ads: 44.0, t_des: 13696.0, bed_util_ads: 0.021, bed_util_des: 0.020, frac_lost: 0.010
L: 1.43, u_super: 0.00015, sec: 1872.482, t_ads: 1564.0, t_des: 44870.0, bed_util_ads: 0.039, bed_util_des: 0.020, frac_lost: 0.010
L: 0.80, u_super: 0.00026, sec: 8897.998, t_ads: 514.0, t_des: 40321.0, bed_util_ads: 0.030, bed_util_des: 0.020, frac_lost: 0.010
L: 1.08, u_super: 0.00878, sec: 32740458.000, t_ads: 24.0, t_des: 10048.0, bed_util_ads: 0.021, bed_util_des: 0.020, frac_lost: 0.012
     2 |       80 |  8.612125E+06 |  8.387128E+02
L: 0.96, u_super: 0.00941, sec: 39504156.000, t_ads: 20.0, t_des: 8800.0, bed_util_ads: 0.021, bed_util_des: 0.020, frac_lost: 0.011
L: 1.13, u_super: 0.00176, sec: 799346.688, t_ads: 111.0, t_des: 23516.0, bed_util_ads: 0.023, bed_util_des: 0.020, frac_lost: 0.010
L: 0.85, u_super: 0.00042, sec: 28103.021, t_ads: 343.0, t_des: 36934.0, bed_util_ads: 0.028, bed_util_des: 0.020, frac_lost: 0.010
L: 1.76, u_super: 0.00010, sec: 683.712, t_ads: 2911.0, t_des: 45262.0, bed_util_ads: 0.043, bed_util_des: 0.020, frac_lost: 0.010
L: 1.45, u_super: 0.00037, sec: 15505.417, t_ads: 664.0, t_des: 42002.0, bed_util_ads: 0.032, bed_util_des: 0.020, frac_lost: 0.010
L: 1.65, u_super: 0.00010, sec: 683.012, t_ads: 2759.0, t_des: 45283.0, bed_util_ads: 0.043, bed_util_des: 0.020, frac_lost: 0.010
L: 1.10, u_super: 0.00141, sec: 475475.125, t_ads: 135.0, t_des: 26186.0, bed_util_ads: 0.024, bed_util_des: 0.020, frac_lost: 0.010
L: 0.70, u_super: 0.00098, sec: 238389.938, t_ads: 123.0, t_des: 24984.0, bed_util_ads: 0.023, bed_util_des: 0.020, frac_lost: 0.010
L: 0.80, u_super: 0.00010, sec: 845.768, t_ads: 1340.0, t_des: 44593.0, bed_util_ads: 0.038, bed_util_des: 0.020, frac_lost: 0.010
L: 0.88, u_super: 0.00019, sec: 3683.457, t_ads: 797.0, t_des: 42898.0, bed_util_ads: 0.034, bed_util_des: 0.020, frac_lost: 0.010
L: 0.70, u_super: 0.00068, sec: 99701.477, t_ads: 176.0, t_des: 29402.0, bed_util_ads: 0.025, bed_util_des: 0.020, frac_lost: 0.010
L: 1.28, u_super: 0.00012, sec: 1155.433, t_ads: 1752.0, t_des: 45034.0, bed_util_ads: 0.040, bed_util_des: 0.020, frac_lost: 0.010
L: 1.94, u_super: 0.00010, sec: 664.905, t_ads: 3214.0, t_des: 45215.0, bed_util_ads: 0.044, bed_util_des: 0.020, frac_lost: 0.010
L: 1.14, u_super: 0.00281, sec: 2377457.500, t_ads: 72.0, t_des: 18669.0, bed_util_ads: 0.022, bed_util_des: 0.020, frac_lost: 0.010
L: 0.86, u_super: 0.00961, sec: 42397652.000, t_ads: 18.0, t_des: 8550.0, bed_util_ads: 0.021, bed_util_des: 0.020, frac_lost: 0.011
L: 1.32, u_super: 0.00010, sec: 714.677, t_ads: 2220.0, t_des: 45266.0, bed_util_ads: 0.042, bed_util_des: 0.020, frac_lost: 0.010
L: 1.08, u_super: 0.00073, sec: 95895.633, t_ads: 254.0, t_des: 33715.0, bed_util_ads: 0.026, bed_util_des: 0.020, frac_lost: 0.010
L: 1.46, u_super: 0.00204, sec: 1037283.000, t_ads: 124.0, t_des: 24995.0, bed_util_ads: 0.023, bed_util_des: 0.020, frac_lost: 0.010
L: 0.66, u_super: 0.00010, sec: 929.455, t_ads: 1094.0, t_des: 44063.0, bed_util_ads: 0.036, bed_util_des: 0.020, frac_lost: 0.010
L: 1.24, u_super: 0.00010, sec: 754.100, t_ads: 2055.0, t_des: 45224.0, bed_util_ads: 0.041, bed_util_des: 0.020, frac_lost: 0.010
L: 1.50, u_super: 0.00076, sec: 92906.000, t_ads: 335.0, t_des: 36665.0, bed_util_ads: 0.028, bed_util_des: 0.020, frac_lost: 0.010
L: 1.05, u_super: 0.00014, sec: 1643.863, t_ads: 1279.0, t_des: 44487.0, bed_util_ads: 0.037, bed_util_des: 0.020, frac_lost: 0.010
L: 1.78, u_super: 0.00010, sec: 673.181, t_ads: 2957.0, t_des: 45265.0, bed_util_ads: 0.043, bed_util_des: 0.020, frac_lost: 0.010
L: 1.32, u_super: 0.00010, sec: 717.254, t_ads: 2206.0, t_des: 45266.0, bed_util_ads: 0.042, bed_util_des: 0.020, frac_lost: 0.010
L: 0.69, u_super: 0.00014, sec: 2059.837, t_ads: 825.0, t_des: 43059.0, bed_util_ads: 0.034, bed_util_des: 0.020, frac_lost: 0.010
L: 0.93, u_super: 0.00016, sec: 2412.342, t_ads: 987.0, t_des: 43737.0, bed_util_ads: 0.035, bed_util_des: 0.020, frac_lost: 0.010
L: 0.64, u_super: 0.00796, sec: 29227898.000, t_ads: 16.0, t_des: 7602.0, bed_util_ads: 0.021, bed_util_des: 0.020, frac_lost: 0.010
L: 0.79, u_super: 0.00012, sec: 1294.162, t_ads: 1108.0, t_des: 44118.0, bed_util_ads: 0.036, bed_util_des: 0.020, frac_lost: 0.010
L: 0.97, u_super: 0.00854, sec: 31431262.000, t_ads: 22.0, t_des: 9269.0, bed_util_ads: 0.021, bed_util_des: 0.020, frac_lost: 0.011
L: 1.83, u_super: 0.00410, sec: 5036586.000, t_ads: 78.0, t_des: 19346.0, bed_util_ads: 0.022, bed_util_des: 0.020, frac_lost: 0.010
L: 0.98, u_super: 0.00011, sec: 967.314, t_ads: 1511.0, t_des: 44827.0, bed_util_ads: 0.039, bed_util_des: 0.020, frac_lost: 0.010
L: 1.22, u_super: 0.00205, sec: 1116716.875, t_ads: 104.0, t_des: 22879.0, bed_util_ads: 0.023, bed_util_des: 0.020, frac_lost: 0.010
L: 0.79, u_super: 0.00010, sec: 868.370, t_ads: 1313.0, t_des: 44537.0, bed_util_ads: 0.038, bed_util_des: 0.020, frac_lost: 0.010
L: 1.38, u_super: 0.00282, sec: 2263468.250, t_ads: 86.0, t_des: 20547.0, bed_util_ads: 0.022, bed_util_des: 0.020, frac_lost: 0.010
L: 1.73, u_super: 0.00378, sec: 4227268.500, t_ads: 80.0, t_des: 19662.0, bed_util_ads: 0.022, bed_util_des: 0.020, frac_lost: 0.010
L: 1.07, u_super: 0.00271, sec: 2217934.500, t_ads: 70.0, t_des: 18380.0, bed_util_ads: 0.022, bed_util_des: 0.020, frac_lost: 0.010
L: 1.85, u_super: 0.00010, sec: 688.550, t_ads: 3040.0, t_des: 45248.0, bed_util_ads: 0.044, bed_util_des: 0.020, frac_lost: 0.010
L: 0.68, u_super: 0.00015, sec: 2513.349, t_ads: 756.0, t_des: 42646.0, bed_util_ads: 0.033, bed_util_des: 0.020, frac_lost: 0.010
L: 1.18, u_super: 0.00026, sec: 7384.268, t_ads: 759.0, t_des: 42649.0, bed_util_ads: 0.033, bed_util_des: 0.020, frac_lost: 0.010
L: 0.74, u_super: 0.00878, sec: 35497948.000, t_ads: 17.0, t_des: 8183.0, bed_util_ads: 0.021, bed_util_des: 0.020, frac_lost: 0.011
     3 |      120 |  4.493253E+06 |  6.649049E+02
L: 1.32, u_super: 0.00010, sec: 716.296, t_ads: 2209.0, t_des: 45261.0, bed_util_ads: 0.042, bed_util_des: 0.020, frac_lost: 0.010
L: 1.89, u_super: 0.00176, sec: 656065.875, t_ads: 185.0, t_des: 29930.0, bed_util_ads: 0.025, bed_util_des: 0.020, frac_lost: 0.010
L: 1.04, u_super: 0.00011, sec: 975.406, t_ads: 1574.0, t_des: 44892.0, bed_util_ads: 0.039, bed_util_des: 0.020, frac_lost: 0.010
L: 1.73, u_super: 0.00107, sec: 201181.766, t_ads: 277.0, t_des: 34671.0, bed_util_ads: 0.027, bed_util_des: 0.020, frac_lost: 0.010
L: 1.45, u_super: 0.00063, sec: 59011.746, t_ads: 390.0, t_des: 38129.0, bed_util_ads: 0.029, bed_util_des: 0.020, frac_lost: 0.010
L: 1.65, u_super: 0.00010, sec: 685.293, t_ads: 2755.0, t_des: 45285.0, bed_util_ads: 0.043, bed_util_des: 0.020, frac_lost: 0.010
L: 1.10, u_super: 0.00010, sec: 752.487, t_ads: 1844.0, t_des: 45111.0, bed_util_ads: 0.040, bed_util_des: 0.020, frac_lost: 0.010
L: 1.64, u_super: 0.00098, sec: 166578.344, t_ads: 286.0, t_des: 35034.0, bed_util_ads: 0.027, bed_util_des: 0.020, frac_lost: 0.010
L: 0.80, u_super: 0.00102, sec: 245271.828, t_ads: 136.0, t_des: 26196.0, bed_util_ads: 0.024, bed_util_des: 0.020, frac_lost: 0.010
L: 1.54, u_super: 0.00010, sec: 716.542, t_ads: 2537.0, t_des: 45286.0, bed_util_ads: 0.042, bed_util_des: 0.020, frac_lost: 0.010
L: 1.65, u_super: 0.00010, sec: 682.572, t_ads: 2753.0, t_des: 45277.0, bed_util_ads: 0.043, bed_util_des: 0.020, frac_lost: 0.010
L: 1.94, u_super: 0.00012, sec: 1036.967, t_ads: 2641.0, t_des: 45287.0, bed_util_ads: 0.043, bed_util_des: 0.020, frac_lost: 0.010
L: 1.94, u_super: 0.00043, sec: 19543.705, t_ads: 766.0, t_des: 42718.0, bed_util_ads: 0.033, bed_util_des: 0.020, frac_lost: 0.010
L: 1.36, u_super: 0.00432, sec: 6118665.000, t_ads: 56.0, t_des: 15931.0, bed_util_ads: 0.022, bed_util_des: 0.020, frac_lost: 0.010
L: 1.23, u_super: 0.00010, sec: 731.406, t_ads: 2056.0, t_des: 45209.0, bed_util_ads: 0.041, bed_util_des: 0.020, frac_lost: 0.010
L: 1.26, u_super: 0.00010, sec: 723.271, t_ads: 2111.0, t_des: 45238.0, bed_util_ads: 0.041, bed_util_des: 0.020, frac_lost: 0.010
L: 1.47, u_super: 0.00010, sec: 697.875, t_ads: 2465.0, t_des: 45280.0, bed_util_ads: 0.042, bed_util_des: 0.020, frac_lost: 0.010
L: 1.57, u_super: 0.00011, sec: 828.562, t_ads: 2414.0, t_des: 45286.0, bed_util_ads: 0.042, bed_util_des: 0.020, frac_lost: 0.010
L: 1.90, u_super: 0.00010, sec: 681.354, t_ads: 3127.0, t_des: 45228.0, bed_util_ads: 0.044, bed_util_des: 0.020, frac_lost: 0.010
L: 1.24, u_super: 0.00192, sec: 956727.812, t_ads: 112.0, t_des: 23635.0, bed_util_ads: 0.023, bed_util_des: 0.020, frac_lost: 0.010
L: 1.50, u_super: 0.00010, sec: 694.641, t_ads: 2507.0, t_des: 45283.0, bed_util_ads: 0.042, bed_util_des: 0.020, frac_lost: 0.010
L: 1.99, u_super: 0.00014, sec: 1354.397, t_ads: 2402.0, t_des: 45277.0, bed_util_ads: 0.042, bed_util_des: 0.020, frac_lost: 0.010
L: 1.78, u_super: 0.00370, sec: 3980744.750, t_ads: 84.0, t_des: 20237.0, bed_util_ads: 0.022, bed_util_des: 0.020, frac_lost: 0.010
L: 1.32, u_super: 0.00010, sec: 718.794, t_ads: 2204.0, t_des: 45268.0, bed_util_ads: 0.042, bed_util_des: 0.020, frac_lost: 0.010
L: 1.75, u_super: 0.00014, sec: 1468.645, t_ads: 2067.0, t_des: 45223.0, bed_util_ads: 0.041, bed_util_des: 0.020, frac_lost: 0.010
L: 1.67, u_super: 0.00016, sec: 1948.896, t_ads: 1759.0, t_des: 45043.0, bed_util_ads: 0.040, bed_util_des: 0.020, frac_lost: 0.010
L: 0.87, u_super: 0.00010, sec: 814.660, t_ads: 1462.0, t_des: 44767.0, bed_util_ads: 0.039, bed_util_des: 0.020, frac_lost: 0.010
L: 0.87, u_super: 0.00093, sec: 191899.250, t_ads: 161.0, t_des: 28248.0, bed_util_ads: 0.024, bed_util_des: 0.020, frac_lost: 0.010
L: 1.99, u_super: 0.00854, sec: 27076558.000, t_ads: 42.0, t_des: 13184.0, bed_util_ads: 0.021, bed_util_des: 0.020, frac_lost: 0.010
L: 1.83, u_super: 0.00027, sec: 6699.311, t_ads: 1130.0, t_des: 44174.0, bed_util_ads: 0.036, bed_util_des: 0.020, frac_lost: 0.010
L: 1.97, u_super: 0.00011, sec: 807.710, t_ads: 2985.0, t_des: 45255.0, bed_util_ads: 0.043, bed_util_des: 0.020, frac_lost: 0.010
L: 1.95, u_super: 0.00010, sec: 659.574, t_ads: 3247.0, t_des: 45211.0, bed_util_ads: 0.044, bed_util_des: 0.020, frac_lost: 0.010
L: 1.97, u_super: 0.00010, sec: 679.532, t_ads: 3234.0, t_des: 45209.0, bed_util_ads: 0.044, bed_util_des: 0.020, frac_lost: 0.010
L: 1.96, u_super: 0.00282, sec: 2028901.000, t_ads: 120.0, t_des: 24460.0, bed_util_ads: 0.023, bed_util_des: 0.020, frac_lost: 0.010
L: 1.97, u_super: 0.00378, sec: 4062683.000, t_ads: 91.0, t_des: 21283.0, bed_util_ads: 0.023, bed_util_des: 0.020, frac_lost: 0.010
L: 1.98, u_super: 0.00271, sec: 1832857.000, t_ads: 127.0, t_des: 25331.0, bed_util_ads: 0.023, bed_util_des: 0.020, frac_lost: 0.010
L: 1.85, u_super: 0.00010, sec: 676.104, t_ads: 3065.0, t_des: 45246.0, bed_util_ads: 0.044, bed_util_des: 0.020, frac_lost: 0.010
L: 1.43, u_super: 0.00054, sec: 40403.828, t_ads: 448.0, t_des: 39252.0, bed_util_ads: 0.029, bed_util_des: 0.020, frac_lost: 0.010
L: 1.98, u_super: 0.00026, sec: 5935.427, t_ads: 1269.0, t_des: 44461.0, bed_util_ads: 0.037, bed_util_des: 0.020, frac_lost: 0.010
L: 1.83, u_super: 0.00878, sec: 29367598.000, t_ads: 38.0, t_des: 12500.0, bed_util_ads: 0.021, bed_util_des: 0.020, frac_lost: 0.010
     4 |      160 |  1.687727E+06 |  6.595737E+02
L: 2.00, u_super: 0.00010, sec: 656.987, t_ads: 3319.0, t_des: 45191.0, bed_util_ads: 0.044, bed_util_des: 0.020, frac_lost: 0.010
L: 1.75, u_super: 0.00176, sec: 677894.562, t_ads: 171.0, t_des: 28993.0, bed_util_ads: 0.024, bed_util_des: 0.020, frac_lost: 0.010
L: 1.04, u_super: 0.00010, sec: 764.691, t_ads: 1746.0, t_des: 45039.0, bed_util_ads: 0.040, bed_util_des: 0.020, frac_lost: 0.010
L: 1.76, u_super: 0.00010, sec: 671.428, t_ads: 2935.0, t_des: 45267.0, bed_util_ads: 0.043, bed_util_des: 0.020, frac_lost: 0.010
L: 1.45, u_super: 0.00010, sec: 700.006, t_ads: 2421.0, t_des: 45286.0, bed_util_ads: 0.042, bed_util_des: 0.020, frac_lost: 0.010
L: 1.65, u_super: 0.00308, sec: 2643968.000, t_ads: 94.0, t_des: 21695.0, bed_util_ads: 0.023, bed_util_des: 0.020, frac_lost: 0.010
L: 1.10, u_super: 0.00019, sec: 3285.601, t_ads: 994.0, t_des: 43786.0, bed_util_ads: 0.035, bed_util_des: 0.020, frac_lost: 0.010
L: 1.97, u_super: 0.00098, sec: 152511.828, t_ads: 343.0, t_des: 36917.0, bed_util_ads: 0.028, bed_util_des: 0.020, frac_lost: 0.010
L: 0.80, u_super: 0.00010, sec: 833.412, t_ads: 1348.0, t_des: 44590.0, bed_util_ads: 0.038, bed_util_des: 0.020, frac_lost: 0.010
L: 1.72, u_super: 0.00010, sec: 700.334, t_ads: 2826.0, t_des: 45275.0, bed_util_ads: 0.043, bed_util_des: 0.020, frac_lost: 0.010
L: 1.74, u_super: 0.00010, sec: 675.566, t_ads: 2898.0, t_des: 45264.0, bed_util_ads: 0.043, bed_util_des: 0.020, frac_lost: 0.010
L: 1.94, u_super: 0.00010, sec: 659.556, t_ads: 3231.0, t_des: 45209.0, bed_util_ads: 0.044, bed_util_des: 0.020, frac_lost: 0.010
L: 1.94, u_super: 0.00010, sec: 659.774, t_ads: 3225.0, t_des: 45209.0, bed_util_ads: 0.044, bed_util_des: 0.020, frac_lost: 0.010
L: 2.00, u_super: 0.00281, sec: 2004507.375, t_ads: 123.0, t_des: 24853.0, bed_util_ads: 0.023, bed_util_des: 0.020, frac_lost: 0.010
L: 1.96, u_super: 0.00010, sec: 660.083, t_ads: 3262.0, t_des: 45200.0, bed_util_ads: 0.044, bed_util_des: 0.020, frac_lost: 0.010
L: 1.96, u_super: 0.00010, sec: 658.136, t_ads: 3270.0, t_des: 45197.0, bed_util_ads: 0.044, bed_util_des: 0.020, frac_lost: 0.010
L: 1.47, u_super: 0.00010, sec: 773.916, t_ads: 2356.0, t_des: 45286.0, bed_util_ads: 0.042, bed_util_des: 0.020, frac_lost: 0.010
L: 1.57, u_super: 0.00010, sec: 686.039, t_ads: 2623.0, t_des: 45281.0, bed_util_ads: 0.043, bed_util_des: 0.020, frac_lost: 0.010
L: 1.90, u_super: 0.00010, sec: 681.360, t_ads: 3125.0, t_des: 45232.0, bed_util_ads: 0.044, bed_util_des: 0.020, frac_lost: 0.010
L: 1.24, u_super: 0.00145, sec: 487826.031, t_ads: 148.0, t_des: 27240.0, bed_util_ads: 0.024, bed_util_des: 0.020, frac_lost: 0.010
L: 1.50, u_super: 0.00010, sec: 693.384, t_ads: 2509.0, t_des: 45283.0, bed_util_ads: 0.042, bed_util_des: 0.020, frac_lost: 0.010
L: 1.98, u_super: 0.00010, sec: 657.188, t_ads: 3299.0, t_des: 45193.0, bed_util_ads: 0.044, bed_util_des: 0.020, frac_lost: 0.010
L: 1.96, u_super: 0.00010, sec: 661.361, t_ads: 3262.0, t_des: 45207.0, bed_util_ads: 0.044, bed_util_des: 0.020, frac_lost: 0.010
L: 1.32, u_super: 0.00010, sec: 715.752, t_ads: 2208.0, t_des: 45266.0, bed_util_ads: 0.042, bed_util_des: 0.020, frac_lost: 0.010
L: 1.75, u_super: 0.00010, sec: 671.932, t_ads: 2915.0, t_des: 45267.0, bed_util_ads: 0.043, bed_util_des: 0.020, frac_lost: 0.010
L: 1.93, u_super: 0.00010, sec: 659.857, t_ads: 3211.0, t_des: 45214.0, bed_util_ads: 0.044, bed_util_des: 0.020, frac_lost: 0.010
L: 1.96, u_super: 0.00010, sec: 662.214, t_ads: 3253.0, t_des: 45205.0, bed_util_ads: 0.044, bed_util_des: 0.020, frac_lost: 0.010
L: 0.87, u_super: 0.00010, sec: 810.718, t_ads: 1464.0, t_des: 44750.0, bed_util_ads: 0.039, bed_util_des: 0.020, frac_lost: 0.010
L: 1.99, u_super: 0.00854, sec: 27083920.000, t_ads: 42.0, t_des: 13247.0, bed_util_ads: 0.021, bed_util_des: 0.020, frac_lost: 0.010
L: 1.83, u_super: 0.00194, sec: 848486.125, t_ads: 162.0, t_des: 28286.0, bed_util_ads: 0.024, bed_util_des: 0.020, frac_lost: 0.010
L: 1.97, u_super: 0.00012, sec: 952.460, t_ads: 2774.0, t_des: 45284.0, bed_util_ads: 0.043, bed_util_des: 0.020, frac_lost: 0.010
L: 1.95, u_super: 0.00011, sec: 887.090, t_ads: 2844.0, t_des: 45275.0, bed_util_ads: 0.043, bed_util_des: 0.020, frac_lost: 0.010
L: 2.00, u_super: 0.00011, sec: 795.664, t_ads: 3046.0, t_des: 45242.0, bed_util_ads: 0.044, bed_util_des: 0.020, frac_lost: 0.010
L: 1.88, u_super: 0.00010, sec: 662.251, t_ads: 3133.0, t_des: 45234.0, bed_util_ads: 0.044, bed_util_des: 0.020, frac_lost: 0.010
L: 1.97, u_super: 0.00432, sec: 5549563.000, t_ads: 80.0, t_des: 19767.0, bed_util_ads: 0.022, bed_util_des: 0.020, frac_lost: 0.010
L: 1.92, u_super: 0.00271, sec: 1855084.625, t_ads: 123.0, t_des: 24876.0, bed_util_ads: 0.023, bed_util_des: 0.020, frac_lost: 0.010
L: 1.85, u_super: 0.00054, sec: 35423.633, t_ads: 582.0, t_des: 41145.0, bed_util_ads: 0.031, bed_util_des: 0.020, frac_lost: 0.010
L: 1.43, u_super: 0.00010, sec: 701.255, t_ads: 2390.0, t_des: 45283.0, bed_util_ads: 0.042, bed_util_des: 0.020, frac_lost: 0.010
L: 1.95, u_super: 0.00026, sec: 5960.345, t_ads: 1254.0, t_des: 44448.0, bed_util_ads: 0.037, bed_util_des: 0.020, frac_lost: 0.010
L: 1.94, u_super: 0.00878, sec: 29023904.000, t_ads: 40.0, t_des: 12882.0, bed_util_ads: 0.021, bed_util_des: 0.020, frac_lost: 0.010
     5 |      200 |  1.621083E+06 |  6.569870E+02
L: 1.75, u_super: 0.00010, sec: 672.397, t_ads: 2921.0, t_des: 45260.0, bed_util_ads: 0.043, bed_util_des: 0.020, frac_lost: 0.010
L: 1.89, u_super: 0.00443, sec: 5969873.500, t_ads: 75.0, t_des: 18950.0, bed_util_ads: 0.022, bed_util_des: 0.020, frac_lost: 0.010
L: 1.04, u_super: 0.00010, sec: 780.085, t_ads: 1731.0, t_des: 45021.0, bed_util_ads: 0.040, bed_util_des: 0.020, frac_lost: 0.010
L: 2.00, u_super: 0.00010, sec: 656.627, t_ads: 3325.0, t_des: 45188.0, bed_util_ads: 0.044, bed_util_des: 0.020, frac_lost: 0.010
L: 2.00, u_super: 0.00010, sec: 656.863, t_ads: 3323.0, t_des: 45190.0, bed_util_ads: 0.044, bed_util_des: 0.020, frac_lost: 0.010
L: 1.65, u_super: 0.00010, sec: 679.144, t_ads: 2766.0, t_des: 45283.0, bed_util_ads: 0.043, bed_util_des: 0.020, frac_lost: 0.010
L: 2.00, u_super: 0.00010, sec: 656.516, t_ads: 3326.0, t_des: 45191.0, bed_util_ads: 0.044, bed_util_des: 0.020, frac_lost: 0.010
L: 1.56, u_super: 0.00098, sec: 170964.750, t_ads: 271.0, t_des: 34418.0, bed_util_ads: 0.026, bed_util_des: 0.020, frac_lost: 0.010
L: 1.85, u_super: 0.00010, sec: 663.741, t_ads: 3093.0, t_des: 45235.0, bed_util_ads: 0.044, bed_util_des: 0.020, frac_lost: 0.010
L: 1.72, u_super: 0.00010, sec: 673.317, t_ads: 2876.0, t_des: 45272.0, bed_util_ads: 0.043, bed_util_des: 0.020, frac_lost: 0.010
L: 1.98, u_super: 0.00010, sec: 660.370, t_ads: 3282.0, t_des: 45198.0, bed_util_ads: 0.044, bed_util_des: 0.020, frac_lost: 0.010
L: 2.00, u_super: 0.00010, sec: 656.424, t_ads: 3323.0, t_des: 45189.0, bed_util_ads: 0.044, bed_util_des: 0.020, frac_lost: 0.010
L: 2.00, u_super: 0.00194, sec: 817693.750, t_ads: 177.0, t_des: 29426.0, bed_util_ads: 0.025, bed_util_des: 0.020, frac_lost: 0.010
L: 2.00, u_super: 0.00010, sec: 658.328, t_ads: 3320.0, t_des: 45186.0, bed_util_ads: 0.044, bed_util_des: 0.020, frac_lost: 0.010
L: 1.96, u_super: 0.00010, sec: 658.341, t_ads: 3266.0, t_des: 45202.0, bed_util_ads: 0.044, bed_util_des: 0.020, frac_lost: 0.010
L: 1.96, u_super: 0.00015, sec: 1567.465, t_ads: 2227.0, t_des: 45271.0, bed_util_ads: 0.042, bed_util_des: 0.020, frac_lost: 0.010
L: 2.00, u_super: 0.00010, sec: 657.812, t_ads: 3318.0, t_des: 45185.0, bed_util_ads: 0.044, bed_util_des: 0.020, frac_lost: 0.010
L: 1.57, u_super: 0.00010, sec: 686.686, t_ads: 2622.0, t_des: 45283.0, bed_util_ads: 0.043, bed_util_des: 0.020, frac_lost: 0.010
L: 1.90, u_super: 0.00010, sec: 662.303, t_ads: 3167.0, t_des: 45220.0, bed_util_ads: 0.044, bed_util_des: 0.020, frac_lost: 0.010
L: 2.00, u_super: 0.00010, sec: 657.022, t_ads: 3322.0, t_des: 45190.0, bed_util_ads: 0.044, bed_util_des: 0.020, frac_lost: 0.010
L: 1.78, u_super: 0.00010, sec: 669.201, t_ads: 2974.0, t_des: 45258.0, bed_util_ads: 0.043, bed_util_des: 0.020, frac_lost: 0.010
L: 2.00, u_super: 0.00010, sec: 656.380, t_ads: 3321.0, t_des: 45192.0, bed_util_ads: 0.044, bed_util_des: 0.020, frac_lost: 0.010
L: 1.96, u_super: 0.00140, sec: 371065.188, t_ads: 240.0, t_des: 33136.0, bed_util_ads: 0.026, bed_util_des: 0.020, frac_lost: 0.010
L: 2.00, u_super: 0.00010, sec: 656.360, t_ads: 3324.0, t_des: 45189.0, bed_util_ads: 0.044, bed_util_des: 0.020, frac_lost: 0.010
L: 1.99, u_super: 0.00010, sec: 656.716, t_ads: 3310.0, t_des: 45191.0, bed_util_ads: 0.044, bed_util_des: 0.020, frac_lost: 0.010
L: 1.93, u_super: 0.00011, sec: 734.264, t_ads: 3061.0, t_des: 45245.0, bed_util_ads: 0.044, bed_util_des: 0.020, frac_lost: 0.010
L: 1.96, u_super: 0.00388, sec: 4325633.500, t_ads: 88.0, t_des: 20673.0, bed_util_ads: 0.022, bed_util_des: 0.020, frac_lost: 0.010
L: 2.00, u_super: 0.00010, sec: 656.633, t_ads: 3323.0, t_des: 45190.0, bed_util_ads: 0.044, bed_util_des: 0.020, frac_lost: 0.010
L: 1.74, u_super: 0.00854, sec: 27870908.000, t_ads: 37.0, t_des: 12220.0, bed_util_ads: 0.021, bed_util_des: 0.020, frac_lost: 0.010
L: 1.83, u_super: 0.00010, sec: 666.679, t_ads: 3046.0, t_des: 45242.0, bed_util_ads: 0.044, bed_util_des: 0.020, frac_lost: 0.010
L: 2.00, u_super: 0.00011, sec: 805.171, t_ads: 3033.0, t_des: 45253.0, bed_util_ads: 0.044, bed_util_des: 0.020, frac_lost: 0.010
L: 1.97, u_super: 0.00010, sec: 658.743, t_ads: 3271.0, t_des: 45206.0, bed_util_ads: 0.044, bed_util_des: 0.020, frac_lost: 0.010
L: 1.84, u_super: 0.00010, sec: 687.796, t_ads: 3021.0, t_des: 45255.0, bed_util_ads: 0.043, bed_util_des: 0.020, frac_lost: 0.010
L: 2.00, u_super: 0.00010, sec: 655.540, t_ads: 3323.0, t_des: 45193.0, bed_util_ads: 0.044, bed_util_des: 0.020, frac_lost: 0.010
L: 1.97, u_super: 0.00146, sec: 407166.812, t_ads: 231.0, t_des: 32572.0, bed_util_ads: 0.026, bed_util_des: 0.020, frac_lost: 0.010
L: 1.93, u_super: 0.00010, sec: 661.168, t_ads: 3210.0, t_des: 45211.0, bed_util_ads: 0.044, bed_util_des: 0.020, frac_lost: 0.010
L: 1.85, u_super: 0.00010, sec: 665.285, t_ads: 3087.0, t_des: 45238.0, bed_util_ads: 0.044, bed_util_des: 0.020, frac_lost: 0.010
L: 1.98, u_super: 0.00010, sec: 657.133, t_ads: 3288.0, t_des: 45197.0, bed_util_ads: 0.044, bed_util_des: 0.020, frac_lost: 0.010
L: 1.98, u_super: 0.00010, sec: 668.958, t_ads: 3266.0, t_des: 45205.0, bed_util_ads: 0.044, bed_util_des: 0.020, frac_lost: 0.010
L: 2.00, u_super: 0.00878, sec: 28847740.000, t_ads: 41.0, t_des: 12973.0, bed_util_ads: 0.021, bed_util_des: 0.020, frac_lost: 0.010
     6 |      240 |  1.429087E+06 |  6.555402E+02
L: 1.84, u_super: 0.00010, sec: 666.062, t_ads: 3070.0, t_des: 45241.0, bed_util_ads: 0.044, bed_util_des: 0.020, frac_lost: 0.010
L: 1.89, u_super: 0.00010, sec: 661.898, t_ads: 3154.0, t_des: 45227.0, bed_util_ads: 0.044, bed_util_des: 0.020, frac_lost: 0.010
L: 1.04, u_super: 0.00010, sec: 763.652, t_ads: 1747.0, t_des: 45039.0, bed_util_ads: 0.040, bed_util_des: 0.020, frac_lost: 0.010
L: 2.00, u_super: 0.00010, sec: 655.350, t_ads: 3328.0, t_des: 45189.0, bed_util_ads: 0.044, bed_util_des: 0.020, frac_lost: 0.010
L: 1.89, u_super: 0.00010, sec: 663.168, t_ads: 3146.0, t_des: 45223.0, bed_util_ads: 0.044, bed_util_des: 0.020, frac_lost: 0.010
L: 2.00, u_super: 0.00010, sec: 656.543, t_ads: 3322.0, t_des: 45185.0, bed_util_ads: 0.044, bed_util_des: 0.020, frac_lost: 0.010
L: 2.00, u_super: 0.00010, sec: 656.822, t_ads: 3320.0, t_des: 45186.0, bed_util_ads: 0.044, bed_util_des: 0.020, frac_lost: 0.010
L: 1.97, u_super: 0.00098, sec: 153150.297, t_ads: 341.0, t_des: 36765.0, bed_util_ads: 0.028, bed_util_des: 0.020, frac_lost: 0.010
L: 1.99, u_super: 0.00010, sec: 655.858, t_ads: 3309.0, t_des: 45196.0, bed_util_ads: 0.044, bed_util_des: 0.020, frac_lost: 0.010
L: 1.72, u_super: 0.00010, sec: 684.017, t_ads: 2856.0, t_des: 45277.0, bed_util_ads: 0.043, bed_util_des: 0.020, frac_lost: 0.010
L: 2.00, u_super: 0.00010, sec: 659.267, t_ads: 3317.0, t_des: 45186.0, bed_util_ads: 0.044, bed_util_des: 0.020, frac_lost: 0.010
L: 2.00, u_super: 0.00010, sec: 655.525, t_ads: 3323.0, t_des: 45190.0, bed_util_ads: 0.044, bed_util_des: 0.020, frac_lost: 0.010
L: 1.96, u_super: 0.00010, sec: 658.543, t_ads: 3260.0, t_des: 45202.0, bed_util_ads: 0.044, bed_util_des: 0.020, frac_lost: 0.010
L: 1.99, u_super: 0.00097, sec: 147747.094, t_ads: 349.0, t_des: 36995.0, bed_util_ads: 0.028, bed_util_des: 0.020, frac_lost: 0.010
L: 1.99, u_super: 0.00010, sec: 656.544, t_ads: 3317.0, t_des: 45194.0, bed_util_ads: 0.044, bed_util_des: 0.020, frac_lost: 0.010
L: 1.98, u_super: 0.00010, sec: 657.190, t_ads: 3294.0, t_des: 45199.0, bed_util_ads: 0.044, bed_util_des: 0.020, frac_lost: 0.010
L: 2.00, u_super: 0.00010, sec: 657.740, t_ads: 3320.0, t_des: 45186.0, bed_util_ads: 0.044, bed_util_des: 0.020, frac_lost: 0.010
L: 1.57, u_super: 0.00010, sec: 686.002, t_ads: 2623.0, t_des: 45279.0, bed_util_ads: 0.043, bed_util_des: 0.020, frac_lost: 0.010
L: 1.90, u_super: 0.00093, sec: 134622.969, t_ads: 350.0, t_des: 37108.0, bed_util_ads: 0.028, bed_util_des: 0.020, frac_lost: 0.010
L: 2.00, u_super: 0.00010, sec: 657.056, t_ads: 3321.0, t_des: 45190.0, bed_util_ads: 0.044, bed_util_des: 0.020, frac_lost: 0.010
L: 1.78, u_super: 0.00010, sec: 669.254, t_ads: 2974.0, t_des: 45260.0, bed_util_ads: 0.043, bed_util_des: 0.020, frac_lost: 0.010
L: 2.00, u_super: 0.00010, sec: 655.530, t_ads: 3323.0, t_des: 45193.0, bed_util_ads: 0.044, bed_util_des: 0.020, frac_lost: 0.010
L: 1.96, u_super: 0.00010, sec: 658.219, t_ads: 3269.0, t_des: 45206.0, bed_util_ads: 0.044, bed_util_des: 0.020, frac_lost: 0.010
L: 2.00, u_super: 0.00010, sec: 656.578, t_ads: 3319.0, t_des: 45187.0, bed_util_ads: 0.044, bed_util_des: 0.020, frac_lost: 0.010
L: 1.99, u_super: 0.00010, sec: 728.747, t_ads: 3159.0, t_des: 45227.0, bed_util_ads: 0.044, bed_util_des: 0.020, frac_lost: 0.010
L: 1.99, u_super: 0.00010, sec: 656.292, t_ads: 3314.0, t_des: 45192.0, bed_util_ads: 0.044, bed_util_des: 0.020, frac_lost: 0.010
L: 1.96, u_super: 0.00010, sec: 657.718, t_ads: 3263.0, t_des: 45203.0, bed_util_ads: 0.044, bed_util_des: 0.020, frac_lost: 0.010
L: 2.00, u_super: 0.00010, sec: 656.722, t_ads: 3321.0, t_des: 45189.0, bed_util_ads: 0.044, bed_util_des: 0.020, frac_lost: 0.010
L: 2.00, u_super: 0.00010, sec: 655.909, t_ads: 3326.0, t_des: 45186.0, bed_util_ads: 0.044, bed_util_des: 0.020, frac_lost: 0.010
L: 1.83, u_super: 0.00010, sec: 665.437, t_ads: 3049.0, t_des: 45251.0, bed_util_ads: 0.044, bed_util_des: 0.020, frac_lost: 0.010
L: 1.99, u_super: 0.00011, sec: 805.914, t_ads: 3020.0, t_des: 45251.0, bed_util_ads: 0.043, bed_util_des: 0.020, frac_lost: 0.010
L: 1.97, u_super: 0.00010, sec: 658.957, t_ads: 3270.0, t_des: 45196.0, bed_util_ads: 0.044, bed_util_des: 0.020, frac_lost: 0.010
L: 1.95, u_super: 0.00010, sec: 680.899, t_ads: 3196.0, t_des: 45219.0, bed_util_ads: 0.044, bed_util_des: 0.020, frac_lost: 0.010
L: 2.00, u_super: 0.00010, sec: 655.686, t_ads: 3323.0, t_des: 45185.0, bed_util_ads: 0.044, bed_util_des: 0.020, frac_lost: 0.010
L: 1.97, u_super: 0.00361, sec: 3643171.500, t_ads: 95.0, t_des: 21714.0, bed_util_ads: 0.023, bed_util_des: 0.020, frac_lost: 0.010
L: 1.80, u_super: 0.00010, sec: 667.940, t_ads: 2999.0, t_des: 45252.0, bed_util_ads: 0.043, bed_util_des: 0.020, frac_lost: 0.010
L: 1.85, u_super: 0.00010, sec: 663.854, t_ads: 3090.0, t_des: 45238.0, bed_util_ads: 0.044, bed_util_des: 0.020, frac_lost: 0.010
L: 1.98, u_super: 0.00010, sec: 656.564, t_ads: 3303.0, t_des: 45196.0, bed_util_ads: 0.044, bed_util_des: 0.020, frac_lost: 0.010
L: 1.98, u_super: 0.00010, sec: 656.691, t_ads: 3293.0, t_des: 45194.0, bed_util_ads: 0.044, bed_util_des: 0.020, frac_lost: 0.010
L: 2.00, u_super: 0.00878, sec: 28850372.000, t_ads: 41.0, t_des: 12983.0, bed_util_ads: 0.021, bed_util_des: 0.020, frac_lost: 0.010
     7 |      280 |  7.358022E+05 |  6.553499E+02
L: 2.00, u_super: 0.00054, sec: 34195.340, t_ads: 628.0, t_des: 41665.0, bed_util_ads: 0.032, bed_util_des: 0.020, frac_lost: 0.010
L: 1.89, u_super: 0.00010, sec: 661.903, t_ads: 3154.0, t_des: 45227.0, bed_util_ads: 0.044, bed_util_des: 0.020, frac_lost: 0.010
L: 1.04, u_super: 0.00010, sec: 763.709, t_ads: 1747.0, t_des: 45041.0, bed_util_ads: 0.040, bed_util_des: 0.020, frac_lost: 0.010
L: 2.00, u_super: 0.00010, sec: 655.308, t_ads: 3328.0, t_des: 45187.0, bed_util_ads: 0.044, bed_util_des: 0.020, frac_lost: 0.010
L: 2.00, u_super: 0.00010, sec: 657.122, t_ads: 3318.0, t_des: 45186.0, bed_util_ads: 0.044, bed_util_des: 0.020, frac_lost: 0.010
L: 1.99, u_super: 0.00010, sec: 656.800, t_ads: 3310.0, t_des: 45195.0, bed_util_ads: 0.044, bed_util_des: 0.020, frac_lost: 0.010
L: 2.00, u_super: 0.00010, sec: 655.455, t_ads: 3328.0, t_des: 45183.0, bed_util_ads: 0.044, bed_util_des: 0.020, frac_lost: 0.010
L: 1.97, u_super: 0.00010, sec: 656.867, t_ads: 3285.0, t_des: 45194.0, bed_util_ads: 0.044, bed_util_des: 0.020, frac_lost: 0.010
L: 2.00, u_super: 0.00010, sec: 656.513, t_ads: 3325.0, t_des: 45183.0, bed_util_ads: 0.044, bed_util_des: 0.020, frac_lost: 0.010
L: 1.99, u_super: 0.00010, sec: 656.514, t_ads: 3307.0, t_des: 45188.0, bed_util_ads: 0.044, bed_util_des: 0.020, frac_lost: 0.010
L: 2.00, u_super: 0.00010, sec: 655.943, t_ads: 3325.0, t_des: 45192.0, bed_util_ads: 0.044, bed_util_des: 0.020, frac_lost: 0.010
L: 2.00, u_super: 0.00010, sec: 655.460, t_ads: 3328.0, t_des: 45184.0, bed_util_ads: 0.044, bed_util_des: 0.020, frac_lost: 0.010
L: 2.00, u_super: 0.00010, sec: 655.375, t_ads: 3328.0, t_des: 45184.0, bed_util_ads: 0.044, bed_util_des: 0.020, frac_lost: 0.010
L: 2.00, u_super: 0.00010, sec: 655.812, t_ads: 3326.0, t_des: 45190.0, bed_util_ads: 0.044, bed_util_des: 0.020, frac_lost: 0.010
L: 1.99, u_super: 0.00010, sec: 655.609, t_ads: 3319.0, t_des: 45191.0, bed_util_ads: 0.044, bed_util_des: 0.020, frac_lost: 0.010
L: 2.00, u_super: 0.00010, sec: 656.314, t_ads: 3323.0, t_des: 45188.0, bed_util_ads: 0.044, bed_util_des: 0.020, frac_lost: 0.010
L: 1.91, u_super: 0.00010, sec: 662.397, t_ads: 3184.0, t_des: 45219.0, bed_util_ads: 0.044, bed_util_des: 0.020, frac_lost: 0.010
L: 1.57, u_super: 0.00078, sec: 95196.922, t_ads: 344.0, t_des: 36940.0, bed_util_ads: 0.028, bed_util_des: 0.020, frac_lost: 0.010
L: 1.98, u_super: 0.00010, sec: 657.758, t_ads: 3297.0, t_des: 45190.0, bed_util_ads: 0.044, bed_util_des: 0.020, frac_lost: 0.010
L: 2.00, u_super: 0.00010, sec: 655.556, t_ads: 3325.0, t_des: 45183.0, bed_util_ads: 0.044, bed_util_des: 0.020, frac_lost: 0.010
L: 2.00, u_super: 0.00010, sec: 655.824, t_ads: 3325.0, t_des: 45184.0, bed_util_ads: 0.044, bed_util_des: 0.020, frac_lost: 0.010
L: 2.00, u_super: 0.00010, sec: 655.513, t_ads: 3328.0, t_des: 45183.0, bed_util_ads: 0.044, bed_util_des: 0.020, frac_lost: 0.010
L: 1.99, u_super: 0.00010, sec: 657.031, t_ads: 3304.0, t_des: 45198.0, bed_util_ads: 0.044, bed_util_des: 0.020, frac_lost: 0.010
L: 1.84, u_super: 0.00010, sec: 665.754, t_ads: 3062.0, t_des: 45249.0, bed_util_ads: 0.044, bed_util_des: 0.020, frac_lost: 0.010
L: 1.99, u_super: 0.00010, sec: 656.197, t_ads: 3311.0, t_des: 45188.0, bed_util_ads: 0.044, bed_util_des: 0.020, frac_lost: 0.010
L: 1.99, u_super: 0.00010, sec: 655.784, t_ads: 3315.0, t_des: 45189.0, bed_util_ads: 0.044, bed_util_des: 0.020, frac_lost: 0.010
L: 1.96, u_super: 0.00010, sec: 658.578, t_ads: 3261.0, t_des: 45202.0, bed_util_ads: 0.044, bed_util_des: 0.020, frac_lost: 0.010
L: 2.00, u_super: 0.00010, sec: 656.858, t_ads: 3319.0, t_des: 45185.0, bed_util_ads: 0.044, bed_util_des: 0.020, frac_lost: 0.010
L: 2.00, u_super: 0.00010, sec: 655.434, t_ads: 3327.0, t_des: 45184.0, bed_util_ads: 0.044, bed_util_des: 0.020, frac_lost: 0.010
L: 1.83, u_super: 0.00010, sec: 665.418, t_ads: 3049.0, t_des: 45250.0, bed_util_ads: 0.044, bed_util_des: 0.020, frac_lost: 0.010
L: 1.93, u_super: 0.00011, sec: 810.164, t_ads: 2937.0, t_des: 45264.0, bed_util_ads: 0.043, bed_util_des: 0.020, frac_lost: 0.010
L: 1.99, u_super: 0.00010, sec: 657.598, t_ads: 3306.0, t_des: 45196.0, bed_util_ads: 0.044, bed_util_des: 0.020, frac_lost: 0.010
L: 1.97, u_super: 0.00010, sec: 656.768, t_ads: 3284.0, t_des: 45200.0, bed_util_ads: 0.044, bed_util_des: 0.020, frac_lost: 0.010
L: 1.89, u_super: 0.00010, sec: 661.506, t_ads: 3154.0, t_des: 45224.0, bed_util_ads: 0.044, bed_util_des: 0.020, frac_lost: 0.010
L: 1.97, u_super: 0.00010, sec: 657.546, t_ads: 3273.0, t_des: 45203.0, bed_util_ads: 0.044, bed_util_des: 0.020, frac_lost: 0.010
L: 2.00, u_super: 0.00010, sec: 657.162, t_ads: 3324.0, t_des: 45189.0, bed_util_ads: 0.044, bed_util_des: 0.020, frac_lost: 0.010
L: 2.00, u_super: 0.00010, sec: 655.295, t_ads: 3329.0, t_des: 45188.0, bed_util_ads: 0.044, bed_util_des: 0.020, frac_lost: 0.010
L: 1.98, u_super: 0.00010, sec: 656.105, t_ads: 3304.0, t_des: 45195.0, bed_util_ads: 0.044, bed_util_des: 0.020, frac_lost: 0.010
L: 1.86, u_super: 0.00010, sec: 663.464, t_ads: 3105.0, t_des: 45233.0, bed_util_ads: 0.044, bed_util_des: 0.020, frac_lost: 0.010
L: 2.00, u_super: 0.00010, sec: 656.265, t_ads: 3324.0, t_des: 45188.0, bed_util_ads: 0.044, bed_util_des: 0.020, frac_lost: 0.010
     8 |      320 |  6.638391E+02 |  6.552946E+02
L: 2.00, u_super: 0.00010, sec: 655.559, t_ads: 3322.0, t_des: 45186.0, bed_util_ads: 0.044, bed_util_des: 0.020, frac_lost: 0.010
L: 1.98, u_super: 0.00010, sec: 656.952, t_ads: 3296.0, t_des: 45192.0, bed_util_ads: 0.044, bed_util_des: 0.020, frac_lost: 0.010
L: 2.00, u_super: 0.00010, sec: 655.343, t_ads: 3329.0, t_des: 45190.0, bed_util_ads: 0.044, bed_util_des: 0.020, frac_lost: 0.010
L: 2.00, u_super: 0.00010, sec: 655.313, t_ads: 3329.0, t_des: 45185.0, bed_util_ads: 0.044, bed_util_des: 0.020, frac_lost: 0.010
L: 2.00, u_super: 0.00071, sec: 66180.539, t_ads: 482.0, t_des: 39866.0, bed_util_ads: 0.030, bed_util_des: 0.020, frac_lost: 0.010
L: 2.00, u_super: 0.00010, sec: 656.321, t_ads: 3326.0, t_des: 45188.0, bed_util_ads: 0.044, bed_util_des: 0.020, frac_lost: 0.010
L: 2.00, u_super: 0.00010, sec: 655.227, t_ads: 3329.0, t_des: 45191.0, bed_util_ads: 0.044, bed_util_des: 0.020, frac_lost: 0.010
L: 1.97, u_super: 0.00010, sec: 656.847, t_ads: 3285.0, t_des: 45193.0, bed_util_ads: 0.044, bed_util_des: 0.020, frac_lost: 0.010
L: 1.99, u_super: 0.00010, sec: 655.865, t_ads: 3309.0, t_des: 45196.0, bed_util_ads: 0.044, bed_util_des: 0.020, frac_lost: 0.010
L: 1.99, u_super: 0.00010, sec: 655.848, t_ads: 3309.0, t_des: 45197.0, bed_util_ads: 0.044, bed_util_des: 0.020, frac_lost: 0.010
L: 2.00, u_super: 0.00010, sec: 655.740, t_ads: 3325.0, t_des: 45184.0, bed_util_ads: 0.044, bed_util_des: 0.020, frac_lost: 0.010
L: 2.00, u_super: 0.00010, sec: 655.201, t_ads: 3329.0, t_des: 45191.0, bed_util_ads: 0.044, bed_util_des: 0.020, frac_lost: 0.010
L: 2.00, u_super: 0.00010, sec: 655.273, t_ads: 3329.0, t_des: 45188.0, bed_util_ads: 0.044, bed_util_des: 0.020, frac_lost: 0.010
L: 1.70, u_super: 0.00097, sec: 157024.828, t_ads: 301.0, t_des: 35588.0, bed_util_ads: 0.027, bed_util_des: 0.020, frac_lost: 0.010
L: 1.89, u_super: 0.00046, sec: 22965.396, t_ads: 704.0, t_des: 42296.0, bed_util_ads: 0.033, bed_util_des: 0.020, frac_lost: 0.010
L: 2.00, u_super: 0.00010, sec: 656.306, t_ads: 3324.0, t_des: 45186.0, bed_util_ads: 0.044, bed_util_des: 0.020, frac_lost: 0.010
L: 2.00, u_super: 0.00010, sec: 657.540, t_ads: 3324.0, t_des: 45188.0, bed_util_ads: 0.044, bed_util_des: 0.020, frac_lost: 0.010
L: 1.58, u_super: 0.00010, sec: 684.510, t_ads: 2647.0, t_des: 45284.0, bed_util_ads: 0.043, bed_util_des: 0.020, frac_lost: 0.010
L: 1.98, u_super: 0.00010, sec: 656.168, t_ads: 3301.0, t_des: 45197.0, bed_util_ads: 0.044, bed_util_des: 0.020, frac_lost: 0.010
L: 1.79, u_super: 0.00010, sec: 667.921, t_ads: 2988.0, t_des: 45261.0, bed_util_ads: 0.043, bed_util_des: 0.020, frac_lost: 0.010
L: 2.00, u_super: 0.00010, sec: 655.583, t_ads: 3326.0, t_des: 45192.0, bed_util_ads: 0.044, bed_util_des: 0.020, frac_lost: 0.010
L: 2.00, u_super: 0.00010, sec: 655.240, t_ads: 3329.0, t_des: 45190.0, bed_util_ads: 0.044, bed_util_des: 0.020, frac_lost: 0.010
L: 2.00, u_super: 0.00010, sec: 656.345, t_ads: 3326.0, t_des: 45190.0, bed_util_ads: 0.044, bed_util_des: 0.020, frac_lost: 0.010
L: 2.00, u_super: 0.00010, sec: 655.399, t_ads: 3326.0, t_des: 45185.0, bed_util_ads: 0.044, bed_util_des: 0.020, frac_lost: 0.010
L: 1.99, u_super: 0.00010, sec: 655.830, t_ads: 3312.0, t_des: 45191.0, bed_util_ads: 0.044, bed_util_des: 0.020, frac_lost: 0.010
L: 1.99, u_super: 0.00010, sec: 656.095, t_ads: 3307.0, t_des: 45188.0, bed_util_ads: 0.044, bed_util_des: 0.020, frac_lost: 0.010
L: 2.00, u_super: 0.00010, sec: 655.485, t_ads: 3329.0, t_des: 45190.0, bed_util_ads: 0.044, bed_util_des: 0.020, frac_lost: 0.010
L: 2.00, u_super: 0.00010, sec: 655.430, t_ads: 3326.0, t_des: 45185.0, bed_util_ads: 0.044, bed_util_des: 0.020, frac_lost: 0.010
L: 2.00, u_super: 0.00010, sec: 655.307, t_ads: 3329.0, t_des: 45188.0, bed_util_ads: 0.044, bed_util_des: 0.020, frac_lost: 0.010
L: 1.83, u_super: 0.00010, sec: 665.428, t_ads: 3049.0, t_des: 45251.0, bed_util_ads: 0.044, bed_util_des: 0.020, frac_lost: 0.010
L: 2.00, u_super: 0.00011, sec: 805.265, t_ads: 3035.0, t_des: 45245.0, bed_util_ads: 0.043, bed_util_des: 0.020, frac_lost: 0.010
L: 1.99, u_super: 0.00010, sec: 655.861, t_ads: 3310.0, t_des: 45196.0, bed_util_ads: 0.044, bed_util_des: 0.020, frac_lost: 0.010
L: 1.97, u_super: 0.00010, sec: 657.192, t_ads: 3283.0, t_des: 45199.0, bed_util_ads: 0.044, bed_util_des: 0.020, frac_lost: 0.010
L: 2.00, u_super: 0.00010, sec: 655.360, t_ads: 3329.0, t_des: 45190.0, bed_util_ads: 0.044, bed_util_des: 0.020, frac_lost: 0.010
L: 1.92, u_super: 0.00010, sec: 660.304, t_ads: 3195.0, t_des: 45219.0, bed_util_ads: 0.044, bed_util_des: 0.020, frac_lost: 0.010
L: 2.00, u_super: 0.00010, sec: 657.157, t_ads: 3324.0, t_des: 45190.0, bed_util_ads: 0.044, bed_util_des: 0.020, frac_lost: 0.010
L: 2.00, u_super: 0.00010, sec: 655.603, t_ads: 3328.0, t_des: 45183.0, bed_util_ads: 0.044, bed_util_des: 0.020, frac_lost: 0.010
L: 1.98, u_super: 0.00010, sec: 656.069, t_ads: 3304.0, t_des: 45194.0, bed_util_ads: 0.044, bed_util_des: 0.020, frac_lost: 0.010
L: 1.98, u_super: 0.00010, sec: 656.383, t_ads: 3294.0, t_des: 45199.0, bed_util_ads: 0.044, bed_util_des: 0.020, frac_lost: 0.010
L: 2.00, u_super: 0.00010, sec: 656.168, t_ads: 3327.0, t_des: 45188.0, bed_util_ads: 0.044, bed_util_des: 0.020, frac_lost: 0.010
     9 |      360 |  6.606359E+02 |  6.552006E+02
L: 1.85, u_super: 0.00117, sec: 243958.000, t_ads: 271.0, t_des: 34512.0, bed_util_ads: 0.026, bed_util_des: 0.020, frac_lost: 0.010
L: 2.00, u_super: 0.00010, sec: 655.820, t_ads: 3328.0, t_des: 45188.0, bed_util_ads: 0.044, bed_util_des: 0.020, frac_lost: 0.010
L: 2.00, u_super: 0.00010, sec: 655.310, t_ads: 3329.0, t_des: 45185.0, bed_util_ads: 0.044, bed_util_des: 0.020, frac_lost: 0.010
L: 2.00, u_super: 0.00010, sec: 655.306, t_ads: 3328.0, t_des: 45187.0, bed_util_ads: 0.044, bed_util_des: 0.020, frac_lost: 0.010
L: 1.99, u_super: 0.00010, sec: 656.338, t_ads: 3317.0, t_des: 45187.0, bed_util_ads: 0.044, bed_util_des: 0.020, frac_lost: 0.010
L: 2.00, u_super: 0.00010, sec: 655.360, t_ads: 3328.0, t_des: 45184.0, bed_util_ads: 0.044, bed_util_des: 0.020, frac_lost: 0.010
L: 1.99, u_super: 0.00010, sec: 655.598, t_ads: 3318.0, t_des: 45193.0, bed_util_ads: 0.044, bed_util_des: 0.020, frac_lost: 0.010
L: 2.00, u_super: 0.00010, sec: 655.314, t_ads: 3329.0, t_des: 45187.0, bed_util_ads: 0.044, bed_util_des: 0.020, frac_lost: 0.010
L: 2.00, u_super: 0.00010, sec: 655.265, t_ads: 3329.0, t_des: 45187.0, bed_util_ads: 0.044, bed_util_des: 0.020, frac_lost: 0.010
L: 1.99, u_super: 0.00010, sec: 656.973, t_ads: 3306.0, t_des: 45189.0, bed_util_ads: 0.044, bed_util_des: 0.020, frac_lost: 0.010
L: 2.00, u_super: 0.00010, sec: 655.403, t_ads: 3326.0, t_des: 45188.0, bed_util_ads: 0.044, bed_util_des: 0.020, frac_lost: 0.010
L: 2.00, u_super: 0.00038, sec: 14501.010, t_ads: 887.0, t_des: 43370.0, bed_util_ads: 0.035, bed_util_des: 0.020, frac_lost: 0.010
L: 2.00, u_super: 0.00010, sec: 655.443, t_ads: 3324.0, t_des: 45189.0, bed_util_ads: 0.044, bed_util_des: 0.020, frac_lost: 0.010
L: 1.99, u_super: 0.00010, sec: 656.254, t_ads: 3312.0, t_des: 45194.0, bed_util_ads: 0.044, bed_util_des: 0.020, frac_lost: 0.010
L: 1.99, u_super: 0.00010, sec: 656.017, t_ads: 3318.0, t_des: 45190.0, bed_util_ads: 0.044, bed_util_des: 0.020, frac_lost: 0.010
L: 1.91, u_super: 0.00010, sec: 660.962, t_ads: 3187.0, t_des: 45221.0, bed_util_ads: 0.044, bed_util_des: 0.020, frac_lost: 0.010
L: 2.00, u_super: 0.00010, sec: 657.525, t_ads: 3324.0, t_des: 45189.0, bed_util_ads: 0.044, bed_util_des: 0.020, frac_lost: 0.010
L: 2.00, u_super: 0.00012, sec: 1009.750, t_ads: 2744.0, t_des: 45281.0, bed_util_ads: 0.043, bed_util_des: 0.020, frac_lost: 0.010
L: 1.98, u_super: 0.00010, sec: 656.155, t_ads: 3301.0, t_des: 45196.0, bed_util_ads: 0.044, bed_util_des: 0.020, frac_lost: 0.010
L: 2.00, u_super: 0.00010, sec: 655.518, t_ads: 3327.0, t_des: 45189.0, bed_util_ads: 0.044, bed_util_des: 0.020, frac_lost: 0.010
L: 2.00, u_super: 0.00010, sec: 655.482, t_ads: 3329.0, t_des: 45191.0, bed_util_ads: 0.044, bed_util_des: 0.020, frac_lost: 0.010
L: 2.00, u_super: 0.00010, sec: 655.393, t_ads: 3328.0, t_des: 45184.0, bed_util_ads: 0.044, bed_util_des: 0.020, frac_lost: 0.010
L: 2.00, u_super: 0.00010, sec: 655.243, t_ads: 3329.0, t_des: 45188.0, bed_util_ads: 0.044, bed_util_des: 0.020, frac_lost: 0.010
L: 1.99, u_super: 0.00010, sec: 656.032, t_ads: 3306.0, t_des: 45192.0, bed_util_ads: 0.044, bed_util_des: 0.020, frac_lost: 0.010
L: 2.00, u_super: 0.00010, sec: 655.216, t_ads: 3329.0, t_des: 45190.0, bed_util_ads: 0.044, bed_util_des: 0.020, frac_lost: 0.010
L: 1.99, u_super: 0.00010, sec: 655.762, t_ads: 3315.0, t_des: 45188.0, bed_util_ads: 0.044, bed_util_des: 0.020, frac_lost: 0.010
L: 2.00, u_super: 0.00010, sec: 727.865, t_ads: 3176.0, t_des: 45224.0, bed_util_ads: 0.044, bed_util_des: 0.020, frac_lost: 0.010
L: 2.00, u_super: 0.00010, sec: 655.257, t_ads: 3329.0, t_des: 45188.0, bed_util_ads: 0.044, bed_util_des: 0.020, frac_lost: 0.010
L: 1.99, u_super: 0.00010, sec: 655.635, t_ads: 3320.0, t_des: 45187.0, bed_util_ads: 0.044, bed_util_des: 0.020, frac_lost: 0.010
L: 1.99, u_super: 0.00014, sec: 1405.424, t_ads: 2366.0, t_des: 45284.0, bed_util_ads: 0.042, bed_util_des: 0.020, frac_lost: 0.010
L: 1.99, u_super: 0.00011, sec: 805.925, t_ads: 3022.0, t_des: 45246.0, bed_util_ads: 0.043, bed_util_des: 0.020, frac_lost: 0.010
L: 2.00, u_super: 0.00010, sec: 655.276, t_ads: 3329.0, t_des: 45189.0, bed_util_ads: 0.044, bed_util_des: 0.020, frac_lost: 0.010
L: 1.97, u_super: 0.00010, sec: 656.744, t_ads: 3284.0, t_des: 45199.0, bed_util_ads: 0.044, bed_util_des: 0.020, frac_lost: 0.010
L: 2.00, u_super: 0.00010, sec: 655.613, t_ads: 3328.0, t_des: 45183.0, bed_util_ads: 0.044, bed_util_des: 0.020, frac_lost: 0.010
L: 2.00, u_super: 0.00010, sec: 655.785, t_ads: 3328.0, t_des: 45187.0, bed_util_ads: 0.044, bed_util_des: 0.020, frac_lost: 0.010
L: 1.99, u_super: 0.00010, sec: 657.415, t_ads: 3316.0, t_des: 45192.0, bed_util_ads: 0.044, bed_util_des: 0.020, frac_lost: 0.010
L: 2.00, u_super: 0.00010, sec: 655.272, t_ads: 3329.0, t_des: 45187.0, bed_util_ads: 0.044, bed_util_des: 0.020, frac_lost: 0.010
L: 1.99, u_super: 0.00010, sec: 656.053, t_ads: 3306.0, t_des: 45191.0, bed_util_ads: 0.044, bed_util_des: 0.020, frac_lost: 0.010
L: 1.87, u_super: 0.00010, sec: 662.781, t_ads: 3115.0, t_des: 45236.0, bed_util_ads: 0.044, bed_util_des: 0.020, frac_lost: 0.010
L: 2.00, u_super: 0.00010, sec: 655.711, t_ads: 3328.0, t_des: 45187.0, bed_util_ads: 0.044, bed_util_des: 0.020, frac_lost: 0.010
    10 |      400 |  6.603845E+02 |  6.552006E+02
L: 2.00, u_super: 0.00010, sec: 655.382, t_ads: 3328.0, t_des: 45183.0, bed_util_ads: 0.044, bed_util_des: 0.020, frac_lost: 0.010
L: 2.00, u_super: 0.00010, sec: 655.874, t_ads: 3327.0, t_des: 45187.0, bed_util_ads: 0.044, bed_util_des: 0.020, frac_lost: 0.010
L: 2.00, u_super: 0.00010, sec: 655.299, t_ads: 3329.0, t_des: 45184.0, bed_util_ads: 0.044, bed_util_des: 0.020, frac_lost: 0.010
L: 2.00, u_super: 0.00010, sec: 655.299, t_ads: 3328.0, t_des: 45187.0, bed_util_ads: 0.044, bed_util_des: 0.020, frac_lost: 0.010
L: 1.91, u_super: 0.00010, sec: 660.627, t_ads: 3189.0, t_des: 45224.0, bed_util_ads: 0.044, bed_util_des: 0.020, frac_lost: 0.010
L: 2.00, u_super: 0.00010, sec: 655.196, t_ads: 3329.0, t_des: 45192.0, bed_util_ads: 0.044, bed_util_des: 0.020, frac_lost: 0.010
L: 2.00, u_super: 0.00010, sec: 655.299, t_ads: 3329.0, t_des: 45188.0, bed_util_ads: 0.044, bed_util_des: 0.020, frac_lost: 0.010
L: 2.00, u_super: 0.00010, sec: 655.273, t_ads: 3329.0, t_des: 45189.0, bed_util_ads: 0.044, bed_util_des: 0.020, frac_lost: 0.010
L: 2.00, u_super: 0.00010, sec: 655.260, t_ads: 3329.0, t_des: 45187.0, bed_util_ads: 0.044, bed_util_des: 0.020, frac_lost: 0.010
L: 1.96, u_super: 0.00010, sec: 657.432, t_ads: 3262.0, t_des: 45208.0, bed_util_ads: 0.044, bed_util_des: 0.020, frac_lost: 0.010
L: 2.00, u_super: 0.00010, sec: 655.290, t_ads: 3328.0, t_des: 45190.0, bed_util_ads: 0.044, bed_util_des: 0.020, frac_lost: 0.010
L: 2.00, u_super: 0.00010, sec: 655.193, t_ads: 3329.0, t_des: 45191.0, bed_util_ads: 0.044, bed_util_des: 0.020, frac_lost: 0.010
L: 2.00, u_super: 0.00010, sec: 655.340, t_ads: 3329.0, t_des: 45184.0, bed_util_ads: 0.044, bed_util_des: 0.020, frac_lost: 0.010
L: 2.00, u_super: 0.00010, sec: 656.551, t_ads: 3324.0, t_des: 45184.0, bed_util_ads: 0.044, bed_util_des: 0.020, frac_lost: 0.010
L: 1.99, u_super: 0.00010, sec: 655.941, t_ads: 3318.0, t_des: 45187.0, bed_util_ads: 0.044, bed_util_des: 0.020, frac_lost: 0.010
L: 2.00, u_super: 0.00010, sec: 655.426, t_ads: 3326.0, t_des: 45185.0, bed_util_ads: 0.044, bed_util_des: 0.020, frac_lost: 0.010
L: 2.00, u_super: 0.00010, sec: 655.366, t_ads: 3329.0, t_des: 45189.0, bed_util_ads: 0.044, bed_util_des: 0.020, frac_lost: 0.010
L: 1.58, u_super: 0.00010, sec: 684.508, t_ads: 2647.0, t_des: 45284.0, bed_util_ads: 0.043, bed_util_des: 0.020, frac_lost: 0.010
L: 2.00, u_super: 0.00010, sec: 655.247, t_ads: 3329.0, t_des: 45189.0, bed_util_ads: 0.044, bed_util_des: 0.020, frac_lost: 0.010
L: 1.99, u_super: 0.00010, sec: 655.873, t_ads: 3317.0, t_des: 45191.0, bed_util_ads: 0.044, bed_util_des: 0.020, frac_lost: 0.010
L: 2.00, u_super: 0.00010, sec: 655.572, t_ads: 3328.0, t_des: 45189.0, bed_util_ads: 0.044, bed_util_des: 0.020, frac_lost: 0.010
L: 2.00, u_super: 0.00010, sec: 655.223, t_ads: 3329.0, t_des: 45189.0, bed_util_ads: 0.044, bed_util_des: 0.020, frac_lost: 0.010
L: 2.00, u_super: 0.00010, sec: 655.243, t_ads: 3329.0, t_des: 45188.0, bed_util_ads: 0.044, bed_util_des: 0.020, frac_lost: 0.010
L: 2.00, u_super: 0.00010, sec: 655.499, t_ads: 3326.0, t_des: 45189.0, bed_util_ads: 0.044, bed_util_des: 0.020, frac_lost: 0.010
L: 1.79, u_super: 0.00010, sec: 667.924, t_ads: 2989.0, t_des: 45254.0, bed_util_ads: 0.043, bed_util_des: 0.020, frac_lost: 0.010
L: 1.99, u_super: 0.00010, sec: 655.760, t_ads: 3315.0, t_des: 45188.0, bed_util_ads: 0.044, bed_util_des: 0.020, frac_lost: 0.010
L: 2.00, u_super: 0.00010, sec: 655.330, t_ads: 3329.0, t_des: 45183.0, bed_util_ads: 0.044, bed_util_des: 0.020, frac_lost: 0.010
L: 2.00, u_super: 0.00010, sec: 655.255, t_ads: 3329.0, t_des: 45188.0, bed_util_ads: 0.044, bed_util_des: 0.020, frac_lost: 0.010
L: 2.00, u_super: 0.00010, sec: 655.271, t_ads: 3329.0, t_des: 45186.0, bed_util_ads: 0.044, bed_util_des: 0.020, frac_lost: 0.010
L: 2.00, u_super: 0.00010, sec: 655.335, t_ads: 3329.0, t_des: 45188.0, bed_util_ads: 0.044, bed_util_des: 0.020, frac_lost: 0.010
L: 1.99, u_super: 0.00011, sec: 805.981, t_ads: 3019.0, t_des: 45250.0, bed_util_ads: 0.043, bed_util_des: 0.020, frac_lost: 0.010
L: 2.00, u_super: 0.00010, sec: 655.409, t_ads: 3327.0, t_des: 45186.0, bed_util_ads: 0.044, bed_util_des: 0.020, frac_lost: 0.010
L: 1.97, u_super: 0.00010, sec: 656.769, t_ads: 3284.0, t_des: 45200.0, bed_util_ads: 0.044, bed_util_des: 0.020, frac_lost: 0.010
L: 2.00, u_super: 0.00010, sec: 655.415, t_ads: 3329.0, t_des: 45187.0, bed_util_ads: 0.044, bed_util_des: 0.020, frac_lost: 0.010
L: 2.00, u_super: 0.00010, sec: 655.310, t_ads: 3329.0, t_des: 45185.0, bed_util_ads: 0.044, bed_util_des: 0.020, frac_lost: 0.010
L: 2.00, u_super: 0.00010, sec: 657.238, t_ads: 3324.0, t_des: 45186.0, bed_util_ads: 0.044, bed_util_des: 0.020, frac_lost: 0.010
L: 2.00, u_super: 0.00010, sec: 655.348, t_ads: 3329.0, t_des: 45190.0, bed_util_ads: 0.044, bed_util_des: 0.020, frac_lost: 0.010
L: 2.00, u_super: 0.00010, sec: 655.271, t_ads: 3329.0, t_des: 45186.0, bed_util_ads: 0.044, bed_util_des: 0.020, frac_lost: 0.010
L: 1.98, u_super: 0.00010, sec: 656.359, t_ads: 3294.0, t_des: 45198.0, bed_util_ads: 0.044, bed_util_des: 0.020, frac_lost: 0.010
L: 2.00, u_super: 0.00010, sec: 655.278, t_ads: 3329.0, t_des: 45187.0, bed_util_ads: 0.044, bed_util_des: 0.020, frac_lost: 0.010
    11 |      440 |  6.599724E+02 |  6.551930E+02
L: 2.00, u_super: 0.00010, sec: 655.449, t_ads: 3328.0, t_des: 45186.0, bed_util_ads: 0.044, bed_util_des: 0.020, frac_lost: 0.010
L: 2.00, u_super: 0.00010, sec: 655.312, t_ads: 3329.0, t_des: 45185.0, bed_util_ads: 0.044, bed_util_des: 0.020, frac_lost: 0.010
L: 2.00, u_super: 0.00010, sec: 655.534, t_ads: 3323.0, t_des: 45184.0, bed_util_ads: 0.044, bed_util_des: 0.020, frac_lost: 0.010
L: 2.00, u_super: 0.00010, sec: 655.302, t_ads: 3328.0, t_des: 45187.0, bed_util_ads: 0.044, bed_util_des: 0.020, frac_lost: 0.010
L: 1.99, u_super: 0.00010, sec: 656.161, t_ads: 3319.0, t_des: 45192.0, bed_util_ads: 0.044, bed_util_des: 0.020, frac_lost: 0.010
L: 2.00, u_super: 0.00010, sec: 655.181, t_ads: 3329.0, t_des: 45191.0, bed_util_ads: 0.044, bed_util_des: 0.020, frac_lost: 0.010
L: 2.00, u_super: 0.00010, sec: 655.201, t_ads: 3329.0, t_des: 45190.0, bed_util_ads: 0.044, bed_util_des: 0.020, frac_lost: 0.010
L: 2.00, u_super: 0.00010, sec: 655.175, t_ads: 3329.0, t_des: 45192.0, bed_util_ads: 0.044, bed_util_des: 0.020, frac_lost: 0.010
L: 2.00, u_super: 0.00010, sec: 655.276, t_ads: 3329.0, t_des: 45186.0, bed_util_ads: 0.044, bed_util_des: 0.020, frac_lost: 0.010
L: 1.99, u_super: 0.00010, sec: 655.468, t_ads: 3321.0, t_des: 45192.0, bed_util_ads: 0.044, bed_util_des: 0.020, frac_lost: 0.010
