L: 1.32, u_super: 0.00941, sec: 7977808.500, t_ads: 131.0, t_des: 74111.0, bed_util_ads: 0.050, bed_util_des: 0.020, frac_lost: 0.502
L: 0.80, u_super: 0.00940, sec: 10693019.000, t_ads: 78.0, t_des: 61685.0, bed_util_ads: 0.039, bed_util_des: 0.020, frac_lost: 0.503
L: 1.04, u_super: 0.00425, sec: 1026383.812, t_ads: 240.0, t_des: 85932.0, bed_util_ads: 0.072, bed_util_des: 0.020, frac_lost: 0.500
L: 1.76, u_super: 0.00411, sec: 608345.250, t_ads: 466.0, t_des: 95142.0, bed_util_ads: 0.111, bed_util_des: 0.020, frac_lost: 0.500
L: 1.37, u_super: 0.00037, sec: 1037.355, t_ads: 9611.0, t_des: 111409.0, bed_util_ads: 0.540, bed_util_des: 0.020, frac_lost: 0.500
L: 1.65, u_super: 0.00537, sec: 1386622.750, t_ads: 314.0, t_des: 90125.0, bed_util_ads: 0.086, bed_util_des: 0.020, frac_lost: 0.500
L: 1.06, u_super: 0.00783, sec: 5502695.000, t_ads: 127.0, t_des: 73430.0, bed_util_ads: 0.049, bed_util_des: 0.020, frac_lost: 0.503
L: 1.02, u_super: 0.00454, sec: 1249081.375, t_ads: 220.0, t_des: 84449.0, bed_util_ads: 0.068, bed_util_des: 0.020, frac_lost: 0.501
L: 0.79, u_super: 0.00405, sec: 1097564.250, t_ads: 187.0, t_des: 81476.0, bed_util_ads: 0.062, bed_util_des: 0.020, frac_lost: 0.501
L: 0.88, u_super: 0.00267, sec: 311402.312, t_ads: 342.0, t_des: 91316.0, bed_util_ads: 0.091, bed_util_des: 0.020, frac_lost: 0.500
L: 1.65, u_super: 0.00285, sec: 221784.688, t_ads: 685.0, t_des: 98929.0, bed_util_ads: 0.143, bed_util_des: 0.020, frac_lost: 0.500
L: 1.28, u_super: 0.00971, sec: 8851907.000, t_ads: 123.0, t_des: 72699.0, bed_util_ads: 0.049, bed_util_des: 0.020, frac_lost: 0.503
L: 1.95, u_super: 0.00720, sec: 2829544.250, t_ads: 270.0, t_des: 87858.0, bed_util_ads: 0.078, bed_util_des: 0.020, frac_lost: 0.501
L: 1.36, u_super: 0.00281, sec: 253213.906, t_ads: 541.0, t_des: 96721.0, bed_util_ads: 0.122, bed_util_des: 0.020, frac_lost: 0.500
L: 0.82, u_super: 0.00961, sec: 11238283.000, t_ads: 78.0, t_des: 61623.0, bed_util_ads: 0.039, bed_util_des: 0.020, frac_lost: 0.500
L: 1.32, u_super: 0.00124, sec: 24113.445, t_ads: 1613.0, t_des: 104597.0, bed_util_ads: 0.241, bed_util_des: 0.020, frac_lost: 0.500
L: 1.47, u_super: 0.00771, sec: 4239079.000, t_ads: 183.0, t_des: 81045.0, bed_util_ads: 0.061, bed_util_des: 0.020, frac_lost: 0.501
L: 1.46, u_super: 0.00909, sec: 6744016.000, t_ads: 152.0, t_des: 77338.0, bed_util_ads: 0.055, bed_util_des: 0.020, frac_lost: 0.502
L: 0.66, u_super: 0.00528, sec: 2578207.000, t_ads: 115.0, t_des: 71115.0, bed_util_ads: 0.047, bed_util_des: 0.020, frac_lost: 0.501
L: 1.24, u_super: 0.00071, sec: 5492.315, t_ads: 3334.0, t_des: 107550.0, bed_util_ads: 0.354, bed_util_des: 0.020, frac_lost: 0.500
L: 1.50, u_super: 0.00846, sec: 5412573.500, t_ads: 169.0, t_des: 79501.0, bed_util_ads: 0.058, bed_util_des: 0.020, frac_lost: 0.502
L: 1.43, u_super: 0.00265, sec: 203245.000, t_ads: 625.0, t_des: 98117.0, bed_util_ads: 0.135, bed_util_des: 0.020, frac_lost: 0.500
L: 1.78, u_super: 0.00509, sec: 1123895.500, t_ads: 363.0, t_des: 92106.0, bed_util_ads: 0.094, bed_util_des: 0.020, frac_lost: 0.500
L: 1.32, u_super: 0.00748, sec: 4222498.000, t_ads: 167.0, t_des: 79228.0, bed_util_ads: 0.058, bed_util_des: 0.020, frac_lost: 0.500
L: 0.81, u_super: 0.00813, sec: 7260689.000, t_ads: 91.0, t_des: 65511.0, bed_util_ads: 0.042, bed_util_des: 0.020, frac_lost: 0.502
L: 1.56, u_super: 0.00781, sec: 4218824.500, t_ads: 192.0, t_des: 81975.0, bed_util_ads: 0.063, bed_util_des: 0.020, frac_lost: 0.501
L: 0.87, u_super: 0.00796, sec: 6531134.000, t_ads: 101.0, t_des: 68106.0, bed_util_ads: 0.044, bed_util_des: 0.020, frac_lost: 0.504
L: 0.87, u_super: 0.00090, sec: 13851.200, t_ads: 1388.0, t_des: 103816.0, bed_util_ads: 0.221, bed_util_des: 0.020, frac_lost: 0.500
L: 1.80, u_super: 0.00854, sec: 4887256.000, t_ads: 204.0, t_des: 83103.0, bed_util_ads: 0.065, bed_util_des: 0.020, frac_lost: 0.501
L: 1.83, u_super: 0.00472, sec: 881473.438, t_ads: 412.0, t_des: 93716.0, bed_util_ads: 0.102, bed_util_des: 0.020, frac_lost: 0.501
L: 0.98, u_super: 0.00017, sec: 199.920, t_ads: 17196.0, t_des: 115094.0, bed_util_ads: 0.637, bed_util_des: 0.020, frac_lost: 0.500
L: 1.50, u_super: 0.00716, sec: 3367477.750, t_ads: 204.0, t_des: 83113.0, bed_util_ads: 0.065, bed_util_des: 0.020, frac_lost: 0.502
L: 1.77, u_super: 0.00286, sec: 211633.047, t_ads: 747.0, t_des: 99662.0, bed_util_ads: 0.151, bed_util_des: 0.020, frac_lost: 0.500
L: 0.90, u_super: 0.00637, sec: 3470905.000, t_ads: 133.0, t_des: 74463.0, bed_util_ads: 0.051, bed_util_des: 0.020, frac_lost: 0.503
L: 1.73, u_super: 0.00954, sec: 6885480.500, t_ads: 173.0, t_des: 79969.0, bed_util_ads: 0.059, bed_util_des: 0.020, frac_lost: 0.502
L: 0.81, u_super: 0.00483, sec: 1751323.375, t_ads: 159.0, t_des: 78231.0, bed_util_ads: 0.056, bed_util_des: 0.020, frac_lost: 0.500
L: 1.85, u_super: 0.00424, sec: 638106.375, t_ads: 478.0, t_des: 95425.0, bed_util_ads: 0.113, bed_util_des: 0.020, frac_lost: 0.501
L: 1.43, u_super: 0.00034, sec: 847.559, t_ads: 11338.0, t_des: 112285.0, bed_util_ads: 0.568, bed_util_des: 0.020, frac_lost: 0.500
L: 1.54, u_super: 0.00911, sec: 6531812.500, t_ads: 161.0, t_des: 78518.0, bed_util_ads: 0.057, bed_util_des: 0.020, frac_lost: 0.502
L: 1.76, u_super: 0.00878, sec: 5373337.500, t_ads: 193.0, t_des: 82071.0, bed_util_ads: 0.063, bed_util_des: 0.020, frac_lost: 0.501
=================================================
n_gen  |  n_eval  |     f_avg     |     f_min    
=================================================
     1 |       40 |  3.245654E+06 |  1.999202E+02
L: 1.00, u_super: 0.00941, sec: 9475082.000, t_ads: 98.0, t_des: 67348.0, bed_util_ads: 0.043, bed_util_des: 0.020, frac_lost: 0.503
L: 1.40, u_super: 0.00176, sec: 62898.262, t_ads: 1061.0, t_des: 102215.0, bed_util_ads: 0.188, bed_util_des: 0.020, frac_lost: 0.500
L: 1.04, u_super: 0.00042, sec: 1600.213, t_ads: 5427.0, t_des: 109094.0, bed_util_ads: 0.439, bed_util_des: 0.020, frac_lost: 0.500
L: 0.93, u_super: 0.00411, sec: 1015710.688, t_ads: 220.0, t_des: 84452.0, bed_util_ads: 0.068, bed_util_des: 0.020, frac_lost: 0.501
L: 0.91, u_super: 0.00037, sec: 1213.699, t_ads: 5501.0, t_des: 109139.0, bed_util_ads: 0.441, bed_util_des: 0.020, frac_lost: 0.500
L: 1.39, u_super: 0.00537, sec: 1590002.875, t_ads: 257.0, t_des: 87073.0, bed_util_ads: 0.075, bed_util_des: 0.020, frac_lost: 0.501
L: 1.06, u_super: 0.00141, sec: 42330.184, t_ads: 977.0, t_des: 101665.0, bed_util_ads: 0.179, bed_util_des: 0.020, frac_lost: 0.500
L: 1.10, u_super: 0.00098, sec: 14698.344, t_ads: 1716.0, t_des: 104901.0, bed_util_ads: 0.250, bed_util_des: 0.020, frac_lost: 0.500
L: 0.80, u_super: 0.00405, sec: 1091603.250, t_ads: 189.0, t_des: 81652.0, bed_util_ads: 0.062, bed_util_des: 0.020, frac_lost: 0.500
L: 0.88, u_super: 0.00010, sec: 72.329, t_ads: 28124.0, t_des: 120082.0, bed_util_ads: 0.709, bed_util_des: 0.020, frac_lost: 0.500
L: 1.65, u_super: 0.00038, sec: 1050.580, t_ads: 11880.0, t_des: 112554.0, bed_util_ads: 0.576, bed_util_des: 0.020, frac_lost: 0.500
L: 0.77, u_super: 0.00971, sec: 11986487.000, t_ads: 72.0, t_des: 59595.0, bed_util_ads: 0.037, bed_util_des: 0.020, frac_lost: 0.501
L: 1.95, u_super: 0.00013, sec: 124.888, t_ads: 54765.0, t_des: 132098.0, bed_util_ads: 0.788, bed_util_des: 0.020, frac_lost: 0.500
L: 0.87, u_super: 0.00281, sec: 364754.562, t_ads: 317.0, t_des: 90262.0, bed_util_ads: 0.086, bed_util_des: 0.020, frac_lost: 0.500
L: 1.23, u_super: 0.00961, sec: 8817907.000, t_ads: 119.0, t_des: 71953.0, bed_util_ads: 0.048, bed_util_des: 0.020, frac_lost: 0.503
L: 1.16, u_super: 0.00124, sec: 26913.619, t_ads: 1332.0, t_des: 103588.0, bed_util_ads: 0.216, bed_util_des: 0.020, frac_lost: 0.500
L: 1.47, u_super: 0.00073, sec: 5232.552, t_ads: 4141.0, t_des: 108248.0, bed_util_ads: 0.391, bed_util_des: 0.020, frac_lost: 0.500
L: 1.46, u_super: 0.00011, sec: 89.498, t_ads: 46530.0, t_des: 128367.0, bed_util_ads: 0.771, bed_util_des: 0.020, frac_lost: 0.500
L: 0.66, u_super: 0.00027, sec: 644.787, t_ads: 5396.0, t_des: 109076.0, bed_util_ads: 0.438, bed_util_des: 0.020, frac_lost: 0.500
L: 1.24, u_super: 0.00020, sec: 277.649, t_ads: 18712.0, t_des: 115797.0, bed_util_ads: 0.650, bed_util_des: 0.020, frac_lost: 0.500
L: 1.21, u_super: 0.00846, sec: 6277722.500, t_ads: 134.0, t_des: 74588.0, bed_util_ads: 0.051, bed_util_des: 0.020, frac_lost: 0.501
L: 0.76, u_super: 0.00014, sec: 135.270, t_ads: 15934.0, t_des: 114502.0, bed_util_ads: 0.625, bed_util_des: 0.020, frac_lost: 0.500
L: 1.20, u_super: 0.00509, sec: 1525731.125, t_ads: 232.0, t_des: 85364.0, bed_util_ads: 0.071, bed_util_des: 0.020, frac_lost: 0.500
L: 0.93, u_super: 0.00748, sec: 5286855.500, t_ads: 116.0, t_des: 71354.0, bed_util_ads: 0.047, bed_util_des: 0.020, frac_lost: 0.503
L: 0.71, u_super: 0.00014, sec: 142.839, t_ads: 14168.0, t_des: 113664.0, bed_util_ads: 0.606, bed_util_des: 0.020, frac_lost: 0.500
L: 1.56, u_super: 0.00016, sec: 180.772, t_ads: 32180.0, t_des: 121908.0, bed_util_ads: 0.727, bed_util_des: 0.020, frac_lost: 0.500
L: 0.74, u_super: 0.00796, sec: 7148454.500, t_ads: 86.0, t_des: 64157.0, bed_util_ads: 0.041, bed_util_des: 0.020, frac_lost: 0.504
L: 0.87, u_super: 0.00012, sec: 99.421, t_ads: 22559.0, t_des: 117562.0, bed_util_ads: 0.678, bed_util_des: 0.020, frac_lost: 0.500
L: 0.90, u_super: 0.00854, sec: 7763678.500, t_ads: 97.0, t_des: 67081.0, bed_util_ads: 0.043, bed_util_des: 0.020, frac_lost: 0.502
L: 0.89, u_super: 0.00472, sec: 1545306.625, t_ads: 180.0, t_des: 80738.0, bed_util_ads: 0.060, bed_util_des: 0.020, frac_lost: 0.501
L: 0.98, u_super: 0.00130, sec: 35784.281, t_ads: 984.0, t_des: 101717.0, bed_util_ads: 0.180, bed_util_des: 0.020, frac_lost: 0.500
L: 1.50, u_super: 0.00205, sec: 92697.172, t_ads: 941.0, t_des: 101407.0, bed_util_ads: 0.175, bed_util_des: 0.020, frac_lost: 0.500
L: 0.79, u_super: 0.00012, sec: 95.274, t_ads: 20610.0, t_des: 116671.0, bed_util_ads: 0.665, bed_util_des: 0.020, frac_lost: 0.500
L: 0.90, u_super: 0.00282, sec: 357428.938, t_ads: 328.0, t_des: 90736.0, bed_util_ads: 0.088, bed_util_des: 0.020, frac_lost: 0.500
L: 1.12, u_super: 0.00954, sec: 9161250.000, t_ads: 109.0, t_des: 69916.0, bed_util_ads: 0.046, bed_util_des: 0.020, frac_lost: 0.504
L: 1.07, u_super: 0.00483, sec: 1431124.625, t_ads: 216.0, t_des: 84128.0, bed_util_ads: 0.067, bed_util_des: 0.020, frac_lost: 0.501
L: 1.04, u_super: 0.00424, sec: 1023395.938, t_ads: 240.0, t_des: 85932.0, bed_util_ads: 0.072, bed_util_des: 0.020, frac_lost: 0.500
L: 1.43, u_super: 0.00015, sec: 166.203, t_ads: 30361.0, t_des: 121089.0, bed_util_ads: 0.719, bed_util_des: 0.020, frac_lost: 0.500
L: 0.80, u_super: 0.00026, sec: 562.725, t_ads: 7293.0, t_des: 110167.0, bed_util_ads: 0.491, bed_util_des: 0.020, frac_lost: 0.500
L: 1.08, u_super: 0.00878, sec: 7495374.000, t_ads: 114.0, t_des: 70915.0, bed_util_ads: 0.047, bed_util_des: 0.020, frac_lost: 0.501
     2 |       80 |  1.674504E+06 |  7.232905E+01
L: 0.96, u_super: 0.00941, sec: 9707045.000, t_ads: 94.0, t_des: 66320.0, bed_util_ads: 0.042, bed_util_des: 0.020, frac_lost: 0.502
L: 1.13, u_super: 0.00176, sec: 76196.531, t_ads: 783.0, t_des: 100039.0, bed_util_ads: 0.156, bed_util_des: 0.020, frac_lost: 0.500
L: 0.85, u_super: 0.00042, sec: 1783.240, t_ads: 4078.0, t_des: 108200.0, bed_util_ads: 0.388, bed_util_des: 0.020, frac_lost: 0.500
L: 1.76, u_super: 0.00010, sec: 83.729, t_ads: 62611.0, t_des: 135679.0, bed_util_ads: 0.802, bed_util_des: 0.020, frac_lost: 0.500
L: 1.45, u_super: 0.00037, sec: 1022.173, t_ads: 10324.0, t_des: 111775.0, bed_util_ads: 0.552, bed_util_des: 0.020, frac_lost: 0.500
L: 1.65, u_super: 0.00010, sec: 81.119, t_ads: 58872.0, t_des: 133969.0, bed_util_ads: 0.796, bed_util_des: 0.020, frac_lost: 0.500
L: 1.10, u_super: 0.00141, sec: 41183.426, t_ads: 1021.0, t_des: 101963.0, bed_util_ads: 0.184, bed_util_des: 0.020, frac_lost: 0.500
L: 0.70, u_super: 0.00098, sec: 21647.525, t_ads: 896.0, t_des: 101056.0, bed_util_ads: 0.169, bed_util_des: 0.020, frac_lost: 0.500
L: 0.80, u_super: 0.00010, sec: 70.159, t_ads: 25196.0, t_des: 118759.0, bed_util_ads: 0.694, bed_util_des: 0.020, frac_lost: 0.500
L: 0.88, u_super: 0.00019, sec: 253.812, t_ads: 13143.0, t_des: 113171.0, bed_util_ads: 0.593, bed_util_des: 0.020, frac_lost: 0.500
L: 0.70, u_super: 0.00068, sec: 7605.330, t_ads: 1507.0, t_des: 104252.0, bed_util_ads: 0.232, bed_util_des: 0.020, frac_lost: 0.500
L: 1.28, u_super: 0.00012, sec: 108.125, t_ads: 34748.0, t_des: 123062.0, bed_util_ads: 0.736, bed_util_des: 0.020, frac_lost: 0.500
L: 1.94, u_super: 0.00010, sec: 86.319, t_ads: 70082.0, t_des: 139113.0, bed_util_ads: 0.812, bed_util_des: 0.020, frac_lost: 0.500
L: 1.14, u_super: 0.00281, sec: 292171.031, t_ads: 438.0, t_des: 94436.0, bed_util_ads: 0.107, bed_util_des: 0.020, frac_lost: 0.500
L: 0.86, u_super: 0.00961, sec: 10910838.000, t_ads: 82.0, t_des: 62942.0, bed_util_ads: 0.040, bed_util_des: 0.020, frac_lost: 0.503
L: 1.32, u_super: 0.00010, sec: 75.326, t_ads: 45828.0, t_des: 128050.0, bed_util_ads: 0.769, bed_util_des: 0.020, frac_lost: 0.500
L: 1.08, u_super: 0.00073, sec: 6427.626, t_ads: 2613.0, t_des: 106685.0, bed_util_ads: 0.314, bed_util_des: 0.020, frac_lost: 0.500
L: 1.46, u_super: 0.00204, sec: 93456.711, t_ads: 910.0, t_des: 101171.0, bed_util_ads: 0.171, bed_util_des: 0.020, frac_lost: 0.500
L: 0.66, u_super: 0.00010, sec: 71.072, t_ads: 19655.0, t_des: 116232.0, bed_util_ads: 0.657, bed_util_des: 0.020, frac_lost: 0.500
L: 1.24, u_super: 0.00010, sec: 76.367, t_ads: 41882.0, t_des: 126271.0, bed_util_ads: 0.759, bed_util_des: 0.020, frac_lost: 0.500
L: 1.50, u_super: 0.00076, sec: 5905.079, t_ads: 3944.0, t_des: 108095.0, bed_util_ads: 0.382, bed_util_des: 0.020, frac_lost: 0.500
L: 1.05, u_super: 0.00014, sec: 133.728, t_ads: 23810.0, t_des: 118130.0, bed_util_ads: 0.686, bed_util_des: 0.020, frac_lost: 0.500
L: 1.78, u_super: 0.00010, sec: 83.205, t_ads: 63722.0, t_des: 136188.0, bed_util_ads: 0.804, bed_util_des: 0.020, frac_lost: 0.500
L: 1.32, u_super: 0.00010, sec: 75.350, t_ads: 45488.0, t_des: 127896.0, bed_util_ads: 0.768, bed_util_des: 0.020, frac_lost: 0.500
L: 0.69, u_super: 0.00014, sec: 143.366, t_ads: 13741.0, t_des: 113460.0, bed_util_ads: 0.601, bed_util_des: 0.020, frac_lost: 0.500
L: 0.93, u_super: 0.00016, sec: 177.742, t_ads: 17280.0, t_des: 115133.0, bed_util_ads: 0.638, bed_util_des: 0.020, frac_lost: 0.500
L: 0.64, u_super: 0.00796, sec: 7739523.500, t_ads: 74.0, t_des: 60375.0, bed_util_ads: 0.038, bed_util_des: 0.020, frac_lost: 0.505
L: 0.79, u_super: 0.00012, sec: 99.474, t_ads: 19956.0, t_des: 116371.0, bed_util_ads: 0.660, bed_util_des: 0.020, frac_lost: 0.500
L: 0.97, u_super: 0.00854, sec: 7418665.000, t_ads: 105.0, t_des: 68989.0, bed_util_ads: 0.045, bed_util_des: 0.020, frac_lost: 0.502
L: 1.83, u_super: 0.00410, sec: 587335.000, t_ads: 489.0, t_des: 95666.0, bed_util_ads: 0.115, bed_util_des: 0.020, frac_lost: 0.500
L: 0.98, u_super: 0.00011, sec: 84.560, t_ads: 29119.0, t_des: 120530.0, bed_util_ads: 0.714, bed_util_des: 0.020, frac_lost: 0.500
L: 1.22, u_super: 0.00205, sec: 110872.852, t_ads: 712.0, t_des: 99263.0, bed_util_ads: 0.146, bed_util_des: 0.020, frac_lost: 0.500
L: 0.79, u_super: 0.00010, sec: 71.403, t_ads: 24590.0, t_des: 118485.0, bed_util_ads: 0.690, bed_util_des: 0.020, frac_lost: 0.500
L: 1.38, u_super: 0.00282, sec: 249727.141, t_ads: 554.0, t_des: 96967.0, bed_util_ads: 0.124, bed_util_des: 0.020, frac_lost: 0.500
L: 1.73, u_super: 0.00378, sec: 485810.750, t_ads: 505.0, t_des: 96014.0, bed_util_ads: 0.117, bed_util_des: 0.020, frac_lost: 0.500
L: 1.07, u_super: 0.00271, sec: 277497.188, t_ads: 422.0, t_des: 93993.0, bed_util_ads: 0.104, bed_util_des: 0.020, frac_lost: 0.500
L: 1.85, u_super: 0.00010, sec: 86.488, t_ads: 65776.0, t_des: 137131.0, bed_util_ads: 0.807, bed_util_des: 0.020, frac_lost: 0.500
L: 0.68, u_super: 0.00015, sec: 170.705, t_ads: 12271.0, t_des: 112746.0, bed_util_ads: 0.582, bed_util_des: 0.020, frac_lost: 0.500
L: 1.18, u_super: 0.00026, sec: 501.874, t_ads: 12341.0, t_des: 112780.0, bed_util_ads: 0.583, bed_util_des: 0.020, frac_lost: 0.500
L: 0.74, u_super: 0.00878, sec: 9342098.000, t_ads: 77.0, t_des: 61315.0, bed_util_ads: 0.038, bed_util_des: 0.020, frac_lost: 0.501
     3 |      120 |  8.917438E+05 |  7.015949E+01
L: 1.32, u_super: 0.00010, sec: 75.234, t_ads: 45593.0, t_des: 127944.0, bed_util_ads: 0.769, bed_util_des: 0.020, frac_lost: 0.500
L: 1.40, u_super: 0.00115, sec: 18571.260, t_ads: 1970.0, t_des: 105535.0, bed_util_ads: 0.270, bed_util_des: 0.020, frac_lost: 0.500
L: 1.04, u_super: 0.00042, sec: 1595.369, t_ads: 5474.0, t_des: 109123.0, bed_util_ads: 0.440, bed_util_des: 0.020, frac_lost: 0.500
L: 1.76, u_super: 0.00107, sec: 13086.124, t_ads: 3036.0, t_des: 107229.0, bed_util_ads: 0.338, bed_util_des: 0.020, frac_lost: 0.500
L: 1.45, u_super: 0.00063, sec: 3710.348, t_ads: 4917.0, t_des: 108780.0, bed_util_ads: 0.421, bed_util_des: 0.020, frac_lost: 0.500
L: 0.79, u_super: 0.00010, sec: 69.715, t_ads: 25153.0, t_des: 118739.0, bed_util_ads: 0.694, bed_util_des: 0.020, frac_lost: 0.500
L: 1.10, u_super: 0.00010, sec: 72.599, t_ads: 36762.0, t_des: 123967.0, bed_util_ads: 0.743, bed_util_des: 0.020, frac_lost: 0.500
L: 1.10, u_super: 0.00010, sec: 72.728, t_ads: 36798.0, t_des: 123984.0, bed_util_ads: 0.744, bed_util_des: 0.020, frac_lost: 0.500
L: 0.93, u_super: 0.00010, sec: 71.088, t_ads: 30168.0, t_des: 121003.0, bed_util_ads: 0.718, bed_util_des: 0.020, frac_lost: 0.500
L: 0.88, u_super: 0.00010, sec: 70.180, t_ads: 28658.0, t_des: 120322.0, bed_util_ads: 0.711, bed_util_des: 0.020, frac_lost: 0.500
L: 1.65, u_super: 0.00010, sec: 81.344, t_ads: 58548.0, t_des: 133821.0, bed_util_ads: 0.795, bed_util_des: 0.020, frac_lost: 0.500
L: 1.28, u_super: 0.00010, sec: 75.374, t_ads: 43853.0, t_des: 127159.0, bed_util_ads: 0.764, bed_util_des: 0.020, frac_lost: 0.500
L: 1.93, u_super: 0.00043, sec: 1335.007, t_ads: 12395.0, t_des: 112807.0, bed_util_ads: 0.584, bed_util_des: 0.020, frac_lost: 0.500
L: 0.77, u_super: 0.00281, sec: 403024.312, t_ads: 274.0, t_des: 88089.0, bed_util_ads: 0.078, bed_util_des: 0.020, frac_lost: 0.501
L: 1.13, u_super: 0.00974, sec: 9688059.000, t_ads: 107.0, t_des: 69446.0, bed_util_ads: 0.045, bed_util_des: 0.020, frac_lost: 0.502
L: 1.32, u_super: 0.00010, sec: 75.454, t_ads: 45776.0, t_des: 128026.0, bed_util_ads: 0.769, bed_util_des: 0.020, frac_lost: 0.500
L: 1.50, u_super: 0.00010, sec: 78.635, t_ads: 52427.0, t_des: 131036.0, bed_util_ads: 0.784, bed_util_des: 0.020, frac_lost: 0.500
L: 0.66, u_super: 0.00011, sec: 82.179, t_ads: 18044.0, t_des: 115488.0, bed_util_ads: 0.644, bed_util_des: 0.020, frac_lost: 0.500
L: 0.66, u_super: 0.00010, sec: 69.498, t_ads: 19924.0, t_des: 116356.0, bed_util_ads: 0.660, bed_util_des: 0.020, frac_lost: 0.500
L: 1.24, u_super: 0.00186, sec: 82423.430, t_ads: 829.0, t_des: 100483.0, bed_util_ads: 0.161, bed_util_des: 0.020, frac_lost: 0.500
L: 1.15, u_super: 0.00076, sec: 7030.022, t_ads: 2675.0, t_des: 106773.0, bed_util_ads: 0.317, bed_util_des: 0.020, frac_lost: 0.500
L: 0.85, u_super: 0.00014, sec: 134.010, t_ads: 18408.0, t_des: 115657.0, bed_util_ads: 0.647, bed_util_des: 0.020, frac_lost: 0.500
L: 1.78, u_super: 0.00370, sec: 444718.875, t_ads: 538.0, t_des: 96673.0, bed_util_ads: 0.122, bed_util_des: 0.020, frac_lost: 0.500
L: 1.32, u_super: 0.00010, sec: 75.228, t_ads: 45536.0, t_des: 127918.0, bed_util_ads: 0.769, bed_util_des: 0.020, frac_lost: 0.500
L: 0.61, u_super: 0.00014, sec: 146.930, t_ads: 11615.0, t_des: 112423.0, bed_util_ads: 0.573, bed_util_des: 0.020, frac_lost: 0.500
L: 0.93, u_super: 0.00010, sec: 70.280, t_ads: 30531.0, t_des: 121166.0, bed_util_ads: 0.720, bed_util_des: 0.020, frac_lost: 0.500
L: 0.89, u_super: 0.00796, sec: 6471418.000, t_ads: 103.0, t_des: 68536.0, bed_util_ads: 0.044, bed_util_des: 0.020, frac_lost: 0.502
L: 0.67, u_super: 0.00012, sec: 100.418, t_ads: 16465.0, t_des: 114752.0, bed_util_ads: 0.630, bed_util_des: 0.020, frac_lost: 0.500
L: 0.85, u_super: 0.00706, sec: 4786119.000, t_ads: 112.0, t_des: 70506.0, bed_util_ads: 0.046, bed_util_des: 0.020, frac_lost: 0.501
L: 0.71, u_super: 0.00410, sec: 1229545.000, t_ads: 164.0, t_des: 78875.0, bed_util_ads: 0.057, bed_util_des: 0.020, frac_lost: 0.501
L: 1.37, u_super: 0.00010, sec: 76.640, t_ads: 47348.0, t_des: 128736.0, bed_util_ads: 0.773, bed_util_des: 0.020, frac_lost: 0.500
L: 0.99, u_super: 0.00205, sec: 133654.750, t_ads: 538.0, t_des: 96664.0, bed_util_ads: 0.122, bed_util_des: 0.020, frac_lost: 0.500
L: 0.83, u_super: 0.00010, sec: 71.624, t_ads: 26227.0, t_des: 119225.0, bed_util_ads: 0.699, bed_util_des: 0.020, frac_lost: 0.500
L: 0.98, u_super: 0.00282, sec: 333858.000, t_ads: 362.0, t_des: 92079.0, bed_util_ads: 0.094, bed_util_des: 0.020, frac_lost: 0.500
L: 1.73, u_super: 0.00444, sec: 771279.500, t_ads: 415.0, t_des: 93802.0, bed_util_ads: 0.103, bed_util_des: 0.020, frac_lost: 0.501
L: 1.07, u_super: 0.00021, sec: 313.596, t_ads: 14527.0, t_des: 113836.0, bed_util_ads: 0.610, bed_util_des: 0.020, frac_lost: 0.500
L: 1.85, u_super: 0.00095, sec: 9069.422, t_ads: 3941.0, t_des: 108092.0, bed_util_ads: 0.382, bed_util_des: 0.020, frac_lost: 0.500
L: 0.71, u_super: 0.00015, sec: 169.636, t_ads: 12804.0, t_des: 113006.0, bed_util_ads: 0.589, bed_util_des: 0.020, frac_lost: 0.500
L: 1.18, u_super: 0.00010, sec: 73.561, t_ads: 40069.0, t_des: 125455.0, bed_util_ads: 0.754, bed_util_des: 0.020, frac_lost: 0.500
L: 0.70, u_super: 0.00881, sec: 9648344.000, t_ads: 73.0, t_des: 60013.0, bed_util_ads: 0.038, bed_util_des: 0.020, frac_lost: 0.504
     4 |      160 |  6.786798E+05 |  6.949776E+01
L: 0.61, u_super: 0.00010, sec: 69.345, t_ads: 18421.0, t_des: 115663.0, bed_util_ads: 0.648, bed_util_des: 0.020, frac_lost: 0.500
L: 0.64, u_super: 0.00115, sec: 36362.035, t_ads: 648.0, t_des: 98445.0, bed_util_ads: 0.138, bed_util_des: 0.020, frac_lost: 0.500
L: 0.95, u_super: 0.00042, sec: 1678.791, t_ads: 4756.0, t_des: 108677.0, bed_util_ads: 0.415, bed_util_des: 0.020, frac_lost: 0.500
L: 0.63, u_super: 0.00010, sec: 70.460, t_ads: 18876.0, t_des: 115873.0, bed_util_ads: 0.651, bed_util_des: 0.020, frac_lost: 0.500
L: 0.60, u_super: 0.00037, sec: 1556.550, t_ads: 2987.0, t_des: 107173.0, bed_util_ads: 0.335, bed_util_des: 0.020, frac_lost: 0.500
L: 0.77, u_super: 0.00010, sec: 69.596, t_ads: 24061.0, t_des: 118245.0, bed_util_ads: 0.687, bed_util_des: 0.020, frac_lost: 0.500
L: 1.10, u_super: 0.00010, sec: 72.314, t_ads: 36855.0, t_des: 124009.0, bed_util_ads: 0.744, bed_util_des: 0.020, frac_lost: 0.500
L: 1.10, u_super: 0.00010, sec: 72.538, t_ads: 36860.0, t_des: 124011.0, bed_util_ads: 0.744, bed_util_des: 0.020, frac_lost: 0.500
L: 0.80, u_super: 0.00041, sec: 1713.926, t_ads: 3882.0, t_des: 108044.0, bed_util_ads: 0.380, bed_util_des: 0.020, frac_lost: 0.500
L: 0.88, u_super: 0.00010, sec: 70.196, t_ads: 28654.0, t_des: 120321.0, bed_util_ads: 0.711, bed_util_des: 0.020, frac_lost: 0.500
L: 1.65, u_super: 0.00010, sec: 80.634, t_ads: 58898.0, t_des: 133981.0, bed_util_ads: 0.796, bed_util_des: 0.020, frac_lost: 0.500
L: 0.99, u_super: 0.00010, sec: 71.595, t_ads: 32444.0, t_des: 122026.0, bed_util_ads: 0.728, bed_util_des: 0.020, frac_lost: 0.500
L: 0.77, u_super: 0.00010, sec: 69.760, t_ads: 24280.0, t_des: 118344.0, bed_util_ads: 0.689, bed_util_des: 0.020, frac_lost: 0.500
L: 0.88, u_super: 0.00281, sec: 361590.750, t_ads: 321.0, t_des: 90441.0, bed_util_ads: 0.087, bed_util_des: 0.020, frac_lost: 0.501
L: 1.23, u_super: 0.00010, sec: 73.973, t_ads: 41963.0, t_des: 126307.0, bed_util_ads: 0.759, bed_util_des: 0.020, frac_lost: 0.500
L: 1.32, u_super: 0.00140, sec: 34675.246, t_ads: 1341.0, t_des: 103626.0, bed_util_ads: 0.217, bed_util_des: 0.020, frac_lost: 0.500
L: 0.63, u_super: 0.00010, sec: 69.878, t_ads: 18871.0, t_des: 115871.0, bed_util_ads: 0.651, bed_util_des: 0.020, frac_lost: 0.500
L: 0.64, u_super: 0.00011, sec: 82.316, t_ads: 17500.0, t_des: 115235.0, bed_util_ads: 0.640, bed_util_des: 0.020, frac_lost: 0.500
L: 0.61, u_super: 0.00010, sec: 69.744, t_ads: 18073.0, t_des: 115502.0, bed_util_ads: 0.645, bed_util_des: 0.020, frac_lost: 0.500
L: 1.24, u_super: 0.00010, sec: 74.100, t_ads: 42712.0, t_des: 126645.0, bed_util_ads: 0.761, bed_util_des: 0.020, frac_lost: 0.500
L: 0.62, u_super: 0.00076, sec: 11617.558, t_ads: 1077.0, t_des: 102312.0, bed_util_ads: 0.190, bed_util_des: 0.020, frac_lost: 0.500
L: 0.61, u_super: 0.00014, sec: 139.971, t_ads: 12041.0, t_des: 112633.0, bed_util_ads: 0.579, bed_util_des: 0.020, frac_lost: 0.500
L: 0.60, u_super: 0.00010, sec: 69.741, t_ads: 18044.0, t_des: 115488.0, bed_util_ads: 0.644, bed_util_des: 0.020, frac_lost: 0.500
L: 1.32, u_super: 0.00010, sec: 75.288, t_ads: 45512.0, t_des: 127907.0, bed_util_ads: 0.768, bed_util_des: 0.020, frac_lost: 0.500
L: 0.63, u_super: 0.00014, sec: 145.666, t_ads: 12255.0, t_des: 112738.0, bed_util_ads: 0.582, bed_util_des: 0.020, frac_lost: 0.500
L: 0.93, u_super: 0.00194, sec: 119667.109, t_ads: 537.0, t_des: 96645.0, bed_util_ads: 0.122, bed_util_des: 0.020, frac_lost: 0.500
L: 0.76, u_super: 0.00010, sec: 69.359, t_ads: 23923.0, t_des: 118182.0, bed_util_ads: 0.686, bed_util_des: 0.020, frac_lost: 0.500
L: 0.87, u_super: 0.00010, sec: 69.741, t_ads: 28083.0, t_des: 120063.0, bed_util_ads: 0.709, bed_util_des: 0.020, frac_lost: 0.500
L: 0.85, u_super: 0.00010, sec: 69.941, t_ads: 27462.0, t_des: 119783.0, bed_util_ads: 0.706, bed_util_des: 0.020, frac_lost: 0.500
L: 1.83, u_super: 0.00403, sec: 557541.750, t_ads: 500.0, t_des: 95904.0, bed_util_ads: 0.116, bed_util_des: 0.020, frac_lost: 0.500
L: 0.93, u_super: 0.00010, sec: 70.931, t_ads: 30134.0, t_des: 120987.0, bed_util_ads: 0.718, bed_util_des: 0.020, frac_lost: 0.500
L: 0.87, u_super: 0.00205, sec: 149047.250, t_ads: 458.0, t_des: 94944.0, bed_util_ads: 0.110, bed_util_des: 0.020, frac_lost: 0.500
L: 0.79, u_super: 0.00010, sec: 69.438, t_ads: 25017.0, t_des: 118678.0, bed_util_ads: 0.693, bed_util_des: 0.020, frac_lost: 0.500
L: 1.38, u_super: 0.00012, sec: 104.260, t_ads: 39341.0, t_des: 125127.0, bed_util_ads: 0.752, bed_util_des: 0.020, frac_lost: 0.500
L: 1.73, u_super: 0.00011, sec: 95.921, t_ads: 55683.0, t_des: 132516.0, bed_util_ads: 0.790, bed_util_des: 0.020, frac_lost: 0.500
L: 1.07, u_super: 0.00010, sec: 72.198, t_ads: 35781.0, t_des: 123527.0, bed_util_ads: 0.740, bed_util_des: 0.020, frac_lost: 0.500
L: 1.85, u_super: 0.00358, sec: 389395.719, t_ads: 592.0, t_des: 97607.0, bed_util_ads: 0.130, bed_util_des: 0.020, frac_lost: 0.500
L: 0.89, u_super: 0.00015, sec: 164.642, t_ads: 17018.0, t_des: 115010.0, bed_util_ads: 0.635, bed_util_des: 0.020, frac_lost: 0.500
L: 1.18, u_super: 0.00010, sec: 73.841, t_ads: 39970.0, t_des: 125410.0, bed_util_ads: 0.753, bed_util_des: 0.020, frac_lost: 0.500
L: 1.76, u_super: 0.00010, sec: 82.651, t_ads: 63110.0, t_des: 135907.0, bed_util_ads: 0.803, bed_util_des: 0.020, frac_lost: 0.500
     5 |      200 |  2.333073E+04 |  6.934492E+01
L: 0.61, u_super: 0.00010, sec: 69.348, t_ads: 18399.0, t_des: 115653.0, bed_util_ads: 0.647, bed_util_des: 0.020, frac_lost: 0.500
L: 1.40, u_super: 0.00012, sec: 104.174, t_ads: 40138.0, t_des: 125486.0, bed_util_ads: 0.754, bed_util_des: 0.020, frac_lost: 0.500
L: 0.62, u_super: 0.00010, sec: 69.259, t_ads: 18766.0, t_des: 115822.0, bed_util_ads: 0.650, bed_util_des: 0.020, frac_lost: 0.500
L: 0.83, u_super: 0.00010, sec: 70.694, t_ads: 26308.0, t_des: 119262.0, bed_util_ads: 0.700, bed_util_des: 0.020, frac_lost: 0.500
L: 1.45, u_super: 0.00108, sec: 15208.437, t_ads: 2258.0, t_des: 106114.0, bed_util_ads: 0.291, bed_util_des: 0.020, frac_lost: 0.500
L: 0.77, u_super: 0.00010, sec: 69.223, t_ads: 24141.0, t_des: 118281.0, bed_util_ads: 0.688, bed_util_des: 0.020, frac_lost: 0.500
L: 1.10, u_super: 0.00010, sec: 72.076, t_ads: 36933.0, t_des: 124044.0, bed_util_ads: 0.744, bed_util_des: 0.020, frac_lost: 0.500
L: 0.77, u_super: 0.00010, sec: 69.608, t_ads: 24124.0, t_des: 118273.0, bed_util_ads: 0.688, bed_util_des: 0.020, frac_lost: 0.500
L: 0.61, u_super: 0.00010, sec: 70.201, t_ads: 18168.0, t_des: 115546.0, bed_util_ads: 0.645, bed_util_des: 0.020, frac_lost: 0.500
L: 0.88, u_super: 0.00013, sec: 111.164, t_ads: 21577.0, t_des: 117114.0, bed_util_ads: 0.671, bed_util_des: 0.020, frac_lost: 0.500
L: 1.65, u_super: 0.00010, sec: 80.669, t_ads: 58880.0, t_des: 133972.0, bed_util_ads: 0.796, bed_util_des: 0.020, frac_lost: 0.500
L: 0.61, u_super: 0.00010, sec: 70.155, t_ads: 18039.0, t_des: 115486.0, bed_util_ads: 0.644, bed_util_des: 0.020, frac_lost: 0.500
L: 0.77, u_super: 0.00010, sec: 69.206, t_ads: 24399.0, t_des: 118398.0, bed_util_ads: 0.689, bed_util_des: 0.020, frac_lost: 0.500
L: 1.36, u_super: 0.00010, sec: 75.845, t_ads: 47229.0, t_des: 128683.0, bed_util_ads: 0.773, bed_util_des: 0.020, frac_lost: 0.500
L: 0.63, u_super: 0.00019, sec: 279.469, t_ads: 8393.0, t_des: 110767.0, bed_util_ads: 0.516, bed_util_des: 0.020, frac_lost: 0.500
L: 0.60, u_super: 0.00035, sec: 1318.829, t_ads: 3275.0, t_des: 107489.0, bed_util_ads: 0.351, bed_util_des: 0.020, frac_lost: 0.500
L: 0.61, u_super: 0.00010, sec: 69.998, t_ads: 18144.0, t_des: 115535.0, bed_util_ads: 0.645, bed_util_des: 0.020, frac_lost: 0.500
L: 0.66, u_super: 0.00010, sec: 70.132, t_ads: 19860.0, t_des: 116327.0, bed_util_ads: 0.659, bed_util_des: 0.020, frac_lost: 0.500
L: 0.60, u_super: 0.00010, sec: 69.373, t_ads: 18026.0, t_des: 115480.0, bed_util_ads: 0.644, bed_util_des: 0.020, frac_lost: 0.500
L: 1.06, u_super: 0.00010, sec: 71.691, t_ads: 35591.0, t_des: 123441.0, bed_util_ads: 0.739, bed_util_des: 0.020, frac_lost: 0.500
L: 0.83, u_super: 0.00076, sec: 9009.801, t_ads: 1661.0, t_des: 104744.0, bed_util_ads: 0.246, bed_util_des: 0.020, frac_lost: 0.500
L: 1.05, u_super: 0.00010, sec: 71.621, t_ads: 35185.0, t_des: 123258.0, bed_util_ads: 0.738, bed_util_des: 0.020, frac_lost: 0.500
L: 0.61, u_super: 0.00010, sec: 69.703, t_ads: 18242.0, t_des: 115580.0, bed_util_ads: 0.646, bed_util_des: 0.020, frac_lost: 0.500
L: 1.32, u_super: 0.00049, sec: 2028.771, t_ads: 6225.0, t_des: 109563.0, bed_util_ads: 0.463, bed_util_des: 0.020, frac_lost: 0.500
L: 0.69, u_super: 0.00014, sec: 143.341, t_ads: 13761.0, t_des: 113469.0, bed_util_ads: 0.601, bed_util_des: 0.020, frac_lost: 0.500
L: 0.60, u_super: 0.00010, sec: 69.355, t_ads: 17978.0, t_des: 115457.0, bed_util_ads: 0.644, bed_util_des: 0.020, frac_lost: 0.500
L: 0.76, u_super: 0.00026, sec: 563.655, t_ads: 6911.0, t_des: 109953.0, bed_util_ads: 0.482, bed_util_des: 0.020, frac_lost: 0.500
L: 0.61, u_super: 0.00010, sec: 69.295, t_ads: 18278.0, t_des: 115597.0, bed_util_ads: 0.646, bed_util_des: 0.020, frac_lost: 0.500
L: 0.85, u_super: 0.00010, sec: 69.957, t_ads: 27458.0, t_des: 119781.0, bed_util_ads: 0.706, bed_util_des: 0.020, frac_lost: 0.500
L: 0.60, u_super: 0.00403, sec: 1311272.000, t_ads: 140.0, t_des: 75530.0, bed_util_ads: 0.052, bed_util_des: 0.020, frac_lost: 0.500
L: 0.90, u_super: 0.00023, sec: 381.611, t_ads: 10585.0, t_des: 111907.0, bed_util_ads: 0.557, bed_util_des: 0.020, frac_lost: 0.500
L: 1.50, u_super: 0.00010, sec: 78.477, t_ads: 52906.0, t_des: 131253.0, bed_util_ads: 0.785, bed_util_des: 0.020, frac_lost: 0.500
L: 0.60, u_super: 0.00010, sec: 69.539, t_ads: 17971.0, t_des: 115454.0, bed_util_ads: 0.644, bed_util_des: 0.020, frac_lost: 0.500
L: 0.68, u_super: 0.00011, sec: 80.387, t_ads: 19059.0, t_des: 115958.0, bed_util_ads: 0.653, bed_util_des: 0.020, frac_lost: 0.500
L: 0.61, u_super: 0.00011, sec: 84.517, t_ads: 16239.0, t_des: 114646.0, bed_util_ads: 0.628, bed_util_des: 0.020, frac_lost: 0.500
L: 1.07, u_super: 0.00145, sec: 45413.246, t_ads: 952.0, t_des: 101490.0, bed_util_ads: 0.176, bed_util_des: 0.020, frac_lost: 0.500
L: 1.85, u_super: 0.00012, sec: 113.868, t_ads: 54529.0, t_des: 131991.0, bed_util_ads: 0.788, bed_util_des: 0.020, frac_lost: 0.500
L: 0.77, u_super: 0.00015, sec: 167.194, t_ads: 14341.0, t_des: 113747.0, bed_util_ads: 0.608, bed_util_des: 0.020, frac_lost: 0.500
L: 0.60, u_super: 0.00038, sec: 1702.762, t_ads: 2858.0, t_des: 107016.0, bed_util_ads: 0.328, bed_util_des: 0.020, frac_lost: 0.500
L: 1.76, u_super: 0.00010, sec: 82.525, t_ads: 63176.0, t_des: 135937.0, bed_util_ads: 0.803, bed_util_des: 0.020, frac_lost: 0.500
     6 |      240 |  1.418401E+04 |  6.920628E+01
L: 0.78, u_super: 0.00010, sec: 69.272, t_ads: 24552.0, t_des: 118467.0, bed_util_ads: 0.690, bed_util_des: 0.020, frac_lost: 0.500
L: 0.61, u_super: 0.00012, sec: 100.395, t_ads: 14619.0, t_des: 113880.0, bed_util_ads: 0.611, bed_util_des: 0.020, frac_lost: 0.500
L: 0.62, u_super: 0.00010, sec: 69.218, t_ads: 18773.0, t_des: 115826.0, bed_util_ads: 0.650, bed_util_des: 0.020, frac_lost: 0.500
L: 0.63, u_super: 0.00010, sec: 69.177, t_ads: 19087.0, t_des: 115971.0, bed_util_ads: 0.653, bed_util_des: 0.020, frac_lost: 0.500
L: 1.45, u_super: 0.00207, sec: 97969.461, t_ads: 882.0, t_des: 100943.0, bed_util_ads: 0.168, bed_util_des: 0.020, frac_lost: 0.500
L: 0.77, u_super: 0.00010, sec: 69.179, t_ads: 24150.0, t_des: 118285.0, bed_util_ads: 0.688, bed_util_des: 0.020, frac_lost: 0.500
L: 1.10, u_super: 0.00010, sec: 72.083, t_ads: 36931.0, t_des: 124043.0, bed_util_ads: 0.744, bed_util_des: 0.020, frac_lost: 0.500
L: 0.77, u_super: 0.00010, sec: 69.187, t_ads: 24214.0, t_des: 118314.0, bed_util_ads: 0.688, bed_util_des: 0.020, frac_lost: 0.500
L: 0.72, u_super: 0.00010, sec: 69.924, t_ads: 22375.0, t_des: 117478.0, bed_util_ads: 0.677, bed_util_des: 0.020, frac_lost: 0.500
L: 0.88, u_super: 0.00010, sec: 70.250, t_ads: 28640.0, t_des: 120314.0, bed_util_ads: 0.711, bed_util_des: 0.020, frac_lost: 0.500
L: 1.65, u_super: 0.00010, sec: 80.984, t_ads: 58724.0, t_des: 133901.0, bed_util_ads: 0.795, bed_util_des: 0.020, frac_lost: 0.500
L: 1.00, u_super: 0.00010, sec: 71.750, t_ads: 33009.0, t_des: 122280.0, bed_util_ads: 0.730, bed_util_des: 0.020, frac_lost: 0.500
L: 0.77, u_super: 0.00010, sec: 70.318, t_ads: 24161.0, t_des: 118290.0, bed_util_ads: 0.688, bed_util_des: 0.020, frac_lost: 0.500
L: 1.01, u_super: 0.00010, sec: 71.180, t_ads: 33753.0, t_des: 122615.0, bed_util_ads: 0.733, bed_util_des: 0.020, frac_lost: 0.500
L: 0.77, u_super: 0.00010, sec: 69.316, t_ads: 24168.0, t_des: 118293.0, bed_util_ads: 0.688, bed_util_des: 0.020, frac_lost: 0.500
L: 0.78, u_super: 0.00010, sec: 69.283, t_ads: 24626.0, t_des: 118501.0, bed_util_ads: 0.691, bed_util_des: 0.020, frac_lost: 0.500
L: 0.74, u_super: 0.00010, sec: 69.135, t_ads: 23122.0, t_des: 117818.0, bed_util_ads: 0.682, bed_util_des: 0.020, frac_lost: 0.500
L: 0.69, u_super: 0.00010, sec: 70.071, t_ads: 21007.0, t_des: 116853.0, bed_util_ads: 0.667, bed_util_des: 0.020, frac_lost: 0.500
L: 1.22, u_super: 0.00010, sec: 73.698, t_ads: 41641.0, t_des: 126162.0, bed_util_ads: 0.758, bed_util_des: 0.020, frac_lost: 0.500
L: 1.06, u_super: 0.00010, sec: 71.680, t_ads: 35594.0, t_des: 123443.0, bed_util_ads: 0.739, bed_util_des: 0.020, frac_lost: 0.500
L: 0.68, u_super: 0.00076, sec: 10648.066, t_ads: 1244.0, t_des: 103195.0, bed_util_ads: 0.207, bed_util_des: 0.020, frac_lost: 0.500
L: 0.78, u_super: 0.00010, sec: 69.293, t_ads: 24750.0, t_des: 118557.0, bed_util_ads: 0.691, bed_util_des: 0.020, frac_lost: 0.500
L: 0.76, u_super: 0.00010, sec: 69.544, t_ads: 23994.0, t_des: 118214.0, bed_util_ads: 0.687, bed_util_des: 0.020, frac_lost: 0.500
L: 1.32, u_super: 0.00010, sec: 75.298, t_ads: 45508.0, t_des: 127906.0, bed_util_ads: 0.768, bed_util_des: 0.020, frac_lost: 0.500
L: 0.71, u_super: 0.00010, sec: 69.044, t_ads: 21950.0, t_des: 117284.0, bed_util_ads: 0.674, bed_util_des: 0.020, frac_lost: 0.500
L: 0.72, u_super: 0.00010, sec: 69.052, t_ads: 22582.0, t_des: 117572.0, bed_util_ads: 0.678, bed_util_des: 0.020, frac_lost: 0.500
L: 0.76, u_super: 0.00010, sec: 69.146, t_ads: 23969.0, t_des: 118203.0, bed_util_ads: 0.687, bed_util_des: 0.020, frac_lost: 0.500
L: 0.85, u_super: 0.00010, sec: 69.628, t_ads: 27479.0, t_des: 119791.0, bed_util_ads: 0.706, bed_util_des: 0.020, frac_lost: 0.500
L: 0.83, u_super: 0.00010, sec: 69.788, t_ads: 26581.0, t_des: 119385.0, bed_util_ads: 0.701, bed_util_des: 0.020, frac_lost: 0.500
L: 0.92, u_super: 0.00403, sec: 963877.375, t_ads: 224.0, t_des: 84776.0, bed_util_ads: 0.069, bed_util_des: 0.020, frac_lost: 0.501
L: 0.93, u_super: 0.00023, sec: 409.384, t_ads: 10464.0, t_des: 111846.0, bed_util_ads: 0.555, bed_util_des: 0.020, frac_lost: 0.500
L: 1.50, u_super: 0.00010, sec: 78.195, t_ads: 53034.0, t_des: 131311.0, bed_util_ads: 0.785, bed_util_des: 0.020, frac_lost: 0.500
L: 0.65, u_super: 0.00010, sec: 69.303, t_ads: 19593.0, t_des: 116204.0, bed_util_ads: 0.657, bed_util_des: 0.020, frac_lost: 0.500
L: 0.75, u_super: 0.00013, sec: 111.463, t_ads: 17504.0, t_des: 115237.0, bed_util_ads: 0.640, bed_util_des: 0.020, frac_lost: 0.500
L: 0.65, u_super: 0.00011, sec: 84.067, t_ads: 17551.0, t_des: 115259.0, bed_util_ads: 0.640, bed_util_des: 0.020, frac_lost: 0.500
L: 1.07, u_super: 0.00012, sec: 101.660, t_ads: 28826.0, t_des: 120398.0, bed_util_ads: 0.712, bed_util_des: 0.020, frac_lost: 0.500
L: 1.85, u_super: 0.00010, sec: 84.228, t_ads: 66993.0, t_des: 137690.0, bed_util_ads: 0.808, bed_util_des: 0.020, frac_lost: 0.500
L: 0.89, u_super: 0.00010, sec: 75.167, t_ads: 27467.0, t_des: 119785.0, bed_util_ads: 0.706, bed_util_des: 0.020, frac_lost: 0.500
L: 0.73, u_super: 0.00010, sec: 69.452, t_ads: 22620.0, t_des: 117589.0, bed_util_ads: 0.678, bed_util_des: 0.020, frac_lost: 0.500
L: 1.76, u_super: 0.00010, sec: 82.581, t_ads: 63147.0, t_des: 135924.0, bed_util_ads: 0.803, bed_util_des: 0.020, frac_lost: 0.500
     7 |      280 |  1.417911E+04 |  6.904436E+01
L: 0.75, u_super: 0.00010, sec: 69.168, t_ads: 23392.0, t_des: 117940.0, bed_util_ads: 0.683, bed_util_des: 0.020, frac_lost: 0.500
L: 0.61, u_super: 0.00010, sec: 69.306, t_ads: 18255.0, t_des: 115586.0, bed_util_ads: 0.646, bed_util_des: 0.020, frac_lost: 0.500
L: 1.23, u_super: 0.00010, sec: 73.856, t_ads: 42134.0, t_des: 126385.0, bed_util_ads: 0.760, bed_util_des: 0.020, frac_lost: 0.500
L: 0.60, u_super: 0.00010, sec: 69.327, t_ads: 18034.0, t_des: 115483.0, bed_util_ads: 0.644, bed_util_des: 0.020, frac_lost: 0.500
L: 1.45, u_super: 0.00010, sec: 77.376, t_ads: 50627.0, t_des: 130220.0, bed_util_ads: 0.780, bed_util_des: 0.020, frac_lost: 0.500
L: 0.77, u_super: 0.00010, sec: 69.163, t_ads: 24154.0, t_des: 118287.0, bed_util_ads: 0.688, bed_util_des: 0.020, frac_lost: 0.500
L: 0.60, u_super: 0.00010, sec: 69.326, t_ads: 18039.0, t_des: 115486.0, bed_util_ads: 0.644, bed_util_des: 0.020, frac_lost: 0.500
L: 0.77, u_super: 0.00010, sec: 69.251, t_ads: 24200.0, t_des: 118308.0, bed_util_ads: 0.688, bed_util_des: 0.020, frac_lost: 0.500
L: 0.72, u_super: 0.00011, sec: 76.099, t_ads: 21248.0, t_des: 116963.0, bed_util_ads: 0.669, bed_util_des: 0.020, frac_lost: 0.500
L: 0.88, u_super: 0.00010, sec: 70.381, t_ads: 28607.0, t_des: 120299.0, bed_util_ads: 0.711, bed_util_des: 0.020, frac_lost: 0.500
L: 0.69, u_super: 0.00010, sec: 69.047, t_ads: 21480.0, t_des: 117069.0, bed_util_ads: 0.671, bed_util_des: 0.020, frac_lost: 0.500
L: 0.61, u_super: 0.00010, sec: 70.159, t_ads: 18020.0, t_des: 115477.0, bed_util_ads: 0.644, bed_util_des: 0.020, frac_lost: 0.500
L: 1.22, u_super: 0.00010, sec: 73.797, t_ads: 41870.0, t_des: 126265.0, bed_util_ads: 0.759, bed_util_des: 0.020, frac_lost: 0.500
L: 1.00, u_super: 0.00010, sec: 71.049, t_ads: 33316.0, t_des: 122418.0, bed_util_ads: 0.731, bed_util_des: 0.020, frac_lost: 0.500
L: 0.77, u_super: 0.00010, sec: 69.170, t_ads: 24199.0, t_des: 118307.0, bed_util_ads: 0.688, bed_util_des: 0.020, frac_lost: 0.500
L: 0.78, u_super: 0.00010, sec: 69.205, t_ads: 24643.0, t_des: 118509.0, bed_util_ads: 0.691, bed_util_des: 0.020, frac_lost: 0.500
L: 0.74, u_super: 0.00010, sec: 69.278, t_ads: 23093.0, t_des: 117805.0, bed_util_ads: 0.681, bed_util_des: 0.020, frac_lost: 0.500
L: 0.69, u_super: 0.00010, sec: 69.037, t_ads: 21162.0, t_des: 116924.0, bed_util_ads: 0.669, bed_util_des: 0.020, frac_lost: 0.500
L: 0.60, u_super: 0.00010, sec: 69.336, t_ads: 18032.0, t_des: 115482.0, bed_util_ads: 0.644, bed_util_des: 0.020, frac_lost: 0.500
L: 1.06, u_super: 0.00010, sec: 71.671, t_ads: 35597.0, t_des: 123444.0, bed_util_ads: 0.739, bed_util_des: 0.020, frac_lost: 0.500
L: 1.28, u_super: 0.00076, sec: 6539.632, t_ads: 3120.0, t_des: 107324.0, bed_util_ads: 0.343, bed_util_des: 0.020, frac_lost: 0.500
L: 0.78, u_super: 0.00010, sec: 71.891, t_ads: 24195.0, t_des: 118305.0, bed_util_ads: 0.688, bed_util_des: 0.020, frac_lost: 0.500
L: 0.63, u_super: 0.00010, sec: 69.576, t_ads: 19074.0, t_des: 115965.0, bed_util_ads: 0.653, bed_util_des: 0.020, frac_lost: 0.500
L: 1.20, u_super: 0.00010, sec: 73.455, t_ads: 40951.0, t_des: 125852.0, bed_util_ads: 0.756, bed_util_des: 0.020, frac_lost: 0.500
L: 1.13, u_super: 0.00010, sec: 72.562, t_ads: 38337.0, t_des: 124676.0, bed_util_ads: 0.749, bed_util_des: 0.020, frac_lost: 0.500
L: 0.68, u_super: 0.00010, sec: 69.043, t_ads: 21091.0, t_des: 116891.0, bed_util_ads: 0.668, bed_util_des: 0.020, frac_lost: 0.500
L: 0.73, u_super: 0.00010, sec: 69.061, t_ads: 22736.0, t_des: 117642.0, bed_util_ads: 0.679, bed_util_des: 0.020, frac_lost: 0.500
L: 0.68, u_super: 0.00010, sec: 69.033, t_ads: 21003.0, t_des: 116851.0, bed_util_ads: 0.667, bed_util_des: 0.020, frac_lost: 0.500
L: 0.83, u_super: 0.00023, sec: 422.342, t_ads: 9049.0, t_des: 111115.0, bed_util_ads: 0.529, bed_util_des: 0.020, frac_lost: 0.500
L: 0.85, u_super: 0.00010, sec: 69.651, t_ads: 27572.0, t_des: 119833.0, bed_util_ads: 0.706, bed_util_des: 0.020, frac_lost: 0.500
L: 0.93, u_super: 0.00010, sec: 70.233, t_ads: 30322.0, t_des: 121072.0, bed_util_ads: 0.719, bed_util_des: 0.020, frac_lost: 0.500
L: 1.50, u_super: 0.00010, sec: 78.138, t_ads: 53060.0, t_des: 131324.0, bed_util_ads: 0.785, bed_util_des: 0.020, frac_lost: 0.500
L: 0.76, u_super: 0.00010, sec: 69.319, t_ads: 23878.0, t_des: 118161.0, bed_util_ads: 0.686, bed_util_des: 0.020, frac_lost: 0.500
L: 0.68, u_super: 0.00186, sec: 138061.234, t_ads: 384.0, t_des: 92837.0, bed_util_ads: 0.098, bed_util_des: 0.020, frac_lost: 0.500
L: 0.64, u_super: 0.00010, sec: 69.129, t_ads: 19550.0, t_des: 116184.0, bed_util_ads: 0.657, bed_util_des: 0.020, frac_lost: 0.500
L: 0.74, u_super: 0.00010, sec: 69.533, t_ads: 23192.0, t_des: 117850.0, bed_util_ads: 0.682, bed_util_des: 0.020, frac_lost: 0.500
L: 1.85, u_super: 0.00010, sec: 84.219, t_ads: 66998.0, t_des: 137693.0, bed_util_ads: 0.808, bed_util_des: 0.020, frac_lost: 0.500
L: 0.89, u_super: 0.00010, sec: 70.162, t_ads: 28672.0, t_des: 120329.0, bed_util_ads: 0.712, bed_util_des: 0.020, frac_lost: 0.500
L: 1.09, u_super: 0.00010, sec: 72.345, t_ads: 36421.0, t_des: 123814.0, bed_util_ads: 0.742, bed_util_des: 0.020, frac_lost: 0.500
L: 0.65, u_super: 0.00010, sec: 69.152, t_ads: 19604.0, t_des: 116209.0, bed_util_ads: 0.657, bed_util_des: 0.020, frac_lost: 0.500
     8 |      320 |  2.165433E+02 |  6.903256E+01
L: 0.77, u_super: 0.00010, sec: 69.152, t_ads: 24146.0, t_des: 118283.0, bed_util_ads: 0.688, bed_util_des: 0.020, frac_lost: 0.500
L: 0.61, u_super: 0.00010, sec: 69.298, t_ads: 18256.0, t_des: 115586.0, bed_util_ads: 0.646, bed_util_des: 0.020, frac_lost: 0.500
L: 0.87, u_super: 0.00010, sec: 69.772, t_ads: 28237.0, t_des: 120133.0, bed_util_ads: 0.709, bed_util_des: 0.020, frac_lost: 0.500
L: 1.09, u_super: 0.00010, sec: 71.994, t_ads: 36624.0, t_des: 123905.0, bed_util_ads: 0.743, bed_util_des: 0.020, frac_lost: 0.500
L: 1.45, u_super: 0.00010, sec: 77.314, t_ads: 50654.0, t_des: 130232.0, bed_util_ads: 0.780, bed_util_des: 0.020, frac_lost: 0.500
L: 0.78, u_super: 0.00010, sec: 69.206, t_ads: 24733.0, t_des: 118549.0, bed_util_ads: 0.691, bed_util_des: 0.020, frac_lost: 0.500
L: 0.62, u_super: 0.00010, sec: 69.242, t_ads: 18511.0, t_des: 115704.0, bed_util_ads: 0.648, bed_util_des: 0.020, frac_lost: 0.500
L: 0.64, u_super: 0.00010, sec: 69.135, t_ads: 19363.0, t_des: 116098.0, bed_util_ads: 0.655, bed_util_des: 0.020, frac_lost: 0.500
L: 0.62, u_super: 0.00010, sec: 70.128, t_ads: 18595.0, t_des: 115743.0, bed_util_ads: 0.649, bed_util_des: 0.020, frac_lost: 0.500
L: 0.88, u_super: 0.00010, sec: 69.893, t_ads: 28732.0, t_des: 120356.0, bed_util_ads: 0.712, bed_util_des: 0.020, frac_lost: 0.500
L: 0.75, u_super: 0.00010, sec: 69.139, t_ads: 23703.0, t_des: 118082.0, bed_util_ads: 0.685, bed_util_des: 0.020, frac_lost: 0.500
L: 0.63, u_super: 0.00010, sec: 70.022, t_ads: 18822.0, t_des: 115848.0, bed_util_ads: 0.651, bed_util_des: 0.020, frac_lost: 0.500
L: 0.77, u_super: 0.00010, sec: 74.471, t_ads: 23324.0, t_des: 117910.0, bed_util_ads: 0.683, bed_util_des: 0.020, frac_lost: 0.500
L: 0.68, u_super: 0.00010, sec: 69.088, t_ads: 20731.0, t_des: 116727.0, bed_util_ads: 0.666, bed_util_des: 0.020, frac_lost: 0.500
L: 0.68, u_super: 0.00010, sec: 69.045, t_ads: 20884.0, t_des: 116797.0, bed_util_ads: 0.667, bed_util_des: 0.020, frac_lost: 0.500
L: 0.62, u_super: 0.00010, sec: 69.213, t_ads: 18756.0, t_des: 115818.0, bed_util_ads: 0.650, bed_util_des: 0.020, frac_lost: 0.500
L: 0.66, u_super: 0.00010, sec: 69.119, t_ads: 20322.0, t_des: 116539.0, bed_util_ads: 0.663, bed_util_des: 0.020, frac_lost: 0.500
L: 0.75, u_super: 0.00010, sec: 69.114, t_ads: 23573.0, t_des: 118023.0, bed_util_ads: 0.684, bed_util_des: 0.020, frac_lost: 0.500
L: 0.60, u_super: 0.00010, sec: 69.490, t_ads: 18008.0, t_des: 115471.0, bed_util_ads: 0.644, bed_util_des: 0.020, frac_lost: 0.500
L: 1.09, u_super: 0.00010, sec: 71.957, t_ads: 36554.0, t_des: 123874.0, bed_util_ads: 0.743, bed_util_des: 0.020, frac_lost: 0.500
L: 1.50, u_super: 0.00010, sec: 78.032, t_ads: 52817.0, t_des: 131213.0, bed_util_ads: 0.785, bed_util_des: 0.020, frac_lost: 0.500
L: 0.78, u_super: 0.00010, sec: 69.219, t_ads: 24766.0, t_des: 118564.0, bed_util_ads: 0.691, bed_util_des: 0.020, frac_lost: 0.500
L: 0.76, u_super: 0.00010, sec: 69.292, t_ads: 24048.0, t_des: 118239.0, bed_util_ads: 0.687, bed_util_des: 0.020, frac_lost: 0.500
L: 1.20, u_super: 0.00010, sec: 73.444, t_ads: 40955.0, t_des: 125854.0, bed_util_ads: 0.756, bed_util_des: 0.020, frac_lost: 0.500
L: 0.71, u_super: 0.00010, sec: 69.137, t_ads: 21932.0, t_des: 117276.0, bed_util_ads: 0.674, bed_util_des: 0.020, frac_lost: 0.500
L: 0.87, u_super: 0.00010, sec: 69.799, t_ads: 28312.0, t_des: 120166.0, bed_util_ads: 0.710, bed_util_des: 0.020, frac_lost: 0.500
L: 0.73, u_super: 0.00010, sec: 69.056, t_ads: 22737.0, t_des: 117643.0, bed_util_ads: 0.679, bed_util_des: 0.020, frac_lost: 0.500
L: 0.68, u_super: 0.00010, sec: 69.439, t_ads: 20928.0, t_des: 116817.0, bed_util_ads: 0.667, bed_util_des: 0.020, frac_lost: 0.500
L: 0.61, u_super: 0.00041, sec: 2007.949, t_ads: 2629.0, t_des: 106709.0, bed_util_ads: 0.315, bed_util_des: 0.020, frac_lost: 0.500
L: 0.94, u_super: 0.00010, sec: 70.342, t_ads: 30776.0, t_des: 121276.0, bed_util_ads: 0.721, bed_util_des: 0.020, frac_lost: 0.500
L: 0.93, u_super: 0.00010, sec: 70.214, t_ads: 30327.0, t_des: 121074.0, bed_util_ads: 0.719, bed_util_des: 0.020, frac_lost: 0.500
L: 1.50, u_super: 0.00010, sec: 78.139, t_ads: 53059.0, t_des: 131323.0, bed_util_ads: 0.785, bed_util_des: 0.020, frac_lost: 0.500
L: 0.76, u_super: 0.00019, sec: 267.373, t_ads: 10607.0, t_des: 111918.0, bed_util_ads: 0.557, bed_util_des: 0.020, frac_lost: 0.500
L: 0.69, u_super: 0.00011, sec: 80.319, t_ads: 19577.0, t_des: 116197.0, bed_util_ads: 0.657, bed_util_des: 0.020, frac_lost: 0.500
L: 0.64, u_super: 0.00010, sec: 69.115, t_ads: 19552.0, t_des: 116185.0, bed_util_ads: 0.657, bed_util_des: 0.020, frac_lost: 0.500
L: 0.74, u_super: 0.00010, sec: 69.074, t_ads: 23286.0, t_des: 117892.0, bed_util_ads: 0.683, bed_util_des: 0.020, frac_lost: 0.500
L: 1.85, u_super: 0.00010, sec: 84.195, t_ads: 67011.0, t_des: 137698.0, bed_util_ads: 0.808, bed_util_des: 0.020, frac_lost: 0.500
L: 0.89, u_super: 0.00010, sec: 69.875, t_ads: 28746.0, t_des: 120362.0, bed_util_ads: 0.712, bed_util_des: 0.020, frac_lost: 0.500
L: 0.61, u_super: 0.00010, sec: 69.722, t_ads: 18143.0, t_des: 115534.0, bed_util_ads: 0.645, bed_util_des: 0.020, frac_lost: 0.500
L: 0.68, u_super: 0.00010, sec: 69.070, t_ads: 20927.0, t_des: 116816.0, bed_util_ads: 0.667, bed_util_des: 0.020, frac_lost: 0.500
     9 |      360 |  7.076628E+01 |  6.903256E+01
L: 0.77, u_super: 0.00010, sec: 69.160, t_ads: 24144.0, t_des: 118282.0, bed_util_ads: 0.688, bed_util_des: 0.020, frac_lost: 0.500
L: 0.61, u_super: 0.00010, sec: 69.298, t_ads: 18256.0, t_des: 115586.0, bed_util_ads: 0.646, bed_util_des: 0.020, frac_lost: 0.500
L: 0.62, u_super: 0.00010, sec: 69.210, t_ads: 18774.0, t_des: 115826.0, bed_util_ads: 0.650, bed_util_des: 0.020, frac_lost: 0.500
L: 0.79, u_super: 0.00010, sec: 69.251, t_ads: 24985.0, t_des: 118663.0, bed_util_ads: 0.693, bed_util_des: 0.020, frac_lost: 0.500
L: 1.45, u_super: 0.00010, sec: 77.180, t_ads: 50712.0, t_des: 130258.0, bed_util_ads: 0.780, bed_util_des: 0.020, frac_lost: 0.500
L: 0.69, u_super: 0.00010, sec: 69.034, t_ads: 21235.0, t_des: 116957.0, bed_util_ads: 0.669, bed_util_des: 0.020, frac_lost: 0.500
L: 0.62, u_super: 0.00010, sec: 69.246, t_ads: 18510.0, t_des: 115704.0, bed_util_ads: 0.648, bed_util_des: 0.020, frac_lost: 0.500
L: 0.64, u_super: 0.00010, sec: 69.213, t_ads: 19350.0, t_des: 116092.0, bed_util_ads: 0.655, bed_util_des: 0.020, frac_lost: 0.500
L: 0.72, u_super: 0.00010, sec: 69.048, t_ads: 22548.0, t_des: 117556.0, bed_util_ads: 0.678, bed_util_des: 0.020, frac_lost: 0.500
L: 0.88, u_super: 0.00010, sec: 69.939, t_ads: 28720.0, t_des: 120350.0, bed_util_ads: 0.712, bed_util_des: 0.020, frac_lost: 0.500
L: 0.82, u_super: 0.00022, sec: 352.229, t_ads: 9943.0, t_des: 111580.0, bed_util_ads: 0.546, bed_util_des: 0.020, frac_lost: 0.500
L: 0.63, u_super: 0.00010, sec: 74.844, t_ads: 18080.0, t_des: 115505.0, bed_util_ads: 0.645, bed_util_des: 0.020, frac_lost: 0.500
L: 0.77, u_super: 0.00010, sec: 69.170, t_ads: 24407.0, t_des: 118401.0, bed_util_ads: 0.689, bed_util_des: 0.020, frac_lost: 0.500
L: 0.68, u_super: 0.00010, sec: 69.043, t_ads: 20739.0, t_des: 116730.0, bed_util_ads: 0.666, bed_util_des: 0.020, frac_lost: 0.500
L: 0.68, u_super: 0.00010, sec: 69.043, t_ads: 20908.0, t_des: 116808.0, bed_util_ads: 0.667, bed_util_des: 0.020, frac_lost: 0.500
L: 1.27, u_super: 0.00010, sec: 74.442, t_ads: 43716.0, t_des: 127097.0, bed_util_ads: 0.764, bed_util_des: 0.020, frac_lost: 0.500
L: 1.05, u_super: 0.00010, sec: 71.572, t_ads: 35072.0, t_des: 123208.0, bed_util_ads: 0.738, bed_util_des: 0.020, frac_lost: 0.500
L: 0.71, u_super: 0.00010, sec: 69.036, t_ads: 21926.0, t_des: 117273.0, bed_util_ads: 0.674, bed_util_des: 0.020, frac_lost: 0.500
L: 0.60, u_super: 0.00010, sec: 69.362, t_ads: 18028.0, t_des: 115481.0, bed_util_ads: 0.644, bed_util_des: 0.020, frac_lost: 0.500
L: 0.62, u_super: 0.00010, sec: 69.235, t_ads: 18633.0, t_des: 115761.0, bed_util_ads: 0.649, bed_util_des: 0.020, frac_lost: 0.500
L: 1.50, u_super: 0.00010, sec: 78.027, t_ads: 52819.0, t_des: 131214.0, bed_util_ads: 0.785, bed_util_des: 0.020, frac_lost: 0.500
L: 0.62, u_super: 0.00010, sec: 69.205, t_ads: 18831.0, t_des: 115852.0, bed_util_ads: 0.651, bed_util_des: 0.020, frac_lost: 0.500
L: 0.76, u_super: 0.00010, sec: 69.144, t_ads: 24080.0, t_des: 118253.0, bed_util_ads: 0.687, bed_util_des: 0.020, frac_lost: 0.500
L: 0.62, u_super: 0.00010, sec: 69.203, t_ads: 18850.0, t_des: 115861.0, bed_util_ads: 0.651, bed_util_des: 0.020, frac_lost: 0.500
L: 0.63, u_super: 0.00010, sec: 69.209, t_ads: 18910.0, t_des: 115889.0, bed_util_ads: 0.652, bed_util_des: 0.020, frac_lost: 0.500
L: 0.68, u_super: 0.00010, sec: 69.031, t_ads: 21093.0, t_des: 116892.0, bed_util_ads: 0.668, bed_util_des: 0.020, frac_lost: 0.500
L: 0.62, u_super: 0.00010, sec: 69.218, t_ads: 18751.0, t_des: 115815.0, bed_util_ads: 0.650, bed_util_des: 0.020, frac_lost: 0.500
L: 0.72, u_super: 0.00010, sec: 69.043, t_ads: 22443.0, t_des: 117509.0, bed_util_ads: 0.677, bed_util_des: 0.020, frac_lost: 0.500
L: 0.75, u_super: 0.00010, sec: 69.422, t_ads: 23582.0, t_des: 118027.0, bed_util_ads: 0.684, bed_util_des: 0.020, frac_lost: 0.500
L: 0.64, u_super: 0.00010, sec: 69.161, t_ads: 19244.0, t_des: 116043.0, bed_util_ads: 0.654, bed_util_des: 0.020, frac_lost: 0.500
L: 0.93, u_super: 0.00010, sec: 70.418, t_ads: 30272.0, t_des: 121049.0, bed_util_ads: 0.719, bed_util_des: 0.020, frac_lost: 0.500
L: 0.63, u_super: 0.00010, sec: 69.169, t_ads: 19137.0, t_des: 115994.0, bed_util_ads: 0.653, bed_util_des: 0.020, frac_lost: 0.500
L: 0.67, u_super: 0.00010, sec: 69.040, t_ads: 20707.0, t_des: 116716.0, bed_util_ads: 0.665, bed_util_des: 0.020, frac_lost: 0.500
L: 0.63, u_super: 0.00010, sec: 69.171, t_ads: 19102.0, t_des: 115978.0, bed_util_ads: 0.653, bed_util_des: 0.020, frac_lost: 0.500
L: 0.64, u_super: 0.00010, sec: 69.140, t_ads: 19548.0, t_des: 116183.0, bed_util_ads: 0.657, bed_util_des: 0.020, frac_lost: 0.500
L: 0.74, u_super: 0.00010, sec: 69.234, t_ads: 23253.0, t_des: 117877.0, bed_util_ads: 0.682, bed_util_des: 0.020, frac_lost: 0.500
L: 0.94, u_super: 0.00010, sec: 70.359, t_ads: 30877.0, t_des: 121321.0, bed_util_ads: 0.721, bed_util_des: 0.020, frac_lost: 0.500
L: 0.66, u_super: 0.00010, sec: 69.075, t_ads: 20087.0, t_des: 116431.0, bed_util_ads: 0.661, bed_util_des: 0.020, frac_lost: 0.500
L: 0.64, u_super: 0.00010, sec: 69.549, t_ads: 19315.0, t_des: 116076.0, bed_util_ads: 0.655, bed_util_des: 0.020, frac_lost: 0.500
L: 0.68, u_super: 0.00010, sec: 69.022, t_ads: 20936.0, t_des: 116820.0, bed_util_ads: 0.667, bed_util_des: 0.020, frac_lost: 0.500
    10 |      400 |  6.966609E+01 |  6.902182E+01
L: 0.63, u_super: 0.00010, sec: 69.178, t_ads: 19002.0, t_des: 115931.0, bed_util_ads: 0.652, bed_util_des: 0.020, frac_lost: 0.500
L: 0.61, u_super: 0.00010, sec: 69.287, t_ads: 18258.0, t_des: 115587.0, bed_util_ads: 0.646, bed_util_des: 0.020, frac_lost: 0.500
L: 0.62, u_super: 0.00010, sec: 69.219, t_ads: 18773.0, t_des: 115826.0, bed_util_ads: 0.650, bed_util_des: 0.020, frac_lost: 0.500
L: 0.63, u_super: 0.00010, sec: 69.160, t_ads: 19090.0, t_des: 115972.0, bed_util_ads: 0.653, bed_util_des: 0.020, frac_lost: 0.500
L: 0.62, u_super: 0.00010, sec: 69.253, t_ads: 18573.0, t_des: 115733.0, bed_util_ads: 0.649, bed_util_des: 0.020, frac_lost: 0.500
L: 0.69, u_super: 0.00010, sec: 69.016, t_ads: 21239.0, t_des: 116959.0, bed_util_ads: 0.669, bed_util_des: 0.020, frac_lost: 0.500
L: 0.62, u_super: 0.00010, sec: 69.249, t_ads: 18510.0, t_des: 115704.0, bed_util_ads: 0.648, bed_util_des: 0.020, frac_lost: 0.500
L: 0.64, u_super: 0.00010, sec: 69.127, t_ads: 19365.0, t_des: 116099.0, bed_util_ads: 0.655, bed_util_des: 0.020, frac_lost: 0.500
L: 0.67, u_super: 0.00010, sec: 69.056, t_ads: 20425.0, t_des: 116586.0, bed_util_ads: 0.663, bed_util_des: 0.020, frac_lost: 0.500
L: 0.69, u_super: 0.00010, sec: 69.015, t_ads: 21466.0, t_des: 117063.0, bed_util_ads: 0.671, bed_util_des: 0.020, frac_lost: 0.500
L: 0.64, u_super: 0.00010, sec: 69.140, t_ads: 19564.0, t_des: 116190.0, bed_util_ads: 0.657, bed_util_des: 0.020, frac_lost: 0.500
L: 0.79, u_super: 0.00010, sec: 70.054, t_ads: 24919.0, t_des: 118634.0, bed_util_ads: 0.692, bed_util_des: 0.020, frac_lost: 0.500
L: 0.71, u_super: 0.00010, sec: 69.017, t_ads: 21944.0, t_des: 117281.0, bed_util_ads: 0.674, bed_util_des: 0.020, frac_lost: 0.500
L: 0.68, u_super: 0.00010, sec: 69.029, t_ads: 20742.0, t_des: 116732.0, bed_util_ads: 0.666, bed_util_des: 0.020, frac_lost: 0.500
L: 0.68, u_super: 0.00038, sec: 1511.296, t_ads: 3494.0, t_des: 107705.0, bed_util_ads: 0.362, bed_util_des: 0.020, frac_lost: 0.500
L: 1.07, u_super: 0.00010, sec: 71.717, t_ads: 35760.0, t_des: 123517.0, bed_util_ads: 0.740, bed_util_des: 0.020, frac_lost: 0.500
L: 0.69, u_super: 0.00010, sec: 69.087, t_ads: 21290.0, t_des: 116982.0, bed_util_ads: 0.669, bed_util_des: 0.020, frac_lost: 0.500
L: 0.71, u_super: 0.00010, sec: 69.018, t_ads: 21929.0, t_des: 117274.0, bed_util_ads: 0.674, bed_util_des: 0.020, frac_lost: 0.500
L: 0.60, u_super: 0.00010, sec: 69.333, t_ads: 18032.0, t_des: 115483.0, bed_util_ads: 0.644, bed_util_des: 0.020, frac_lost: 0.500
L: 0.71, u_super: 0.00010, sec: 69.033, t_ads: 22125.0, t_des: 117364.0, bed_util_ads: 0.675, bed_util_des: 0.020, frac_lost: 0.500
L: 1.50, u_super: 0.00010, sec: 78.025, t_ads: 52820.0, t_des: 131214.0, bed_util_ads: 0.785, bed_util_des: 0.020, frac_lost: 0.500
L: 0.69, u_super: 0.00010, sec: 69.027, t_ads: 21402.0, t_des: 117034.0, bed_util_ads: 0.670, bed_util_des: 0.020, frac_lost: 0.500
L: 0.70, u_super: 0.00010, sec: 69.022, t_ads: 21634.0, t_des: 117140.0, bed_util_ads: 0.672, bed_util_des: 0.020, frac_lost: 0.500
L: 0.75, u_super: 0.00010, sec: 69.102, t_ads: 23517.0, t_des: 117997.0, bed_util_ads: 0.684, bed_util_des: 0.020, frac_lost: 0.500
L: 0.71, u_super: 0.00010, sec: 69.021, t_ads: 21955.0, t_des: 117286.0, bed_util_ads: 0.674, bed_util_des: 0.020, frac_lost: 0.500
L: 0.68, u_super: 0.00010, sec: 69.018, t_ads: 21096.0, t_des: 116894.0, bed_util_ads: 0.668, bed_util_des: 0.020, frac_lost: 0.500
L: 0.76, u_super: 0.00010, sec: 69.131, t_ads: 23851.0, t_des: 118149.0, bed_util_ads: 0.686, bed_util_des: 0.020, frac_lost: 0.500
L: 0.68, u_super: 0.00010, sec: 69.021, t_ads: 21005.0, t_des: 116852.0, bed_util_ads: 0.667, bed_util_des: 0.020, frac_lost: 0.500
L: 0.62, u_super: 0.00010, sec: 69.561, t_ads: 18566.0, t_des: 115730.0, bed_util_ads: 0.649, bed_util_des: 0.020, frac_lost: 0.500
L: 0.64, u_super: 0.00010, sec: 69.149, t_ads: 19350.0, t_des: 116092.0, bed_util_ads: 0.655, bed_util_des: 0.020, frac_lost: 0.500
L: 0.93, u_super: 0.00010, sec: 70.214, t_ads: 30327.0, t_des: 121074.0, bed_util_ads: 0.719, bed_util_des: 0.020, frac_lost: 0.500
L: 0.69, u_super: 0.00010, sec: 69.030, t_ads: 21325.0, t_des: 116998.0, bed_util_ads: 0.670, bed_util_des: 0.020, frac_lost: 0.500
L: 0.62, u_super: 0.00010, sec: 69.228, t_ads: 18668.0, t_des: 115777.0, bed_util_ads: 0.650, bed_util_des: 0.020, frac_lost: 0.500
L: 0.63, u_super: 0.00010, sec: 69.160, t_ads: 19104.0, t_des: 115978.0, bed_util_ads: 0.653, bed_util_des: 0.020, frac_lost: 0.500
L: 0.65, u_super: 0.00010, sec: 69.090, t_ads: 19739.0, t_des: 116271.0, bed_util_ads: 0.658, bed_util_des: 0.020, frac_lost: 0.500
L: 0.75, u_super: 0.00010, sec: 69.089, t_ads: 23503.0, t_des: 117991.0, bed_util_ads: 0.684, bed_util_des: 0.020, frac_lost: 0.500
L: 0.94, u_super: 0.00010, sec: 70.497, t_ads: 30839.0, t_des: 121304.0, bed_util_ads: 0.721, bed_util_des: 0.020, frac_lost: 0.500
L: 0.68, u_super: 0.00010, sec: 69.039, t_ads: 20779.0, t_des: 116748.0, bed_util_ads: 0.666, bed_util_des: 0.020, frac_lost: 0.500
L: 0.71, u_super: 0.00010, sec: 69.433, t_ads: 21993.0, t_des: 117304.0, bed_util_ads: 0.674, bed_util_des: 0.020, frac_lost: 0.500
L: 0.68, u_super: 0.00010, sec: 69.225, t_ads: 20898.0, t_des: 116803.0, bed_util_ads: 0.667, bed_util_des: 0.020, frac_lost: 0.500
    11 |      440 |  6.941663E+01 |  6.901466E+01
L: 0.77, u_super: 0.00010, sec: 69.144, t_ads: 24148.0, t_des: 118284.0, bed_util_ads: 0.688, bed_util_des: 0.020, frac_lost: 0.500
L: 0.60, u_super: 0.00010, sec: 69.337, t_ads: 17997.0, t_des: 115466.0, bed_util_ads: 0.644, bed_util_des: 0.020, frac_lost: 0.500
L: 0.64, u_super: 0.00010, sec: 69.147, t_ads: 19258.0, t_des: 116050.0, bed_util_ads: 0.654, bed_util_des: 0.020, frac_lost: 0.500
L: 0.74, u_super: 0.00010, sec: 69.078, t_ads: 23331.0, t_des: 117913.0, bed_util_ads: 0.683, bed_util_des: 0.020, frac_lost: 0.500
L: 0.62, u_super: 0.00010, sec: 69.233, t_ads: 18576.0, t_des: 115735.0, bed_util_ads: 0.649, bed_util_des: 0.020, frac_lost: 0.500
L: 0.69, u_super: 0.00010, sec: 69.189, t_ads: 21206.0, t_des: 116944.0, bed_util_ads: 0.669, bed_util_des: 0.020, frac_lost: 0.500
L: 0.62, u_super: 0.00010, sec: 69.242, t_ads: 18511.0, t_des: 115704.0, bed_util_ads: 0.648, bed_util_des: 0.020, frac_lost: 0.500
L: 0.64, u_super: 0.00010, sec: 69.127, t_ads: 19365.0, t_des: 116099.0, bed_util_ads: 0.655, bed_util_des: 0.020, frac_lost: 0.500
L: 0.70, u_super: 0.00015, sec: 167.533, t_ads: 12629.0, t_des: 112921.0, bed_util_ads: 0.587, bed_util_des: 0.020, frac_lost: 0.500
L: 0.69, u_super: 0.00010, sec: 69.014, t_ads: 21466.0, t_des: 117063.0, bed_util_ads: 0.671, bed_util_des: 0.020, frac_lost: 0.500
L: 0.67, u_super: 0.00010, sec: 69.071, t_ads: 20524.0, t_des: 116632.0, bed_util_ads: 0.664, bed_util_des: 0.020, frac_lost: 0.500
L: 0.63, u_super: 0.00010, sec: 69.176, t_ads: 18961.0, t_des: 115912.0, bed_util_ads: 0.652, bed_util_des: 0.020, frac_lost: 0.500
L: 0.71, u_super: 0.00010, sec: 69.017, t_ads: 21944.0, t_des: 117281.0, bed_util_ads: 0.674, bed_util_des: 0.020, frac_lost: 0.500
L: 0.72, u_super: 0.00010, sec: 69.037, t_ads: 22608.0, t_des: 117584.0, bed_util_ads: 0.678, bed_util_des: 0.020, frac_lost: 0.500
L: 0.85, u_super: 0.00010, sec: 69.617, t_ads: 27375.0, t_des: 119744.0, bed_util_ads: 0.705, bed_util_des: 0.020, frac_lost: 0.500
L: 0.72, u_super: 0.00010, sec: 69.044, t_ads: 22572.0, t_des: 117567.0, bed_util_ads: 0.678, bed_util_des: 0.020, frac_lost: 0.500
L: 0.69, u_super: 0.00010, sec: 69.086, t_ads: 21360.0, t_des: 117015.0, bed_util_ads: 0.670, bed_util_des: 0.020, frac_lost: 0.500
L: 0.69, u_super: 0.00010, sec: 69.016, t_ads: 21272.0, t_des: 116974.0, bed_util_ads: 0.669, bed_util_des: 0.020, frac_lost: 0.500
L: 0.83, u_super: 0.00010, sec: 69.454, t_ads: 26511.0, t_des: 119353.0, bed_util_ads: 0.701, bed_util_des: 0.020, frac_lost: 0.500
L: 0.72, u_super: 0.00010, sec: 69.042, t_ads: 22421.0, t_des: 117499.0, bed_util_ads: 0.677, bed_util_des: 0.020, frac_lost: 0.500
L: 1.50, u_super: 0.00010, sec: 78.022, t_ads: 52822.0, t_des: 131215.0, bed_util_ads: 0.785, bed_util_des: 0.020, frac_lost: 0.500
L: 0.72, u_super: 0.00010, sec: 69.040, t_ads: 22378.0, t_des: 117479.0, bed_util_ads: 0.677, bed_util_des: 0.020, frac_lost: 0.500
L: 0.69, u_super: 0.00010, sec: 69.022, t_ads: 21426.0, t_des: 117045.0, bed_util_ads: 0.670, bed_util_des: 0.020, frac_lost: 0.500
L: 0.75, u_super: 0.00010, sec: 69.090, t_ads: 23520.0, t_des: 117999.0, bed_util_ads: 0.684, bed_util_des: 0.020, frac_lost: 0.500
L: 0.71, u_super: 0.00010, sec: 69.024, t_ads: 21954.0, t_des: 117286.0, bed_util_ads: 0.674, bed_util_des: 0.020, frac_lost: 0.500
L: 0.72, u_super: 0.00010, sec: 69.035, t_ads: 22579.0, t_des: 117571.0, bed_util_ads: 0.678, bed_util_des: 0.020, frac_lost: 0.500
L: 0.73, u_super: 0.00010, sec: 69.043, t_ads: 22739.0, t_des: 117644.0, bed_util_ads: 0.679, bed_util_des: 0.020, frac_lost: 0.500
L: 0.61, u_super: 0.00010, sec: 69.289, t_ads: 18240.0, t_des: 115579.0, bed_util_ads: 0.646, bed_util_des: 0.020, frac_lost: 0.500
L: 0.65, u_super: 0.00010, sec: 69.421, t_ads: 19690.0, t_des: 116248.0, bed_util_ads: 0.658, bed_util_des: 0.020, frac_lost: 0.500
L: 0.61, u_super: 0.00010, sec: 69.287, t_ads: 18253.0, t_des: 115585.0, bed_util_ads: 0.646, bed_util_des: 0.020, frac_lost: 0.500
L: 0.93, u_super: 0.00010, sec: 70.214, t_ads: 30327.0, t_des: 121074.0, bed_util_ads: 0.719, bed_util_des: 0.020, frac_lost: 0.500
L: 0.69, u_super: 0.00010, sec: 69.425, t_ads: 21251.0, t_des: 116965.0, bed_util_ads: 0.669, bed_util_des: 0.020, frac_lost: 0.500
L: 0.73, u_super: 0.00010, sec: 69.050, t_ads: 22675.0, t_des: 117614.0, bed_util_ads: 0.679, bed_util_des: 0.020, frac_lost: 0.500
L: 1.11, u_super: 0.00010, sec: 72.211, t_ads: 37343.0, t_des: 124229.0, bed_util_ads: 0.745, bed_util_des: 0.020, frac_lost: 0.500
L: 0.65, u_super: 0.00010, sec: 69.090, t_ads: 19739.0, t_des: 116271.0, bed_util_ads: 0.658, bed_util_des: 0.020, frac_lost: 0.500
L: 0.74, u_super: 0.00010, sec: 69.074, t_ads: 23286.0, t_des: 117892.0, bed_util_ads: 0.683, bed_util_des: 0.020, frac_lost: 0.500
L: 0.65, u_super: 0.00010, sec: 69.086, t_ads: 19952.0, t_des: 116369.0, bed_util_ads: 0.660, bed_util_des: 0.020, frac_lost: 0.500
L: 0.68, u_super: 0.00010, sec: 69.037, t_ads: 20779.0, t_des: 116749.0, bed_util_ads: 0.666, bed_util_des: 0.020, frac_lost: 0.500
L: 0.71, u_super: 0.00010, sec: 69.023, t_ads: 22073.0, t_des: 117340.0, bed_util_ads: 0.675, bed_util_des: 0.020, frac_lost: 0.500
L: 0.67, u_super: 0.00010, sec: 69.046, t_ads: 20370.0, t_des: 116561.0, bed_util_ads: 0.663, bed_util_des: 0.020, frac_lost: 0.500
    12 |      480 |  6.934421E+01 |  6.901446E+01
L: 0.68, u_super: 0.00010, sec: 69.027, t_ads: 20799.0, t_des: 116758.0, bed_util_ads: 0.666, bed_util_des: 0.020, frac_lost: 0.500
L: 0.72, u_super: 0.00010, sec: 69.031, t_ads: 22466.0, t_des: 117519.0, bed_util_ads: 0.677, bed_util_des: 0.020, frac_lost: 0.500
L: 0.64, u_super: 0.00010, sec: 69.143, t_ads: 19258.0, t_des: 116050.0, bed_util_ads: 0.654, bed_util_des: 0.020, frac_lost: 0.500
L: 0.69, u_super: 0.00010, sec: 69.014, t_ads: 21483.0, t_des: 117071.0, bed_util_ads: 0.671, bed_util_des: 0.020, frac_lost: 0.500
L: 0.62, u_super: 0.00010, sec: 69.233, t_ads: 18576.0, t_des: 115735.0, bed_util_ads: 0.649, bed_util_des: 0.020, frac_lost: 0.500
L: 0.69, u_super: 0.00010, sec: 69.016, t_ads: 21268.0, t_des: 116972.0, bed_util_ads: 0.669, bed_util_des: 0.020, frac_lost: 0.500
L: 0.64, u_super: 0.00010, sec: 69.132, t_ads: 19324.0, t_des: 116080.0, bed_util_ads: 0.655, bed_util_des: 0.020, frac_lost: 0.500
L: 0.64, u_super: 0.00010, sec: 69.144, t_ads: 19362.0, t_des: 116097.0, bed_util_ads: 0.655, bed_util_des: 0.020, frac_lost: 0.500
L: 0.73, u_super: 0.00010, sec: 69.067, t_ads: 22954.0, t_des: 117741.0, bed_util_ads: 0.680, bed_util_des: 0.020, frac_lost: 0.500
L: 0.69, u_super: 0.00010, sec: 69.021, t_ads: 21465.0, t_des: 117063.0, bed_util_ads: 0.671, bed_util_des: 0.020, frac_lost: 0.500
L: 0.69, u_super: 0.00010, sec: 69.014, t_ads: 21486.0, t_des: 117072.0, bed_util_ads: 0.671, bed_util_des: 0.020, frac_lost: 0.500
L: 0.63, u_super: 0.00010, sec: 69.176, t_ads: 18961.0, t_des: 115912.0, bed_util_ads: 0.652, bed_util_des: 0.020, frac_lost: 0.500
L: 0.71, u_super: 0.00010, sec: 69.020, t_ads: 22130.0, t_des: 117366.0, bed_util_ads: 0.675, bed_util_des: 0.020, frac_lost: 0.500
L: 0.72, u_super: 0.00010, sec: 69.035, t_ads: 22542.0, t_des: 117554.0, bed_util_ads: 0.678, bed_util_des: 0.020, frac_lost: 0.500
L: 0.68, u_super: 0.00010, sec: 69.023, t_ads: 20911.0, t_des: 116809.0, bed_util_ads: 0.667, bed_util_des: 0.020, frac_lost: 0.500
L: 0.64, u_super: 0.00010, sec: 69.126, t_ads: 19457.0, t_des: 116141.0, bed_util_ads: 0.656, bed_util_des: 0.020, frac_lost: 0.500
L: 0.65, u_super: 0.00018, sec: 242.995, t_ads: 9427.0, t_des: 111313.0, bed_util_ads: 0.537, bed_util_des: 0.020, frac_lost: 0.500
L: 0.64, u_super: 0.00010, sec: 69.133, t_ads: 19340.0, t_des: 116087.0, bed_util_ads: 0.655, bed_util_des: 0.020, frac_lost: 0.500
L: 0.71, u_super: 0.00010, sec: 69.024, t_ads: 22084.0, t_des: 117345.0, bed_util_ads: 0.675, bed_util_des: 0.020, frac_lost: 0.500
L: 0.70, u_super: 0.00031, sec: 891.078, t_ads: 4875.0, t_des: 108754.0, bed_util_ads: 0.420, bed_util_des: 0.020, frac_lost: 0.500
L: 1.50, u_super: 0.00010, sec: 78.021, t_ads: 52822.0, t_des: 131215.0, bed_util_ads: 0.785, bed_util_des: 0.020, frac_lost: 0.500
L: 0.69, u_super: 0.00010, sec: 69.027, t_ads: 21423.0, t_des: 117043.0, bed_util_ads: 0.670, bed_util_des: 0.020, frac_lost: 0.500
L: 0.71, u_super: 0.00010, sec: 69.028, t_ads: 22244.0, t_des: 117418.0, bed_util_ads: 0.676, bed_util_des: 0.020, frac_lost: 0.500
L: 0.75, u_super: 0.00010, sec: 69.090, t_ads: 23520.0, t_des: 117999.0, bed_util_ads: 0.684, bed_util_des: 0.020, frac_lost: 0.500
L: 0.71, u_super: 0.00010, sec: 69.024, t_ads: 21954.0, t_des: 117286.0, bed_util_ads: 0.674, bed_util_des: 0.020, frac_lost: 0.500
L: 0.68, u_super: 0.00010, sec: 69.018, t_ads: 21096.0, t_des: 116894.0, bed_util_ads: 0.668, bed_util_des: 0.020, frac_lost: 0.500
L: 0.73, u_super: 0.00010, sec: 69.043, t_ads: 22739.0, t_des: 117644.0, bed_util_ads: 0.679, bed_util_des: 0.020, frac_lost: 0.500
L: 0.68, u_super: 0.00010, sec: 69.021, t_ads: 21005.0, t_des: 116852.0, bed_util_ads: 0.667, bed_util_des: 0.020, frac_lost: 0.500
L: 0.65, u_super: 0.00010, sec: 69.090, t_ads: 19747.0, t_des: 116275.0, bed_util_ads: 0.658, bed_util_des: 0.020, frac_lost: 0.500
L: 0.63, u_super: 0.00010, sec: 69.142, t_ads: 19227.0, t_des: 116035.0, bed_util_ads: 0.654, bed_util_des: 0.020, frac_lost: 0.500
L: 0.93, u_super: 0.00010, sec: 70.214, t_ads: 30327.0, t_des: 121074.0, bed_util_ads: 0.719, bed_util_des: 0.020, frac_lost: 0.500
L: 0.61, u_super: 0.00010, sec: 69.261, t_ads: 18416.0, t_des: 115661.0, bed_util_ads: 0.648, bed_util_des: 0.020, frac_lost: 0.500
L: 0.67, u_super: 0.00010, sec: 69.194, t_ads: 20679.0, t_des: 116703.0, bed_util_ads: 0.665, bed_util_des: 0.020, frac_lost: 0.500
L: 1.10, u_super: 0.00010, sec: 72.100, t_ads: 36998.0, t_des: 124074.0, bed_util_ads: 0.744, bed_util_des: 0.020, frac_lost: 0.500
L: 0.70, u_super: 0.00010, sec: 69.015, t_ads: 21801.0, t_des: 117216.0, bed_util_ads: 0.673, bed_util_des: 0.020, frac_lost: 0.500
L: 0.72, u_super: 0.00010, sec: 69.032, t_ads: 22495.0, t_des: 117532.0, bed_util_ads: 0.678, bed_util_des: 0.020, frac_lost: 0.500
L: 0.65, u_super: 0.00010, sec: 69.073, t_ads: 19954.0, t_des: 116370.0, bed_util_ads: 0.660, bed_util_des: 0.020, frac_lost: 0.500
L: 0.80, u_super: 0.00010, sec: 69.286, t_ads: 25320.0, t_des: 118815.0, bed_util_ads: 0.694, bed_util_des: 0.020, frac_lost: 0.500
L: 0.71, u_super: 0.00010, sec: 69.027, t_ads: 22072.0, t_des: 117340.0, bed_util_ads: 0.675, bed_util_des: 0.020, frac_lost: 0.500
L: 0.66, u_super: 0.00010, sec: 69.060, t_ads: 20133.0, t_des: 116452.0, bed_util_ads: 0.661, bed_util_des: 0.020, frac_lost: 0.500
    13 |      520 |  6.930966E+01 |  6.901396E+01
L: 0.73, u_super: 0.00010, sec: 69.044, t_ads: 22778.0, t_des: 117661.0, bed_util_ads: 0.679, bed_util_des: 0.020, frac_lost: 0.500
L: 0.67, u_super: 0.00010, sec: 69.045, t_ads: 20369.0, t_des: 116560.0, bed_util_ads: 0.663, bed_util_des: 0.020, frac_lost: 0.500
L: 0.69, u_super: 0.00010, sec: 69.017, t_ads: 21398.0, t_des: 117032.0, bed_util_ads: 0.670, bed_util_des: 0.020, frac_lost: 0.500
L: 0.71, u_super: 0.00010, sec: 69.023, t_ads: 22230.0, t_des: 117412.0, bed_util_ads: 0.676, bed_util_des: 0.020, frac_lost: 0.500
L: 0.69, u_super: 0.00010, sec: 69.015, t_ads: 21281.0, t_des: 116978.0, bed_util_ads: 0.669, bed_util_des: 0.020, frac_lost: 0.500
L: 0.67, u_super: 0.00010, sec: 69.035, t_ads: 20572.0, t_des: 116654.0, bed_util_ads: 0.664, bed_util_des: 0.020, frac_lost: 0.500
L: 0.67, u_super: 0.00010, sec: 69.031, t_ads: 20666.0, t_des: 116697.0, bed_util_ads: 0.665, bed_util_des: 0.020, frac_lost: 0.500
L: 0.69, u_super: 0.00010, sec: 69.018, t_ads: 21160.0, t_des: 116923.0, bed_util_ads: 0.669, bed_util_des: 0.020, frac_lost: 0.500
L: 0.72, u_super: 0.00010, sec: 69.041, t_ads: 22354.0, t_des: 117468.0, bed_util_ads: 0.677, bed_util_des: 0.020, frac_lost: 0.500
L: 0.72, u_super: 0.00010, sec: 69.033, t_ads: 22520.0, t_des: 117544.0, bed_util_ads: 0.678, bed_util_des: 0.020, frac_lost: 0.500
L: 0.70, u_super: 0.00010, sec: 69.015, t_ads: 21525.0, t_des: 117090.0, bed_util_ads: 0.671, bed_util_des: 0.020, frac_lost: 0.500
L: 0.67, u_super: 0.00010, sec: 69.032, t_ads: 20705.0, t_des: 116715.0, bed_util_ads: 0.665, bed_util_des: 0.020, frac_lost: 0.500
L: 0.71, u_super: 0.00010, sec: 69.017, t_ads: 21944.0, t_des: 117281.0, bed_util_ads: 0.674, bed_util_des: 0.020, frac_lost: 0.500
L: 0.71, u_super: 0.00010, sec: 69.016, t_ads: 21884.0, t_des: 117254.0, bed_util_ads: 0.674, bed_util_des: 0.020, frac_lost: 0.500
L: 0.68, u_super: 0.00010, sec: 69.023, t_ads: 20911.0, t_des: 116809.0, bed_util_ads: 0.667, bed_util_des: 0.020, frac_lost: 0.500
L: 0.69, u_super: 0.00010, sec: 69.024, t_ads: 21402.0, t_des: 117034.0, bed_util_ads: 0.670, bed_util_des: 0.020, frac_lost: 0.500
L: 0.80, u_super: 0.00010, sec: 69.388, t_ads: 25630.0, t_des: 118955.0, bed_util_ads: 0.696, bed_util_des: 0.020, frac_lost: 0.500
L: 0.69, u_super: 0.00010, sec: 69.015, t_ads: 21272.0, t_des: 116974.0, bed_util_ads: 0.669, bed_util_des: 0.020, frac_lost: 0.500
L: 0.71, u_super: 0.00010, sec: 69.019, t_ads: 22085.0, t_des: 117345.0, bed_util_ads: 0.675, bed_util_des: 0.020, frac_lost: 0.500
L: 0.73, u_super: 0.00010, sec: 69.064, t_ads: 22909.0, t_des: 117721.0, bed_util_ads: 0.680, bed_util_des: 0.020, frac_lost: 0.500
L: 0.68, u_super: 0.00010, sec: 69.019, t_ads: 21085.0, t_des: 116889.0, bed_util_ads: 0.668, bed_util_des: 0.020, frac_lost: 0.500
L: 0.70, u_super: 0.00010, sec: 69.027, t_ads: 21661.0, t_des: 117152.0, bed_util_ads: 0.672, bed_util_des: 0.020, frac_lost: 0.500
L: 0.70, u_super: 0.00010, sec: 69.014, t_ads: 21636.0, t_des: 117141.0, bed_util_ads: 0.672, bed_util_des: 0.020, frac_lost: 0.500
L: 0.75, u_super: 0.00010, sec: 69.090, t_ads: 23520.0, t_des: 117999.0, bed_util_ads: 0.684, bed_util_des: 0.020, frac_lost: 0.500
L: 0.71, u_super: 0.00010, sec: 69.017, t_ads: 21956.0, t_des: 117287.0, bed_util_ads: 0.674, bed_util_des: 0.020, frac_lost: 0.500
L: 0.68, u_super: 0.00010, sec: 69.018, t_ads: 21096.0, t_des: 116894.0, bed_util_ads: 0.668, bed_util_des: 0.020, frac_lost: 0.500
L: 0.65, u_super: 0.00010, sec: 69.091, t_ads: 19732.0, t_des: 116268.0, bed_util_ads: 0.658, bed_util_des: 0.020, frac_lost: 0.500
L: 0.75, u_super: 0.00010, sec: 69.084, t_ads: 23442.0, t_des: 117963.0, bed_util_ads: 0.684, bed_util_des: 0.020, frac_lost: 0.500
L: 0.70, u_super: 0.00010, sec: 69.013, t_ads: 21551.0, t_des: 117102.0, bed_util_ads: 0.671, bed_util_des: 0.020, frac_lost: 0.500
L: 0.63, u_super: 0.00010, sec: 69.142, t_ads: 19227.0, t_des: 116035.0, bed_util_ads: 0.654, bed_util_des: 0.020, frac_lost: 0.500
L: 0.93, u_super: 0.00010, sec: 70.214, t_ads: 30327.0, t_des: 121074.0, bed_util_ads: 0.719, bed_util_des: 0.020, frac_lost: 0.500
L: 0.69, u_super: 0.00010, sec: 69.015, t_ads: 21328.0, t_des: 117000.0, bed_util_ads: 0.670, bed_util_des: 0.020, frac_lost: 0.500
L: 0.70, u_super: 0.00010, sec: 69.024, t_ads: 21510.0, t_des: 117083.0, bed_util_ads: 0.671, bed_util_des: 0.020, frac_lost: 0.500
L: 0.69, u_super: 0.00010, sec: 69.019, t_ads: 21239.0, t_des: 116959.0, bed_util_ads: 0.669, bed_util_des: 0.020, frac_lost: 0.500
L: 0.71, u_super: 0.00010, sec: 69.020, t_ads: 22106.0, t_des: 117355.0, bed_util_ads: 0.675, bed_util_des: 0.020, frac_lost: 0.500
L: 0.72, u_super: 0.00010, sec: 69.032, t_ads: 22495.0, t_des: 117532.0, bed_util_ads: 0.678, bed_util_des: 0.020, frac_lost: 0.500
L: 0.73, u_super: 0.00010, sec: 69.041, t_ads: 22694.0, t_des: 117623.0, bed_util_ads: 0.679, bed_util_des: 0.020, frac_lost: 0.500
L: 0.68, u_super: 0.00010, sec: 69.026, t_ads: 20781.0, t_des: 116749.0, bed_util_ads: 0.666, bed_util_des: 0.020, frac_lost: 0.500
L: 0.71, u_super: 0.00010, sec: 69.019, t_ads: 22074.0, t_des: 117340.0, bed_util_ads: 0.675, bed_util_des: 0.020, frac_lost: 0.500
L: 0.72, u_super: 0.00010, sec: 69.028, t_ads: 22364.0, t_des: 117473.0, bed_util_ads: 0.677, bed_util_des: 0.020, frac_lost: 0.500
    14 |      560 |  6.905830E+01 |  6.901344E+01
L: 0.71, u_super: 0.00010, sec: 69.016, t_ads: 21904.0, t_des: 117263.0, bed_util_ads: 0.674, bed_util_des: 0.020, frac_lost: 0.500
L: 0.72, u_super: 0.00010, sec: 69.037, t_ads: 22465.0, t_des: 117519.0, bed_util_ads: 0.677, bed_util_des: 0.020, frac_lost: 0.500
L: 0.69, u_super: 0.00010, sec: 69.020, t_ads: 21397.0, t_des: 117031.0, bed_util_ads: 0.670, bed_util_des: 0.020, frac_lost: 0.500
L: 0.69, u_super: 0.00010, sec: 69.020, t_ads: 21482.0, t_des: 117070.0, bed_util_ads: 0.671, bed_util_des: 0.020, frac_lost: 0.500
L: 0.69, u_super: 0.00010, sec: 69.015, t_ads: 21281.0, t_des: 116978.0, bed_util_ads: 0.669, bed_util_des: 0.020, frac_lost: 0.500
L: 0.66, u_super: 0.00010, sec: 69.057, t_ads: 20170.0, t_des: 116469.0, bed_util_ads: 0.661, bed_util_des: 0.020, frac_lost: 0.500
L: 0.67, u_super: 0.00010, sec: 69.031, t_ads: 20666.0, t_des: 116697.0, bed_util_ads: 0.665, bed_util_des: 0.020, frac_lost: 0.500
L: 0.75, u_super: 0.00119, sec: 35344.059, t_ads: 766.0, t_des: 99864.0, bed_util_ads: 0.153, bed_util_des: 0.020, frac_lost: 0.500
L: 0.69, u_super: 0.00010, sec: 69.029, t_ads: 21485.0, t_des: 117072.0, bed_util_ads: 0.671, bed_util_des: 0.020, frac_lost: 0.500
L: 0.69, u_super: 0.00010, sec: 69.014, t_ads: 21466.0, t_des: 117063.0, bed_util_ads: 0.671, bed_util_des: 0.020, frac_lost: 0.500
L: 0.69, u_super: 0.00010, sec: 69.016, t_ads: 21306.0, t_des: 116990.0, bed_util_ads: 0.670, bed_util_des: 0.020, frac_lost: 0.500
L: 0.64, u_super: 0.00010, sec: 69.141, t_ads: 19243.0, t_des: 116043.0, bed_util_ads: 0.654, bed_util_des: 0.020, frac_lost: 0.500
L: 0.88, u_super: 0.00010, sec: 69.828, t_ads: 28555.0, t_des: 120276.0, bed_util_ads: 0.711, bed_util_des: 0.020, frac_lost: 0.500
L: 0.71, u_super: 0.00010, sec: 69.022, t_ads: 22204.0, t_des: 117400.0, bed_util_ads: 0.676, bed_util_des: 0.020, frac_lost: 0.500
L: 0.64, u_super: 0.00010, sec: 69.117, t_ads: 19470.0, t_des: 116147.0, bed_util_ads: 0.656, bed_util_des: 0.020, frac_lost: 0.500
L: 0.69, u_super: 0.00010, sec: 69.014, t_ads: 21404.0, t_des: 117035.0, bed_util_ads: 0.670, bed_util_des: 0.020, frac_lost: 0.500
L: 0.69, u_super: 0.00010, sec: 69.087, t_ads: 21235.0, t_des: 116957.0, bed_util_ads: 0.669, bed_util_des: 0.020, frac_lost: 0.500
L: 0.69, u_super: 0.00010, sec: 69.014, t_ads: 21427.0, t_des: 117045.0, bed_util_ads: 0.670, bed_util_des: 0.020, frac_lost: 0.500
L: 0.71, u_super: 0.00010, sec: 69.019, t_ads: 22085.0, t_des: 117345.0, bed_util_ads: 0.675, bed_util_des: 0.020, frac_lost: 0.500
L: 0.72, u_super: 0.00010, sec: 69.040, t_ads: 22370.0, t_des: 117475.0, bed_util_ads: 0.677, bed_util_des: 0.020, frac_lost: 0.500
L: 0.64, u_super: 0.00010, sec: 69.133, t_ads: 19307.0, t_des: 116072.0, bed_util_ads: 0.655, bed_util_des: 0.020, frac_lost: 0.500
L: 0.67, u_super: 0.00010, sec: 69.042, t_ads: 20437.0, t_des: 116592.0, bed_util_ads: 0.663, bed_util_des: 0.020, frac_lost: 0.500
L: 0.71, u_super: 0.00010, sec: 69.018, t_ads: 21960.0, t_des: 117289.0, bed_util_ads: 0.674, bed_util_des: 0.020, frac_lost: 0.500
L: 0.75, u_super: 0.00010, sec: 69.090, t_ads: 23520.0, t_des: 117999.0, bed_util_ads: 0.684, bed_util_des: 0.020, frac_lost: 0.500
L: 0.71, u_super: 0.00010, sec: 69.017, t_ads: 21956.0, t_des: 117287.0, bed_util_ads: 0.674, bed_util_des: 0.020, frac_lost: 0.500
L: 0.71, u_super: 0.00010, sec: 69.017, t_ads: 21901.0, t_des: 117262.0, bed_util_ads: 0.674, bed_util_des: 0.020, frac_lost: 0.500
L: 0.82, u_super: 0.00010, sec: 69.381, t_ads: 26071.0, t_des: 119155.0, bed_util_ads: 0.699, bed_util_des: 0.020, frac_lost: 0.500
L: 0.69, u_super: 0.00010, sec: 69.014, t_ads: 21398.0, t_des: 117032.0, bed_util_ads: 0.670, bed_util_des: 0.020, frac_lost: 0.500
L: 0.70, u_super: 0.00010, sec: 69.013, t_ads: 21551.0, t_des: 117102.0, bed_util_ads: 0.671, bed_util_des: 0.020, frac_lost: 0.500
L: 0.69, u_super: 0.00010, sec: 69.014, t_ads: 21426.0, t_des: 117045.0, bed_util_ads: 0.670, bed_util_des: 0.020, frac_lost: 0.500
L: 0.70, u_super: 0.00010, sec: 69.013, t_ads: 21607.0, t_des: 117127.0, bed_util_ads: 0.672, bed_util_des: 0.020, frac_lost: 0.500
L: 0.69, u_super: 0.00010, sec: 69.015, t_ads: 21328.0, t_des: 117000.0, bed_util_ads: 0.670, bed_util_des: 0.020, frac_lost: 0.500
L: 0.70, u_super: 0.00010, sec: 69.014, t_ads: 21512.0, t_des: 117084.0, bed_util_ads: 0.671, bed_util_des: 0.020, frac_lost: 0.500
L: 0.69, u_super: 0.00010, sec: 69.016, t_ads: 21239.0, t_des: 116959.0, bed_util_ads: 0.669, bed_util_des: 0.020, frac_lost: 0.500
L: 0.72, u_super: 0.00010, sec: 69.036, t_ads: 22596.0, t_des: 117578.0, bed_util_ads: 0.678, bed_util_des: 0.020, frac_lost: 0.500
L: 0.71, u_super: 0.00010, sec: 69.020, t_ads: 22084.0, t_des: 117345.0, bed_util_ads: 0.675, bed_util_des: 0.020, frac_lost: 0.500
L: 0.73, u_super: 0.00010, sec: 69.042, t_ads: 22694.0, t_des: 117623.0, bed_util_ads: 0.679, bed_util_des: 0.020, frac_lost: 0.500
L: 0.68, u_super: 0.00010, sec: 69.063, t_ads: 20774.0, t_des: 116746.0, bed_util_ads: 0.666, bed_util_des: 0.020, frac_lost: 0.500
L: 0.73, u_super: 0.00010, sec: 69.055, t_ads: 22983.0, t_des: 117755.0, bed_util_ads: 0.681, bed_util_des: 0.020, frac_lost: 0.500
L: 0.69, u_super: 0.00010, sec: 69.015, t_ads: 21370.0, t_des: 117019.0, bed_util_ads: 0.670, bed_util_des: 0.020, frac_lost: 0.500
    15 |      600 |  6.902321E+01 |  6.901299E+01
L: 0.70, u_super: 0.00010, sec: 69.014, t_ads: 21626.0, t_des: 117136.0, bed_util_ads: 0.672, bed_util_des: 0.020, frac_lost: 0.500
L: 0.71, u_super: 0.00010, sec: 69.016, t_ads: 21880.0, t_des: 117252.0, bed_util_ads: 0.673, bed_util_des: 0.020, frac_lost: 0.500
L: 0.71, u_super: 0.00010, sec: 69.021, t_ads: 21949.0, t_des: 117284.0, bed_util_ads: 0.674, bed_util_des: 0.020, frac_lost: 0.500
L: 0.71, u_super: 0.00010, sec: 69.018, t_ads: 21971.0, t_des: 117294.0, bed_util_ads: 0.674, bed_util_des: 0.020, frac_lost: 0.500
L: 0.69, u_super: 0.00155, sec: 81123.352, t_ads: 488.0, t_des: 95644.0, bed_util_ads: 0.114, bed_util_des: 0.020, frac_lost: 0.500
L: 0.70, u_super: 0.00010, sec: 69.016, t_ads: 21831.0, t_des: 117230.0, bed_util_ads: 0.673, bed_util_des: 0.020, frac_lost: 0.500
L: 0.67, u_super: 0.00010, sec: 69.032, t_ads: 20666.0, t_des: 116697.0, bed_util_ads: 0.665, bed_util_des: 0.020, frac_lost: 0.500
L: 0.69, u_super: 0.00010, sec: 69.018, t_ads: 21160.0, t_des: 116923.0, bed_util_ads: 0.669, bed_util_des: 0.020, frac_lost: 0.500
L: 0.69, u_super: 0.00010, sec: 69.014, t_ads: 21488.0, t_des: 117073.0, bed_util_ads: 0.671, bed_util_des: 0.020, frac_lost: 0.500
L: 0.69, u_super: 0.00010, sec: 69.014, t_ads: 21466.0, t_des: 117063.0, bed_util_ads: 0.671, bed_util_des: 0.020, frac_lost: 0.500
L: 0.69, u_super: 0.00010, sec: 69.014, t_ads: 21486.0, t_des: 117072.0, bed_util_ads: 0.671, bed_util_des: 0.020, frac_lost: 0.500
L: 0.70, u_super: 0.00010, sec: 69.016, t_ads: 21561.0, t_des: 117106.0, bed_util_ads: 0.671, bed_util_des: 0.020, frac_lost: 0.500
L: 0.70, u_super: 0.00010, sec: 69.014, t_ads: 21661.0, t_des: 117152.0, bed_util_ads: 0.672, bed_util_des: 0.020, frac_lost: 0.500
L: 0.71, u_super: 0.00010, sec: 69.052, t_ads: 21877.0, t_des: 117251.0, bed_util_ads: 0.673, bed_util_des: 0.020, frac_lost: 0.500
L: 0.68, u_super: 0.00010, sec: 69.023, t_ads: 20911.0, t_des: 116809.0, bed_util_ads: 0.667, bed_util_des: 0.020, frac_lost: 0.500
L: 0.71, u_super: 0.00010, sec: 69.018, t_ads: 22036.0, t_des: 117323.0, bed_util_ads: 0.675, bed_util_des: 0.020, frac_lost: 0.500
L: 0.68, u_super: 0.00010, sec: 69.093, t_ads: 20981.0, t_des: 116841.0, bed_util_ads: 0.667, bed_util_des: 0.020, frac_lost: 0.500
L: 0.68, u_super: 0.00010, sec: 69.029, t_ads: 20751.0, t_des: 116736.0, bed_util_ads: 0.666, bed_util_des: 0.020, frac_lost: 0.500
L: 0.71, u_super: 0.00010, sec: 69.025, t_ads: 22084.0, t_des: 117345.0, bed_util_ads: 0.675, bed_util_des: 0.020, frac_lost: 0.500
L: 0.71, u_super: 0.00010, sec: 69.036, t_ads: 22229.0, t_des: 117411.0, bed_util_ads: 0.676, bed_util_des: 0.020, frac_lost: 0.500
L: 0.80, u_super: 0.00010, sec: 69.315, t_ads: 25610.0, t_des: 118946.0, bed_util_ads: 0.696, bed_util_des: 0.020, frac_lost: 0.500
L: 0.69, u_super: 0.00010, sec: 69.014, t_ads: 21426.0, t_des: 117045.0, bed_util_ads: 0.670, bed_util_des: 0.020, frac_lost: 0.500
L: 0.70, u_super: 0.00010, sec: 69.014, t_ads: 21636.0, t_des: 117141.0, bed_util_ads: 0.672, bed_util_des: 0.020, frac_lost: 0.500
L: 0.69, u_super: 0.00010, sec: 69.015, t_ads: 21269.0, t_des: 116973.0, bed_util_ads: 0.669, bed_util_des: 0.020, frac_lost: 0.500
L: 0.62, u_super: 0.00015, sec: 157.982, t_ads: 11487.0, t_des: 112359.0, bed_util_ads: 0.571, bed_util_des: 0.020, frac_lost: 0.500
L: 0.69, u_super: 0.00010, sec: 69.016, t_ads: 21240.0, t_des: 116960.0, bed_util_ads: 0.669, bed_util_des: 0.020, frac_lost: 0.500
L: 0.73, u_super: 0.00010, sec: 69.043, t_ads: 22739.0, t_des: 117644.0, bed_util_ads: 0.679, bed_util_des: 0.020, frac_lost: 0.500
L: 0.70, u_super: 0.00010, sec: 69.014, t_ads: 21628.0, t_des: 117137.0, bed_util_ads: 0.672, bed_util_des: 0.020, frac_lost: 0.500
L: 0.69, u_super: 0.00010, sec: 69.016, t_ads: 21299.0, t_des: 116987.0, bed_util_ads: 0.670, bed_util_des: 0.020, frac_lost: 0.500
L: 0.70, u_super: 0.00010, sec: 69.016, t_ads: 21807.0, t_des: 117219.0, bed_util_ads: 0.673, bed_util_des: 0.020, frac_lost: 0.500
L: 0.70, u_super: 0.00010, sec: 69.014, t_ads: 21642.0, t_des: 117143.0, bed_util_ads: 0.672, bed_util_des: 0.020, frac_lost: 0.500
L: 0.69, u_super: 0.00010, sec: 69.015, t_ads: 21328.0, t_des: 117000.0, bed_util_ads: 0.670, bed_util_des: 0.020, frac_lost: 0.500
L: 0.70, u_super: 0.00010, sec: 69.013, t_ads: 21502.0, t_des: 117079.0, bed_util_ads: 0.671, bed_util_des: 0.020, frac_lost: 0.500
L: 0.85, u_super: 0.00010, sec: 69.604, t_ads: 27417.0, t_des: 119763.0, bed_util_ads: 0.705, bed_util_des: 0.020, frac_lost: 0.500
L: 0.67, u_super: 0.00010, sec: 69.032, t_ads: 20652.0, t_des: 116690.0, bed_util_ads: 0.665, bed_util_des: 0.020, frac_lost: 0.500
L: 0.69, u_super: 0.00010, sec: 69.016, t_ads: 21228.0, t_des: 116954.0, bed_util_ads: 0.669, bed_util_des: 0.020, frac_lost: 0.500
L: 0.71, u_super: 0.00010, sec: 69.016, t_ads: 21942.0, t_des: 117280.0, bed_util_ads: 0.674, bed_util_des: 0.020, frac_lost: 0.500
L: 0.70, u_super: 0.00010, sec: 69.015, t_ads: 21817.0, t_des: 117223.0, bed_util_ads: 0.673, bed_util_des: 0.020, frac_lost: 0.500
L: 0.75, u_super: 0.00010, sec: 69.083, t_ads: 23427.0, t_des: 117956.0, bed_util_ads: 0.683, bed_util_des: 0.020, frac_lost: 0.500
L: 0.69, u_super: 0.00010, sec: 69.016, t_ads: 21370.0, t_des: 117019.0, bed_util_ads: 0.670, bed_util_des: 0.020, frac_lost: 0.500
    16 |      640 |  6.901873E+01 |  6.901299E+01
L: 0.70, u_super: 0.00010, sec: 69.014, t_ads: 21626.0, t_des: 117136.0, bed_util_ads: 0.672, bed_util_des: 0.020, frac_lost: 0.500
L: 0.69, u_super: 0.00010, sec: 69.014, t_ads: 21478.0, t_des: 117068.0, bed_util_ads: 0.671, bed_util_des: 0.020, frac_lost: 0.500
L: 0.69, u_super: 0.00010, sec: 69.014, t_ads: 21464.0, t_des: 117062.0, bed_util_ads: 0.671, bed_util_des: 0.020, frac_lost: 0.500
L: 0.69, u_super: 0.00010, sec: 69.015, t_ads: 21324.0, t_des: 116998.0, bed_util_ads: 0.670, bed_util_des: 0.020, frac_lost: 0.500
L: 0.69, u_super: 0.00010, sec: 69.015, t_ads: 21278.0, t_des: 116977.0, bed_util_ads: 0.669, bed_util_des: 0.020, frac_lost: 0.500
L: 0.70, u_super: 0.00010, sec: 69.013, t_ads: 21561.0, t_des: 117106.0, bed_util_ads: 0.671, bed_util_des: 0.020, frac_lost: 0.500
L: 0.70, u_super: 0.00010, sec: 69.014, t_ads: 21527.0, t_des: 117091.0, bed_util_ads: 0.671, bed_util_des: 0.020, frac_lost: 0.500
L: 0.69, u_super: 0.00010, sec: 69.014, t_ads: 21352.0, t_des: 117011.0, bed_util_ads: 0.670, bed_util_des: 0.020, frac_lost: 0.500
L: 0.72, u_super: 0.00010, sec: 69.029, t_ads: 22393.0, t_des: 117486.0, bed_util_ads: 0.677, bed_util_des: 0.020, frac_lost: 0.500
L: 0.69, u_super: 0.00010, sec: 69.014, t_ads: 21466.0, t_des: 117063.0, bed_util_ads: 0.671, bed_util_des: 0.020, frac_lost: 0.500
L: 0.69, u_super: 0.00010, sec: 69.014, t_ads: 21486.0, t_des: 117072.0, bed_util_ads: 0.671, bed_util_des: 0.020, frac_lost: 0.500
L: 0.70, u_super: 0.00010, sec: 69.014, t_ads: 21562.0, t_des: 117107.0, bed_util_ads: 0.671, bed_util_des: 0.020, frac_lost: 0.500
L: 0.70, u_super: 0.00010, sec: 69.013, t_ads: 21569.0, t_des: 117110.0, bed_util_ads: 0.671, bed_util_des: 0.020, frac_lost: 0.500
L: 0.71, u_super: 0.00010, sec: 69.016, t_ads: 21884.0, t_des: 117254.0, bed_util_ads: 0.674, bed_util_des: 0.020, frac_lost: 0.500
L: 0.70, u_super: 0.00010, sec: 69.015, t_ads: 21810.0, t_des: 117220.0, bed_util_ads: 0.673, bed_util_des: 0.020, frac_lost: 0.500
L: 0.70, u_super: 0.00010, sec: 69.014, t_ads: 21771.0, t_des: 117202.0, bed_util_ads: 0.673, bed_util_des: 0.020, frac_lost: 0.500
L: 0.70, u_super: 0.00010, sec: 69.086, t_ads: 21522.0, t_des: 117089.0, bed_util_ads: 0.671, bed_util_des: 0.020, frac_lost: 0.500
L: 0.64, u_super: 0.00010, sec: 69.120, t_ads: 19427.0, t_des: 116127.0, bed_util_ads: 0.656, bed_util_des: 0.020, frac_lost: 0.500
L: 0.71, u_super: 0.00010, sec: 69.019, t_ads: 22085.0, t_des: 117345.0, bed_util_ads: 0.675, bed_util_des: 0.020, frac_lost: 0.500
L: 0.71, u_super: 0.00010, sec: 69.021, t_ads: 22127.0, t_des: 117365.0, bed_util_ads: 0.675, bed_util_des: 0.020, frac_lost: 0.500
L: 0.68, u_super: 0.00010, sec: 69.019, t_ads: 21085.0, t_des: 116889.0, bed_util_ads: 0.668, bed_util_des: 0.020, frac_lost: 0.500
L: 0.69, u_super: 0.00010, sec: 69.014, t_ads: 21426.0, t_des: 117045.0, bed_util_ads: 0.670, bed_util_des: 0.020, frac_lost: 0.500
L: 0.70, u_super: 0.00010, sec: 69.014, t_ads: 21636.0, t_des: 117141.0, bed_util_ads: 0.672, bed_util_des: 0.020, frac_lost: 0.500
L: 0.69, u_super: 0.00010, sec: 69.014, t_ads: 21408.0, t_des: 117036.0, bed_util_ads: 0.670, bed_util_des: 0.020, frac_lost: 0.500